0: null_PlugletInstance, HTTP_URL_FOR_GET, null, current_streamListener, CURRENT_ALT_HOST, null, false
1: null_PlugletInstance, HTTP_URL_FOR_GET, null, current_streamListener, CURRENT_ALT_HOST, CURRENT_REFERER_URL, false
2: null_PlugletInstance, HTTP_URL_FOR_GET, _self, current_streamListener, CURRENT_ALT_HOST, null, false
3: null_PlugletInstance, HTTP_URL_FOR_GET, _self, current_streamListener, CURRENT_ALT_HOST, CURRENT_REFERER_URL, false
4: null_PlugletInstance, FTP_URL_FOR_GET, null, current_streamListener, CURRENT_ALT_HOST, null, false
5: null_PlugletInstance, FTP_URL_FOR_GET, null, current_streamListener, CURRENT_ALT_HOST, CURRENT_REFERER_URL, false
6: null_PlugletInstance, FTP_URL_FOR_GET, _self, current_streamListener, CURRENT_ALT_HOST, null, false
7: null_PlugletInstance, FTP_URL_FOR_GET, _self, current_streamListener, CURRENT_ALT_HOST, CURRENT_REFERER_URL, false
8: this_PlugletInstance, null, null, current_streamListener, CURRENT_ALT_HOST, null, false
9: this_PlugletInstance, null, null, current_streamListener, CURRENT_ALT_HOST, CURRENT_REFERER_URL, false
10: this_PlugletInstance, null, _self, current_streamListener, CURRENT_ALT_HOST, null, false
11: this_PlugletInstance, null, _self, current_streamListener, CURRENT_ALT_HOST, CURRENT_REFERER_URL, false
12: this_PlugletInstance, HTTP_URL_FOR_GET, null, null_streamListener, CURRENT_ALT_HOST, null, false
13: this_PlugletInstance, HTTP_URL_FOR_GET, null, null_streamListener, CURRENT_ALT_HOST, CURRENT_REFERER_URL, false
14: this_PlugletInstance, HTTP_URL_FOR_GET, null, current_streamListener, null, null, false
15: this_PlugletInstance, HTTP_URL_FOR_GET, null, current_streamListener, null, CURRENT_REFERER_URL, false
16: this_PlugletInstance, HTTP_URL_FOR_GET, null, current_streamListener, CURRENT_ALT_HOST, null, true
17: this_PlugletInstance, HTTP_URL_FOR_GET, null, current_streamListener, CURRENT_ALT_HOST, null, false
18: this_PlugletInstance, HTTP_URL_FOR_GET, null, current_streamListener, CURRENT_ALT_HOST, CURRENT_REFERER_URL, true
19: this_PlugletInstance, HTTP_URL_FOR_GET, null, current_streamListener, CURRENT_ALT_HOST, CURRENT_REFERER_URL, false
20: this_PlugletInstance, HTTP_URL_FOR_GET, null, current_streamListener, CURRENT_ALT_HOST, HTTP_OTHER_REFERER_URL, false
21: this_PlugletInstance, HTTP_URL_FOR_GET, null, current_streamListener, OTHER_ALT_HOST, null, false
22: this_PlugletInstance, HTTP_URL_FOR_GET, null, current_streamListener, OTHER_ALT_HOST, CURRENT_REFERER_URL, false
23: this_PlugletInstance, HTTP_URL_FOR_GET, null, current_streamListener, INCORRECT_ALT_HOST, null, false
24: this_PlugletInstance, HTTP_URL_FOR_GET, null, current_streamListener, INCORRECT_ALT_HOST, CURRENT_REFERER_URL, false
25: this_PlugletInstance, HTTP_URL_FOR_GET, null, new_streamListener, CURRENT_ALT_HOST, null, false
26: this_PlugletInstance, HTTP_URL_FOR_GET, null, new_streamListener, CURRENT_ALT_HOST, CURRENT_REFERER_URL, false
27: this_PlugletInstance, HTTP_URL_FOR_GET, _self, null_streamListener, CURRENT_ALT_HOST, null, false
28: this_PlugletInstance, HTTP_URL_FOR_GET, _self, null_streamListener, CURRENT_ALT_HOST, CURRENT_REFERER_URL, false
29: this_PlugletInstance, HTTP_URL_FOR_GET, _self, current_streamListener, null, null, false
30: this_PlugletInstance, HTTP_URL_FOR_GET, _self, current_streamListener, null, CURRENT_REFERER_URL, false
31: this_PlugletInstance, HTTP_URL_FOR_GET, _self, current_streamListener, CURRENT_ALT_HOST, null, true
32: this_PlugletInstance, HTTP_URL_FOR_GET, _self, current_streamListener, CURRENT_ALT_HOST, null, false
33: this_PlugletInstance, HTTP_URL_FOR_GET, _self, current_streamListener, CURRENT_ALT_HOST, CURRENT_REFERER_URL, true
34: this_PlugletInstance, HTTP_URL_FOR_GET, _self, current_streamListener, CURRENT_ALT_HOST, CURRENT_REFERER_URL, false
35: this_PlugletInstance, HTTP_URL_FOR_GET, _self, current_streamListener, CURRENT_ALT_HOST, HTTP_OTHER_REFERER_URL, false
36: this_PlugletInstance, HTTP_URL_FOR_GET, _self, current_streamListener, OTHER_ALT_HOST, null, false
37: this_PlugletInstance, HTTP_URL_FOR_GET, _self, current_streamListener, OTHER_ALT_HOST, CURRENT_REFERER_URL, false
38: this_PlugletInstance, HTTP_URL_FOR_GET, _self, current_streamListener, INCORRECT_ALT_HOST, null, false
39: this_PlugletInstance, HTTP_URL_FOR_GET, _self, current_streamListener, INCORRECT_ALT_HOST, CURRENT_REFERER_URL, false
40: this_PlugletInstance, HTTP_URL_FOR_GET, _self, new_streamListener, CURRENT_ALT_HOST, null, false
41: this_PlugletInstance, HTTP_URL_FOR_GET, _self, new_streamListener, CURRENT_ALT_HOST, CURRENT_REFERER_URL, false
42: this_PlugletInstance, HTTP_URL_FOR_GET, _parent, current_streamListener, CURRENT_ALT_HOST, null, false
43: this_PlugletInstance, HTTP_URL_FOR_GET, _parent, current_streamListener, CURRENT_ALT_HOST, CURRENT_REFERER_URL, false
44: this_PlugletInstance, HTTP_URL_FOR_GET, EXISTING_TARGET_FOR_GET, current_streamListener, CURRENT_ALT_HOST, null, false
45: this_PlugletInstance, HTTP_URL_FOR_GET, EXISTING_TARGET_FOR_GET, current_streamListener, CURRENT_ALT_HOST, CURRENT_REFERER_URL, false
46: this_PlugletInstance, HTTP_URL_FOR_GET, NONEXISTING_TARGET_FOR_GET, current_streamListener, CURRENT_ALT_HOST, null, false
47: this_PlugletInstance, HTTP_URL_FOR_GET, NONEXISTING_TARGET_FOR_GET, current_streamListener, CURRENT_ALT_HOST, CURRENT_REFERER_URL, false
48: this_PlugletInstance, FTP_URL_FOR_GET, null, null_streamListener, CURRENT_ALT_HOST, null, false
49: this_PlugletInstance, FTP_URL_FOR_GET, null, null_streamListener, CURRENT_ALT_HOST, CURRENT_REFERER_URL, false
50: this_PlugletInstance, FTP_URL_FOR_GET, null, current_streamListener, null, null, false
51: this_PlugletInstance, FTP_URL_FOR_GET, null, current_streamListener, null, CURRENT_REFERER_URL, false
52: this_PlugletInstance, FTP_URL_FOR_GET, null, current_streamListener, CURRENT_ALT_HOST, null, true
53: this_PlugletInstance, FTP_URL_FOR_GET, null, current_streamListener, CURRENT_ALT_HOST, null, false
54: this_PlugletInstance, FTP_URL_FOR_GET, null, current_streamListener, CURRENT_ALT_HOST, CURRENT_REFERER_URL, true
55: this_PlugletInstance, FTP_URL_FOR_GET, null, current_streamListener, CURRENT_ALT_HOST, CURRENT_REFERER_URL, false
56: this_PlugletInstance, FTP_URL_FOR_GET, null, current_streamListener, CURRENT_ALT_HOST, HTTP_OTHER_REFERER_URL, false
57: this_PlugletInstance, FTP_URL_FOR_GET, null, current_streamListener, OTHER_ALT_HOST, null, false
58: this_PlugletInstance, FTP_URL_FOR_GET, null, current_streamListener, OTHER_ALT_HOST, CURRENT_REFERER_URL, false
59: this_PlugletInstance, FTP_URL_FOR_GET, null, current_streamListener, INCORRECT_ALT_HOST, null, false
60: this_PlugletInstance, FTP_URL_FOR_GET, null, current_streamListener, INCORRECT_ALT_HOST, CURRENT_REFERER_URL, false
61: this_PlugletInstance, FTP_URL_FOR_GET, null, new_streamListener, CURRENT_ALT_HOST, null, false
62: this_PlugletInstance, FTP_URL_FOR_GET, null, new_streamListener, CURRENT_ALT_HOST, CURRENT_REFERER_URL, false
63: this_PlugletInstance, FTP_URL_FOR_GET, _self, null_streamListener, CURRENT_ALT_HOST, null, false
64: this_PlugletInstance, FTP_URL_FOR_GET, _self, null_streamListener, CURRENT_ALT_HOST, CURRENT_REFERER_URL, false
65: this_PlugletInstance, FTP_URL_FOR_GET, _self, current_streamListener, null, null, false
66: this_PlugletInstance, FTP_URL_FOR_GET, _self, current_streamListener, null, CURRENT_REFERER_URL, false
67: this_PlugletInstance, FTP_URL_FOR_GET, _self, current_streamListener, CURRENT_ALT_HOST, null, true
68: this_PlugletInstance, FTP_URL_FOR_GET, _self, current_streamListener, CURRENT_ALT_HOST, null, false
69: this_PlugletInstance, FTP_URL_FOR_GET, _self, current_streamListener, CURRENT_ALT_HOST, CURRENT_REFERER_URL, true
70: this_PlugletInstance, FTP_URL_FOR_GET, _self, current_streamListener, CURRENT_ALT_HOST, CURRENT_REFERER_URL, false
71: this_PlugletInstance, FTP_URL_FOR_GET, _self, current_streamListener, CURRENT_ALT_HOST, HTTP_OTHER_REFERER_URL, false
72: this_PlugletInstance, FTP_URL_FOR_GET, _self, current_streamListener, OTHER_ALT_HOST, null, false
73: this_PlugletInstance, FTP_URL_FOR_GET, _self, current_streamListener, OTHER_ALT_HOST, CURRENT_REFERER_URL, false
74: this_PlugletInstance, FTP_URL_FOR_GET, _self, current_streamListener, INCORRECT_ALT_HOST, null, false
75: this_PlugletInstance, FTP_URL_FOR_GET, _self, current_streamListener, INCORRECT_ALT_HOST, CURRENT_REFERER_URL, false
76: this_PlugletInstance, FTP_URL_FOR_GET, _self, new_streamListener, CURRENT_ALT_HOST, null, false
77: this_PlugletInstance, FTP_URL_FOR_GET, _self, new_streamListener, CURRENT_ALT_HOST, CURRENT_REFERER_URL, false
78: this_PlugletInstance, FTP_URL_FOR_GET, _parent, current_streamListener, CURRENT_ALT_HOST, null, false
79: this_PlugletInstance, FTP_URL_FOR_GET, _parent, current_streamListener, CURRENT_ALT_HOST, CURRENT_REFERER_URL, false
80: this_PlugletInstance, FTP_URL_FOR_GET, EXISTING_TARGET_FOR_GET, current_streamListener, CURRENT_ALT_HOST, null, false
81: this_PlugletInstance, FTP_URL_FOR_GET, EXISTING_TARGET_FOR_GET, current_streamListener, CURRENT_ALT_HOST, CURRENT_REFERER_URL, false
82: this_PlugletInstance, FTP_URL_FOR_GET, NONEXISTING_TARGET_FOR_GET, current_streamListener, CURRENT_ALT_HOST, null, false
83: this_PlugletInstance, FTP_URL_FOR_GET, NONEXISTING_TARGET_FOR_GET, current_streamListener, CURRENT_ALT_HOST, CURRENT_REFERER_URL, false
84: this_PlugletInstance, MAILTO_URL_FOR_GET, null, current_streamListener, CURRENT_ALT_HOST, null, false
85: this_PlugletInstance, MAILTO_URL_FOR_GET, null, current_streamListener, CURRENT_ALT_HOST, CURRENT_REFERER_URL, false
86: this_PlugletInstance, MAILTO_URL_FOR_GET, _self, current_streamListener, CURRENT_ALT_HOST, null, false
87: this_PlugletInstance, MAILTO_URL_FOR_GET, _self, current_streamListener, CURRENT_ALT_HOST, CURRENT_REFERER_URL, false
88: this_PlugletInstance, FILE_URL_FOR_GET, null, current_streamListener, CURRENT_ALT_HOST, null, false
89: this_PlugletInstance, FILE_URL_FOR_GET, null, current_streamListener, CURRENT_ALT_HOST, CURRENT_REFERER_URL, false
90: this_PlugletInstance, FILE_URL_FOR_GET, _self, current_streamListener, CURRENT_ALT_HOST, null, false
91: this_PlugletInstance, FILE_URL_FOR_GET, _self, current_streamListener, CURRENT_ALT_HOST, CURRENT_REFERER_URL, false
92: this_PlugletInstance, FILE_WIN_URL_FOR_GET, null, current_streamListener, CURRENT_ALT_HOST, null, false
93: this_PlugletInstance, FILE_WIN_URL_FOR_GET, null, current_streamListener, CURRENT_ALT_HOST, CURRENT_REFERER_URL, false
94: this_PlugletInstance, FILE_WIN_URL_FOR_GET, _self, current_streamListener, CURRENT_ALT_HOST, null, false
95: this_PlugletInstance, FILE_WIN_URL_FOR_GET, _self, current_streamListener, CURRENT_ALT_HOST, CURRENT_REFERER_URL, false
96: other_PlugletInstance, null, null, current_streamListener, CURRENT_ALT_HOST, null, false
97: other_PlugletInstance, null, null, current_streamListener, CURRENT_ALT_HOST, CURRENT_REFERER_URL, false
98: other_PlugletInstance, null, _self, current_streamListener, CURRENT_ALT_HOST, null, false
99: other_PlugletInstance, null, _self, current_streamListener, CURRENT_ALT_HOST, CURRENT_REFERER_URL, false
100: other_PlugletInstance, HTTP_URL_FOR_GET, null, null_streamListener, CURRENT_ALT_HOST, null, false
101: other_PlugletInstance, HTTP_URL_FOR_GET, null, null_streamListener, CURRENT_ALT_HOST, CURRENT_REFERER_URL, false
102: other_PlugletInstance, HTTP_URL_FOR_GET, null, current_streamListener, null, null, false
103: other_PlugletInstance, HTTP_URL_FOR_GET, null, current_streamListener, null, CURRENT_REFERER_URL, false
104: other_PlugletInstance, HTTP_URL_FOR_GET, null, current_streamListener, CURRENT_ALT_HOST, null, true
105: other_PlugletInstance, HTTP_URL_FOR_GET, null, current_streamListener, CURRENT_ALT_HOST, null, false
106: other_PlugletInstance, HTTP_URL_FOR_GET, null, current_streamListener, CURRENT_ALT_HOST, CURRENT_REFERER_URL, true
107: other_PlugletInstance, HTTP_URL_FOR_GET, null, current_streamListener, CURRENT_ALT_HOST, CURRENT_REFERER_URL, false
108: other_PlugletInstance, HTTP_URL_FOR_GET, null, current_streamListener, CURRENT_ALT_HOST, HTTP_OTHER_REFERER_URL, false
109: other_PlugletInstance, HTTP_URL_FOR_GET, null, current_streamListener, OTHER_ALT_HOST, null, false
110: other_PlugletInstance, HTTP_URL_FOR_GET, null, current_streamListener, OTHER_ALT_HOST, CURRENT_REFERER_URL, false
111: other_PlugletInstance, HTTP_URL_FOR_GET, null, current_streamListener, INCORRECT_ALT_HOST, null, false
112: other_PlugletInstance, HTTP_URL_FOR_GET, null, current_streamListener, INCORRECT_ALT_HOST, CURRENT_REFERER_URL, false
113: other_PlugletInstance, HTTP_URL_FOR_GET, null, new_streamListener, CURRENT_ALT_HOST, null, false
114: other_PlugletInstance, HTTP_URL_FOR_GET, null, new_streamListener, CURRENT_ALT_HOST, CURRENT_REFERER_URL, false
115: other_PlugletInstance, HTTP_URL_FOR_GET, _self, null_streamListener, CURRENT_ALT_HOST, null, false
116: other_PlugletInstance, HTTP_URL_FOR_GET, _self, null_streamListener, CURRENT_ALT_HOST, CURRENT_REFERER_URL, false
117: other_PlugletInstance, HTTP_URL_FOR_GET, _self, current_streamListener, null, null, false
118: other_PlugletInstance, HTTP_URL_FOR_GET, _self, current_streamListener, null, CURRENT_REFERER_URL, false
119: other_PlugletInstance, HTTP_URL_FOR_GET, _self, current_streamListener, CURRENT_ALT_HOST, null, true
120: other_PlugletInstance, HTTP_URL_FOR_GET, _self, current_streamListener, CURRENT_ALT_HOST, null, false
121: other_PlugletInstance, HTTP_URL_FOR_GET, _self, current_streamListener, CURRENT_ALT_HOST, CURRENT_REFERER_URL, true
122: other_PlugletInstance, HTTP_URL_FOR_GET, _self, current_streamListener, CURRENT_ALT_HOST, CURRENT_REFERER_URL, false
123: other_PlugletInstance, HTTP_URL_FOR_GET, _self, current_streamListener, CURRENT_ALT_HOST, HTTP_OTHER_REFERER_URL, false
124: other_PlugletInstance, HTTP_URL_FOR_GET, _self, current_streamListener, OTHER_ALT_HOST, null, false
125: other_PlugletInstance, HTTP_URL_FOR_GET, _self, current_streamListener, OTHER_ALT_HOST, CURRENT_REFERER_URL, false
126: other_PlugletInstance, HTTP_URL_FOR_GET, _self, current_streamListener, INCORRECT_ALT_HOST, null, false
127: other_PlugletInstance, HTTP_URL_FOR_GET, _self, current_streamListener, INCORRECT_ALT_HOST, CURRENT_REFERER_URL, false
128: other_PlugletInstance, HTTP_URL_FOR_GET, _self, new_streamListener, CURRENT_ALT_HOST, null, false
129: other_PlugletInstance, HTTP_URL_FOR_GET, _self, new_streamListener, CURRENT_ALT_HOST, CURRENT_REFERER_URL, false
130: other_PlugletInstance, HTTP_URL_FOR_GET, _parent, current_streamListener, CURRENT_ALT_HOST, null, false
131: other_PlugletInstance, HTTP_URL_FOR_GET, _parent, current_streamListener, CURRENT_ALT_HOST, CURRENT_REFERER_URL, false
132: other_PlugletInstance, HTTP_URL_FOR_GET, EXISTING_TARGET_FOR_GET, current_streamListener, CURRENT_ALT_HOST, null, false
133: other_PlugletInstance, HTTP_URL_FOR_GET, EXISTING_TARGET_FOR_GET, current_streamListener, CURRENT_ALT_HOST, CURRENT_REFERER_URL, false
134: other_PlugletInstance, HTTP_URL_FOR_GET, NONEXISTING_TARGET_FOR_GET, current_streamListener, CURRENT_ALT_HOST, null, false
135: other_PlugletInstance, HTTP_URL_FOR_GET, NONEXISTING_TARGET_FOR_GET, current_streamListener, CURRENT_ALT_HOST, CURRENT_REFERER_URL, false
136: other_PlugletInstance, FTP_URL_FOR_GET, null, null_streamListener, CURRENT_ALT_HOST, null, false
137: other_PlugletInstance, FTP_URL_FOR_GET, null, null_streamListener, CURRENT_ALT_HOST, CURRENT_REFERER_URL, false
138: other_PlugletInstance, FTP_URL_FOR_GET, null, current_streamListener, null, null, false
139: other_PlugletInstance, FTP_URL_FOR_GET, null, current_streamListener, null, CURRENT_REFERER_URL, false
140: other_PlugletInstance, FTP_URL_FOR_GET, null, current_streamListener, CURRENT_ALT_HOST, null, true
141: other_PlugletInstance, FTP_URL_FOR_GET, null, current_streamListener, CURRENT_ALT_HOST, null, false
142: other_PlugletInstance, FTP_URL_FOR_GET, null, current_streamListener, CURRENT_ALT_HOST, CURRENT_REFERER_URL, true
143: other_PlugletInstance, FTP_URL_FOR_GET, null, current_streamListener, CURRENT_ALT_HOST, CURRENT_REFERER_URL, false
144: other_PlugletInstance, FTP_URL_FOR_GET, null, current_streamListener, CURRENT_ALT_HOST, HTTP_OTHER_REFERER_URL, false
145: other_PlugletInstance, FTP_URL_FOR_GET, null, current_streamListener, OTHER_ALT_HOST, null, false
146: other_PlugletInstance, FTP_URL_FOR_GET, null, current_streamListener, OTHER_ALT_HOST, CURRENT_REFERER_URL, false
147: other_PlugletInstance, FTP_URL_FOR_GET, null, current_streamListener, INCORRECT_ALT_HOST, null, false
148: other_PlugletInstance, FTP_URL_FOR_GET, null, current_streamListener, INCORRECT_ALT_HOST, CURRENT_REFERER_URL, false
149: other_PlugletInstance, FTP_URL_FOR_GET, null, new_streamListener, CURRENT_ALT_HOST, null, false
150: other_PlugletInstance, FTP_URL_FOR_GET, null, new_streamListener, CURRENT_ALT_HOST, CURRENT_REFERER_URL, false
151: other_PlugletInstance, FTP_URL_FOR_GET, _self, null_streamListener, CURRENT_ALT_HOST, null, false
152: other_PlugletInstance, FTP_URL_FOR_GET, _self, null_streamListener, CURRENT_ALT_HOST, CURRENT_REFERER_URL, false
153: other_PlugletInstance, FTP_URL_FOR_GET, _self, current_streamListener, null, null, false
154: other_PlugletInstance, FTP_URL_FOR_GET, _self, current_streamListener, null, CURRENT_REFERER_URL, false
155: other_PlugletInstance, FTP_URL_FOR_GET, _self, current_streamListener, CURRENT_ALT_HOST, null, true
156: other_PlugletInstance, FTP_URL_FOR_GET, _self, current_streamListener, CURRENT_ALT_HOST, null, false
157: other_PlugletInstance, FTP_URL_FOR_GET, _self, current_streamListener, CURRENT_ALT_HOST, CURRENT_REFERER_URL, true
158: other_PlugletInstance, FTP_URL_FOR_GET, _self, current_streamListener, CURRENT_ALT_HOST, CURRENT_REFERER_URL, false
159: other_PlugletInstance, FTP_URL_FOR_GET, _self, current_streamListener, CURRENT_ALT_HOST, HTTP_OTHER_REFERER_URL, false
160: other_PlugletInstance, FTP_URL_FOR_GET, _self, current_streamListener, OTHER_ALT_HOST, null, false
161: other_PlugletInstance, FTP_URL_FOR_GET, _self, current_streamListener, OTHER_ALT_HOST, CURRENT_REFERER_URL, false
162: other_PlugletInstance, FTP_URL_FOR_GET, _self, current_streamListener, INCORRECT_ALT_HOST, null, false
163: other_PlugletInstance, FTP_URL_FOR_GET, _self, current_streamListener, INCORRECT_ALT_HOST, CURRENT_REFERER_URL, false
164: other_PlugletInstance, FTP_URL_FOR_GET, _self, new_streamListener, CURRENT_ALT_HOST, null, false
165: other_PlugletInstance, FTP_URL_FOR_GET, _self, new_streamListener, CURRENT_ALT_HOST, CURRENT_REFERER_URL, false
166: other_PlugletInstance, FTP_URL_FOR_GET, _parent, current_streamListener, CURRENT_ALT_HOST, null, false
167: other_PlugletInstance, FTP_URL_FOR_GET, _parent, current_streamListener, CURRENT_ALT_HOST, CURRENT_REFERER_URL, false
168: other_PlugletInstance, FTP_URL_FOR_GET, EXISTING_TARGET_FOR_GET, current_streamListener, CURRENT_ALT_HOST, null, false
169: other_PlugletInstance, FTP_URL_FOR_GET, EXISTING_TARGET_FOR_GET, current_streamListener, CURRENT_ALT_HOST, CURRENT_REFERER_URL, false
170: other_PlugletInstance, FTP_URL_FOR_GET, NONEXISTING_TARGET_FOR_GET, current_streamListener, CURRENT_ALT_HOST, null, false
171: other_PlugletInstance, FTP_URL_FOR_GET, NONEXISTING_TARGET_FOR_GET, current_streamListener, CURRENT_ALT_HOST, CURRENT_REFERER_URL, false
172: other_PlugletInstance, MAILTO_URL_FOR_GET, null, current_streamListener, CURRENT_ALT_HOST, null, false
173: other_PlugletInstance, MAILTO_URL_FOR_GET, null, current_streamListener, CURRENT_ALT_HOST, CURRENT_REFERER_URL, false
174: other_PlugletInstance, MAILTO_URL_FOR_GET, _self, current_streamListener, CURRENT_ALT_HOST, null, false
175: other_PlugletInstance, MAILTO_URL_FOR_GET, _self, current_streamListener, CURRENT_ALT_HOST, CURRENT_REFERER_URL, false
176: other_PlugletInstance, FILE_URL_FOR_GET, null, current_streamListener, CURRENT_ALT_HOST, null, false
177: other_PlugletInstance, FILE_URL_FOR_GET, null, current_streamListener, CURRENT_ALT_HOST, CURRENT_REFERER_URL, false
178: other_PlugletInstance, FILE_URL_FOR_GET, _self, current_streamListener, CURRENT_ALT_HOST, null, false
179: other_PlugletInstance, FILE_URL_FOR_GET, _self, current_streamListener, CURRENT_ALT_HOST, CURRENT_REFERER_URL, false
180: other_PlugletInstance, FILE_WIN_URL_FOR_GET, null, current_streamListener, CURRENT_ALT_HOST, null, false
181: other_PlugletInstance, FILE_WIN_URL_FOR_GET, null, current_streamListener, CURRENT_ALT_HOST, CURRENT_REFERER_URL, false
182: other_PlugletInstance, FILE_WIN_URL_FOR_GET, _self, current_streamListener, CURRENT_ALT_HOST, null, false
183: other_PlugletInstance, FILE_WIN_URL_FOR_GET, _self, current_streamListener, CURRENT_ALT_HOST, CURRENT_REFERER_URL, false
