org.mozilla.pluglet.test.basic.security.DeleteFileTest
org.mozilla.pluglet.test.basic.security.GetClipboardTest
org.mozilla.pluglet.test.basic.security.GetSysPropsTest
org.mozilla.pluglet.test.basic.security.OpenWinTest
org.mozilla.pluglet.test.basic.security.PrintTest
org.mozilla.pluglet.test.basic.security.ReadFileTest
org.mozilla.pluglet.test.basic.security.RemoteConnectTest
org.mozilla.pluglet.test.basic.security.RunProgramTest
org.mozilla.pluglet.test.basic.security.WriteFileTest
org.mozilla.pluglet.test.basic.security.automation.SecTestCanRead
org.mozilla.pluglet.test.basic.security.automation.SecTestCanWrite
org.mozilla.pluglet.test.basic.security.automation.SecTestClipboard
org.mozilla.pluglet.test.basic.security.automation.SecTestDelete
org.mozilla.pluglet.test.basic.security.automation.SecTestEnv
org.mozilla.pluglet.test.basic.security.automation.SecTestExists
org.mozilla.pluglet.test.basic.security.automation.SecTestFileDescriptorIn
org.mozilla.pluglet.test.basic.security.automation.SecTestFileDescriptorOut
org.mozilla.pluglet.test.basic.security.automation.SecTestFileInputStream
org.mozilla.pluglet.test.basic.security.automation.SecTestFileOutputStream
org.mozilla.pluglet.test.basic.security.automation.SecTestGetAbsolutePath
org.mozilla.pluglet.test.basic.security.automation.SecTestGetCanonicalPath
org.mozilla.pluglet.test.basic.security.automation.SecTestGetContent
org.mozilla.pluglet.test.basic.security.automation.SecTestGetParent
org.mozilla.pluglet.test.basic.security.automation.SecTestGetPath
org.mozilla.pluglet.test.basic.security.automation.SecTestGetProps
org.mozilla.pluglet.test.basic.security.automation.SecTestGetSecMgr
org.mozilla.pluglet.test.basic.security.automation.SecTestIsDirectory
org.mozilla.pluglet.test.basic.security.automation.SecTestIsFile
org.mozilla.pluglet.test.basic.security.automation.SecTestLastModified
org.mozilla.pluglet.test.basic.security.automation.SecTestLength
org.mozilla.pluglet.test.basic.security.automation.SecTestList
org.mozilla.pluglet.test.basic.security.automation.SecTestListJSFilter
org.mozilla.pluglet.test.basic.security.automation.SecTestMkdir
org.mozilla.pluglet.test.basic.security.automation.SecTestMkdirs
org.mozilla.pluglet.test.basic.security.automation.SecTestOpenConx
org.mozilla.pluglet.test.basic.security.automation.SecTestPrintStream
org.mozilla.pluglet.test.basic.security.automation.SecTestRandomAccess
org.mozilla.pluglet.test.basic.security.automation.SecTestRandomAccessRW
org.mozilla.pluglet.test.basic.security.automation.SecTestRenameTo
org.mozilla.pluglet.test.basic.security.automation.SecTestRunExec
org.mozilla.pluglet.test.basic.security.automation.SecTestRunExit
org.mozilla.pluglet.test.basic.security.automation.SecTestRunLoad
org.mozilla.pluglet.test.basic.security.automation.SecTestRunLoadLib
org.mozilla.pluglet.test.basic.security.automation.SecTestSetSecMgr
org.mozilla.pluglet.test.basic.security.automation.SecTestSocket
org.mozilla.pluglet.test.basic.security.automation.SecTestSysExit
org.mozilla.pluglet.test.basic.security.automation.SecTestURLFac
org.mozilla.pluglet.test.basic.security.automation.SecTestXAccept
org.mozilla.pluglet.test.basic.security.automation.SecTestXAccess
org.mozilla.pluglet.test.basic.security.automation.SecTestXAccessTG
org.mozilla.pluglet.test.basic.security.automation.SecTestXAccessTop
org.mozilla.pluglet.test.basic.security.automation.SecTestXCCL
org.mozilla.pluglet.test.basic.security.automation.SecTestXConn
org.mozilla.pluglet.test.basic.security.automation.SecTestXDelete
org.mozilla.pluglet.test.basic.security.automation.SecTestXExec
org.mozilla.pluglet.test.basic.security.automation.SecTestXExit
org.mozilla.pluglet.test.basic.security.automation.SecTestXLink
org.mozilla.pluglet.test.basic.security.automation.SecTestXListen
org.mozilla.pluglet.test.basic.security.automation.SecTestXPakAcc
org.mozilla.pluglet.test.basic.security.automation.SecTestXPakDef
org.mozilla.pluglet.test.basic.security.automation.SecTestXPropAcc
org.mozilla.pluglet.test.basic.security.automation.SecTestXRead
org.mozilla.pluglet.test.basic.security.automation.SecTestXSetFac
org.mozilla.pluglet.test.basic.security.automation.SecTestXWrite
