08-03 14:11:58.450  1660  1681 I WindowManager: Destroying surface Surface(name=PopupWindow:df29e9f) called by com.android.server.wm.WindowStateAnimator.destroySurface:2014 com.android.server.wm.WindowStateAnimator.destroySurfaceLocked:881 com.android.server.wm.WindowState.destroyOrSaveSurface:2073 com.android.server.wm.AppWindowToken.destroySurfaces:363 com.android.server.wm.WindowStateAnimator.finishExit:565 com.android.server.wm.WindowStateAnimator.stepAnimationLocked:491 com.android.server.wm.WindowAnimator.updateWindowsLocked:303 com.android.server.wm.WindowAnimator.animateLocked:704 
08-03 14:11:58.551  1660  1880 I WindowManager: Destroying surface Surface(name=PopupWindow:4ad3927) called by com.android.server.wm.WindowStateAnimator.destroySurface:2014 com.android.server.wm.WindowStateAnimator.destroySurfaceLocked:881 com.android.server.wm.WindowState.removeLocked:1449 com.android.server.wm.WindowManagerService.removeWindowInnerLocked:2478 com.android.server.wm.WindowManagerService.removeWindowLocked:2436 com.android.server.wm.WindowManagerService.removeWindowLocked:2305 com.android.server.wm.WindowManagerService.removeWindow:2300 com.android.server.wm.Session.remove:193 
08-03 14:12:14.769  1660  2045 I WindowManager: Destroying surface Surface(name=PopupWindow:c3e463) called by com.android.server.wm.WindowStateAnimator.destroySurface:2014 com.android.server.wm.WindowStateAnimator.destroySurfaceLocked:881 com.android.server.wm.WindowState.removeLocked:1449 com.android.server.wm.WindowManagerService.removeWindowInnerLocked:2478 com.android.server.wm.WindowManagerService.removeWindowLocked:2436 com.android.server.wm.WindowManagerService.removeWindowLocked:2305 com.android.server.wm.WindowManagerService.removeWindow:2300 com.android.server.wm.Session.remove:193 
08-03 14:12:15.527  1660  2045 I WindowManager: Destroying surface Surface(name=PopupWindow:42fc6c0) called by com.android.server.wm.WindowStateAnimator.destroySurface:2014 com.android.server.wm.WindowStateAnimator.destroySurfaceLocked:881 com.android.server.wm.WindowState.removeLocked:1449 com.android.server.wm.WindowManagerService.removeWindowInnerLocked:2478 com.android.server.wm.WindowManagerService.removeWindowLocked:2436 com.android.server.wm.WindowManagerService.removeWindowLocked:2305 com.android.server.wm.WindowManagerService.removeWindow:2300 com.android.server.wm.Session.remove:193 
08-03 14:12:15.575  1660  1880 I WindowManager: Destroying surface Surface(name=PopupWindow:42fc6c0) called by com.android.server.wm.WindowStateAnimator.destroySurface:2014 com.android.server.wm.WindowStateAnimator.destroySurfaceLocked:881 com.android.server.wm.WindowState.removeLocked:1449 com.android.server.wm.WindowManagerService.removeWindowInnerLocked:2478 com.android.server.wm.WindowManagerService.removeWindowLocked:2436 com.android.server.wm.WindowManagerService.removeWindowLocked:2305 com.android.server.wm.WindowManagerService.removeWindow:2300 com.android.server.wm.Session.remove:193 
08-03 14:12:16.670  1660  1671 I WindowManager: Destroying surface Surface(name=PopupWindow:42fc6c0) called by com.android.server.wm.WindowStateAnimator.destroySurface:2014 com.android.server.wm.WindowStateAnimator.destroySurfaceLocked:881 com.android.server.wm.WindowState.removeLocked:1449 com.android.server.wm.WindowManagerService.removeWindowInnerLocked:2478 com.android.server.wm.WindowManagerService.removeWindowLocked:2436 com.android.server.wm.WindowManagerService.removeWindowLocked:2305 com.android.server.wm.WindowManagerService.removeWindow:2300 com.android.server.wm.Session.remove:193 
08-03 14:12:24.651  1660  1681 I WindowManager: Destroying surface Surface(name=InputMethod) called by com.android.server.wm.WindowStateAnimator.destroySurface:2014 com.android.server.wm.WindowStateAnimator.destroySurfaceLocked:881 com.android.server.wm.WindowState.destroyOrSaveSurface:2073 com.android.server.wm.WindowSurfacePlacer.performSurfacePlacementInner:429 com.android.server.wm.WindowSurfacePlacer.performSurfacePlacementLoop:232 com.android.server.wm.WindowSurfacePlacer.performSurfacePlacement:180 com.android.server.wm.WindowManagerService$H.handleMessage:8079 android.os.Handler.dispatchMessage:102 
08-03 14:23:35.949  1660  1677 E BatteryStatsService: no controller energy info supplied
08-03 14:23:35.951  1660  1677 E KernelCpuSpeedReader: Failed to read cpu-freq: /sys/devices/system/cpu/cpu0/cpufreq/stats/time_in_state (No such file or directory)
08-03 14:23:35.951  1660  1677 E KernelUidCpuTimeReader: Failed to read uid_cputime: /proc/uid_cputime/show_uid_stat (No such file or directory)
08-03 14:23:35.952  1660  1677 E BatteryStatsService: modem info is invalid: ModemActivityInfo{ mTimestamp=0 mSleepTimeMs=0 mIdleTimeMs=0 mTxTimeMs[]=[0, 0, 0, 0, 0] mRxTimeMs=0 mEnergyUsed=0}
08-03 14:25:00.002  1660  1674 I ProcessStatsService: Prepared write state in 0ms
08-03 14:31:06.433  1660  1673 I UsageStatsService: User[0] Flushing usage stats to disk
08-03 14:53:35.953  1660  1677 E BatteryStatsService: no controller energy info supplied
08-03 14:53:35.956  1660  1677 E KernelCpuSpeedReader: Failed to read cpu-freq: /sys/devices/system/cpu/cpu0/cpufreq/stats/time_in_state (No such file or directory)
08-03 14:53:35.956  1660  1677 E KernelUidCpuTimeReader: Failed to read uid_cputime: /proc/uid_cputime/show_uid_stat (No such file or directory)
08-03 14:53:35.958  1660  1677 E BatteryStatsService: modem info is invalid: ModemActivityInfo{ mTimestamp=0 mSleepTimeMs=0 mIdleTimeMs=0 mTxTimeMs[]=[0, 0, 0, 0, 0] mRxTimeMs=0 mEnergyUsed=0}
08-03 14:55:00.006  1660  1674 I ProcessStatsService: Prepared write state in 1ms
08-03 14:59:16.175  1660  1674 I ActivityManager: Force stopping org.mozilla.geckoview_example appid=10086 user=-1: deletePackageX
08-03 14:59:16.175  1660  1674 I ActivityManager: Killing 5899:org.mozilla.geckoview_example/u0a86 (adj 0): stop org.mozilla.geckoview_example
08-03 14:59:16.175  1660  1674 D ActivityManager: cleanUpApplicationRecord -- 5899
08-03 14:59:16.176  1660  1674 W ActivityManager: Force removing ActivityRecord{65c2e1b u0 org.mozilla.geckoview_example/.GeckoViewActivity t7}: app died, no saved state
08-03 14:59:16.179  1660  1674 I WindowManager: Destroying surface Surface(name=SurfaceView - org.mozilla.geckoview_example/org.mozilla.geckoview_example.GeckoViewActivity) called by com.android.server.wm.WindowStateAnimator.destroySurface:2014 com.android.server.wm.WindowStateAnimator.destroySurfaceLocked:881 com.android.server.wm.WindowState.removeLocked:1449 com.android.server.wm.WindowManagerService.removeWindowInnerLocked:2478 com.android.server.wm.WindowManagerService.removeWindowLocked:2436 com.android.server.wm.WindowManagerService.removeWindowLocked:2305 com.android.server.wm.AppWindowToken.removeAllWindows:530 com.android.server.wm.AppWindowToken.removeAppFromTaskLocked:326 
08-03 14:59:16.180  1660  1674 I WindowManager: Destroying surface Surface(name=org.mozilla.geckoview_example/org.mozilla.geckoview_example.GeckoViewActivity) called by com.android.server.wm.WindowStateAnimator.destroySurface:2014 com.android.server.wm.WindowStateAnimator.destroySurfaceLocked:881 com.android.server.wm.WindowState.removeLocked:1449 com.android.server.wm.WindowManagerService.removeWindowInnerLocked:2478 com.android.server.wm.WindowManagerService.removeWindowLocked:2436 com.android.server.wm.WindowManagerService.removeWindowLocked:2305 com.android.server.wm.AppWindowToken.removeAllWindows:530 com.android.server.wm.AppWindowToken.removeAppFromTaskLocked:326 
08-03 14:59:16.202  1660  1674 I ActivityManager: Killing 5928:org.mozilla.geckoview_example:tab5/u0a86 (adj 0): stop org.mozilla.geckoview_example
08-03 14:59:16.203  1660  1674 D ActivityManager: cleanUpApplicationRecord -- 5928
08-03 14:59:16.229  1660  1686 I ActivityManager: Force stopping org.mozilla.geckoview_example appid=10086 user=0: pkg removed
08-03 14:59:16.243  2109  2109 W ContextImpl: Calling a method in the system process without a qualified user: android.app.ContextImpl.startService:1385 android.content.ContextWrapper.startService:613 android.content.ContextWrapper.startService:613 com.android.keychain.KeyChainBroadcastReceiver.onReceive:12 android.app.ActivityThread.handleReceiver:3011 
08-03 14:59:16.246  1660  1686 E KernelUidCpuTimeReader: failed to remove uid from uid_cputime module
08-03 14:59:16.246  1660  1686 E KernelUidCpuTimeReader: java.io.FileNotFoundException: /proc/uid_cputime/remove_uid_range (No such file or directory)
08-03 14:59:16.246  1660  1686 E KernelUidCpuTimeReader: 	at java.io.FileOutputStream.open(Native Method)
08-03 14:59:16.246  1660  1686 E KernelUidCpuTimeReader: 	at java.io.FileOutputStream.<init>(FileOutputStream.java:221)
08-03 14:59:16.246  1660  1686 E KernelUidCpuTimeReader: 	at java.io.FileOutputStream.<init>(FileOutputStream.java:108)
08-03 14:59:16.246  1660  1686 E KernelUidCpuTimeReader: 	at java.io.FileWriter.<init>(FileWriter.java:63)
08-03 14:59:16.246  1660  1686 E KernelUidCpuTimeReader: 	at com.android.internal.os.KernelUidCpuTimeReader.removeUid(KernelUidCpuTimeReader.java:158)
08-03 14:59:16.246  1660  1686 E KernelUidCpuTimeReader: 	at com.android.internal.os.BatteryStatsImpl.removeUidStatsLocked(BatteryStatsImpl.java:9805)
08-03 14:59:16.246  1660  1686 E KernelUidCpuTimeReader: 	at com.android.server.am.BatteryStatsService.removeUid(BatteryStatsService.java:291)
08-03 14:59:16.246  1660  1686 E KernelUidCpuTimeReader: 	at com.android.server.am.ActivityManagerService.broadcastIntentLocked(ActivityManagerService.java:17857)
08-03 14:59:16.246  1660  1686 E KernelUidCpuTimeReader: 	at com.android.server.am.ActivityManagerService.broadcastIntent(ActivityManagerService.java:18346)
08-03 14:59:16.246  1660  1686 E KernelUidCpuTimeReader: 	at com.android.server.pm.PackageManagerService$8.run(PackageManagerService.java:11407)
08-03 14:59:16.246  1660  1686 E KernelUidCpuTimeReader: 	at android.os.Handler.handleCallback(Handler.java:751)
08-03 14:59:16.246  1660  1686 E KernelUidCpuTimeReader: 	at android.os.Handler.dispatchMessage(Handler.java:95)
08-03 14:59:16.246  1660  1686 E KernelUidCpuTimeReader: 	at android.os.Looper.loop(Looper.java:154)
08-03 14:59:16.246  1660  1686 E KernelUidCpuTimeReader: 	at android.os.HandlerThread.run(HandlerThread.java:61)
08-03 14:59:16.246  1660  1686 E KernelUidCpuTimeReader: 	at com.android.server.ServiceThread.run(ServiceThread.java:46)
08-03 14:59:16.290  1660  1673 W LocationProviderProxy-network: Odd, no component found for service com.android.location.service.v3.NetworkLocationProvider
08-03 14:59:16.290  1660  1673 W GeocoderProxy: Odd, no component found for service com.android.location.service.GeocodeProvider
08-03 14:59:16.290  1660  1673 W GeofenceProxy: Odd, no component found for service com.android.location.service.GeofenceProvider
08-03 14:59:16.290  1660  1673 W ActivityRecognitionProxy: Odd, no component found for service com.android.location.service.ActivityRecognitionProvider
08-03 14:59:40.019  1660  1674 I ActivityManager: Force stopping org.mozilla.geckoview.test appid=10063 user=-1: installPackageLI
08-03 14:59:40.029  1660  1686 I PackageManager: Package org.mozilla.geckoview.test codePath changed from /data/app/org.mozilla.geckoview.test-2 to /data/app/org.mozilla.geckoview.test-1; Retaining data and using new
08-03 14:59:40.029  1660  1686 W PackageManager: Code path for org.mozilla.geckoview.test changing from /data/app/org.mozilla.geckoview.test-2 to /data/app/org.mozilla.geckoview.test-1
08-03 14:59:40.030  1660  1686 W PackageManager: Resource path for org.mozilla.geckoview.test changing from /data/app/org.mozilla.geckoview.test-2 to /data/app/org.mozilla.geckoview.test-1
08-03 14:59:40.039  1660  1686 W PackageManager: Unknown permission android.permission.FOREGROUND_SERVICE in package org.mozilla.geckoview.test
08-03 14:59:40.108  1660  1686 I ActivityManager: Force stopping org.mozilla.geckoview.test appid=10063 user=0: pkg removed
08-03 14:59:40.108  1660  1672 D PackageInstaller: Ignoring abandon after commit relinquished control
08-03 14:59:40.125  2109  2109 W ContextImpl: Calling a method in the system process without a qualified user: android.app.ContextImpl.startService:1385 android.content.ContextWrapper.startService:613 android.content.ContextWrapper.startService:613 com.android.keychain.KeyChainBroadcastReceiver.onReceive:12 android.app.ActivityThread.handleReceiver:3011 
08-03 14:59:40.157  1660  1673 W VoiceInteractionManagerService: no available voice recognition services found for user 0
08-03 14:59:40.157  1660  1673 W LocationProviderProxy-network: Odd, no component found for service com.android.location.service.v3.NetworkLocationProvider
08-03 14:59:40.157  1660  1673 W GeocoderProxy: Odd, no component found for service com.android.location.service.GeocodeProvider
08-03 14:59:40.158  1660  1673 W GeofenceProxy: Odd, no component found for service com.android.location.service.GeofenceProvider
08-03 14:59:40.158  1660  1673 W ActivityRecognitionProxy: Odd, no component found for service com.android.location.service.ActivityRecognitionProvider
08-03 14:59:41.064  1660  1686 W PackageManager: Unknown permission android.permission.FOREGROUND_SERVICE in package org.mozilla.geckoview_example
08-03 14:59:41.073  1660  1686 V BackupManagerService: restoreAtInstall pkg=org.mozilla.geckoview_example token=e restoreSet=0
08-03 14:59:41.073  1660  1686 W BackupManagerService: Requested unavailable transport: android/com.android.internal.backup.LocalTransport
08-03 14:59:41.073  1660  1686 W BackupManagerService: No transport
08-03 14:59:41.073  1660  1686 V BackupManagerService: Finishing install immediately
08-03 14:59:41.114  1660  1673 W VoiceInteractionManagerService: no available voice recognition services found for user 0
08-03 14:59:41.114  1660  1673 W LocationProviderProxy-network: Odd, no component found for service com.android.location.service.v3.NetworkLocationProvider
08-03 14:59:41.114  1660  1673 W GeocoderProxy: Odd, no component found for service com.android.location.service.GeocodeProvider
08-03 14:59:41.114  1660  1673 W GeofenceProxy: Odd, no component found for service com.android.location.service.GeofenceProvider
08-03 14:59:41.114  1660  1673 W ActivityRecognitionProxy: Odd, no component found for service com.android.location.service.ActivityRecognitionProvider
08-03 14:59:47.456  1660  1671 I ActivityManager: START u0 {act=android.intent.action.MAIN cat=[android.intent.category.LAUNCHER] flg=0x10200000 cmp=org.mozilla.geckoview_example/.GeckoViewActivity (has extras)} from uid 10014 on display 0
08-03 14:59:47.501  1660  1672 I ActivityManager: Start proc 6430:org.mozilla.geckoview_example/u0a87 for activity org.mozilla.geckoview_example/.GeckoViewActivity
08-03 14:59:47.642  1660  1672 D VoldConnector: SND -> {15 volume mkdirs /storage/emulated/0/Android/data/org.mozilla.geckoview_example/files/Download/}
08-03 14:59:47.645  1660  1705 D VoldConnector: RCV <- {200 15 Command succeeded}
08-03 14:59:47.873  1660  2058 I ActivityManager: Start proc 6459:org.mozilla.geckoview_example:tab37/u0a87 for service org.mozilla.geckoview_example/org.mozilla.gecko.process.GeckoChildProcessServices$tab37
08-03 14:59:48.000  1660  2045 I WindowManager: Destroying surface Surface(name=com.android.launcher3/com.android.launcher3.Launcher) called by com.android.server.wm.WindowStateAnimator.destroySurface:2014 com.android.server.wm.WindowStateAnimator.destroySurfaceLocked:881 com.android.server.wm.WindowState.destroyOrSaveSurface:2073 com.android.server.wm.AppWindowToken.destroySurfaces:363 com.android.server.wm.AppWindowToken.notifyAppStopped:389 com.android.server.wm.WindowManagerService.notifyAppStopped:4456 com.android.server.am.ActivityStack.activityStoppedLocked:1252 com.android.server.am.ActivityManagerService.activityStopped:6903 
08-03 14:59:48.148  1660  1681 I WindowManager: Destroying surface Surface(name=Starting org.mozilla.geckoview_example) called by com.android.server.wm.WindowStateAnimator.destroySurface:2014 com.android.server.wm.WindowStateAnimator.destroySurfaceLocked:881 com.android.server.wm.WindowState.destroyOrSaveSurface:2073 com.android.server.wm.AppWindowToken.destroySurfaces:363 com.android.server.wm.WindowStateAnimator.finishExit:565 com.android.server.wm.WindowStateAnimator.stepAnimationLocked:491 com.android.server.wm.WindowAnimator.updateWindowsLocked:303 com.android.server.wm.WindowAnimator.animateLocked:704 
08-03 14:59:59.398  1660  1681 I WindowManager: Destroying surface Surface(name=PopupWindow:72ebb89) called by com.android.server.wm.WindowStateAnimator.destroySurface:2014 com.android.server.wm.WindowStateAnimator.destroySurfaceLocked:881 com.android.server.wm.WindowState.destroyOrSaveSurface:2073 com.android.server.wm.AppWindowToken.destroySurfaces:363 com.android.server.wm.WindowStateAnimator.finishExit:565 com.android.server.wm.WindowStateAnimator.stepAnimationLocked:491 com.android.server.wm.WindowAnimator.updateWindowsLocked:303 com.android.server.wm.WindowAnimator.animateLocked:704 
08-03 14:59:59.400  1660  1681 I WindowManager: Destroying surface Surface(name=PopupWindow:c0f6690) called by com.android.server.wm.WindowStateAnimator.destroySurface:2014 com.android.server.wm.WindowStateAnimator.destroySurfaceLocked:881 com.android.server.wm.WindowState.destroyOrSaveSurface:2073 com.android.server.wm.AppWindowToken.destroySurfaces:363 com.android.server.wm.WindowStateAnimator.finishExit:565 com.android.server.wm.WindowStateAnimator.stepAnimationLocked:491 com.android.server.wm.WindowAnimator.updateWindowsLocked:303 com.android.server.wm.WindowAnimator.animateLocked:704 
08-03 14:59:59.486  1660  1672 I WindowManager: Destroying surface Surface(name=PopupWindow:f677d9b) called by com.android.server.wm.WindowStateAnimator.destroySurface:2014 com.android.server.wm.WindowStateAnimator.destroySurfaceLocked:881 com.android.server.wm.WindowState.removeLocked:1449 com.android.server.wm.WindowManagerService.removeWindowInnerLocked:2478 com.android.server.wm.WindowManagerService.removeWindowLocked:2436 com.android.server.wm.WindowManagerService.removeWindowLocked:2305 com.android.server.wm.WindowManagerService.removeWindow:2300 com.android.server.wm.Session.remove:193 
08-03 15:00:10.469  1660  2058 I WindowManager: Destroying surface Surface(name=PopupWindow:2af3c1a) called by com.android.server.wm.WindowStateAnimator.destroySurface:2014 com.android.server.wm.WindowStateAnimator.destroySurfaceLocked:881 com.android.server.wm.WindowState.removeLocked:1449 com.android.server.wm.WindowManagerService.removeWindowInnerLocked:2478 com.android.server.wm.WindowManagerService.removeWindowLocked:2436 com.android.server.wm.WindowManagerService.removeWindowLocked:2305 com.android.server.wm.WindowManagerService.removeWindow:2300 com.android.server.wm.Session.remove:193 
08-03 15:00:11.044  1660  1694 I WindowManager: Destroying surface Surface(name=PopupWindow:609b32b) called by com.android.server.wm.WindowStateAnimator.destroySurface:2014 com.android.server.wm.WindowStateAnimator.destroySurfaceLocked:881 com.android.server.wm.WindowState.removeLocked:1449 com.android.server.wm.WindowManagerService.removeWindowInnerLocked:2478 com.android.server.wm.WindowManagerService.removeWindowLocked:2436 com.android.server.wm.WindowManagerService.removeWindowLocked:2305 com.android.server.wm.WindowManagerService.removeWindow:2300 com.android.server.wm.Session.remove:193 
08-03 15:00:11.090  1660  2058 I WindowManager: Destroying surface Surface(name=PopupWindow:609b32b) called by com.android.server.wm.WindowStateAnimator.destroySurface:2014 com.android.server.wm.WindowStateAnimator.destroySurfaceLocked:881 com.android.server.wm.WindowState.removeLocked:1449 com.android.server.wm.WindowManagerService.removeWindowInnerLocked:2478 com.android.server.wm.WindowManagerService.removeWindowLocked:2436 com.android.server.wm.WindowManagerService.removeWindowLocked:2305 com.android.server.wm.WindowManagerService.removeWindow:2300 com.android.server.wm.Session.remove:193 
08-03 15:00:12.202  1660  2060 I WindowManager: Destroying surface Surface(name=PopupWindow:609b32b) called by com.android.server.wm.WindowStateAnimator.destroySurface:2014 com.android.server.wm.WindowStateAnimator.destroySurfaceLocked:881 com.android.server.wm.WindowState.removeLocked:1449 com.android.server.wm.WindowManagerService.removeWindowInnerLocked:2478 com.android.server.wm.WindowManagerService.removeWindowLocked:2436 com.android.server.wm.WindowManagerService.removeWindowLocked:2305 com.android.server.wm.WindowManagerService.removeWindow:2300 com.android.server.wm.Session.remove:193 
08-03 15:00:26.850  1660  1681 I WindowManager: Destroying surface Surface(name=InputMethod) called by com.android.server.wm.WindowStateAnimator.destroySurface:2014 com.android.server.wm.WindowStateAnimator.destroySurfaceLocked:881 com.android.server.wm.WindowState.destroyOrSaveSurface:2073 com.android.server.wm.WindowSurfacePlacer.performSurfacePlacementInner:429 com.android.server.wm.WindowSurfacePlacer.performSurfacePlacementLoop:232 com.android.server.wm.WindowSurfacePlacer.performSurfacePlacement:180 com.android.server.wm.WindowManagerService$H.handleMessage:8079 android.os.Handler.dispatchMessage:102 
08-03 15:04:00.371  1660  1672 I WindowManager: Destroying surface Surface(name=PopupWindow:7f633e3) called by com.android.server.wm.WindowStateAnimator.destroySurface:2014 com.android.server.wm.WindowStateAnimator.destroySurfaceLocked:881 com.android.server.wm.WindowState.removeLocked:1449 com.android.server.wm.WindowManagerService.removeWindowInnerLocked:2478 com.android.server.wm.WindowManagerService.removeWindowLocked:2436 com.android.server.wm.WindowManagerService.removeWindowLocked:2305 com.android.server.wm.WindowManagerService.removeWindow:2300 com.android.server.wm.Session.remove:193 
08-03 15:04:00.867  1660  1671 I WindowManager: Destroying surface Surface(name=PopupWindow:e3f6040) called by com.android.server.wm.WindowStateAnimator.destroySurface:2014 com.android.server.wm.WindowStateAnimator.destroySurfaceLocked:881 com.android.server.wm.WindowState.removeLocked:1449 com.android.server.wm.WindowManagerService.removeWindowInnerLocked:2478 com.android.server.wm.WindowManagerService.removeWindowLocked:2436 com.android.server.wm.WindowManagerService.removeWindowLocked:2305 com.android.server.wm.WindowManagerService.removeWindow:2300 com.android.server.wm.Session.remove:193 
08-03 15:04:00.913  1660  1694 I WindowManager: Destroying surface Surface(name=PopupWindow:e3f6040) called by com.android.server.wm.WindowStateAnimator.destroySurface:2014 com.android.server.wm.WindowStateAnimator.destroySurfaceLocked:881 com.android.server.wm.WindowState.removeLocked:1449 com.android.server.wm.WindowManagerService.removeWindowInnerLocked:2478 com.android.server.wm.WindowManagerService.removeWindowLocked:2436 com.android.server.wm.WindowManagerService.removeWindowLocked:2305 com.android.server.wm.WindowManagerService.removeWindow:2300 com.android.server.wm.Session.remove:193 
08-03 15:04:01.970  1660  1878 I WindowManager: Destroying surface Surface(name=PopupWindow:e3f6040) called by com.android.server.wm.WindowStateAnimator.destroySurface:2014 com.android.server.wm.WindowStateAnimator.destroySurfaceLocked:881 com.android.server.wm.WindowState.removeLocked:1449 com.android.server.wm.WindowManagerService.removeWindowInnerLocked:2478 com.android.server.wm.WindowManagerService.removeWindowLocked:2436 com.android.server.wm.WindowManagerService.removeWindowLocked:2305 com.android.server.wm.WindowManagerService.removeWindow:2300 com.android.server.wm.Session.remove:193 
08-03 15:04:10.315  1660  1681 I WindowManager: Destroying surface Surface(name=InputMethod) called by com.android.server.wm.WindowStateAnimator.destroySurface:2014 com.android.server.wm.WindowStateAnimator.destroySurfaceLocked:881 com.android.server.wm.WindowState.destroyOrSaveSurface:2073 com.android.server.wm.WindowSurfacePlacer.performSurfacePlacementInner:429 com.android.server.wm.WindowSurfacePlacer.performSurfacePlacementLoop:232 com.android.server.wm.WindowSurfacePlacer.performSurfacePlacement:180 com.android.server.wm.WindowManagerService$H.handleMessage:8079 android.os.Handler.dispatchMessage:102 
08-03 15:19:16.255  1660  1673 I UsageStatsService: User[0] Flushing usage stats to disk
08-03 15:23:35.950  1660  1677 E BatteryStatsService: no controller energy info supplied
08-03 15:23:35.953  1660  1677 E KernelCpuSpeedReader: Failed to read cpu-freq: /sys/devices/system/cpu/cpu0/cpufreq/stats/time_in_state (No such file or directory)
08-03 15:23:35.953  1660  1677 E KernelUidCpuTimeReader: Failed to read uid_cputime: /proc/uid_cputime/show_uid_stat (No such file or directory)
08-03 15:23:35.953  1660  1677 E BatteryStatsService: modem info is invalid: ModemActivityInfo{ mTimestamp=0 mSleepTimeMs=0 mIdleTimeMs=0 mTxTimeMs[]=[0, 0, 0, 0, 0] mRxTimeMs=0 mEnergyUsed=0}
08-03 15:23:46.060  1660  1660 I EntropyMixer: Writing entropy...
08-03 15:25:00.010  1660  1674 I ProcessStatsService: Prepared write state in 3ms
08-03 15:29:39.575  1660  1674 I ActivityManager: Force stopping org.mozilla.geckoview_example appid=10087 user=-1: deletePackageX
08-03 15:29:39.575  1660  1674 I ActivityManager: Killing 6459:org.mozilla.geckoview_example:tab37/u0a87 (adj 0): stop org.mozilla.geckoview_example
08-03 15:29:39.575  1660  1674 D ActivityManager: cleanUpApplicationRecord -- 6459
08-03 15:29:39.575  1660  1674 W ActivityManager: Scheduling restart of crashed service org.mozilla.geckoview_example/org.mozilla.gecko.process.GeckoChildProcessServices$tab37 in 1000ms
08-03 15:29:39.575  1660  1674 I ActivityManager: Killing 6430:org.mozilla.geckoview_example/u0a87 (adj 0): stop org.mozilla.geckoview_example
08-03 15:29:39.576  1660  1674 D ActivityManager: cleanUpApplicationRecord -- 6430
08-03 15:29:39.576  1660  1674 W ActivityManager: Force removing ActivityRecord{2c7161f u0 org.mozilla.geckoview_example/.GeckoViewActivity t7}: app died, no saved state
08-03 15:29:39.578  1660  1674 I WindowManager: Destroying surface Surface(name=SurfaceView - org.mozilla.geckoview_example/org.mozilla.geckoview_example.GeckoViewActivity) called by com.android.server.wm.WindowStateAnimator.destroySurface:2014 com.android.server.wm.WindowStateAnimator.destroySurfaceLocked:881 com.android.server.wm.WindowState.removeLocked:1449 com.android.server.wm.WindowManagerService.removeWindowInnerLocked:2478 com.android.server.wm.WindowManagerService.removeWindowLocked:2436 com.android.server.wm.WindowManagerService.removeWindowLocked:2305 com.android.server.wm.AppWindowToken.removeAllWindows:530 com.android.server.wm.AppWindowToken.removeAppFromTaskLocked:326 
08-03 15:29:39.579  1660  1674 I WindowManager: Destroying surface Surface(name=org.mozilla.geckoview_example/org.mozilla.geckoview_example.GeckoViewActivity) called by com.android.server.wm.WindowStateAnimator.destroySurface:2014 com.android.server.wm.WindowStateAnimator.destroySurfaceLocked:881 com.android.server.wm.WindowState.removeLocked:1449 com.android.server.wm.WindowManagerService.removeWindowInnerLocked:2478 com.android.server.wm.WindowManagerService.removeWindowLocked:2436 com.android.server.wm.WindowManagerService.removeWindowLocked:2305 com.android.server.wm.AppWindowToken.removeAllWindows:530 com.android.server.wm.AppWindowToken.removeAppFromTaskLocked:326 
08-03 15:29:39.661  1660  1686 I ActivityManager: Force stopping org.mozilla.geckoview_example appid=10087 user=0: pkg removed
08-03 15:29:39.669  1660  1686 E KernelUidCpuTimeReader: failed to remove uid from uid_cputime module
08-03 15:29:39.669  1660  1686 E KernelUidCpuTimeReader: java.io.FileNotFoundException: /proc/uid_cputime/remove_uid_range (No such file or directory)
08-03 15:29:39.669  1660  1686 E KernelUidCpuTimeReader: 	at java.io.FileOutputStream.open(Native Method)
08-03 15:29:39.669  1660  1686 E KernelUidCpuTimeReader: 	at java.io.FileOutputStream.<init>(FileOutputStream.java:221)
08-03 15:29:39.669  1660  1686 E KernelUidCpuTimeReader: 	at java.io.FileOutputStream.<init>(FileOutputStream.java:108)
08-03 15:29:39.669  1660  1686 E KernelUidCpuTimeReader: 	at java.io.FileWriter.<init>(FileWriter.java:63)
08-03 15:29:39.669  1660  1686 E KernelUidCpuTimeReader: 	at com.android.internal.os.KernelUidCpuTimeReader.removeUid(KernelUidCpuTimeReader.java:158)
08-03 15:29:39.669  1660  1686 E KernelUidCpuTimeReader: 	at com.android.internal.os.BatteryStatsImpl.removeUidStatsLocked(BatteryStatsImpl.java:9805)
08-03 15:29:39.669  1660  1686 E KernelUidCpuTimeReader: 	at com.android.server.am.BatteryStatsService.removeUid(BatteryStatsService.java:291)
08-03 15:29:39.669  1660  1686 E KernelUidCpuTimeReader: 	at com.android.server.am.ActivityManagerService.broadcastIntentLocked(ActivityManagerService.java:17857)
08-03 15:29:39.669  1660  1686 E KernelUidCpuTimeReader: 	at com.android.server.am.ActivityManagerService.broadcastIntent(ActivityManagerService.java:18346)
08-03 15:29:39.669  1660  1686 E KernelUidCpuTimeReader: 	at com.android.server.pm.PackageManagerService$8.run(PackageManagerService.java:11407)
08-03 15:29:39.669  1660  1686 E KernelUidCpuTimeReader: 	at android.os.Handler.handleCallback(Handler.java:751)
08-03 15:29:39.669  1660  1686 E KernelUidCpuTimeReader: 	at android.os.Handler.dispatchMessage(Handler.java:95)
08-03 15:29:39.669  1660  1686 E KernelUidCpuTimeReader: 	at android.os.Looper.loop(Looper.java:154)
08-03 15:29:39.669  1660  1686 E KernelUidCpuTimeReader: 	at android.os.HandlerThread.run(HandlerThread.java:61)
08-03 15:29:39.669  1660  1686 E KernelUidCpuTimeReader: 	at com.android.server.ServiceThread.run(ServiceThread.java:46)
08-03 15:29:39.695  2109  2109 W ContextImpl: Calling a method in the system process without a qualified user: android.app.ContextImpl.startService:1385 android.content.ContextWrapper.startService:613 android.content.ContextWrapper.startService:613 com.android.keychain.KeyChainBroadcastReceiver.onReceive:12 android.app.ActivityThread.handleReceiver:3011 
08-03 15:29:39.732  1660  1673 W LocationProviderProxy-network: Odd, no component found for service com.android.location.service.v3.NetworkLocationProvider
08-03 15:29:39.733  1660  1673 W GeocoderProxy: Odd, no component found for service com.android.location.service.GeocodeProvider
08-03 15:29:39.733  1660  1673 W GeofenceProxy: Odd, no component found for service com.android.location.service.GeofenceProvider
08-03 15:29:39.733  1660  1673 W ActivityRecognitionProxy: Odd, no component found for service com.android.location.service.ActivityRecognitionProvider
08-03 15:30:03.550  1660  1686 W PackageManager: Unknown permission android.permission.FOREGROUND_SERVICE in package org.mozilla.geckoview_example
08-03 15:30:03.562  1660  1686 V BackupManagerService: restoreAtInstall pkg=org.mozilla.geckoview_example token=f restoreSet=0
08-03 15:30:03.562  1660  1686 W BackupManagerService: Requested unavailable transport: android/com.android.internal.backup.LocalTransport
08-03 15:30:03.562  1660  1686 W BackupManagerService: No transport
08-03 15:30:03.562  1660  1686 V BackupManagerService: Finishing install immediately
08-03 15:30:03.585  1660  2058 D PackageInstaller: Ignoring abandon after commit relinquished control
08-03 15:30:03.613  1660  1673 W VoiceInteractionManagerService: no available voice recognition services found for user 0
08-03 15:30:03.613  1660  1673 W LocationProviderProxy-network: Odd, no component found for service com.android.location.service.v3.NetworkLocationProvider
08-03 15:30:03.613  1660  1673 W GeocoderProxy: Odd, no component found for service com.android.location.service.GeocodeProvider
08-03 15:30:03.613  1660  1673 W GeofenceProxy: Odd, no component found for service com.android.location.service.GeofenceProvider
08-03 15:30:03.613  1660  1673 W ActivityRecognitionProxy: Odd, no component found for service com.android.location.service.ActivityRecognitionProvider
08-03 15:30:04.954  1660  1674 I ActivityManager: Force stopping org.mozilla.geckoview.test appid=10063 user=-1: installPackageLI
08-03 15:30:04.964  1660  1686 I PackageManager: Package org.mozilla.geckoview.test codePath changed from /data/app/org.mozilla.geckoview.test-1 to /data/app/org.mozilla.geckoview.test-2; Retaining data and using new
08-03 15:30:04.965  1660  1686 W PackageManager: Code path for org.mozilla.geckoview.test changing from /data/app/org.mozilla.geckoview.test-1 to /data/app/org.mozilla.geckoview.test-2
08-03 15:30:04.965  1660  1686 W PackageManager: Resource path for org.mozilla.geckoview.test changing from /data/app/org.mozilla.geckoview.test-1 to /data/app/org.mozilla.geckoview.test-2
08-03 15:30:04.973  1660  1686 W PackageManager: Unknown permission android.permission.FOREGROUND_SERVICE in package org.mozilla.geckoview.test
08-03 15:30:05.024  1660  1686 I ActivityManager: Force stopping org.mozilla.geckoview.test appid=10063 user=0: pkg removed
08-03 15:30:05.036  2109  2109 W ContextImpl: Calling a method in the system process without a qualified user: android.app.ContextImpl.startService:1385 android.content.ContextWrapper.startService:613 android.content.ContextWrapper.startService:613 com.android.keychain.KeyChainBroadcastReceiver.onReceive:12 android.app.ActivityThread.handleReceiver:3011 
08-03 15:30:05.061  1660  1673 W VoiceInteractionManagerService: no available voice recognition services found for user 0
08-03 15:30:05.061  1660  1673 W LocationProviderProxy-network: Odd, no component found for service com.android.location.service.v3.NetworkLocationProvider
08-03 15:30:05.061  1660  1673 W GeocoderProxy: Odd, no component found for service com.android.location.service.GeocodeProvider
08-03 15:30:05.061  1660  1673 W GeofenceProxy: Odd, no component found for service com.android.location.service.GeofenceProvider
08-03 15:30:05.061  1660  1673 W ActivityRecognitionProxy: Odd, no component found for service com.android.location.service.ActivityRecognitionProvider
08-03 15:30:10.039  1660  1671 I ActivityManager: START u0 {act=android.intent.action.MAIN cat=[android.intent.category.LAUNCHER] flg=0x10200000 cmp=org.mozilla.geckoview_example/.GeckoViewActivity (has extras)} from uid 10014 on display 0
08-03 15:30:10.065  1660  1672 I ActivityManager: Start proc 6959:org.mozilla.geckoview_example/u0a88 for activity org.mozilla.geckoview_example/.GeckoViewActivity
--------- beginning of main
08-03 15:30:10.144  6959  6959 I art     : Caused by: java.lang.ClassNotFoundException: Didn't find class "android.view.View$OnUnhandledKeyEventListener" on path: DexPathList[[zip file "/system/framework/android.test.runner.jar", zip file "/data/app/org.mozilla.geckoview_example-1/base.apk"],nativeLibraryDirectories=[/data/app/org.mozilla.geckoview_example-1/lib/x86, /data/app/org.mozilla.geckoview_example-1/base.apk!/lib/x86, /system/lib, /vendor/lib]]
08-03 15:30:10.144  6959  6959 I art     :   at java.lang.Class dalvik.system.BaseDexClassLoader.findClass(java.lang.String) (BaseDexClassLoader.java:56)
08-03 15:30:10.144  6959  6959 I art     :   at java.lang.Class java.lang.ClassLoader.loadClass(java.lang.String, boolean) (ClassLoader.java:380)
08-03 15:30:10.144  6959  6959 I art     :   at java.lang.Class java.lang.ClassLoader.loadClass(java.lang.String) (ClassLoader.java:312)
08-03 15:30:10.144  6959  6959 I art     :   at void androidx.core.view.ViewCompat.setOnApplyWindowInsetsListener(android.view.View, androidx.core.view.OnApplyWindowInsetsListener) (ViewCompat.java:2203)
08-03 15:30:10.144  6959  6959 I art     :   at android.view.ViewGroup androidx.appcompat.app.AppCompatDelegateImpl.createSubDecor() (AppCompatDelegateImpl.java:637)
08-03 15:30:10.144  6959  6959 I art     :   at void androidx.appcompat.app.AppCompatDelegateImpl.ensureSubDecor() (AppCompatDelegateImpl.java:518)
08-03 15:30:10.144  6959  6959 I art     :   at void androidx.appcompat.app.AppCompatDelegateImpl.setContentView(int) (AppCompatDelegateImpl.java:466)
08-03 15:30:10.144  6959  6959 I art     :   at void androidx.appcompat.app.AppCompatActivity.setContentView(int) (AppCompatActivity.java:140)
08-03 15:30:10.144  6959  6959 I art     :   at void org.mozilla.geckoview_example.GeckoViewActivity.onCreate(android.os.Bundle) (GeckoViewActivity.java:690)
08-03 15:30:10.144  6959  6959 I art     :   at void android.app.Activity.performCreate(android.os.Bundle) (Activity.java:6662)
08-03 15:30:10.144  6959  6959 I art     :   at void android.app.Instrumentation.callActivityOnCreate(android.app.Activity, android.os.Bundle) (Instrumentation.java:1118)
08-03 15:30:10.144  6959  6959 I art     :   at android.app.Activity android.app.ActivityThread.performLaunchActivity(android.app.ActivityThread$ActivityClientRecord, android.content.Intent) (ActivityThread.java:2599)
08-03 15:30:10.144  6959  6959 I art     :   at void android.app.ActivityThread.handleLaunchActivity(android.app.ActivityThread$ActivityClientRecord, android.content.Intent, java.lang.String) (ActivityThread.java:2707)
08-03 15:30:10.144  6959  6959 I art     :   at void android.app.ActivityThread.-wrap12(android.app.ActivityThread, android.app.ActivityThread$ActivityClientRecord, android.content.Intent, java.lang.String) (ActivityThread.java:-1)
08-03 15:30:10.144  6959  6959 I art     :   at void android.app.ActivityThread$H.handleMessage(android.os.Message) (ActivityThread.java:1460)
08-03 15:30:10.144  6959  6959 I art     :   at void android.os.Handler.dispatchMessage(android.os.Message) (Handler.java:102)
08-03 15:30:10.144  6959  6959 I art     :   at void android.os.Looper.loop() (Looper.java:154)
08-03 15:30:10.144  6959  6959 I art     :   at void android.app.ActivityThread.main(java.lang.String[]) (ActivityThread.java:6077)
08-03 15:30:10.144  6959  6959 I art     :   at java.lang.Object java.lang.reflect.Method.invoke!(java.lang.Object, java.lang.Object[]) (Method.java:-2)
08-03 15:30:10.144  6959  6959 I art     :   at void com.android.internal.os.ZygoteInit$MethodAndArgsCaller.run() (ZygoteInit.java:866)
08-03 15:30:10.144  6959  6959 I art     :   at void com.android.internal.os.ZygoteInit.main(java.lang.String[]) (ZygoteInit.java:756)
08-03 15:30:10.144  6959  6959 I art     : 
08-03 15:30:10.181  6959  6959 D GeckoThread: State changed to LAUNCHED
08-03 15:30:10.186  6959  6976 I GeckoThread: preparing to run Gecko
08-03 15:30:10.193  6959  6959 D GeckoRuntime: Lifecycle: onCreate
08-03 15:30:10.204  6959  6976 D GeckoThread: State changed to MOZGLUE_READY
08-03 15:30:10.213  1660  1878 D VoldConnector: SND -> {16 volume mkdirs /storage/emulated/0/Android/data/org.mozilla.geckoview_example/files/Download/}
08-03 15:30:10.213  6959  6959 D GeckoRuntime: Lifecycle: onStart
08-03 15:30:10.215  6959  6959 D GeckoRuntime: Lifecycle: onResume
08-03 15:30:10.215  6959  6959 D GeckoNetworkManager: Incoming event start for state OffNoListeners -> OnNoListeners
08-03 15:30:10.216  1660  1705 D VoldConnector: RCV <- {200 16 Command succeeded}
08-03 15:30:10.219  6959  6959 D GeckoNetworkManager: New network state: UP, WIFI, WIFI
08-03 15:30:10.223  6959  6976 W Settings: Setting animator_duration_scale has moved from android.provider.Settings.System to android.provider.Settings.Global, returning read-only global URI.
08-03 15:30:10.226  1332  2065 E SurfaceFlinger: ro.sf.lcd_density must be defined as a build property
08-03 15:30:10.226  6959  6976 E GeckoLibLoad: Load sqlite start
08-03 15:30:10.230  6959  6976 E GeckoLibLoad: Load sqlite done
08-03 15:30:10.230  6959  6976 E GeckoLibLoad: Load nss start
08-03 15:30:10.230  6959  6976 E GeckoLibLoad: Load nss done
08-03 15:30:10.234  6959  6959 D GeckoNetworkManager: Incoming event receivedUpdate for state OnNoListeners -> OnNoListeners
08-03 15:30:10.235  6959  6959 D GeckoNetworkManager: New network state: UP, WIFI, WIFI
08-03 15:30:10.282  6959  6976 E GeckoLibLoad: Loaded libs in 52.021389ms total, 10ms(10ms) user, 40ms(60ms) system, 0(0) faults
08-03 15:30:10.282  6959  6976 D GeckoThread: State changed to LIBS_READY
08-03 15:30:10.284  6959  6976 W GeckoThread: zerdatime 21994369 - runGecko
08-03 15:30:10.295  6959  6976 I Gecko:DumpUtils: Fifo watcher disabled via pref.
08-03 15:30:10.316  6959  6977 D         : HostConnection::get() New Host Connection established 0xea289dc0, tid 6977
08-03 15:30:10.317  6959  6977 I OpenGLRenderer: Initialized EGL, version 1.4
08-03 15:30:10.317  6959  6977 D OpenGLRenderer: Swap behavior 1
08-03 15:30:10.317  6959  6977 W OpenGLRenderer: Failed to choose config with EGL_SWAP_BEHAVIOR_PRESERVED, retrying without...
08-03 15:30:10.317  6959  6977 D OpenGLRenderer: Swap behavior 0
08-03 15:30:10.319  6959  6977 D EGL_emulation: eglCreateContext: 0xdf721ce0: maj 3 min 0 rcv 3
08-03 15:30:10.320  6959  6977 D EGL_emulation: eglMakeCurrent: 0xdf721ce0: ver 3 0 (tinfo 0xe144fa70)
08-03 15:30:10.321  6959  6977 E eglCodecCommon: glUtilsParamSize: unknow param 0x00008cdf
08-03 15:30:10.321  6959  6977 E eglCodecCommon: glUtilsParamSize: unknow param 0x00008824
08-03 15:30:10.327  6959  6976 D GeckoAppShell: System memory: 3006MB.
08-03 15:30:10.330  6959  6976 D GeckoThread: State changed to JNI_READY
08-03 15:30:10.352  6989  6989 I art     : Not late-enabling -Xcheck:jni (already on)
08-03 15:30:10.352  6989  6989 W art     : Unexpected CPU variant for X86 using defaults: x86
08-03 15:30:10.357  1660  2058 I ActivityManager: Start proc 6989:org.mozilla.geckoview_example:tab25/u0a88 for service org.mozilla.geckoview_example/org.mozilla.gecko.process.GeckoChildProcessServices$tab25
08-03 15:30:10.359  6959  6987 D ServiceAllocator: org.mozilla.gecko.process.GeckoChildProcessServices$tab25 updateBindings: BACKGROUND priority, 0 importance, 2 successful binds, 0 failed binds, 0 successful unbinds
08-03 15:30:10.362  6959  6977 D EGL_emulation: eglMakeCurrent: 0xdf721ce0: ver 3 0 (tinfo 0xe144fa70)
08-03 15:30:10.394  6989  6989 I ServiceChildProcess: onCreate
08-03 15:30:10.396  6989  6989 D GeckoThread: State changed to LAUNCHED
08-03 15:30:10.397  6989  7008 I GeckoThread: preparing to run Gecko
08-03 15:30:10.406  6959  6976 D GeckoViewStartup: observe: app-startup
08-03 15:30:10.411  6959  6976 D GeckoViewConsole: enabled = true
08-03 15:30:10.434  1660  1681 I ActivityManager: Displayed org.mozilla.geckoview_example/.GeckoViewActivity: +381ms
08-03 15:30:10.460  6959  6976 I GeckoConsole: No chrome package registered for chrome://browser/content/built_in_addons.json
08-03 15:30:10.493  6959  6976 D GeckoThread: State changed to PROFILE_READY
08-03 15:30:10.496  6959  6976 D GeckoViewStartup: observe: profile-after-change
08-03 15:30:10.498  6959  6976 D GeckoViewRemoteDebugger: onInit
08-03 15:30:10.499  6959  6976 D GeckoViewRemoteDebugger: onEnable
08-03 15:30:10.516  1660  2058 I WindowManager: Destroying surface Surface(name=com.android.launcher3/com.android.launcher3.Launcher) called by com.android.server.wm.WindowStateAnimator.destroySurface:2014 com.android.server.wm.WindowStateAnimator.destroySurfaceLocked:881 com.android.server.wm.WindowState.destroyOrSaveSurface:2073 com.android.server.wm.AppWindowToken.destroySurfaces:363 com.android.server.wm.AppWindowToken.notifyAppStopped:389 com.android.server.wm.WindowManagerService.notifyAppStopped:4456 com.android.server.am.ActivityStack.activityStoppedLocked:1252 com.android.server.am.ActivityManagerService.activityStopped:6903 
08-03 15:30:10.578  6959  6976 D GeckoViewRemoteDebugger: USB remote debugger - listening on org.mozilla.geckoview_example/firefox-debugger-socket
08-03 15:30:10.581  6959  6976 D GeckoThread: State changed to RUNNING
08-03 15:30:10.604  6959  6976 E GeckoConsole: [JavaScript Error: "Error: File resource://default-theme/ does not contain a valid manifest" {file: "resource://gre/modules/addons/XPIInstall.jsm" line: 669}]
08-03 15:30:10.605  6959  6976 E GeckoConsole: [JavaScript Error: "Error: File resource://default-theme/ does not contain a valid manifest" {file: "resource://gre/modules/addons/XPIInstall.jsm" line: 669}]
08-03 15:30:10.607  6959  6976 D         : HostConnection::get() New Host Connection established 0xe3d910c0, tid 6976
08-03 15:30:10.608  6959  6976 E EGL_emulation: tid 6976: eglBindAPI(1132): error 0x300c (EGL_BAD_PARAMETER)
08-03 15:30:10.611  6959  6976 D EGL_emulation: eglCreateContext: 0xef6855a0: maj 3 min 0 rcv 3
08-03 15:30:10.613  6959  6976 D EGL_emulation: eglMakeCurrent: 0xef6855a0: ver 3 0 (tinfo 0xef6832e0)
08-03 15:30:10.613  6959  6976 E eglCodecCommon: glUtilsParamSize: unknow param 0x00008cdf
08-03 15:30:10.613  6959  6976 E eglCodecCommon: glUtilsParamSize: unknow param 0x00008824
08-03 15:30:10.630  6959  7021 D         : HostConnection::get() New Host Connection established 0xe3d91100, tid 7021
08-03 15:30:10.632  1660  1681 I WindowManager: Destroying surface Surface(name=Starting org.mozilla.geckoview_example) called by com.android.server.wm.WindowStateAnimator.destroySurface:2014 com.android.server.wm.WindowStateAnimator.destroySurfaceLocked:881 com.android.server.wm.WindowState.destroyOrSaveSurface:2073 com.android.server.wm.AppWindowToken.destroySurfaces:363 com.android.server.wm.WindowStateAnimator.finishExit:565 com.android.server.wm.WindowStateAnimator.stepAnimationLocked:491 com.android.server.wm.WindowAnimator.updateWindowsLocked:303 com.android.server.wm.WindowAnimator.animateLocked:704 
08-03 15:30:10.635  6959  7021 D EGL_emulation: eglCreateContext: 0xef685720: maj 3 min 0 rcv 3
08-03 15:30:10.638  6959  7021 D EGL_emulation: eglMakeCurrent: 0xef685720: ver 3 0 (tinfo 0xef683410)
08-03 15:30:10.639  6959  7021 E eglCodecCommon: glUtilsParamSize: unknow param 0x00008cdf
08-03 15:30:10.640  6959  7021 E eglCodecCommon: glUtilsParamSize: unknow param 0x00008824
08-03 15:30:10.654  6959  7021 E eglCodecCommon: glUtilsParamSize: unknow param 0x00008caa
08-03 15:30:10.672  6959  7021 E eglCodecCommon: glUtilsParamSize: unknow param 0x00008caa
08-03 15:30:10.678  6959  7021 E eglCodecCommon: glUtilsParamSize: unknow param 0x00008741
08-03 15:30:10.682  6959  6976 W ResourceType: Too many attribute references, stopped at: 0x01010099
08-03 15:30:10.697  6959  6959 D GeckoNetworkManager: Incoming event enableNotifications for state OnNoListeners -> OnWithListeners
08-03 15:30:10.699  6959  6959 D GeckoNetworkManager: New network state: UP, WIFI, WIFI
08-03 15:30:10.700  6959  6959 D GeckoNetworkManager: Incoming event receivedUpdate for state OnWithListeners -> OnWithListeners
08-03 15:30:10.701  6959  6959 D GeckoNetworkManager: New network state: UP, WIFI, WIFI
08-03 15:30:10.704  6959  6976 D GeckoViewStartup: onEvent GeckoView:SetLocale
08-03 15:30:10.705  6959  6976 D GeckoViewStartup: onEvent GeckoView:ResetUserPrefs
08-03 15:30:10.708  6959  7021 D EGL_emulation: eglMakeCurrent: 0xef685720: ver 3 0 (tinfo 0xef683410)
08-03 15:30:10.713  6959  6976 D GeckoViewConsole: onEvent GeckoView:WebExtension:List null
08-03 15:30:10.755  6959  6976 D GeckoViewNavigation: sessionContextId=null
08-03 15:30:10.768  6959  6987 D ServiceAllocator: org.mozilla.gecko.process.GeckoChildProcessServices$tab25 updateBindings: FOREGROUND priority, 0 importance, 1 successful binds, 0 failed binds, 0 successful unbinds
08-03 15:30:10.773  6989  7008 D GeckoThread: State changed to MOZGLUE_READY
08-03 15:30:10.775  6989  7008 E GeckoLibLoad: Load sqlite start
08-03 15:30:10.775  6989  7008 E GeckoLibLoad: Load sqlite done
08-03 15:30:10.776  6989  7008 E GeckoLibLoad: Load nss start
08-03 15:30:10.776  6989  7008 E GeckoLibLoad: Load nss done
08-03 15:30:10.786  6989  7008 E GeckoLibLoad: Loaded libs in 9.821322ms total, 0ms(0ms) user, 0ms(10ms) system, 0(0) faults
08-03 15:30:10.786  6989  7008 D GeckoThread: State changed to LIBS_READY
08-03 15:30:10.786  6989  7008 W GeckoThread: zerdatime 21994870 - runGecko
08-03 15:30:10.792  6959  6976 I VideoCapabilities: Unsupported profile 4 for video/mp4v-es
08-03 15:30:10.794  6959  6976 D HardwareCodecCapability: Found candidate encoder OMX.google.h264.encoder
08-03 15:30:10.795  6959  6976 D HardwareCodecCapability: Found candidate encoder OMX.google.vp8.encoder
08-03 15:30:10.795  6959  6976 D HardwareCodecCapability: Found candidate decoder OMX.google.vp8.decoder
08-03 15:30:10.796  6959  6987 D ServiceAllocator: org.mozilla.gecko.process.GeckoChildProcessServices$tab25 updateBindings: FOREGROUND priority, 2 importance, 0 successful binds, 0 failed binds, 0 successful unbinds
08-03 15:30:10.805  6959  6976 D GeckoViewModule: registerListener ["GeckoViewContent:ExitFullScreen","GeckoView:ClearMatches","GeckoView:DisplayMatches","GeckoView:FindInPage","GeckoView:RestoreState","GeckoView:ScrollBy","GeckoView:ScrollTo","GeckoView:SetActive","GeckoView:SetFocused","GeckoView:UpdateInitData","GeckoView:ZoomToInput"]
08-03 15:30:10.806  6959  6976 D GeckoViewNavigation: onInit
08-03 15:30:10.806  6959  6976 D GeckoViewModule: registerListener ["GeckoView:GoBack","GeckoView:GoForward","GeckoView:GotoHistoryIndex","GeckoView:LoadUri","GeckoView:Reload","GeckoView:Stop","GeckoView:PurgeHistory"]
08-03 15:30:10.807  6959  6976 D GeckoViewNavigation: onEnable
08-03 15:30:10.807  6959  6976 D GeckoViewProcessHangMonitor: onInit
08-03 15:30:10.808  6959  6976 D GeckoViewProcessHangMonitor: onEnable
08-03 15:30:10.808  6959  6976 D GeckoViewModule: registerListener ["GeckoView:HangReportStop","GeckoView:HangReportWait"]
08-03 15:30:10.811  6959  6976 D GeckoViewProgress: onEnable
08-03 15:30:10.812  6959  6959 D GeckoSession: handleMessage GeckoView:PageStart uri=about:blank
08-03 15:30:10.812  6959  6959 I GeckoViewActivity: Starting to load page at about:blank
08-03 15:30:10.812  6959  6959 I GeckoViewActivity: zerdatime 21994896 - page load start
08-03 15:30:10.812  6959  6959 D GeckoSession: handleMessage GeckoView:LocationChange uri=about:blank
