08-03 15:30:10.812  6959  6976 D GeckoViewModule: registerListener GeckoView:FlushSessionState
08-03 15:30:10.813  6959  6959 D GeckoSession: handleMessage GeckoView:PageStop uri=null
08-03 15:30:10.813  6959  6959 I GeckoViewActivity: Stopping page load successfully
08-03 15:30:10.813  6959  6959 I GeckoViewActivity: zerdatime 21994897 - page load stop
08-03 15:30:10.813  6959  6959 D GeckoViewActivity: Trackers blocked: 0 ads, 0 analytics, 0 social, 0 content, 0 test, 0stp
08-03 15:30:10.813  6959  6976 D GeckoViewSettings: onInit
08-03 15:30:10.813  6959  6976 D GeckoViewModule: registerListener ["GeckoView:GetUserAgent"]
08-03 15:30:10.814  6959  6976 D GeckoViewSettings: onSettingsUpdate: {"chromeUri":null,"screenId":0,"userAgentOverride":"","allowJavascript":true,"userAgentMode":0,"viewportMode":0,"useTrackingProtection":true,"suspendMediaWhenInactive":false,"usePrivateMode":false,"unsafeSessionContextId":null,"displayMode":0,"sessionContextId":null,"fullAccessibilityTree":false,"isPopup":false}
08-03 15:30:10.815  6959  6976 D GeckoViewModule: registerListener ["GeckoView:WebExtension:SetTabActive"]
08-03 15:30:10.815  6959  6976 D GeckoViewModule: registerListener ["ContentBlocking:RequestLog"]
08-03 15:30:10.821  6959  6976 I GeckoSession: zerdatime 21994905 - chrome startup finished
08-03 15:30:10.830  6959  6976 D GeckoViewContentBlockingController: onEvent: event=ContentBlocking:CheckException, data={"sessionId":"b0497591a1b243459aae0ea5684e2f68"}
08-03 15:30:10.832  6959  7021 E eglCodecCommon: glUtilsParamSize: unknow param 0x00008caa
08-03 15:30:10.835  6959  6976 W GeckoViewContentBlockingController: Could not check content blocking exception
08-03 15:30:10.835  6959  6976 D GeckoViewModule: dispatch GeckoView:WebExtension:SetTabActive, data={"active":true}
08-03 15:30:10.836  6959  6976 D GeckoViewTab: onEvent: event=GeckoView:WebExtension:SetTabActive, data={"active":true}
08-03 15:30:10.837  6959  6976 D GeckoViewModule: dispatch GeckoView:SetFocused, data={"focused":true}
08-03 15:30:10.838  6959  6976 D GeckoViewContent: onEvent: event=GeckoView:SetFocused, data={"focused":true}
08-03 15:30:10.841  6959  6976 D GeckoViewModule: dispatch GeckoView:SetActive, data={"active":true}
08-03 15:30:10.841  6959  6976 D GeckoViewContent: onEvent: event=GeckoView:SetActive, data={"active":true}
08-03 15:30:10.841  6959  6976 D GeckoViewModule: dispatch GeckoView:SetFocused, data={"focused":true}
08-03 15:30:10.842  6959  6976 D GeckoViewContent: onEvent: event=GeckoView:SetFocused, data={"focused":true}
08-03 15:30:10.842  6989  7008 D GeckoViewStartup: observe: app-startup
08-03 15:30:10.845  6989  7008 D GeckoViewConsole: enabled = true
08-03 15:30:10.849  6989  7008 D GeckoThread: State changed to RUNNING
08-03 15:30:10.852  6959  6959 D GeckoViewActivity: onFirstComposite
08-03 15:30:10.853  6959  6959 D GeckoViewActivity: onFirstComposite
08-03 15:30:10.875  6959  7021 E eglCodecCommon: glUtilsParamSize: unknow param 0x00008caa
08-03 15:30:10.884  6989  7008 D GeckoViewSelectionActionDelegate[C]: handleEvent: visibilitychange
08-03 15:30:10.889  6989  7008 D GeckoViewSettings[C]: receiveMessage: SettingsUpdate
08-03 15:30:10.897  6959  6976 D GeckoViewXUL: receiveMessage GeckoView:ContentModuleLoaded {"module":"SessionStateAggregator"}
08-03 15:30:10.916  6959  7021 E eglCodecCommon: glUtilsParamSize: unknow param 0x00008caa
08-03 15:30:10.920  6959  6959 D GeckoViewActivity: onFirstComposite
08-03 15:30:11.906  6959  6959 W GeckoSession: No history entries found.
08-03 15:30:11.906  6959  6959 W GeckoSession: No history entries found.
08-03 15:30:11.906  6959  6959 D GeckoSession: handleMessage GeckoView:StateUpdated uri=null
08-03 15:30:13.269  1336  1361 W audio_hw_generic: Not supplying enough data to HAL, expected position 4135859 , only wrote 3983040
08-03 15:30:18.717  6959  6976 D GeckoViewActivity: onHistogram name: GV_STARTUP_RUNTIME_MS, value: [J@32b3260
08-03 15:30:18.717  6959  6976 D GeckoViewActivity: onHistogram name: CONTENT_FRAME_TIME, value: [J@8fde319
08-03 15:30:18.717  6959  6976 D GeckoViewActivity: onHistogram name: GC_SLICE_MS, value: [J@da17fde
08-03 15:30:18.717  6959  6976 D GeckoViewActivity: onHistogram name: GC_MINOR_US, value: [J@66d45bf
08-03 15:30:18.717  6959  6976 D GeckoViewActivity: onHistogram name: CONTENT_FULL_PAINT_TIME, value: [J@881148c
08-03 15:30:18.717  6959  6976 D GeckoViewActivity: onHistogram name: WR_SCENEBUILD_TIME, value: [J@38097d5
08-03 15:30:18.717  6959  6976 D GeckoViewActivity: onHistogram name: WR_FRAMEBUILD_TIME, value: [J@fc1bbea
08-03 15:30:18.717  6959  6976 D GeckoViewActivity: onHistogram name: COMPOSITE_TIME, value: [J@dba7edb
08-03 15:30:18.717  6959  6976 D GeckoViewActivity: onHistogram name: WR_SCENESWAP_TIME, value: [J@370ed78
08-03 15:30:18.718  6959  6976 D GeckoViewActivity: onBooleanScalar name: gfx.headless, value: false
08-03 15:30:18.718  6959  6976 D GeckoViewActivity: onStringScalar name: gfx.feature.webrender, value: available
08-03 15:30:18.718  6959  6976 D GeckoViewActivity: onStringScalar name: gfx.adapter.driver_vendor, value: 
08-03 15:30:18.718  6959  6976 D GeckoViewActivity: onStringScalar name: gfx.last_compositor_gecko_version, value: 92.0a1
08-03 15:30:18.718  6959  6976 D GeckoViewActivity: onStringScalar name: gecko.build_id, value: 20210802101947
08-03 15:30:18.718  6959  6976 D GeckoViewActivity: onStringScalar name: gfx.compositor, value: webrender
08-03 15:30:18.718  6959  6976 D GeckoViewActivity: onStringScalar name: gfx.adapter.driver_version, value: OpenGL ES 3.0 (4.1 ATI-3.10.21)
08-03 15:30:18.718  6959  6976 D GeckoViewActivity: onStringScalar name: gfx.adapter.description, value: Model: Android SDK built for x86_64, Product: sdk_
08-03 15:30:18.718  6959  6976 D GeckoViewActivity: onStringScalar name: gfx.adapter.device_id, value: Android Emulator OpenGL ES Translator (AMD Radeon 
08-03 15:30:18.718  6959  6976 D GeckoViewActivity: onStringScalar name: gfx.adapter.driver_date, value: 
08-03 15:30:18.718  6959  6976 D GeckoViewActivity: onStringScalar name: gfx.adapter.subsystem_id, value: 
08-03 15:30:18.718  6959  6976 D GeckoViewActivity: onStringScalar name: gecko.version, value: 92.0a1
08-03 15:30:18.718  6959  6976 D GeckoViewActivity: onStringScalar name: gfx.adapter.driver_files, value: 
08-03 15:30:18.718  6959  6976 D GeckoViewActivity: onStringScalar name: gfx.adapter.vendor_id, value: Google (ATI Technologies Inc.)
08-03 15:30:18.718  6959  6976 D GeckoViewActivity: onLongScalar name: gfx.display.count, value: 1
08-03 15:30:18.718  6959  6976 D GeckoViewActivity: onLongScalar name: gfx.display.primary_height, value: 1280
08-03 15:30:18.718  6959  6976 D GeckoViewActivity: onLongScalar name: gfx.display.primary_width, value: 800
08-03 15:30:18.718  6959  6976 D GeckoViewActivity: onLongScalar name: gfx.adapter.ram, value: 0
08-03 15:30:20.689  6959  6976 E GeckoConsole: [JavaScript Error: "NS_ERROR_FILE_NOT_FOUND: " {file: "resource://gre/modules/SessionStoreFunctions.jsm" line: 120}]
08-03 15:30:20.689  6959  6976 E GeckoConsole: SSF_updateSessionStoreForWindow@resource://gre/modules/SessionStoreFunctions.jsm:120:5
08-03 15:30:20.689  6959  6976 E GeckoConsole: UpdateSessionStoreForStorage@resource://gre/modules/SessionStoreFunctions.jsm:54:35
08-03 15:30:20.804  6959  6976 E GeckoConsole: [JavaScript Error: "NS_ERROR_FILE_NOT_FOUND: " {file: "resource://gre/modules/SessionStoreFunctions.jsm" line: 120}]
08-03 15:30:20.804  6959  6976 E GeckoConsole: SSF_updateSessionStoreForWindow@resource://gre/modules/SessionStoreFunctions.jsm:120:5
08-03 15:30:20.804  6959  6976 E GeckoConsole: UpdateSessionStoreForStorage@resource://gre/modules/SessionStoreFunctions.jsm:54:35
08-03 15:30:23.168  6959  6976 D GeckoViewModule: dispatch GeckoView:SetFocused, data={"focused":false}
08-03 15:30:23.168  1733  1733 W InputMethodService: Window size has been changed. This may cause jankiness of resizing window: -1 -> -2
08-03 15:30:23.172  1733  1733 I LatinIME: Starting input. Cursor position = 0,11
08-03 15:30:23.176  6959  6976 D GeckoViewContent: onEvent: event=GeckoView:SetFocused, data={"focused":false}
08-03 15:30:23.214  1660  1722 D NotificationSQLiteLog: Pruned event entries: 0
08-03 15:30:23.236  1733  3308 D EGL_emulation: eglMakeCurrent: 0x7749b823b4a0: ver 3 0 (tinfo 0x7749b83860c0)
08-03 15:30:23.268  6959  7021 D EGL_emulation: eglMakeCurrent: 0xef685720: ver 3 0 (tinfo 0xef683410)
08-03 15:30:23.273  6959  7021 D EGL_emulation: eglMakeCurrent: 0xef685720: ver 3 0 (tinfo 0xef683410)
08-03 15:30:23.274  6959  7021 E eglCodecCommon: glUtilsParamSize: unknow param 0x00008caa
08-03 15:30:23.307  6959  6959 D GeckoViewActivity: onFirstComposite
08-03 15:30:23.316  6959  7021 E eglCodecCommon: glUtilsParamSize: unknow param 0x00008caa
08-03 15:30:23.354  6959  6977 D EGL_emulation: eglMakeCurrent: 0xdf721ce0: ver 3 0 (tinfo 0xe144fa70)
08-03 15:30:23.358  6959  6977 D EGL_emulation: eglMakeCurrent: 0xdf721ce0: ver 3 0 (tinfo 0xe144fa70)
08-03 15:30:23.392  6959  6977 D EGL_emulation: eglMakeCurrent: 0xdf721ce0: ver 3 0 (tinfo 0xe144fa70)
08-03 15:30:23.777  6959  6976 D GeckoViewActivity: onHistogram name: GC_MARK_ROOTS_US, value: [J@8f3d911
08-03 15:30:23.777  6959  6976 D GeckoViewActivity: onHistogram name: GC_MINOR_US, value: [J@1cca76
08-03 15:30:23.777  6959  6976 D GeckoViewActivity: onHistogram name: GC_MS, value: [J@f365877
08-03 15:30:23.777  6959  6976 D GeckoViewActivity: onHistogram name: WR_SCENEBUILD_TIME, value: [J@c221ce4
08-03 15:30:23.777  6959  6976 D GeckoViewActivity: onHistogram name: WR_FRAMEBUILD_TIME, value: [J@babf54d
08-03 15:30:23.777  6959  6976 D GeckoViewActivity: onHistogram name: COMPOSITE_TIME, value: [J@3831802
08-03 15:30:23.777  6959  6976 D GeckoViewActivity: onHistogram name: GC_SWEEP_MS, value: [J@3ae0513
08-03 15:30:23.777  6959  6976 D GeckoViewActivity: onHistogram name: GC_SLICE_MS, value: [J@6562350
08-03 15:30:23.777  6959  6976 D GeckoViewActivity: onHistogram name: GC_MARK_MS, value: [J@14f9949
08-03 15:30:23.777  6959  6976 D GeckoViewActivity: onHistogram name: GC_PREPARE_MS, value: [J@70eb24e
08-03 15:30:23.777  6959  6976 D GeckoViewActivity: onHistogram name: WR_SCENESWAP_TIME, value: [J@1e9df6f
08-03 15:30:24.278  6959  6959 W GeckoSession: No history entries found.
08-03 15:30:24.278  6959  6959 W GeckoSession: No history entries found.
08-03 15:30:24.278  6959  6959 D GeckoSession: handleMessage GeckoView:StateUpdated uri=null
08-03 15:30:24.563  1336  1360 W audio_hw_generic: Not supplying enough data to HAL, expected position 3983111 , only wrote 3983040
08-03 15:30:24.574  6959  6977 D EGL_emulation: eglMakeCurrent: 0xdf721ce0: ver 3 0 (tinfo 0xe144fa70)
08-03 15:30:24.586  6959  6977 D EGL_emulation: eglMakeCurrent: 0xdf721ce0: ver 3 0 (tinfo 0xe144fa70)
08-03 15:30:24.600  6959  6977 D EGL_emulation: eglMakeCurrent: 0xdf721ce0: ver 3 0 (tinfo 0xe144fa70)
08-03 15:30:24.603  6959  6977 D EGL_emulation: eglMakeCurrent: 0xdf721ce0: ver 3 0 (tinfo 0xe144fa70)
08-03 15:30:24.748  1660  1681 I WindowManager: Destroying surface Surface(name=PopupWindow:50b13cb) called by com.android.server.wm.WindowStateAnimator.destroySurface:2014 com.android.server.wm.WindowStateAnimator.destroySurfaceLocked:881 com.android.server.wm.WindowState.destroyOrSaveSurface:2073 com.android.server.wm.AppWindowToken.destroySurfaces:363 com.android.server.wm.WindowStateAnimator.finishExit:565 com.android.server.wm.WindowStateAnimator.stepAnimationLocked:491 com.android.server.wm.WindowAnimator.updateWindowsLocked:303 com.android.server.wm.WindowAnimator.animateLocked:704 
08-03 15:30:24.749  1660  1681 I WindowManager: Destroying surface Surface(name=PopupWindow:cb4ce9a) called by com.android.server.wm.WindowStateAnimator.destroySurface:2014 com.android.server.wm.WindowStateAnimator.destroySurfaceLocked:881 com.android.server.wm.WindowState.destroyOrSaveSurface:2073 com.android.server.wm.AppWindowToken.destroySurfaces:363 com.android.server.wm.WindowStateAnimator.finishExit:565 com.android.server.wm.WindowStateAnimator.stepAnimationLocked:491 com.android.server.wm.WindowAnimator.updateWindowsLocked:303 com.android.server.wm.WindowAnimator.animateLocked:704 
08-03 15:30:24.833  6959  6977 D EGL_emulation: eglMakeCurrent: 0xdf721ce0: ver 3 0 (tinfo 0xe144fa70)
08-03 15:30:24.834  6959  6977 D OpenGLRenderer: endAllActiveAnimators on 0xb560f500 (RippleDrawable) with handle 0xb5691120
08-03 15:30:24.835  1660  1880 I WindowManager: Destroying surface Surface(name=PopupWindow:f677d9b) called by com.android.server.wm.WindowStateAnimator.destroySurface:2014 com.android.server.wm.WindowStateAnimator.destroySurfaceLocked:881 com.android.server.wm.WindowState.removeLocked:1449 com.android.server.wm.WindowManagerService.removeWindowInnerLocked:2478 com.android.server.wm.WindowManagerService.removeWindowLocked:2436 com.android.server.wm.WindowManagerService.removeWindowLocked:2305 com.android.server.wm.WindowManagerService.removeWindow:2300 com.android.server.wm.Session.remove:193 
08-03 15:30:25.082  6959  6977 D EGL_emulation: eglMakeCurrent: 0xdf721ce0: ver 3 0 (tinfo 0xe144fa70)
08-03 15:30:25.509  6959  6959 D GeckoViewActivity: onLoadRequest=https://luke-chang.github.io/autofill-demo/basic_cc.html? triggerUri=null where=1 isRedirect=false isDirectNavigation=true
08-03 15:30:25.511  6959  6976 D GeckoViewModule: dispatch GeckoView:LoadUri, data={"uri":"https://luke-chang.github.io/autofill-demo/basic_cc.html?","flags":0,"headerFilter":1}
08-03 15:30:25.512  6959  6976 D GeckoViewNavigation: onEvent: event=GeckoView:LoadUri, data={"uri":"https://luke-chang.github.io/autofill-demo/basic_cc.html?","flags":0,"headerFilter":1}
08-03 15:30:25.514  1733  1733 I LatinIME: Starting input. Cursor position = 57,57
08-03 15:30:25.517  6959  6959 W IInputConnectionWrapper: getSelectedText on inactive InputConnection
08-03 15:30:25.517  6959  6959 W IInputConnectionWrapper: requestCursorAnchorInfo on inactive InputConnection
08-03 15:30:25.518  6959  6959 W IInputConnectionWrapper: getTextBeforeCursor on inactive InputConnection
08-03 15:30:25.519  1733  1733 E RichInputConnection: Unable to connect to the editor to retrieve text.
08-03 15:30:25.519  1733  1733 D RichInputConnection: Will try to retrieve text later.
08-03 15:30:25.519  6959  6959 W IInputConnectionWrapper: getTextBeforeCursor on inactive InputConnection
08-03 15:30:25.519  1733  1733 E RichInputConnection: Unable to connect to the editor to retrieve text.
08-03 15:30:25.519  1733  1733 W RichInputConnection: Unable to connect to the editor. Setting caps mode without knowing text.
08-03 15:30:25.520  6959  6959 W IInputConnectionWrapper: getTextBeforeCursor on inactive InputConnection
08-03 15:30:25.522  1733  1733 E RichInputConnection: Unable to connect to the editor to retrieve text.
08-03 15:30:25.522  1733  1733 W RichInputConnection: Unable to connect to the editor. Setting caps mode without knowing text.
08-03 15:30:25.524  6959  6959 W IInputConnectionWrapper: finishComposingText on inactive InputConnection
08-03 15:30:25.524  6959  6976 D GeckoViewModule: dispatch GeckoView:SetFocused, data={"focused":true}
08-03 15:30:25.524  6959  6976 D GeckoViewContent: onEvent: event=GeckoView:SetFocused, data={"focused":true}
08-03 15:30:25.525  1733  1733 I LatinIME: Starting input. Cursor position = -1,-1
08-03 15:30:25.528  1733  1733 I InputAttributes: InputType.TYPE_NULL is specified
08-03 15:30:25.530  6959  6976 D GeckoViewProgress: ProgressTracker onStateChange: isTopLevel=true, flags=0xf0001, status=NS_OK
08-03 15:30:25.530  6959  6976 D GeckoViewProgress: ProgressTracker onStateChange: uri=https://luke-chang.github.io/autofill-demo/basic_cc.html?
08-03 15:30:25.531  6959  6976 D GeckoViewProgress: ProgressTracker start https://luke-chang.github.io/autofill-demo/basic_cc.html?
08-03 15:30:25.531  6959  6976 D GeckoViewProgress: ProgressTracker updateProgress
08-03 15:30:25.535  6959  6976 D GeckoViewProgress: ProgressTracker updateProgress data={"prev":0,"uri":"https://luke-chang.github.io/autofill-demo/basic_cc.html?","locationChange":false,"pageStart":true,"pageStop":false,"firstPaint":false,"pageShow":false,"parsed":false} progress=15
08-03 15:30:25.536  6959  6959 D GeckoSession: handleMessage GeckoView:ProgressChanged uri=null
08-03 15:30:25.536  6959  6959 I GeckoViewActivity: onProgressChange 15
08-03 15:30:25.537  6959  6976 D GeckoViewProgress: StateTracker onStateChange: isTopLevel=true, flags=0xf0001, status=NS_OK loadType=1
08-03 15:30:25.549  6959  6959 D GeckoSession: handleMessage GeckoView:PageStart uri=https://luke-chang.github.io/autofill-demo/basic_cc.html?
08-03 15:30:25.549  6959  6959 I GeckoViewActivity: Starting to load page at https://luke-chang.github.io/autofill-demo/basic_cc.html?
08-03 15:30:25.549  6959  6959 I GeckoViewActivity: zerdatime 22009633 - page load start
08-03 15:30:25.584  6959  6976 D GeckoIdleService: Registering Idle observer callback
08-03 15:30:25.584  6959  6976 D GeckoIdleService: Register idle observer 0xb6cce800 for 180 seconds
08-03 15:30:25.584  6959  6976 D GeckoIdleService: Register: adjusting next switch from -1 to 180 seconds
08-03 15:30:25.584  6959  6976 D GeckoIdleService: next timeout 180000 msec from now
08-03 15:30:25.584  6959  6976 D GeckoIdleService: SetTimerExpiryIfBefore: next timeout 180000 msec from now
08-03 15:30:25.584  6959  6976 D GeckoIdleService: reset timer expiry to 180010 msec from now
08-03 15:30:25.797  6959  6959 I GeckoViewActivity: Visited URL: https://luke-chang.github.io/autofill-demo/basic_cc.html?
08-03 15:30:25.807  6989  7008 D GeckoViewSelectionActionDelegate[C]: handleEvent: visibilitychange
08-03 15:30:25.809  6989  7008 D GeckoViewAutoFill[C]: handleEvent: pagehide
08-03 15:30:25.810  6989  7008 D GeckoViewAutofill: Clearing auto-fill
08-03 15:30:25.816  6959  6976 D GeckoViewNavigation: onLocationChange
08-03 15:30:25.817  6959  6959 D GeckoSession: handleMessage GeckoView:LocationChange uri=https://luke-chang.github.io/autofill-demo/basic_cc.html?
08-03 15:30:25.818  6959  6976 D GeckoViewProgress: SecurityTracker onLocationChange: location=https://luke-chang.github.io/autofill-demo/basic_cc.html?, flags=0
08-03 15:30:25.818  6959  6976 D GeckoViewProgress: ProgressTracker onLocationChange: location=https://luke-chang.github.io/autofill-demo/basic_cc.html?, flags=0
08-03 15:30:25.820  6959  6976 D GeckoViewProgress: ProgressTracker changeLocation https://luke-chang.github.io/autofill-demo/basic_cc.html?
08-03 15:30:25.820  6959  6976 D GeckoViewProgress: onSecurityChange
08-03 15:30:25.821  6959  6976 D GeckoViewContentBlockingController: onEvent: event=ContentBlocking:CheckException, data={"sessionId":"b0497591a1b243459aae0ea5684e2f68"}
08-03 15:30:25.822  6959  6976 D GeckoViewContent: handleEvent: pagetitlechanged
08-03 15:30:25.832  6959  6959 D GeckoSession: handleMessage GeckoView:SecurityChanged uri=null
08-03 15:30:25.834  6959  6959 I GeckoViewActivity: Security status changed to 1
08-03 15:30:25.835  6959  6959 I GeckoViewActivity: Content title changed to Form Autofill Demo: Basic Credit Card @autocomplete
08-03 15:30:25.968  6989  7008 D GeckoViewContentDelegateChild[C]: handleEvent: DOMContentLoaded
08-03 15:30:25.970  6989  7008 D GeckoViewProgressDelegate[C]: handleEvent: DOMContentLoaded
08-03 15:30:25.972  6959  6976 D GeckoViewProgress: receiveMessage: DOMContentLoaded
08-03 15:30:25.972  6989  7008 D GeckoViewProgressDelegate[C]: handleEvent: pageshow
08-03 15:30:25.972  6959  6976 D GeckoViewProgress: ProgressTracker handleEvent: DOMContentLoaded
08-03 15:30:25.972  6959  6976 D GeckoViewProgress: ProgressTracker updateProgress
08-03 15:30:25.973  6959  6976 D GeckoViewProgress: ProgressTracker updateProgress data={"prev":15,"uri":"https://luke-chang.github.io/autofill-demo/basic_cc.html?","locationChange":true,"pageStart":true,"pageStop":false,"firstPaint":false,"pageShow":false,"parsed":true} progress=55
08-03 15:30:25.973  6959  6959 D GeckoSession: handleMessage GeckoView:ProgressChanged uri=null
08-03 15:30:25.973  6959  6959 I GeckoViewActivity: onProgressChange 55
08-03 15:30:25.973  6989  7008 D GeckoViewAutoFill[C]: handleEvent: pageshow
08-03 15:30:25.973  6959  6976 D GeckoViewProgress: receiveMessage: pageshow
08-03 15:30:25.973  6959  6976 D GeckoViewProgress: ProgressTracker handleEvent: pageshow
08-03 15:30:25.973  6959  6976 D GeckoViewProgress: ProgressTracker updateProgress
08-03 15:30:25.973  6959  6976 D GeckoViewProgress: ProgressTracker updateProgress data={"prev":55,"uri":"https://luke-chang.github.io/autofill-demo/basic_cc.html?","locationChange":true,"pageStart":true,"pageStop":false,"firstPaint":false,"pageShow":true,"parsed":true} progress=100
08-03 15:30:25.974  6989  7008 D GeckoViewContent[C]: handleEvent: pageshow
08-03 15:30:25.977  6959  6976 D GeckoViewProgress: ProgressTracker onStateChange: isTopLevel=true, flags=0xc0010, status=NS_OK
08-03 15:30:25.977  6959  6976 D GeckoViewProgress: ProgressTracker onStateChange: uri=https://luke-chang.github.io/autofill-demo/basic_cc.html?
08-03 15:30:25.977  6959  6976 D GeckoViewProgress: ProgressTracker stop
08-03 15:30:25.977  6959  6976 D GeckoViewProgress: ProgressTracker updateProgress
08-03 15:30:25.978  6959  6976 D GeckoViewProgress: StateTracker onStateChange: isTopLevel=true, flags=0xc0010, status=NS_OK loadType=1
08-03 15:30:25.982  6959  6959 D GeckoSession: handleMessage GeckoView:ProgressChanged uri=null
08-03 15:30:25.982  6959  6959 I GeckoViewActivity: onProgressChange 100
08-03 15:30:25.982  6959  6959 D GeckoSession: handleMessage GeckoView:PageStop uri=null
08-03 15:30:25.982  6959  6959 I GeckoViewActivity: Stopping page load successfully
08-03 15:30:25.982  6959  6959 I GeckoViewActivity: zerdatime 22010066 - page load stop
08-03 15:30:25.982  6959  6959 D GeckoViewActivity: Trackers blocked: 0 ads, 0 analytics, 0 social, 0 content, 0 test, 0stp
08-03 15:30:25.986  6989  7008 D GeckoViewContentDelegateChild[C]: handleEvent: MozFirstContentfulPaint
08-03 15:30:26.004  6959  7021 E eglCodecCommon: glUtilsParamSize: unknow param 0x00008caa
08-03 15:30:26.021  6959  7021 E eglCodecCommon: glUtilsParamSize: unknow param 0x00008741
08-03 15:30:26.056  6959  7021 E eglCodecCommon: glUtilsParamSize: unknow param 0x00008741
08-03 15:30:26.091  6959  7021 E eglCodecCommon: glUtilsParamSize: unknow param 0x00008741
08-03 15:30:26.121  6959  7021 E eglCodecCommon: glUtilsParamSize: unknow param 0x00008741
08-03 15:30:26.125  6959  7021 E eglCodecCommon: glUtilsParamSize: unknow param 0x00008741
08-03 15:30:26.132  6959  6959 D GeckoViewActivity: onFirstComposite
08-03 15:30:26.133  6989  7008 D GeckoViewProgressDelegate[C]: handleEvent: MozAfterPaint
08-03 15:30:26.133  6959  6976 D GeckoViewProgress: receiveMessage: MozAfterPaint
08-03 15:30:26.819  6959  6959 W GeckoSession: No history entries found.
08-03 15:30:26.820  6959  6959 I GeckoViewActivity: New Session state: {"scrolldata":{"zoom":{"resolution":0.40816327929496765,"displaySize":{"height":624,"width":800}}},"history":{"entries":[{"persist":true,"cacheKey":0,"ID":1,"url":"https:\/\/luke-chang.github.io\/autofill-demo\/basic_cc.html?","title":"Form Autofill Demo: Basic Credit Card @autocomplete","loadReplace":false,"docIdentifier":2147483649,"loadReplace2":true,"partitionedPrincipalToInherit_base64":"eyIwIjp7IjAiOiJtb3otbnVsbHByaW5jaXBhbDp7OWU2MTNiMGEtNzYxMi00YTk5LTlkNjYtYmEwYmU3ZTNmN2UwfT9odHRwczovL2x1a2UtY2hhbmcuZ2l0aHViLmlvIn19","triggeringPrincipal_base64":"eyIzIjp7fX0=","principalToInherit_base64":"eyIwIjp7IjAiOiJtb3otbnVsbHByaW5jaXBhbDp7OWU2MTNiMGEtNzYxMi00YTk5LTlkNjYtYmEwYmU3ZTNmN2UwfT9odHRwczovL2x1a2UtY2hhbmcuZ2l0aHViLmlvIn19","resultPrincipalURI":"https:\/\/luke-chang.github.io\/autofill-demo\/basic_cc.html?","hasUserInteraction":false,"originalURI":"https:\/\/luke-chang.github.io\/autofill-demo\/basic_cc.html?","docshellUUID":"{02a71228-3380-44a7-bb56-38268170c1c8}"}],"requestedIndex":0,"fromIdx":-1,"index":1}}
08-03 15:30:26.820  6959  6959 I GeckoViewActivity: History state updated
08-03 15:30:26.820  6959  6959 D GeckoSession: handleMessage GeckoView:StateUpdated uri=null
08-03 15:30:27.789  1336  1361 W audio_hw_generic: Not supplying enough data to HAL, expected position 4290732 , only wrote 4137840
08-03 15:30:32.500  6959  6976 D GeckoViewActivity: onHistogram name: CONTENT_FRAME_TIME, value: [J@9d5a4ac
08-03 15:30:32.500  6959  6976 D GeckoViewActivity: onHistogram name: CONTENT_FRAME_TIME_VSYNC, value: [J@12bb575
08-03 15:30:32.500  6959  6976 D GeckoViewActivity: onHistogram name: GC_MINOR_US, value: [J@e64190a
08-03 15:30:32.500  6959  6976 D GeckoViewActivity: onHistogram name: CONTENT_FRAME_TIME_WITHOUT_RESOURCE_UPLOAD, value: [J@7fbe57b
08-03 15:30:32.500  6959  6976 D GeckoViewActivity: onHistogram name: WR_SCENEBUILD_TIME, value: [J@e4e5f98
08-03 15:30:32.500  6959  6976 D GeckoViewActivity: onHistogram name: CONTENT_FULL_PAINT_TIME, value: [J@f33f1
08-03 15:30:32.500  6959  6976 D GeckoViewActivity: onHistogram name: GV_PAGE_LOAD_MS, value: [J@5b2bbd6
08-03 15:30:32.500  6959  6976 D GeckoViewActivity: onHistogram name: WR_SCENESWAP_TIME, value: [J@fd95e57
08-03 15:30:32.500  6959  6976 D GeckoViewActivity: onHistogram name: COMPOSITE_TIME, value: [J@895dd44
08-03 15:30:32.500  6959  6976 D GeckoViewActivity: onHistogram name: CONTENT_FRAME_TIME_WITHOUT_UPLOAD, value: [J@7d21e2d
08-03 15:30:32.500  6959  6976 D GeckoViewActivity: onHistogram name: WR_FRAMEBUILD_TIME, value: [J@d76bf62
08-03 15:30:32.500  6959  6976 D GeckoViewActivity: onHistogram name: GV_PAGE_LOAD_PROGRESS_MS, value: [J@1ab88f3
08-03 15:30:32.501  6959  6976 D GeckoViewActivity: onHistogram name: CONTENT_FRAME_TIME_REASON, value: [J@8b589b0
08-03 15:30:32.501  6959  7021 E eglCodecCommon: glUtilsParamSize: unknow param 0x00008caa
08-03 15:30:32.506  6989  7008 D GeckoViewProgressDelegate[C]: handleEvent: MozAfterPaint
08-03 15:30:32.507  6959  6976 D GeckoViewProgress: receiveMessage: MozAfterPaint
08-03 15:30:32.599  6959  7021 E eglCodecCommon: glUtilsParamSize: unknow param 0x00008caa
08-03 15:30:32.604  6989  7008 D GeckoViewProgressDelegate[C]: handleEvent: MozAfterPaint
08-03 15:30:32.606  6959  6976 D GeckoViewProgress: receiveMessage: MozAfterPaint
08-03 15:30:32.814  6989  7008 D GeckoViewAutoFill[C]: handleEvent: focusin
08-03 15:30:32.815  6989  7008 D GeckoViewAutofill: Auto-fill focus on INPUT
08-03 15:30:32.817  6959  6976 D GeckoViewModule: dispatch GeckoView:ZoomToInput, data={"force":false}
08-03 15:30:32.817  6959  6976 D GeckoViewContent: onEvent: event=GeckoView:ZoomToInput, data={"force":false}
08-03 15:30:32.817  6989  7008 D GeckoViewPrompt[C]: handleEvent: click
08-03 15:30:32.825  6959  6976 D GeckoViewModule: dispatch GeckoView:ZoomToInput, data={"force":true}
08-03 15:30:32.825  6959  6976 D GeckoViewContent: onEvent: event=GeckoView:ZoomToInput, data={"force":true}
08-03 15:30:32.827  6959  6976 D GeckoViewModule: dispatch GeckoView:ZoomToInput, data={"force":true}
08-03 15:30:32.827  6959  6976 D GeckoViewContent: onEvent: event=GeckoView:ZoomToInput, data={"force":true}
08-03 15:30:32.827  6959  7021 E eglCodecCommon: glUtilsParamSize: unknow param 0x00008caa
08-03 15:30:32.830  1733  1733 I LatinIME: Starting input. Cursor position = 0,0
08-03 15:30:32.845  6959  7021 E eglCodecCommon: glUtilsParamSize: unknow param 0x00008741
08-03 15:30:32.850  6959  6976 D GeckoViewAutocomplete: fetchCreditCards
08-03 15:30:32.862  6989  7008 D GeckoViewSelectionActionDelegate[C]: handleEvent: visibilitychange
08-03 15:30:32.865  6959  7021 E eglCodecCommon: glUtilsParamSize: unknow param 0x00008caa
08-03 15:30:32.867  6989  7008 D GeckoViewContent[C]: handleEvent: mozcaretstatechanged
08-03 15:30:32.871  6989  7008 D GeckoViewProgressDelegate[C]: handleEvent: MozAfterPaint
08-03 15:30:32.873  6989  7008 D GeckoViewContent[C]: receiveMessage: GeckoView:ZoomToInput
08-03 15:30:32.873  6959  6976 D GeckoViewProgress: receiveMessage: MozAfterPaint
08-03 15:30:32.873  6989  7008 D GeckoViewContent[C]: receiveMessage: GeckoView:ZoomToInput
08-03 15:30:32.873  6989  7008 D GeckoViewContent[C]: receiveMessage: GeckoView:ZoomToInput
08-03 15:30:32.876  6989  7008 D GeckoViewProgressDelegate[C]: handleEvent: MozAfterPaint
08-03 15:30:32.877  6959  6976 D GeckoViewProgress: receiveMessage: MozAfterPaint
08-03 15:30:32.879  6959  6962 I art     : Do partial code cache collection, code=29KB, data=29KB
08-03 15:30:32.879  6959  6962 I art     : After code cache collection, code=28KB, data=29KB
08-03 15:30:32.879  6959  6962 I art     : Increasing code cache capacity to 128KB
08-03 15:30:32.885  6959  7021 D EGL_emulation: eglMakeCurrent: 0xef685720: ver 3 0 (tinfo 0xef683410)
08-03 15:30:32.890  6959  7021 D EGL_emulation: eglMakeCurrent: 0xef685720: ver 3 0 (tinfo 0xef683410)
08-03 15:30:32.891  6959  7021 E eglCodecCommon: glUtilsParamSize: unknow param 0x00008caa
08-03 15:30:32.896  6959  6976 D GeckoViewAutocomplete: fetchAddresses
08-03 15:30:32.899  6959  6976 D GeckoViewAutocomplete: fetchAddresses
08-03 15:30:32.900  6959  6959 D GeckoViewActivity: onFirstComposite
08-03 15:30:32.900  6959  6976 D GeckoViewAutocomplete: fetchAddresses
08-03 15:30:32.900  6959  7021 E eglCodecCommon: glUtilsParamSize: unknow param 0x00008caa
08-03 15:30:32.902  6959  6976 D GeckoViewAutocomplete: fetchCreditCards
08-03 15:30:32.903  6959  6976 D GeckoViewAutocomplete: fetchCreditCards
08-03 15:30:32.910  6989  7008 D GeckoViewProgressDelegate[C]: handleEvent: MozAfterPaint
08-03 15:30:32.911  6959  6976 D GeckoViewProgress: receiveMessage: MozAfterPaint
08-03 15:30:32.917  6959  7021 E eglCodecCommon: glUtilsParamSize: unknow param 0x00008caa
08-03 15:30:32.923  6989  7008 D GeckoViewProgressDelegate[C]: handleEvent: MozAfterPaint
08-03 15:30:32.924  6989  7008 D GeckoViewProgressDelegate[C]: handleEvent: MozAfterPaint
08-03 15:30:32.924  6959  6976 D GeckoViewProgress: receiveMessage: MozAfterPaint
08-03 15:30:32.925  6959  6976 D GeckoViewProgress: receiveMessage: MozAfterPaint
08-03 15:30:32.954  6959  7021 E eglCodecCommon: glUtilsParamSize: unknow param 0x00008caa
08-03 15:30:32.967  6959  7021 E eglCodecCommon: glUtilsParamSize: unknow param 0x00008741
08-03 15:30:32.989  6959  7021 E eglCodecCommon: glUtilsParamSize: unknow param 0x00008741
08-03 15:30:33.007  6959  7021 E eglCodecCommon: glUtilsParamSize: unknow param 0x00008caa
08-03 15:30:33.008  6989  7008 D GeckoViewProgressDelegate[C]: handleEvent: MozAfterPaint
08-03 15:30:33.009  6959  6976 D GeckoViewProgress: receiveMessage: MozAfterPaint
08-03 15:30:33.015  6959  7021 E eglCodecCommon: glUtilsParamSize: unknow param 0x00008caa
08-03 15:30:33.017  6989  7008 D GeckoViewProgressDelegate[C]: handleEvent: MozAfterPaint
08-03 15:30:33.018  6959  6976 D GeckoViewProgress: receiveMessage: MozAfterPaint
08-03 15:30:33.033  6959  7021 E eglCodecCommon: glUtilsParamSize: unknow param 0x00008caa
08-03 15:30:33.050  6959  7021 E eglCodecCommon: glUtilsParamSize: unknow param 0x00008caa
08-03 15:30:33.051  6989  7008 D GeckoViewProgressDelegate[C]: handleEvent: MozAfterPaint
08-03 15:30:33.052  6959  6976 D GeckoViewProgress: receiveMessage: MozAfterPaint
08-03 15:30:33.067  6959  7021 E eglCodecCommon: glUtilsParamSize: unknow param 0x00008caa
08-03 15:30:33.069  6989  7008 D GeckoViewProgressDelegate[C]: handleEvent: MozAfterPaint
08-03 15:30:33.070  6959  6976 D GeckoViewProgress: receiveMessage: MozAfterPaint
08-03 15:30:33.083  6959  7021 E eglCodecCommon: glUtilsParamSize: unknow param 0x00008caa
08-03 15:30:33.099  6959  7021 E eglCodecCommon: glUtilsParamSize: unknow param 0x00008caa
08-03 15:30:33.100  6989  7008 D GeckoViewProgressDelegate[C]: handleEvent: MozAfterPaint
08-03 15:30:33.102  6959  6976 D GeckoViewProgress: receiveMessage: MozAfterPaint
08-03 15:30:33.116  6959  7021 E eglCodecCommon: glUtilsParamSize: unknow param 0x00008caa
08-03 15:30:33.120  6989  7008 D GeckoViewProgressDelegate[C]: handleEvent: MozAfterPaint
08-03 15:30:33.121  6959  6976 D GeckoViewProgress: receiveMessage: MozAfterPaint
08-03 15:30:33.134  6959  7021 E eglCodecCommon: glUtilsParamSize: unknow param 0x00008caa
08-03 15:30:33.149  6989  7008 D GeckoViewProgressDelegate[C]: handleEvent: MozAfterPaint
08-03 15:30:33.150  6959  7021 E eglCodecCommon: glUtilsParamSize: unknow param 0x00008caa
08-03 15:30:33.150  6959  6976 D GeckoViewProgress: receiveMessage: MozAfterPaint
08-03 15:30:33.168  6989  7008 D GeckoViewProgressDelegate[C]: handleEvent: MozAfterPaint
08-03 15:30:33.169  6959  6976 D GeckoViewProgress: receiveMessage: MozAfterPaint
08-03 15:30:33.174  6959  7021 E eglCodecCommon: glUtilsParamSize: unknow param 0x00008caa
08-03 15:30:33.188  6959  7021 E eglCodecCommon: glUtilsParamSize: unknow param 0x00008caa
08-03 15:30:33.199  6959  7021 E eglCodecCommon: glUtilsParamSize: unknow param 0x00008caa
08-03 15:30:33.200  6989  7008 D GeckoViewProgressDelegate[C]: handleEvent: MozAfterPaint
08-03 15:30:33.202  6959  6976 D GeckoViewProgress: receiveMessage: MozAfterPaint
08-03 15:30:33.218  6989  7008 D GeckoViewProgressDelegate[C]: handleEvent: MozAfterPaint
08-03 15:30:33.219  6959  6976 D GeckoViewProgress: receiveMessage: MozAfterPaint
08-03 15:30:33.316  6959  7021 E eglCodecCommon: glUtilsParamSize: unknow param 0x00008caa
08-03 15:30:33.324  6989  7008 D GeckoViewProgressDelegate[C]: handleEvent: MozAfterPaint
08-03 15:30:33.325  6959  6976 D GeckoViewProgress: receiveMessage: MozAfterPaint
08-03 15:30:33.333  6959  7021 E eglCodecCommon: glUtilsParamSize: unknow param 0x00008caa
08-03 15:30:33.339  6989  7008 D GeckoViewProgressDelegate[C]: handleEvent: MozAfterPaint
08-03 15:30:33.340  6959  6976 D GeckoViewProgress: receiveMessage: MozAfterPaint
08-03 15:30:33.483  6959  7021 E eglCodecCommon: glUtilsParamSize: unknow param 0x00008caa
08-03 15:30:33.489  6989  7008 D GeckoViewProgressDelegate[C]: handleEvent: MozAfterPaint
08-03 15:30:33.490  6959  6976 D GeckoViewProgress: receiveMessage: MozAfterPaint
08-03 15:30:33.634  6959  7021 E eglCodecCommon: glUtilsParamSize: unknow param 0x00008caa
08-03 15:30:33.639  6989  7008 D GeckoViewProgressDelegate[C]: handleEvent: MozAfterPaint
08-03 15:30:33.640  6989  7008 D GeckoViewProgressDelegate[C]: handleEvent: MozAfterPaint
08-03 15:30:33.640  6959  6976 D GeckoViewProgress: receiveMessage: MozAfterPaint
08-03 15:30:33.641  6959  6976 D GeckoViewProgress: receiveMessage: MozAfterPaint
08-03 15:30:33.798  6959  7021 E eglCodecCommon: glUtilsParamSize: unknow param 0x00008caa
08-03 15:30:33.803  6989  7008 D GeckoViewProgressDelegate[C]: handleEvent: MozAfterPaint
08-03 15:30:33.804  6959  6976 D GeckoViewProgress: receiveMessage: MozAfterPaint
08-03 15:30:33.816  6959  7021 E eglCodecCommon: glUtilsParamSize: unknow param 0x00008caa
08-03 15:30:33.822  6989  7008 D GeckoViewProgressDelegate[C]: handleEvent: MozAfterPaint
08-03 15:30:33.823  6959  6976 D GeckoViewProgress: receiveMessage: MozAfterPaint
08-03 15:30:33.902  6959  6959 I GeckoViewActivity: New Session state: {"scrolldata":{"scroll":"117,0","zoom":{"resolution":1,"displaySize":{"height":544,"width":800}}},"formdata":{"url":"https:\/\/luke-chang.github.io\/autofill-demo\/basic_cc.html?","xpath":{"\/xhtml:html\/xhtml:body\/xhtml:form\/xhtml:label\/xhtml:input":"aaaa"}},"history":{"entries":[{"persist":true,"cacheKey":0,"ID":1,"url":"https:\/\/luke-chang.github.io\/autofill-demo\/basic_cc.html?","title":"Form Autofill Demo: Basic Credit Card @autocomplete","loadReplace":false,"docIdentifier":2147483649,"loadReplace2":true,"partitionedPrincipalToInherit_base64":"eyIwIjp7IjAiOiJtb3otbnVsbHByaW5jaXBhbDp7OWU2MTNiMGEtNzYxMi00YTk5LTlkNjYtYmEwYmU3ZTNmN2UwfT9odHRwczovL2x1a2UtY2hhbmcuZ2l0aHViLmlvIn19","triggeringPrincipal_base64":"eyIzIjp7fX0=","principalToInherit_base64":"eyIwIjp7IjAiOiJtb3otbnVsbHByaW5jaXBhbDp7OWU2MTNiMGEtNzYxMi00YTk5LTlkNjYtYmEwYmU3ZTNmN2UwfT9odHRwczovL2x1a2UtY2hhbmcuZ2l0aHViLmlvIn19","resultPrincipalURI":"https:\/\/luke-chang.github.io\/autofill-demo\/basic_cc.html?","hasUserInteraction":false,"originalURI":"https:\/\/luke-chang.github.io\/autofill-demo\/basic_cc.html?","docshellUUID":"{02a71228-3380-44a7-bb56-38268170c1c8}"}],"requestedIndex":0,"fromIdx":-1,"index":1}}
08-03 15:30:33.902  6959  6959 D GeckoSession: handleMessage GeckoView:StateUpdated uri=null
08-03 15:30:34.316  6959  7021 E eglCodecCommon: glUtilsParamSize: unknow param 0x00008caa
08-03 15:30:34.321  6989  7008 D GeckoViewProgressDelegate[C]: handleEvent: MozAfterPaint
08-03 15:30:34.322  6959  6976 D GeckoViewProgress: receiveMessage: MozAfterPaint
08-03 15:30:34.551  6959  7021 E eglCodecCommon: glUtilsParamSize: unknow param 0x00008caa
08-03 15:30:34.555  6989  7008 D GeckoViewProgressDelegate[C]: handleEvent: MozAfterPaint
08-03 15:30:34.556  6959  6976 D GeckoViewProgress: receiveMessage: MozAfterPaint
08-03 15:30:34.818  6959  7021 E eglCodecCommon: glUtilsParamSize: unknow param 0x00008caa
08-03 15:30:34.825  6989  7008 D GeckoViewProgressDelegate[C]: handleEvent: MozAfterPaint
08-03 15:30:34.825  6959  6976 D GeckoViewProgress: receiveMessage: MozAfterPaint
08-03 15:30:34.846  6989  7008 D GeckoViewAutoFill[C]: handleEvent: focusout
08-03 15:30:34.847  6989  7008 D GeckoViewAutofill: Auto-fill focus on null
08-03 15:30:34.849  6989  7008 D GeckoViewAutoFill[C]: handleEvent: focusin
08-03 15:30:34.849  6989  7008 D GeckoViewAutofill: Auto-fill focus on INPUT
08-03 15:30:34.850  6989  7008 D GeckoViewPrompt[C]: handleEvent: click
08-03 15:30:34.851  6959  6976 D GeckoViewModule: dispatch GeckoView:ZoomToInput, data={"force":false}
08-03 15:30:34.851  6959  6976 D GeckoViewContent: onEvent: event=GeckoView:ZoomToInput, data={"force":false}
08-03 15:30:34.854  6959  6976 D GeckoViewModule: dispatch GeckoView:ZoomToInput, data={"force":true}
08-03 15:30:34.854  6959  6976 D GeckoViewContent: onEvent: event=GeckoView:ZoomToInput, data={"force":true}
08-03 15:30:34.855  6959  6976 D GeckoViewAutocomplete: fetchAddresses
08-03 15:30:34.855  6959  6976 D GeckoViewModule: dispatch GeckoView:ZoomToInput, data={"force":true}
08-03 15:30:34.855  6959  6976 D GeckoViewContent: onEvent: event=GeckoView:ZoomToInput, data={"force":true}
08-03 15:30:34.855  6989  7008 D GeckoViewSelectionActionDelegate[C]: handleEvent: visibilitychange
08-03 15:30:34.855  6989  7008 D GeckoViewContent[C]: handleEvent: mozcaretstatechanged
08-03 15:30:34.856  6989  7008 D GeckoViewContent[C]: receiveMessage: GeckoView:ZoomToInput
08-03 15:30:34.856  6989  7008 D GeckoViewContent[C]: receiveMessage: GeckoView:ZoomToInput
08-03 15:30:34.857  6959  6959 W IInputConnectionWrapper: getTextBeforeCursor on inactive InputConnection
08-03 15:30:34.858  1733  1733 E RichInputConnection: Unable to connect to the editor to retrieve text.
08-03 15:30:34.858  1733  1733 D RichInputConnection: Will try to retrieve text later.
08-03 15:30:34.858  6959  6959 W IInputConnectionWrapper: getTextBeforeCursor on inactive InputConnection
08-03 15:30:34.858  1733  1733 E RichInputConnection: Unable to connect to the editor to retrieve text.
08-03 15:30:34.858  1733  1733 W RichInputConnection: Unable to connect to the editor. Setting caps mode without knowing text.
08-03 15:30:34.861  1733  1733 I LatinIME: Starting input. Cursor position = 0,0
08-03 15:30:34.861  6989  7008 D GeckoViewContent[C]: receiveMessage: GeckoView:ZoomToInput
08-03 15:30:34.861  6959  6976 D GeckoViewAutocomplete: fetchCreditCards
08-03 15:30:34.862  6959  6959 W IInputConnectionWrapper: getTextBeforeCursor on inactive InputConnection
08-03 15:30:34.863  6959  6976 D GeckoViewModule: dispatch GeckoView:ZoomToInput, data={"force":true}
08-03 15:30:34.863  6959  6959 W IInputConnectionWrapper: getSelectedText on inactive InputConnection
08-03 15:30:34.864  6959  6976 D GeckoViewContent: onEvent: event=GeckoView:ZoomToInput, data={"force":true}
08-03 15:30:34.864  6959  6959 W IInputConnectionWrapper: requestCursorAnchorInfo on inactive InputConnection
08-03 15:30:34.864  6959  6959 W IInputConnectionWrapper: getTextBeforeCursor on inactive InputConnection
08-03 15:30:34.864  1733  1733 E RichInputConnection: Unable to connect to the editor to retrieve text.
08-03 15:30:34.864  1733  1733 D RichInputConnection: Will try to retrieve text later.
08-03 15:30:34.865  6959  6959 W IInputConnectionWrapper: getTextBeforeCursor on inactive InputConnection
08-03 15:30:34.866  6959  7021 E eglCodecCommon: glUtilsParamSize: unknow param 0x00008caa
08-03 15:30:34.867  1733  1733 E RichInputConnection: Unable to connect to the editor to retrieve text.
08-03 15:30:34.867  1733  1733 W RichInputConnection: Unable to connect to the editor. Setting caps mode without knowing text.
08-03 15:30:34.867  6989  7008 D GeckoViewContent[C]: receiveMessage: GeckoView:ZoomToInput
08-03 15:30:34.868  6959  6959 W IInputConnectionWrapper: getTextBeforeCursor on inactive InputConnection
08-03 15:30:34.868  1733  1733 E RichInputConnection: Unable to connect to the editor to retrieve text.
08-03 15:30:34.868  1733  1733 W RichInputConnection: Unable to connect to the editor. Setting caps mode without knowing text.
08-03 15:30:34.873  1733  1733 I LatinIME: Starting input. Cursor position = 0,0
08-03 15:30:34.876  6989  7008 D GeckoViewProgressDelegate[C]: handleEvent: MozAfterPaint
08-03 15:30:34.877  6959  6976 D GeckoViewProgress: receiveMessage: MozAfterPaint
08-03 15:30:35.174  6959  7021 E eglCodecCommon: glUtilsParamSize: unknow param 0x00008caa
08-03 15:30:35.178  6989  7008 D GeckoViewProgressDelegate[C]: handleEvent: MozAfterPaint
08-03 15:30:35.179  6959  6976 D GeckoViewProgress: receiveMessage: MozAfterPaint
08-03 15:30:35.367  6959  7021 E eglCodecCommon: glUtilsParamSize: unknow param 0x00008caa
08-03 15:30:35.371  6989  7008 D GeckoViewProgressDelegate[C]: handleEvent: MozAfterPaint
08-03 15:30:35.372  6989  7008 D GeckoViewProgressDelegate[C]: handleEvent: MozAfterPaint
08-03 15:30:35.372  6959  6976 D GeckoViewProgress: receiveMessage: MozAfterPaint
08-03 15:30:35.373  6959  6976 D GeckoViewProgress: receiveMessage: MozAfterPaint
08-03 15:30:35.375  6989  7008 D GeckoViewProgressDelegate[C]: handleEvent: MozAfterPaint
08-03 15:30:35.375  6959  6976 D GeckoViewProgress: receiveMessage: MozAfterPaint
08-03 15:30:35.382  6959  7021 E eglCodecCommon: glUtilsParamSize: unknow param 0x00008caa
08-03 15:30:35.399  6959  7021 E eglCodecCommon: glUtilsParamSize: unknow param 0x00008caa
08-03 15:30:35.405  6989  7008 D GeckoViewProgressDelegate[C]: handleEvent: MozAfterPaint
08-03 15:30:35.405  6959  6976 D GeckoViewProgress: receiveMessage: MozAfterPaint
08-03 15:30:35.508  6959  7021 E eglCodecCommon: glUtilsParamSize: unknow param 0x00008caa
08-03 15:30:35.515  6989  7008 D GeckoViewProgressDelegate[C]: handleEvent: MozAfterPaint
08-03 15:30:35.516  6959  6976 D GeckoViewProgress: receiveMessage: MozAfterPaint
08-03 15:30:35.617  6959  7021 E eglCodecCommon: glUtilsParamSize: unknow param 0x00008caa
08-03 15:30:35.854  6959  7021 E eglCodecCommon: glUtilsParamSize: unknow param 0x00008caa
08-03 15:30:35.859  6989  7008 D GeckoViewProgressDelegate[C]: handleEvent: MozAfterPaint
08-03 15:30:35.859  6959  6976 D GeckoViewProgress: receiveMessage: MozAfterPaint
08-03 15:30:36.072  6959  7021 E eglCodecCommon: glUtilsParamSize: unknow param 0x00008caa
08-03 15:30:36.076  6989  7008 D GeckoViewProgressDelegate[C]: handleEvent: MozAfterPaint
08-03 15:30:36.077  6959  6976 D GeckoViewProgress: receiveMessage: MozAfterPaint
08-03 15:30:36.174  6959  6959 I GeckoViewActivity: New Session state: {"scrolldata":{"scroll":"117,0","zoom":{"resolution":1,"displaySize":{"height":544,"width":800}}},"formdata":{"url":"https:\/\/luke-chang.github.io\/autofill-demo\/basic_cc.html?","xpath":{"\/xhtml:html\/xhtml:body\/xhtml:form\/xhtml:label\/xhtml:input":"aaaa"}},"history":{"entries":[{"persist":true,"cacheKey":0,"ID":1,"url":"https:\/\/luke-chang.github.io\/autofill-demo\/basic_cc.html?","title":"Form Autofill Demo: Basic Credit Card @autocomplete","loadReplace":false,"docIdentifier":2147483649,"loadReplace2":true,"partitionedPrincipalToInherit_base64":"eyIwIjp7IjAiOiJtb3otbnVsbHByaW5jaXBhbDp7OWU2MTNiMGEtNzYxMi00YTk5LTlkNjYtYmEwYmU3ZTNmN2UwfT9odHRwczovL2x1a2UtY2hhbmcuZ2l0aHViLmlvIn19","triggeringPrincipal_base64":"eyIzIjp7fX0=","principalToInherit_base64":"eyIwIjp7IjAiOiJtb3otbnVsbHByaW5jaXBhbDp7OWU2MTNiMGEtNzYxMi00YTk5LTlkNjYtYmEwYmU3ZTNmN2UwfT9odHRwczovL2x1a2UtY2hhbmcuZ2l0aHViLmlvIn19","resultPrincipalURI":"https:\/\/luke-chang.github.io\/autofill-demo\/basic_cc.html?","hasUserInteraction":false,"originalURI":"https:\/\/luke-chang.github.io\/autofill-demo\/basic_cc.html?","docshellUUID":"{02a71228-3380-44a7-bb56-38268170c1c8}"}],"requestedIndex":0,"fromIdx":-1,"index":1}}
08-03 15:30:36.174  6959  6959 D GeckoSession: handleMessage GeckoView:StateUpdated uri=null
08-03 15:30:36.192  6989  7008 D GeckoViewPrompt[C]: handleEvent: click
08-03 15:30:36.192  6959  6976 D GeckoViewModule: dispatch GeckoView:ZoomToInput, data={"force":false}
08-03 15:30:36.192  6959  6976 D GeckoViewContent: onEvent: event=GeckoView:ZoomToInput, data={"force":false}
08-03 15:30:36.195  6989  7008 D GeckoViewSelectionActionDelegate[C]: handleEvent: visibilitychange
08-03 15:30:36.195  6989  7008 D GeckoViewContent[C]: handleEvent: mozcaretstatechanged
08-03 15:30:36.195  6989  7008 D GeckoViewSelectionActionDelegate[C]: handleEvent: visibilitychange
08-03 15:30:36.195  6989  7008 D GeckoViewContent[C]: handleEvent: mozcaretstatechanged
08-03 15:30:36.196  6989  7008 D GeckoViewContent[C]: receiveMessage: GeckoView:ZoomToInput
08-03 15:30:36.199  6959  7021 E eglCodecCommon: glUtilsParamSize: unknow param 0x00008caa
08-03 15:30:36.206  6989  7008 D GeckoViewProgressDelegate[C]: handleEvent: MozAfterPaint
08-03 15:30:36.207  6959  6976 D GeckoViewProgress: receiveMessage: MozAfterPaint
08-03 15:30:36.217  6959  7021 E eglCodecCommon: glUtilsParamSize: unknow param 0x00008caa
08-03 15:30:36.223  6989  7008 D GeckoViewProgressDelegate[C]: handleEvent: MozAfterPaint
08-03 15:30:36.223  6959  6976 D GeckoViewProgress: receiveMessage: MozAfterPaint
08-03 15:30:36.233  6959  7021 E eglCodecCommon: glUtilsParamSize: unknow param 0x00008caa
08-03 15:30:36.238  6989  7008 D GeckoViewProgressDelegate[C]: handleEvent: MozAfterPaint
08-03 15:30:36.239  6959  6976 D GeckoViewProgress: receiveMessage: MozAfterPaint
08-03 15:30:36.365  6959  7021 E eglCodecCommon: glUtilsParamSize: unknow param 0x00008caa
08-03 15:30:36.369  6989  7008 D GeckoViewProgressDelegate[C]: handleEvent: MozAfterPaint
08-03 15:30:36.370  6959  6976 D GeckoViewProgress: receiveMessage: MozAfterPaint
08-03 15:30:36.770  6989  7008 D GeckoViewSelectionActionDelegate[C]: handleEvent: visibilitychange
08-03 15:30:36.771  6989  7008 D GeckoViewContent[C]: handleEvent: mozcaretstatechanged
08-03 15:30:36.771  6989  7008 E Web Content: [JavaScript Error: "TypeError: can't access property "sendRequest", this.eventDispatcher is undefined" {file: "resource:///actors/GeckoViewContentChild.jsm" line: 291}]
08-03 15:30:36.771  6989  7008 E Web Content: handleEvent@resource:///actors/GeckoViewContentChild.jsm:291:11
08-03 15:30:36.823  6989  7008 D GeckoViewSelectionActionDelegate[C]: handleEvent: visibilitychange
08-03 15:30:36.823  6989  7008 D GeckoViewContent[C]: handleEvent: mozcaretstatechanged
08-03 15:30:36.823  6989  7008 E Web Content: [JavaScript Error: "TypeError: can't access property "sendRequest", this.eventDispatcher is undefined" {file: "resource:///actors/GeckoViewContentChild.jsm" line: 291}]
08-03 15:30:36.823  6989  7008 E Web Content: handleEvent@resource:///actors/GeckoViewContentChild.jsm:291:11
08-03 15:30:36.824  6959  7021 E eglCodecCommon: glUtilsParamSize: unknow param 0x00008caa
08-03 15:30:36.824  6989  7008 D GeckoViewSelectionActionDelegate[C]: handleEvent: taponcaret
08-03 15:30:36.828  6989  7008 D GeckoViewContent[C]: handleEvent: mozcaretstatechanged
08-03 15:30:36.829  6989  7008 D GeckoViewProgressDelegate[C]: handleEvent: MozAfterPaint
08-03 15:30:36.830  6959  6976 D GeckoViewProgress: receiveMessage: MozAfterPaint
08-03 15:30:36.867  6959  7021 E eglCodecCommon: glUtilsParamSize: unknow param 0x00008caa
08-03 15:30:36.872  6989  7008 D GeckoViewProgressDelegate[C]: handleEvent: MozAfterPaint
08-03 15:30:36.873  6959  6976 D GeckoViewProgress: receiveMessage: MozAfterPaint
08-03 15:30:36.924  6959  6977 D EGL_emulation: eglMakeCurrent: 0xdf721ce0: ver 3 0 (tinfo 0xe144fa70)
08-03 15:30:36.925  6989  7008 D GeckoViewSelectionActionDelegate[C]: handleEvent: presscaret
08-03 15:30:36.925  6989  7008 D GeckoViewContent[C]: handleEvent: mozcaretstatechanged
08-03 15:30:36.925  6989  7008 E Web Content: [JavaScript Error: "TypeError: can't access property "sendRequest", this.eventDispatcher is undefined" {file: "resource:///actors/GeckoViewContentChild.jsm" line: 291}]
08-03 15:30:36.925  6989  7008 E Web Content: handleEvent@resource:///actors/GeckoViewContentChild.jsm:291:11
08-03 15:30:37.008  6989  7008 D GeckoViewSelectionActionDelegate[C]: handleEvent: visibilitychange
08-03 15:30:37.009  6989  7008 D GeckoViewContent[C]: handleEvent: mozcaretstatechanged
08-03 15:30:37.009  6989  7008 E Web Content: [JavaScript Error: "TypeError: can't access property "sendRequest", this.eventDispatcher is undefined" {file: "resource:///actors/GeckoViewContentChild.jsm" line: 291}]
08-03 15:30:37.009  6989  7008 E Web Content: handleEvent@resource:///actors/GeckoViewContentChild.jsm:291:11
08-03 15:30:37.009  6989  7008 D GeckoViewSelectionActionDelegate[C]: handleEvent: taponcaret
08-03 15:30:37.011  6989  7008 D GeckoViewContent[C]: handleEvent: mozcaretstatechanged
08-03 15:30:37.106  6959  6977 D EGL_emulation: eglMakeCurrent: 0xdf721ce0: ver 3 0 (tinfo 0xe144fa70)
08-03 15:30:37.136  6959  6977 D EGL_emulation: eglMakeCurrent: 0xdf721ce0: ver 3 0 (tinfo 0xe144fa70)
