08-03 15:30:37.149  6959  6977 D EGL_emulation: eglMakeCurrent: 0xdf721ce0: ver 3 0 (tinfo 0xe144fa70)
08-03 15:30:37.152  6959  6977 D EGL_emulation: eglMakeCurrent: 0xdf721ce0: ver 3 0 (tinfo 0xe144fa70)
08-03 15:30:37.166  6959  6977 D EGL_emulation: eglMakeCurrent: 0xdf721ce0: ver 3 0 (tinfo 0xe144fa70)
08-03 15:30:37.169  6959  6977 D EGL_emulation: eglMakeCurrent: 0xdf721ce0: ver 3 0 (tinfo 0xe144fa70)
08-03 15:30:37.182  6959  6977 D EGL_emulation: eglMakeCurrent: 0xdf721ce0: ver 3 0 (tinfo 0xe144fa70)
08-03 15:30:37.185  6959  6977 D EGL_emulation: eglMakeCurrent: 0xdf721ce0: ver 3 0 (tinfo 0xe144fa70)
08-03 15:30:37.198  6959  6977 D EGL_emulation: eglMakeCurrent: 0xdf721ce0: ver 3 0 (tinfo 0xe144fa70)
08-03 15:30:37.203  6959  6977 D EGL_emulation: eglMakeCurrent: 0xdf721ce0: ver 3 0 (tinfo 0xe144fa70)
08-03 15:30:37.217  6959  6977 D EGL_emulation: eglMakeCurrent: 0xdf721ce0: ver 3 0 (tinfo 0xe144fa70)
08-03 15:30:37.219  1660  1671 I WindowManager: Destroying surface Surface(name=PopupWindow:4ad3927) called by com.android.server.wm.WindowStateAnimator.destroySurface:2014 com.android.server.wm.WindowStateAnimator.destroySurfaceLocked:881 com.android.server.wm.WindowState.removeLocked:1449 com.android.server.wm.WindowManagerService.removeWindowInnerLocked:2478 com.android.server.wm.WindowManagerService.removeWindowLocked:2436 com.android.server.wm.WindowManagerService.removeWindowLocked:2305 com.android.server.wm.WindowManagerService.removeWindow:2300 com.android.server.wm.Session.remove:193 
08-03 15:30:37.222  6959  6977 D EGL_emulation: eglMakeCurrent: 0xdf721ce0: ver 3 0 (tinfo 0xe144fa70)
08-03 15:30:37.358  6959  7021 E eglCodecCommon: glUtilsParamSize: unknow param 0x00008caa
08-03 15:30:37.362  6989  7008 D GeckoViewProgressDelegate[C]: handleEvent: MozAfterPaint
08-03 15:30:37.363  6959  6976 D GeckoViewProgress: receiveMessage: MozAfterPaint
08-03 15:30:37.700  6989  7008 D GeckoViewSelectionActionDelegate[C]: Performing org.mozilla.geckoview.SELECT_ALL
08-03 15:30:37.702  1336  1360 W audio_hw_generic: Not supplying enough data to HAL, expected position 4137897 , only wrote 4137840
08-03 15:30:37.707  6989  7008 D GeckoViewSelectionActionDelegate[C]: handleEvent: updateposition
08-03 15:30:37.707  6959  6976 D GeckoViewActivity: onHistogram name: CONTENT_FRAME_TIME, value: [J@88f5ca3
08-03 15:30:37.707  6959  6976 D GeckoViewActivity: onHistogram name: WR_SCENESWAP_TIME, value: [J@c564ba0
08-03 15:30:37.707  6959  6976 D GeckoViewActivity: onHistogram name: MOUSEUP_FOLLOWED_BY_CLICK_PRESENT_LATENCY, value: [J@9892359
08-03 15:30:37.707  6959  6976 D GeckoViewActivity: onHistogram name: CONTENT_FRAME_TIME_WITHOUT_RESOURCE_UPLOAD, value: [J@7ff5b1e
08-03 15:30:37.707  6959  6976 D GeckoViewActivity: onHistogram name: WR_SCENEBUILD_TIME, value: [J@cb11fff
08-03 15:30:37.707  6959  6976 D GeckoViewActivity: onHistogram name: CONTENT_FULL_PAINT_TIME, value: [J@d6481cc
08-03 15:30:37.707  6959  6976 D GeckoViewActivity: onHistogram name: CHECKERBOARD_POTENTIAL_DURATION, value: [J@31f9c15
08-03 15:30:37.707  6959  6976 D GeckoViewActivity: onHistogram name: COMPOSITE_TIME, value: [J@3420b2a
08-03 15:30:37.707  6959  6976 D GeckoViewActivity: onHistogram name: WR_FRAMEBUILD_TIME, value: [J@f01bd1b
08-03 15:30:37.707  6959  6976 D GeckoViewActivity: onHistogram name: CONTENT_FRAME_TIME_WITHOUT_UPLOAD, value: [J@93deeb8
08-03 15:30:37.707  6959  6976 D GeckoViewActivity: onHistogram name: GC_MINOR_US, value: [J@86ae491
08-03 15:30:37.707  6959  6976 D GeckoViewActivity: onHistogram name: CONTENT_FRAME_TIME_VSYNC, value: [J@4daff6
08-03 15:30:37.707  6959  6976 D GeckoViewActivity: onHistogram name: KEYPRESS_PRESENT_LATENCY, value: [J@af50ff7
08-03 15:30:37.707  6959  6976 D GeckoViewActivity: onHistogram name: CONTENT_FRAME_TIME_REASON, value: [J@53f3e64
08-03 15:30:37.709  6959  7021 E eglCodecCommon: glUtilsParamSize: unknow param 0x00008caa
08-03 15:30:37.709  6989  7008 D GeckoViewContent[C]: handleEvent: mozcaretstatechanged
08-03 15:30:37.709  6989  7008 D GeckoViewSelectionActionDelegate[C]: handleEvent: updateposition
08-03 15:30:37.711  6989  7008 D GeckoViewContent[C]: handleEvent: mozcaretstatechanged
08-03 15:30:37.712  6989  7008 D GeckoViewSelectionActionDelegate[C]: handleEvent: updateposition
08-03 15:30:37.717  6989  7008 D GeckoViewContent[C]: handleEvent: mozcaretstatechanged
08-03 15:30:37.717  6989  7008 D GeckoViewProgressDelegate[C]: handleEvent: MozAfterPaint
08-03 15:30:37.718  6959  6976 D GeckoViewProgress: receiveMessage: MozAfterPaint
08-03 15:30:37.724  6959  6977 D EGL_emulation: eglMakeCurrent: 0xdf721ce0: ver 3 0 (tinfo 0xe144fa70)
08-03 15:30:37.726  6959  6977 D OpenGLRenderer: endAllActiveAnimators on 0xb565e400 (RippleDrawable) with handle 0xb56cc550
08-03 15:30:37.727  1660  2058 I WindowManager: Destroying surface Surface(name=PopupWindow:f696034) called by com.android.server.wm.WindowStateAnimator.destroySurface:2014 com.android.server.wm.WindowStateAnimator.destroySurfaceLocked:881 com.android.server.wm.WindowState.removeLocked:1449 com.android.server.wm.WindowManagerService.removeWindowInnerLocked:2478 com.android.server.wm.WindowManagerService.removeWindowLocked:2436 com.android.server.wm.WindowManagerService.removeWindowLocked:2305 com.android.server.wm.WindowManagerService.removeWindow:2300 com.android.server.wm.Session.remove:193 
08-03 15:30:37.733  6959  7021 E eglCodecCommon: glUtilsParamSize: unknow param 0x00008caa
08-03 15:30:37.740  6989  7008 D GeckoViewProgressDelegate[C]: handleEvent: MozAfterPaint
08-03 15:30:37.740  6959  6976 D GeckoViewProgress: receiveMessage: MozAfterPaint
08-03 15:30:37.756  6959  7021 E eglCodecCommon: glUtilsParamSize: unknow param 0x00008caa
08-03 15:30:37.758  6959  6977 D EGL_emulation: eglMakeCurrent: 0xdf721ce0: ver 3 0 (tinfo 0xe144fa70)
08-03 15:30:37.766  6989  7008 D GeckoViewProgressDelegate[C]: handleEvent: MozAfterPaint
08-03 15:30:37.767  6959  6976 D GeckoViewProgress: receiveMessage: MozAfterPaint
08-03 15:30:37.772  6959  6977 D EGL_emulation: eglMakeCurrent: 0xdf721ce0: ver 3 0 (tinfo 0xe144fa70)
08-03 15:30:37.774  1660  1694 I WindowManager: Destroying surface Surface(name=PopupWindow:f696034) called by com.android.server.wm.WindowStateAnimator.destroySurface:2014 com.android.server.wm.WindowStateAnimator.destroySurfaceLocked:881 com.android.server.wm.WindowState.removeLocked:1449 com.android.server.wm.WindowManagerService.removeWindowInnerLocked:2478 com.android.server.wm.WindowManagerService.removeWindowLocked:2436 com.android.server.wm.WindowManagerService.removeWindowLocked:2305 com.android.server.wm.WindowManagerService.removeWindow:2300 com.android.server.wm.Session.remove:193 
08-03 15:30:37.805  6959  6977 D EGL_emulation: eglMakeCurrent: 0xdf721ce0: ver 3 0 (tinfo 0xe144fa70)
08-03 15:30:37.866  6959  7021 E eglCodecCommon: glUtilsParamSize: unknow param 0x00008caa
08-03 15:30:37.871  6989  7008 D GeckoViewProgressDelegate[C]: handleEvent: MozAfterPaint
08-03 15:30:37.872  6959  6976 D GeckoViewProgress: receiveMessage: MozAfterPaint
08-03 15:30:38.360  6959  7021 E eglCodecCommon: glUtilsParamSize: unknow param 0x00008caa
08-03 15:30:38.366  6989  7008 D GeckoViewProgressDelegate[C]: handleEvent: MozAfterPaint
08-03 15:30:38.367  6959  6976 D GeckoViewProgress: receiveMessage: MozAfterPaint
08-03 15:30:38.641  6989  7008 D GeckoViewSelectionActionDelegate[C]: Performing org.mozilla.geckoview.PASTE
08-03 15:30:38.641  6989  7008 D GeckoViewSelectionActionDelegate[C]: handleEvent: visibilitychange
08-03 15:30:38.650  6959  7021 E eglCodecCommon: glUtilsParamSize: unknow param 0x00008caa
08-03 15:30:38.651  6989  7008 D GeckoViewSelectionActionDelegate[C]: handleEvent: visibilitychange
08-03 15:30:38.651  6989  7008 D GeckoViewContent[C]: handleEvent: mozcaretstatechanged
08-03 15:30:38.651  6989  7008 D GeckoViewSelectionActionDelegate[C]: handleEvent: visibilitychange
08-03 15:30:38.651  6989  7008 D GeckoViewContent[C]: handleEvent: mozcaretstatechanged
08-03 15:30:38.652  6989  7008 D GeckoViewSelectionActionDelegate[C]: handleEvent: visibilitychange
08-03 15:30:38.652  6989  7008 D GeckoViewContent[C]: handleEvent: mozcaretstatechanged
08-03 15:30:38.658  6989  7008 D GeckoViewProgressDelegate[C]: handleEvent: MozAfterPaint
08-03 15:30:38.659  6959  6976 D GeckoViewProgress: receiveMessage: MozAfterPaint
08-03 15:30:38.861  6959  7021 E eglCodecCommon: glUtilsParamSize: unknow param 0x00008caa
08-03 15:30:38.866  6989  7008 D GeckoViewProgressDelegate[C]: handleEvent: MozAfterPaint
08-03 15:30:38.867  6959  6976 D GeckoViewProgress: receiveMessage: MozAfterPaint
08-03 15:30:38.934  6959  6977 D EGL_emulation: eglMakeCurrent: 0xdf721ce0: ver 3 0 (tinfo 0xe144fa70)
08-03 15:30:38.936  6959  6977 D OpenGLRenderer: endAllActiveAnimators on 0xba7dd480 (RippleDrawable) with handle 0xb56ccaf0
08-03 15:30:38.937  1660  1880 I WindowManager: Destroying surface Surface(name=PopupWindow:f696034) called by com.android.server.wm.WindowStateAnimator.destroySurface:2014 com.android.server.wm.WindowStateAnimator.destroySurfaceLocked:881 com.android.server.wm.WindowState.removeLocked:1449 com.android.server.wm.WindowManagerService.removeWindowInnerLocked:2478 com.android.server.wm.WindowManagerService.removeWindowLocked:2436 com.android.server.wm.WindowManagerService.removeWindowLocked:2305 com.android.server.wm.WindowManagerService.removeWindow:2300 com.android.server.wm.Session.remove:193 
08-03 15:30:39.160  6989  7008 D GeckoViewSelectionActionDelegate[C]: handleEvent: visibilitychange
08-03 15:30:39.160  6989  7008 D GeckoViewContent[C]: handleEvent: mozcaretstatechanged
08-03 15:30:39.162  6959  7021 E eglCodecCommon: glUtilsParamSize: unknow param 0x00008caa
08-03 15:30:39.168  6989  7008 D GeckoViewProgressDelegate[C]: handleEvent: MozAfterPaint
08-03 15:30:39.168  6959  6976 D GeckoViewProgress: receiveMessage: MozAfterPaint
08-03 15:30:39.363  6959  7021 E eglCodecCommon: glUtilsParamSize: unknow param 0x00008caa
08-03 15:30:39.367  6989  7008 D GeckoViewProgressDelegate[C]: handleEvent: MozAfterPaint
08-03 15:30:39.368  6959  6976 D GeckoViewProgress: receiveMessage: MozAfterPaint
08-03 15:30:39.470  6989  7008 D GeckoViewAutoFill[C]: handleEvent: focusout
08-03 15:30:39.470  6989  7008 D GeckoViewAutofill: Auto-fill focus on null
08-03 15:30:39.472  6989  7008 D GeckoViewAutoFill[C]: handleEvent: focusin
08-03 15:30:39.472  6989  7008 D GeckoViewAutofill: Auto-fill focus on INPUT
08-03 15:30:39.473  6989  7008 D GeckoViewPrompt[C]: handleEvent: click
08-03 15:30:39.474  6959  6976 D GeckoViewModule: dispatch GeckoView:ZoomToInput, data={"force":false}
08-03 15:30:39.474  6959  6976 D GeckoViewContent: onEvent: event=GeckoView:ZoomToInput, data={"force":false}
08-03 15:30:39.475  6959  6976 D GeckoViewModule: dispatch GeckoView:ZoomToInput, data={"force":true}
08-03 15:30:39.475  6959  6976 D GeckoViewContent: onEvent: event=GeckoView:ZoomToInput, data={"force":true}
08-03 15:30:39.478  6989  7008 D GeckoViewSelectionActionDelegate[C]: handleEvent: visibilitychange
08-03 15:30:39.478  6989  7008 D GeckoViewContent[C]: handleEvent: mozcaretstatechanged
08-03 15:30:39.480  6959  6976 D GeckoViewModule: dispatch GeckoView:ZoomToInput, data={"force":true}
08-03 15:30:39.480  6959  6976 D GeckoViewContent: onEvent: event=GeckoView:ZoomToInput, data={"force":true}
08-03 15:30:39.480  6989  7008 D GeckoViewSelectionActionDelegate[C]: handleEvent: visibilitychange
08-03 15:30:39.480  6989  7008 D GeckoViewContent[C]: handleEvent: mozcaretstatechanged
08-03 15:30:39.480  6959  6976 D GeckoViewAutocomplete: fetchAddresses
08-03 15:30:39.481  6989  7008 D GeckoViewContent[C]: receiveMessage: GeckoView:ZoomToInput
08-03 15:30:39.481  6989  7008 D GeckoViewContent[C]: receiveMessage: GeckoView:ZoomToInput
08-03 15:30:39.481  6959  6959 W IInputConnectionWrapper: getTextBeforeCursor on inactive InputConnection
08-03 15:30:39.482  1733  1733 E RichInputConnection: Unable to connect to the editor to retrieve text.
08-03 15:30:39.482  1733  1733 D RichInputConnection: Will try to retrieve text later.
08-03 15:30:39.482  6959  6959 W IInputConnectionWrapper: getTextBeforeCursor on inactive InputConnection
08-03 15:30:39.482  6959  6976 D GeckoViewAutocomplete: fetchCreditCards
08-03 15:30:39.482  6959  7021 E eglCodecCommon: glUtilsParamSize: unknow param 0x00008caa
08-03 15:30:39.482  6989  7008 D GeckoViewContent[C]: receiveMessage: GeckoView:ZoomToInput
08-03 15:30:39.482  1733  1733 E RichInputConnection: Unable to connect to the editor to retrieve text.
08-03 15:30:39.482  1733  1733 W RichInputConnection: Unable to connect to the editor. Setting caps mode without knowing text.
08-03 15:30:39.483  6959  6976 D GeckoViewModule: dispatch GeckoView:ZoomToInput, data={"force":true}
08-03 15:30:39.483  6959  6976 D GeckoViewContent: onEvent: event=GeckoView:ZoomToInput, data={"force":true}
08-03 15:30:39.485  6989  7008 D GeckoViewContent[C]: receiveMessage: GeckoView:ZoomToInput
08-03 15:30:39.485  1733  1733 I LatinIME: Starting input. Cursor position = 0,0
08-03 15:30:39.486  6959  6959 W IInputConnectionWrapper: getTextBeforeCursor on inactive InputConnection
08-03 15:30:39.487  6959  6959 W IInputConnectionWrapper: getSelectedText on inactive InputConnection
08-03 15:30:39.487  6959  6959 W IInputConnectionWrapper: requestCursorAnchorInfo on inactive InputConnection
08-03 15:30:39.488  6959  6959 W IInputConnectionWrapper: getTextBeforeCursor on inactive InputConnection
08-03 15:30:39.488  1733  1733 E RichInputConnection: Unable to connect to the editor to retrieve text.
08-03 15:30:39.488  1733  1733 D RichInputConnection: Will try to retrieve text later.
08-03 15:30:39.489  6959  6959 W IInputConnectionWrapper: getTextBeforeCursor on inactive InputConnection
08-03 15:30:39.489  1733  1733 E RichInputConnection: Unable to connect to the editor to retrieve text.
08-03 15:30:39.489  1733  1733 W RichInputConnection: Unable to connect to the editor. Setting caps mode without knowing text.
08-03 15:30:39.490  6959  6959 W IInputConnectionWrapper: getTextBeforeCursor on inactive InputConnection
08-03 15:30:39.490  1733  1733 E RichInputConnection: Unable to connect to the editor to retrieve text.
08-03 15:30:39.490  1733  1733 W RichInputConnection: Unable to connect to the editor. Setting caps mode without knowing text.
08-03 15:30:39.491  6989  7008 D GeckoViewProgressDelegate[C]: handleEvent: MozAfterPaint
08-03 15:30:39.492  6959  6976 D GeckoViewProgress: receiveMessage: MozAfterPaint
08-03 15:30:39.495  1733  1733 I LatinIME: Starting input. Cursor position = 0,0
08-03 15:30:39.650  6959  6959 I GeckoViewActivity: New Session state: {"scrolldata":{"scroll":"117,0","zoom":{"resolution":1,"displaySize":{"height":544,"width":800}}},"formdata":{"url":"https:\/\/luke-chang.github.io\/autofill-demo\/basic_cc.html?","xpath":{"\/xhtml:html\/xhtml:body\/xhtml:form\/xhtml:label\/xhtml:input":"aaaa"}},"history":{"entries":[{"persist":true,"cacheKey":0,"ID":1,"url":"https:\/\/luke-chang.github.io\/autofill-demo\/basic_cc.html?","title":"Form Autofill Demo: Basic Credit Card @autocomplete","loadReplace":false,"docIdentifier":2147483649,"loadReplace2":true,"partitionedPrincipalToInherit_base64":"eyIwIjp7IjAiOiJtb3otbnVsbHByaW5jaXBhbDp7OWU2MTNiMGEtNzYxMi00YTk5LTlkNjYtYmEwYmU3ZTNmN2UwfT9odHRwczovL2x1a2UtY2hhbmcuZ2l0aHViLmlvIn19","triggeringPrincipal_base64":"eyIzIjp7fX0=","principalToInherit_base64":"eyIwIjp7IjAiOiJtb3otbnVsbHByaW5jaXBhbDp7OWU2MTNiMGEtNzYxMi00YTk5LTlkNjYtYmEwYmU3ZTNmN2UwfT9odHRwczovL2x1a2UtY2hhbmcuZ2l0aHViLmlvIn19","resultPrincipalURI":"https:\/\/luke-chang.github.io\/autofill-demo\/basic_cc.html?","hasUserInteraction":false,"originalURI":"https:\/\/luke-chang.github.io\/autofill-demo\/basic_cc.html?","docshellUUID":"{02a71228-3380-44a7-bb56-38268170c1c8}"}],"requestedIndex":0,"fromIdx":-1,"index":1}}
08-03 15:30:39.650  6959  6959 D GeckoSession: handleMessage GeckoView:StateUpdated uri=null
08-03 15:30:39.975  6959  7021 E eglCodecCommon: glUtilsParamSize: unknow param 0x00008caa
08-03 15:30:39.980  6989  7008 D GeckoViewProgressDelegate[C]: handleEvent: MozAfterPaint
08-03 15:30:39.981  6959  6976 D GeckoViewProgress: receiveMessage: MozAfterPaint
08-03 15:30:39.985  6989  7008 D GeckoViewProgressDelegate[C]: handleEvent: MozAfterPaint
08-03 15:30:39.986  6959  6976 D GeckoViewProgress: receiveMessage: MozAfterPaint
08-03 15:30:39.999  6959  7021 E eglCodecCommon: glUtilsParamSize: unknow param 0x00008caa
08-03 15:30:40.016  6959  7021 E eglCodecCommon: glUtilsParamSize: unknow param 0x00008caa
08-03 15:30:40.021  6989  7008 D GeckoViewProgressDelegate[C]: handleEvent: MozAfterPaint
08-03 15:30:40.022  6959  6976 D GeckoViewProgress: receiveMessage: MozAfterPaint
08-03 15:30:40.032  6959  7021 E eglCodecCommon: glUtilsParamSize: unknow param 0x00008caa
08-03 15:30:40.049  6959  7021 E eglCodecCommon: glUtilsParamSize: unknow param 0x00008caa
08-03 15:30:40.055  6989  7008 D GeckoViewProgressDelegate[C]: handleEvent: MozAfterPaint
08-03 15:30:40.055  6959  6976 D GeckoViewProgress: receiveMessage: MozAfterPaint
08-03 15:30:40.066  6959  7021 E eglCodecCommon: glUtilsParamSize: unknow param 0x00008caa
08-03 15:30:40.083  6959  7021 E eglCodecCommon: glUtilsParamSize: unknow param 0x00008caa
08-03 15:30:40.099  6959  7021 E eglCodecCommon: glUtilsParamSize: unknow param 0x00008caa
08-03 15:30:40.116  6959  7021 E eglCodecCommon: glUtilsParamSize: unknow param 0x00008caa
08-03 15:30:40.132  6959  7021 E eglCodecCommon: glUtilsParamSize: unknow param 0x00008caa
08-03 15:30:40.150  6959  7021 E eglCodecCommon: glUtilsParamSize: unknow param 0x00008caa
08-03 15:30:40.166  6959  7021 E eglCodecCommon: glUtilsParamSize: unknow param 0x00008caa
08-03 15:30:40.183  6959  7021 E eglCodecCommon: glUtilsParamSize: unknow param 0x00008caa
08-03 15:30:40.199  6959  7021 E eglCodecCommon: glUtilsParamSize: unknow param 0x00008caa
08-03 15:30:40.216  6959  7021 E eglCodecCommon: glUtilsParamSize: unknow param 0x00008caa
08-03 15:30:40.233  6959  7021 E eglCodecCommon: glUtilsParamSize: unknow param 0x00008caa
08-03 15:30:40.250  6959  7021 E eglCodecCommon: glUtilsParamSize: unknow param 0x00008caa
08-03 15:30:40.266  6959  7021 E eglCodecCommon: glUtilsParamSize: unknow param 0x00008caa
08-03 15:30:40.282  6959  7021 E eglCodecCommon: glUtilsParamSize: unknow param 0x00008caa
08-03 15:30:40.299  6959  7021 E eglCodecCommon: glUtilsParamSize: unknow param 0x00008caa
08-03 15:30:40.365  6959  7021 E eglCodecCommon: glUtilsParamSize: unknow param 0x00008caa
08-03 15:30:40.371  6989  7008 D GeckoViewProgressDelegate[C]: handleEvent: MozAfterPaint
08-03 15:30:40.371  6959  6976 D GeckoViewProgress: receiveMessage: MozAfterPaint
08-03 15:30:40.482  6959  7021 E eglCodecCommon: glUtilsParamSize: unknow param 0x00008caa
08-03 15:30:40.487  6989  7008 D GeckoViewProgressDelegate[C]: handleEvent: MozAfterPaint
08-03 15:30:40.488  6959  6976 D GeckoViewProgress: receiveMessage: MozAfterPaint
08-03 15:30:40.599  6959  7021 E eglCodecCommon: glUtilsParamSize: unknow param 0x00008caa
08-03 15:30:40.604  6989  7008 D GeckoViewProgressDelegate[C]: handleEvent: MozAfterPaint
08-03 15:30:40.611  6959  6976 D GeckoViewProgress: receiveMessage: MozAfterPaint
08-03 15:30:40.733  6959  7021 E eglCodecCommon: glUtilsParamSize: unknow param 0x00008caa
08-03 15:30:40.739  6989  7008 D GeckoViewProgressDelegate[C]: handleEvent: MozAfterPaint
08-03 15:30:40.740  6959  6976 D GeckoViewProgress: receiveMessage: MozAfterPaint
08-03 15:30:40.814  6989  7008 D GeckoViewAutoFill[C]: handleEvent: focusout
08-03 15:30:40.814  6989  7008 D GeckoViewAutofill: Auto-fill focus on null
08-03 15:30:40.816  6989  7008 D GeckoViewAutoFill[C]: handleEvent: focusin
08-03 15:30:40.817  6989  7008 D GeckoViewAutofill: Auto-fill focus on INPUT
08-03 15:30:40.820  6959  6976 D GeckoViewModule: dispatch GeckoView:ZoomToInput, data={"force":true}
08-03 15:30:40.821  6959  6976 D GeckoViewContent: onEvent: event=GeckoView:ZoomToInput, data={"force":true}
08-03 15:30:40.821  6959  6976 D GeckoViewAutocomplete: fetchAddresses
08-03 15:30:40.822  6959  6976 D GeckoViewModule: dispatch GeckoView:ZoomToInput, data={"force":true}
08-03 15:30:40.823  6959  6976 D GeckoViewContent: onEvent: event=GeckoView:ZoomToInput, data={"force":true}
08-03 15:30:40.823  6989  7008 D GeckoViewContent[C]: receiveMessage: GeckoView:ZoomToInput
08-03 15:30:40.823  6989  7008 D GeckoViewContent[C]: receiveMessage: GeckoView:ZoomToInput
08-03 15:30:40.824  6959  6959 W IInputConnectionWrapper: getTextBeforeCursor on inactive InputConnection
08-03 15:30:40.824  1733  1733 E RichInputConnection: Unable to connect to the editor to retrieve text.
08-03 15:30:40.824  1733  1733 D RichInputConnection: Will try to retrieve text later.
08-03 15:30:40.825  6959  6959 W IInputConnectionWrapper: getTextBeforeCursor on inactive InputConnection
08-03 15:30:40.825  1733  1733 E RichInputConnection: Unable to connect to the editor to retrieve text.
08-03 15:30:40.825  1733  1733 W RichInputConnection: Unable to connect to the editor. Setting caps mode without knowing text.
08-03 15:30:40.825  6959  6976 D GeckoViewAutocomplete: fetchCreditCards
08-03 15:30:40.826  6959  6976 D GeckoViewModule: dispatch GeckoView:ZoomToInput, data={"force":true}
08-03 15:30:40.826  6959  6976 D GeckoViewContent: onEvent: event=GeckoView:ZoomToInput, data={"force":true}
08-03 15:30:40.829  1733  1733 I LatinIME: Starting input. Cursor position = 0,0
08-03 15:30:40.830  6989  7008 D GeckoViewContent[C]: receiveMessage: GeckoView:ZoomToInput
08-03 15:30:40.830  6959  6959 W IInputConnectionWrapper: getTextBeforeCursor on inactive InputConnection
08-03 15:30:40.831  6959  6959 W IInputConnectionWrapper: getSelectedText on inactive InputConnection
08-03 15:30:40.831  6959  6959 W IInputConnectionWrapper: requestCursorAnchorInfo on inactive InputConnection
08-03 15:30:40.832  6959  6959 W IInputConnectionWrapper: getTextBeforeCursor on inactive InputConnection
08-03 15:30:40.833  1733  1733 E RichInputConnection: Unable to connect to the editor to retrieve text.
08-03 15:30:40.833  1733  1733 D RichInputConnection: Will try to retrieve text later.
08-03 15:30:40.833  6959  6959 W IInputConnectionWrapper: getTextBeforeCursor on inactive InputConnection
08-03 15:30:40.833  1733  1733 E RichInputConnection: Unable to connect to the editor to retrieve text.
08-03 15:30:40.833  1733  1733 W RichInputConnection: Unable to connect to the editor. Setting caps mode without knowing text.
08-03 15:30:40.833  6959  6959 W IInputConnectionWrapper: getTextBeforeCursor on inactive InputConnection
08-03 15:30:40.834  1733  1733 E RichInputConnection: Unable to connect to the editor to retrieve text.
08-03 15:30:40.834  1733  1733 W RichInputConnection: Unable to connect to the editor. Setting caps mode without knowing text.
08-03 15:30:40.834  6959  7021 E eglCodecCommon: glUtilsParamSize: unknow param 0x00008caa
08-03 15:30:40.842  1733  1733 I LatinIME: Starting input. Cursor position = 0,0
08-03 15:30:40.848  6989  7008 D GeckoViewProgressDelegate[C]: handleEvent: MozAfterPaint
08-03 15:30:40.849  6959  6976 D GeckoViewProgress: receiveMessage: MozAfterPaint
08-03 15:30:41.018  6959  6959 I GeckoViewActivity: New Session state: {"scrolldata":{"scroll":"117,12","zoom":{"resolution":1,"displaySize":{"height":544,"width":800}}},"formdata":{"url":"https:\/\/luke-chang.github.io\/autofill-demo\/basic_cc.html?","xpath":{"\/xhtml:html\/xhtml:body\/xhtml:form\/xhtml:label[3]\/xhtml:input":"06","\/xhtml:html\/xhtml:body\/xhtml:form\/xhtml:label\/xhtml:input":"aaaa"}},"history":{"entries":[{"persist":true,"cacheKey":0,"ID":1,"url":"https:\/\/luke-chang.github.io\/autofill-demo\/basic_cc.html?","title":"Form Autofill Demo: Basic Credit Card @autocomplete","loadReplace":false,"docIdentifier":2147483649,"loadReplace2":true,"partitionedPrincipalToInherit_base64":"eyIwIjp7IjAiOiJtb3otbnVsbHByaW5jaXBhbDp7OWU2MTNiMGEtNzYxMi00YTk5LTlkNjYtYmEwYmU3ZTNmN2UwfT9odHRwczovL2x1a2UtY2hhbmcuZ2l0aHViLmlvIn19","triggeringPrincipal_base64":"eyIzIjp7fX0=","principalToInherit_base64":"eyIwIjp7IjAiOiJtb3otbnVsbHByaW5jaXBhbDp7OWU2MTNiMGEtNzYxMi00YTk5LTlkNjYtYmEwYmU3ZTNmN2UwfT9odHRwczovL2x1a2UtY2hhbmcuZ2l0aHViLmlvIn19","resultPrincipalURI":"https:\/\/luke-chang.github.io\/autofill-demo\/basic_cc.html?","hasUserInteraction":false,"originalURI":"https:\/\/luke-chang.github.io\/autofill-demo\/basic_cc.html?","docshellUUID":"{02a71228-3380-44a7-bb56-38268170c1c8}"}],"requestedIndex":0,"fromIdx":-1,"index":1}}
08-03 15:30:41.018  6959  6959 D GeckoSession: handleMessage GeckoView:StateUpdated uri=null
08-03 15:30:41.318  6959  7021 E eglCodecCommon: glUtilsParamSize: unknow param 0x00008caa
08-03 15:30:41.323  6989  7008 D GeckoViewProgressDelegate[C]: handleEvent: MozAfterPaint
08-03 15:30:41.324  6959  6976 D GeckoViewProgress: receiveMessage: MozAfterPaint
08-03 15:30:41.332  6959  7021 E eglCodecCommon: glUtilsParamSize: unknow param 0x00008caa
08-03 15:30:41.350  6959  7021 E eglCodecCommon: glUtilsParamSize: unknow param 0x00008caa
08-03 15:30:41.355  6989  7008 D GeckoViewProgressDelegate[C]: handleEvent: MozAfterPaint
08-03 15:30:41.357  6959  6976 D GeckoViewProgress: receiveMessage: MozAfterPaint
08-03 15:30:41.367  6959  7021 E eglCodecCommon: glUtilsParamSize: unknow param 0x00008caa
08-03 15:30:41.383  6959  7021 E eglCodecCommon: glUtilsParamSize: unknow param 0x00008caa
08-03 15:30:41.389  6989  7008 D GeckoViewProgressDelegate[C]: handleEvent: MozAfterPaint
08-03 15:30:41.390  6959  6976 D GeckoViewProgress: receiveMessage: MozAfterPaint
08-03 15:30:41.400  6959  7021 E eglCodecCommon: glUtilsParamSize: unknow param 0x00008caa
08-03 15:30:41.416  6959  7021 E eglCodecCommon: glUtilsParamSize: unknow param 0x00008caa
08-03 15:30:41.434  6959  7021 E eglCodecCommon: glUtilsParamSize: unknow param 0x00008caa
08-03 15:30:41.449  6959  7021 E eglCodecCommon: glUtilsParamSize: unknow param 0x00008caa
08-03 15:30:41.466  6959  7021 E eglCodecCommon: glUtilsParamSize: unknow param 0x00008caa
08-03 15:30:41.482  6959  7021 E eglCodecCommon: glUtilsParamSize: unknow param 0x00008caa
08-03 15:30:41.499  6959  7021 E eglCodecCommon: glUtilsParamSize: unknow param 0x00008caa
08-03 15:30:41.516  6959  7021 E eglCodecCommon: glUtilsParamSize: unknow param 0x00008caa
08-03 15:30:41.534  6959  7021 E eglCodecCommon: glUtilsParamSize: unknow param 0x00008caa
08-03 15:30:41.548  6959  7021 E eglCodecCommon: glUtilsParamSize: unknow param 0x00008caa
08-03 15:30:41.566  6959  7021 E eglCodecCommon: glUtilsParamSize: unknow param 0x00008caa
08-03 15:30:41.583  6959  7021 E eglCodecCommon: glUtilsParamSize: unknow param 0x00008caa
08-03 15:30:41.599  6959  7021 E eglCodecCommon: glUtilsParamSize: unknow param 0x00008caa
08-03 15:30:41.615  6959  7021 E eglCodecCommon: glUtilsParamSize: unknow param 0x00008caa
08-03 15:30:41.633  6959  7021 E eglCodecCommon: glUtilsParamSize: unknow param 0x00008caa
08-03 15:30:41.767  6959  7021 E eglCodecCommon: glUtilsParamSize: unknow param 0x00008caa
08-03 15:30:41.772  6989  7008 D GeckoViewProgressDelegate[C]: handleEvent: MozAfterPaint
08-03 15:30:41.773  6959  6976 D GeckoViewProgress: receiveMessage: MozAfterPaint
08-03 15:30:41.833  6959  7021 E eglCodecCommon: glUtilsParamSize: unknow param 0x00008caa
08-03 15:30:41.840  6989  7008 D GeckoViewProgressDelegate[C]: handleEvent: MozAfterPaint
08-03 15:30:41.841  6959  6976 D GeckoViewProgress: receiveMessage: MozAfterPaint
08-03 15:30:41.858  1336  1361 W audio_hw_generic: Not supplying enough data to HAL, expected position 4534696 , only wrote 4337280
08-03 15:30:41.949  6959  7021 E eglCodecCommon: glUtilsParamSize: unknow param 0x00008caa
08-03 15:30:41.954  6989  7008 D GeckoViewProgressDelegate[C]: handleEvent: MozAfterPaint
08-03 15:30:41.954  6959  6976 D GeckoViewProgress: receiveMessage: MozAfterPaint
08-03 15:30:42.066  6959  7021 E eglCodecCommon: glUtilsParamSize: unknow param 0x00008caa
08-03 15:30:42.071  6989  7008 D GeckoViewProgressDelegate[C]: handleEvent: MozAfterPaint
08-03 15:30:42.071  6959  6976 D GeckoViewProgress: receiveMessage: MozAfterPaint
08-03 15:30:42.133  6959  7021 E eglCodecCommon: glUtilsParamSize: unknow param 0x00008caa
08-03 15:30:42.138  6989  7008 D GeckoViewProgressDelegate[C]: handleEvent: MozAfterPaint
08-03 15:30:42.139  6959  6976 D GeckoViewProgress: receiveMessage: MozAfterPaint
08-03 15:30:42.249  6959  7021 E eglCodecCommon: glUtilsParamSize: unknow param 0x00008caa
08-03 15:30:42.254  6989  7008 D GeckoViewProgressDelegate[C]: handleEvent: MozAfterPaint
08-03 15:30:42.255  6959  6976 D GeckoViewProgress: receiveMessage: MozAfterPaint
08-03 15:30:42.332  6959  7021 E eglCodecCommon: glUtilsParamSize: unknow param 0x00008caa
08-03 15:30:42.337  6989  7008 D GeckoViewProgressDelegate[C]: handleEvent: MozAfterPaint
08-03 15:30:42.337  6959  6976 D GeckoViewProgress: receiveMessage: MozAfterPaint
08-03 15:30:42.403  6989  7008 D GeckoViewAutoFill[C]: handleEvent: focusout
08-03 15:30:42.403  6989  7008 D GeckoViewAutofill: Auto-fill focus on null
08-03 15:30:42.405  6989  7008 D GeckoViewAutoFill[C]: handleEvent: focusin
08-03 15:30:42.405  6989  7008 D GeckoViewAutofill: Auto-fill focus on INPUT
08-03 15:30:42.410  6959  6976 D GeckoViewModule: dispatch GeckoView:ZoomToInput, data={"force":true}
08-03 15:30:42.410  6959  6976 D GeckoViewContent: onEvent: event=GeckoView:ZoomToInput, data={"force":true}
08-03 15:30:42.410  6959  6976 D GeckoViewAutocomplete: fetchAddresses
08-03 15:30:42.412  6959  6976 D GeckoViewModule: dispatch GeckoView:ZoomToInput, data={"force":true}
08-03 15:30:42.413  6959  6959 W IInputConnectionWrapper: getTextBeforeCursor on inactive InputConnection
08-03 15:30:42.413  6959  6976 D GeckoViewContent: onEvent: event=GeckoView:ZoomToInput, data={"force":true}
08-03 15:30:42.413  1733  1733 E RichInputConnection: Unable to connect to the editor to retrieve text.
08-03 15:30:42.413  1733  1733 D RichInputConnection: Will try to retrieve text later.
08-03 15:30:42.413  6959  6976 D GeckoViewAutocomplete: fetchCreditCards
08-03 15:30:42.413  6989  7008 D GeckoViewContent[C]: receiveMessage: GeckoView:ZoomToInput
08-03 15:30:42.414  6959  6959 W IInputConnectionWrapper: getTextBeforeCursor on inactive InputConnection
08-03 15:30:42.414  1733  1733 E RichInputConnection: Unable to connect to the editor to retrieve text.
08-03 15:30:42.414  1733  1733 W RichInputConnection: Unable to connect to the editor. Setting caps mode without knowing text.
08-03 15:30:42.414  6959  6976 D GeckoViewModule: dispatch GeckoView:ZoomToInput, data={"force":true}
08-03 15:30:42.414  6959  6976 D GeckoViewContent: onEvent: event=GeckoView:ZoomToInput, data={"force":true}
08-03 15:30:42.414  6989  7008 D GeckoViewContent[C]: receiveMessage: GeckoView:ZoomToInput
08-03 15:30:42.415  6989  7008 D GeckoViewContent[C]: receiveMessage: GeckoView:ZoomToInput
08-03 15:30:42.416  6959  7021 E eglCodecCommon: glUtilsParamSize: unknow param 0x00008caa
08-03 15:30:42.417  1733  1733 I LatinIME: Starting input. Cursor position = 0,0
08-03 15:30:42.417  6959  6959 W IInputConnectionWrapper: getTextBeforeCursor on inactive InputConnection
08-03 15:30:42.417  6959  6959 W IInputConnectionWrapper: getSelectedText on inactive InputConnection
08-03 15:30:42.418  6959  6959 W IInputConnectionWrapper: requestCursorAnchorInfo on inactive InputConnection
08-03 15:30:42.420  6959  6959 W IInputConnectionWrapper: getTextBeforeCursor on inactive InputConnection
08-03 15:30:42.421  1733  1733 E RichInputConnection: Unable to connect to the editor to retrieve text.
08-03 15:30:42.421  1733  1733 D RichInputConnection: Will try to retrieve text later.
08-03 15:30:42.421  6959  6959 W IInputConnectionWrapper: getTextBeforeCursor on inactive InputConnection
08-03 15:30:42.421  1733  1733 E RichInputConnection: Unable to connect to the editor to retrieve text.
08-03 15:30:42.421  1733  1733 W RichInputConnection: Unable to connect to the editor. Setting caps mode without knowing text.
08-03 15:30:42.421  6959  6959 W IInputConnectionWrapper: getTextBeforeCursor on inactive InputConnection
08-03 15:30:42.422  1733  1733 E RichInputConnection: Unable to connect to the editor to retrieve text.
08-03 15:30:42.422  1733  1733 W RichInputConnection: Unable to connect to the editor. Setting caps mode without knowing text.
08-03 15:30:42.427  6989  7008 D GeckoViewProgressDelegate[C]: handleEvent: MozAfterPaint
08-03 15:30:42.428  6959  6976 D GeckoViewProgress: receiveMessage: MozAfterPaint
08-03 15:30:42.429  1733  1733 I LatinIME: Starting input. Cursor position = 0,0
08-03 15:30:42.500  6959  6959 I GeckoViewActivity: New Session state: {"scrolldata":{"scroll":"117,51","zoom":{"resolution":1,"displaySize":{"height":544,"width":800}}},"formdata":{"url":"https:\/\/luke-chang.github.io\/autofill-demo\/basic_cc.html?","xpath":{"\/xhtml:html\/xhtml:body\/xhtml:form\/xhtml:label[3]\/xhtml:input":"06","\/xhtml:html\/xhtml:body\/xhtml:form\/xhtml:label\/xhtml:input":"aaaa","\/xhtml:html\/xhtml:body\/xhtml:form\/xhtml:label[4]\/xhtml:input":"2033"}},"history":{"entries":[{"persist":true,"cacheKey":0,"ID":1,"url":"https:\/\/luke-chang.github.io\/autofill-demo\/basic_cc.html?","title":"Form Autofill Demo: Basic Credit Card @autocomplete","loadReplace":false,"docIdentifier":2147483649,"loadReplace2":true,"partitionedPrincipalToInherit_base64":"eyIwIjp7IjAiOiJtb3otbnVsbHByaW5jaXBhbDp7OWU2MTNiMGEtNzYxMi00YTk5LTlkNjYtYmEwYmU3ZTNmN2UwfT9odHRwczovL2x1a2UtY2hhbmcuZ2l0aHViLmlvIn19","triggeringPrincipal_base64":"eyIzIjp7fX0=","principalToInherit_base64":"eyIwIjp7IjAiOiJtb3otbnVsbHByaW5jaXBhbDp7OWU2MTNiMGEtNzYxMi00YTk5LTlkNjYtYmEwYmU3ZTNmN2UwfT9odHRwczovL2x1a2UtY2hhbmcuZ2l0aHViLmlvIn19","resultPrincipalURI":"https:\/\/luke-chang.github.io\/autofill-demo\/basic_cc.html?","hasUserInteraction":false,"originalURI":"https:\/\/luke-chang.github.io\/autofill-demo\/basic_cc.html?","docshellUUID":"{02a71228-3380-44a7-bb56-38268170c1c8}"}],"requestedIndex":0,"fromIdx":-1,"index":1}}
08-03 15:30:42.500  6959  6959 D GeckoSession: handleMessage GeckoView:StateUpdated uri=null
08-03 15:30:42.908  6959  6976 D GeckoViewActivity: onHistogram name: CONTENT_FRAME_TIME, value: [J@a25863a
08-03 15:30:42.908  6959  6976 D GeckoViewActivity: onHistogram name: WR_SCENESWAP_TIME, value: [J@bbc02eb
08-03 15:30:42.908  6959  6976 D GeckoViewActivity: onHistogram name: MOUSEUP_FOLLOWED_BY_CLICK_PRESENT_LATENCY, value: [J@4b30848
08-03 15:30:42.908  6959  6976 D GeckoViewActivity: onHistogram name: CONTENT_FRAME_TIME_WITHOUT_RESOURCE_UPLOAD, value: [J@c70a6e1
08-03 15:30:42.908  6959  6976 D GeckoViewActivity: onHistogram name: WR_SCENEBUILD_TIME, value: [J@1d5cc06
08-03 15:30:42.908  6959  6976 D GeckoViewActivity: onHistogram name: CONTENT_FULL_PAINT_TIME, value: [J@ed5e2c7
08-03 15:30:42.908  6959  6976 D GeckoViewActivity: onHistogram name: CHECKERBOARD_POTENTIAL_DURATION, value: [J@91460f4
08-03 15:30:42.908  6959  6976 D GeckoViewActivity: onHistogram name: COMPOSITE_TIME, value: [J@3efd01d
08-03 15:30:42.908  6959  6976 D GeckoViewActivity: onHistogram name: WR_FRAMEBUILD_TIME, value: [J@1f2a292
08-03 15:30:42.908  6959  6976 D GeckoViewActivity: onHistogram name: CONTENT_FRAME_TIME_WITHOUT_UPLOAD, value: [J@c3e463
08-03 15:30:42.908  6959  6976 D GeckoViewActivity: onHistogram name: GC_MINOR_US, value: [J@a909860
08-03 15:30:42.908  6959  6976 D GeckoViewActivity: onHistogram name: CONTENT_FRAME_TIME_VSYNC, value: [J@83e5119
08-03 15:30:42.908  6959  6976 D GeckoViewActivity: onHistogram name: KEYPRESS_PRESENT_LATENCY, value: [J@19455de
08-03 15:30:42.908  6959  6976 D GeckoViewActivity: onHistogram name: CONTENT_FRAME_TIME_REASON, value: [J@60663bf
08-03 15:30:42.909  6959  7021 E eglCodecCommon: glUtilsParamSize: unknow param 0x00008caa
08-03 15:30:42.916  6989  7008 D GeckoViewProgressDelegate[C]: handleEvent: MozAfterPaint
08-03 15:30:42.917  6959  6976 D GeckoViewProgress: receiveMessage: MozAfterPaint
08-03 15:30:42.919  6989  7008 D GeckoViewProgressDelegate[C]: handleEvent: MozAfterPaint
08-03 15:30:42.919  6959  6976 D GeckoViewProgress: receiveMessage: MozAfterPaint
08-03 15:30:42.933  6959  7021 E eglCodecCommon: glUtilsParamSize: unknow param 0x00008caa
08-03 15:30:42.950  6959  7021 E eglCodecCommon: glUtilsParamSize: unknow param 0x00008caa
08-03 15:30:42.956  6989  7008 D GeckoViewProgressDelegate[C]: handleEvent: MozAfterPaint
08-03 15:30:42.957  6959  6976 D GeckoViewProgress: receiveMessage: MozAfterPaint
08-03 15:30:42.967  6959  7021 E eglCodecCommon: glUtilsParamSize: unknow param 0x00008caa
08-03 15:30:42.983  6959  7021 E eglCodecCommon: glUtilsParamSize: unknow param 0x00008caa
08-03 15:30:43.000  6959  7021 E eglCodecCommon: glUtilsParamSize: unknow param 0x00008caa
08-03 15:30:43.017  6959  7021 E eglCodecCommon: glUtilsParamSize: unknow param 0x00008caa
08-03 15:30:43.033  6959  7021 E eglCodecCommon: glUtilsParamSize: unknow param 0x00008caa
08-03 15:30:43.050  6959  7021 E eglCodecCommon: glUtilsParamSize: unknow param 0x00008caa
08-03 15:30:43.067  6959  7021 E eglCodecCommon: glUtilsParamSize: unknow param 0x00008caa
08-03 15:30:43.083  6959  7021 E eglCodecCommon: glUtilsParamSize: unknow param 0x00008caa
08-03 15:30:43.099  6959  7021 E eglCodecCommon: glUtilsParamSize: unknow param 0x00008caa
08-03 15:30:43.116  6959  7021 E eglCodecCommon: glUtilsParamSize: unknow param 0x00008caa
08-03 15:30:43.134  6959  7021 E eglCodecCommon: glUtilsParamSize: unknow param 0x00008caa
08-03 15:30:43.148  6959  7021 E eglCodecCommon: glUtilsParamSize: unknow param 0x00008caa
08-03 15:30:43.169  6959  7021 E eglCodecCommon: glUtilsParamSize: unknow param 0x00008caa
08-03 15:30:43.183  6959  7021 E eglCodecCommon: glUtilsParamSize: unknow param 0x00008caa
08-03 15:30:43.191  6989  7008 D GeckoViewProgressDelegate[C]: handleEvent: MozAfterPaint
08-03 15:30:43.192  6959  6976 D GeckoViewProgress: receiveMessage: MozAfterPaint
08-03 15:30:43.199  6959  7021 E eglCodecCommon: glUtilsParamSize: unknow param 0x00008caa
08-03 15:30:43.334  6959  7021 E eglCodecCommon: glUtilsParamSize: unknow param 0x00008caa
08-03 15:30:43.339  6989  7008 D GeckoViewProgressDelegate[C]: handleEvent: MozAfterPaint
08-03 15:30:43.340  6959  6976 D GeckoViewProgress: receiveMessage: MozAfterPaint
08-03 15:30:43.409  6959  7021 E eglCodecCommon: glUtilsParamSize: unknow param 0x00008caa
08-03 15:30:43.414  6989  7008 D GeckoViewProgressDelegate[C]: handleEvent: MozAfterPaint
08-03 15:30:43.414  6959  6976 D GeckoViewProgress: receiveMessage: MozAfterPaint
08-03 15:30:43.499  6959  7021 E eglCodecCommon: glUtilsParamSize: unknow param 0x00008caa
08-03 15:30:43.505  6989  7008 D GeckoViewProgressDelegate[C]: handleEvent: MozAfterPaint
08-03 15:30:43.505  6959  6976 D GeckoViewProgress: receiveMessage: MozAfterPaint
08-03 15:30:43.633  6959  7021 E eglCodecCommon: glUtilsParamSize: unknow param 0x00008caa
08-03 15:30:43.637  6989  7008 D GeckoViewProgressDelegate[C]: handleEvent: MozAfterPaint
08-03 15:30:43.638  6959  6976 D GeckoViewProgress: receiveMessage: MozAfterPaint
08-03 15:30:43.910  6959  7021 E eglCodecCommon: glUtilsParamSize: unknow param 0x00008caa
08-03 15:30:43.915  6989  7008 D GeckoViewProgressDelegate[C]: handleEvent: MozAfterPaint
08-03 15:30:43.916  6959  6976 D GeckoViewProgress: receiveMessage: MozAfterPaint
08-03 15:30:44.029  6959  6959 I GeckoViewActivity: New Session state: {"scrolldata":{"scroll":"117,91","zoom":{"resolution":1,"displaySize":{"height":544,"width":800}}},"formdata":{"url":"https:\/\/luke-chang.github.io\/autofill-demo\/basic_cc.html?","xpath":{"\/xhtml:html\/xhtml:body\/xhtml:form\/xhtml:label[3]\/xhtml:input":"06","\/xhtml:html\/xhtml:body\/xhtml:form\/xhtml:label\/xhtml:input":"aaaa","\/xhtml:html\/xhtml:body\/xhtml:form\/xhtml:label[4]\/xhtml:input":"2033"}},"history":{"entries":[{"persist":true,"cacheKey":0,"ID":1,"url":"https:\/\/luke-chang.github.io\/autofill-demo\/basic_cc.html?","title":"Form Autofill Demo: Basic Credit Card @autocomplete","loadReplace":false,"docIdentifier":2147483649,"loadReplace2":true,"partitionedPrincipalToInherit_base64":"eyIwIjp7IjAiOiJtb3otbnVsbHByaW5jaXBhbDp7OWU2MTNiMGEtNzYxMi00YTk5LTlkNjYtYmEwYmU3ZTNmN2UwfT9odHRwczovL2x1a2UtY2hhbmcuZ2l0aHViLmlvIn19","triggeringPrincipal_base64":"eyIzIjp7fX0=","principalToInherit_base64":"eyIwIjp7IjAiOiJtb3otbnVsbHByaW5jaXBhbDp7OWU2MTNiMGEtNzYxMi00YTk5LTlkNjYtYmEwYmU3ZTNmN2UwfT9odHRwczovL2x1a2UtY2hhbmcuZ2l0aHViLmlvIn19","resultPrincipalURI":"https:\/\/luke-chang.github.io\/autofill-demo\/basic_cc.html?","hasUserInteraction":false,"originalURI":"https:\/\/luke-chang.github.io\/autofill-demo\/basic_cc.html?","docshellUUID":"{02a71228-3380-44a7-bb56-38268170c1c8}"}],"requestedIndex":0,"fromIdx":-1,"index":1}}
08-03 15:30:44.030  6959  6959 D GeckoSession: handleMessage GeckoView:StateUpdated uri=null
08-03 15:30:44.411  6959  7021 E eglCodecCommon: glUtilsParamSize: unknow param 0x00008caa
08-03 15:30:44.417  6989  7008 D GeckoViewProgressDelegate[C]: handleEvent: MozAfterPaint
08-03 15:30:44.418  6959  6976 D GeckoViewProgress: receiveMessage: MozAfterPaint
08-03 15:30:44.913  6959  7021 E eglCodecCommon: glUtilsParamSize: unknow param 0x00008caa
08-03 15:30:44.919  6989  7008 D GeckoViewProgressDelegate[C]: handleEvent: MozAfterPaint
08-03 15:30:44.920  6959  6976 D GeckoViewProgress: receiveMessage: MozAfterPaint
08-03 15:30:45.418  6959  7021 E eglCodecCommon: glUtilsParamSize: unknow param 0x00008caa
08-03 15:30:45.425  6989  7008 D GeckoViewProgressDelegate[C]: handleEvent: MozAfterPaint
08-03 15:30:45.427  6959  6976 D GeckoViewProgress: receiveMessage: MozAfterPaint
08-03 15:30:45.919  6959  7021 E eglCodecCommon: glUtilsParamSize: unknow param 0x00008caa
08-03 15:30:45.925  6989  7008 D GeckoViewProgressDelegate[C]: handleEvent: MozAfterPaint
08-03 15:30:45.925  6959  6976 D GeckoViewProgress: receiveMessage: MozAfterPaint
08-03 15:30:46.425  6959  7021 E eglCodecCommon: glUtilsParamSize: unknow param 0x00008caa
08-03 15:30:46.430  6989  7008 D GeckoViewProgressDelegate[C]: handleEvent: MozAfterPaint
08-03 15:30:46.430  6959  6976 D GeckoViewProgress: receiveMessage: MozAfterPaint
08-03 15:30:46.929  6959  7021 E eglCodecCommon: glUtilsParamSize: unknow param 0x00008caa
08-03 15:30:46.936  6989  7008 D GeckoViewProgressDelegate[C]: handleEvent: MozAfterPaint
08-03 15:30:46.938  6959  6976 D GeckoViewProgress: receiveMessage: MozAfterPaint
08-03 15:30:47.433  6959  7021 E eglCodecCommon: glUtilsParamSize: unknow param 0x00008caa
08-03 15:30:47.439  6989  7008 D GeckoViewProgressDelegate[C]: handleEvent: MozAfterPaint
08-03 15:30:47.440  6959  6976 D GeckoViewProgress: receiveMessage: MozAfterPaint
08-03 15:30:47.935  6959  6976 D GeckoViewActivity: onHistogram name: CONTENT_FRAME_TIME, value: [J@7d6da8c
08-03 15:30:47.935  6959  6976 D GeckoViewActivity: onHistogram name: WR_SCENESWAP_TIME, value: [J@159e5d5
08-03 15:30:47.935  6959  6976 D GeckoViewActivity: onHistogram name: GC_MINOR_US, value: [J@f0bf1ea
08-03 15:30:47.935  6959  6976 D GeckoViewActivity: onHistogram name: CONTENT_FRAME_TIME_WITHOUT_RESOURCE_UPLOAD, value: [J@c77cdb
08-03 15:30:47.935  6959  6976 D GeckoViewActivity: onHistogram name: WR_SCENEBUILD_TIME, value: [J@95d1378
08-03 15:30:47.935  6959  6976 D GeckoViewActivity: onHistogram name: CONTENT_FULL_PAINT_TIME, value: [J@f600a51
08-03 15:30:47.935  6959  6976 D GeckoViewActivity: onHistogram name: CHECKERBOARD_POTENTIAL_DURATION, value: [J@aaf42b6
08-03 15:30:47.935  6959  6976 D GeckoViewActivity: onHistogram name: COMPOSITE_TIME, value: [J@1b70bb7
08-03 15:30:47.935  6959  6976 D GeckoViewActivity: onHistogram name: WR_FRAMEBUILD_TIME, value: [J@70bef24
08-03 15:30:47.935  6959  6976 D GeckoViewActivity: onHistogram name: CONTENT_FRAME_TIME_WITHOUT_UPLOAD, value: [J@cc9fa8d
08-03 15:30:47.936  6959  6976 D GeckoViewActivity: onHistogram name: CONTENT_FRAME_TIME_VSYNC, value: [J@264d442
08-03 15:30:47.936  6959  6976 D GeckoViewActivity: onHistogram name: KEYPRESS_PRESENT_LATENCY, value: [J@aa6ac53
08-03 15:30:47.936  6959  6976 D GeckoViewActivity: onHistogram name: CONTENT_FRAME_TIME_REASON, value: [J@caad990
08-03 15:30:47.937  6959  7021 E eglCodecCommon: glUtilsParamSize: unknow param 0x00008caa
08-03 15:30:47.944  6989  7008 D GeckoViewProgressDelegate[C]: handleEvent: MozAfterPaint
08-03 15:30:47.944  6959  6976 D GeckoViewProgress: receiveMessage: MozAfterPaint
08-03 15:30:48.437  6959  7021 E eglCodecCommon: glUtilsParamSize: unknow param 0x00008caa
08-03 15:30:48.442  6989  7008 D GeckoViewProgressDelegate[C]: handleEvent: MozAfterPaint
08-03 15:30:48.443  6959  6976 D GeckoViewProgress: receiveMessage: MozAfterPaint
08-03 15:30:48.483  6959  7021 E eglCodecCommon: glUtilsParamSize: unknow param 0x00008caa
08-03 15:30:48.489  6989  7008 D GeckoViewProgressDelegate[C]: handleEvent: MozAfterPaint
08-03 15:30:48.490  6959  6976 D GeckoViewProgress: receiveMessage: MozAfterPaint
08-03 15:30:48.500  6959  7021 E eglCodecCommon: glUtilsParamSize: unknow param 0x00008caa
08-03 15:30:48.518  6959  6977 D EGL_emulation: eglMakeCurrent: 0xdf721ce0: ver 3 0 (tinfo 0xe144fa70)
08-03 15:30:48.519  6959  7021 E eglCodecCommon: glUtilsParamSize: unknow param 0x00008caa
08-03 15:30:48.535  6959  7021 E eglCodecCommon: glUtilsParamSize: unknow param 0x00008caa
08-03 15:30:48.550  6959  7021 E eglCodecCommon: glUtilsParamSize: unknow param 0x00008caa
08-03 15:30:48.568  6959  7021 E eglCodecCommon: glUtilsParamSize: unknow param 0x00008caa
08-03 15:30:48.584  6959  7021 E eglCodecCommon: glUtilsParamSize: unknow param 0x00008caa
08-03 15:30:48.951  6959  7021 E eglCodecCommon: glUtilsParamSize: unknow param 0x00008caa
08-03 15:30:48.958  6989  7008 D GeckoViewProgressDelegate[C]: handleEvent: MozAfterPaint
08-03 15:30:48.958  6959  6976 D GeckoViewProgress: receiveMessage: MozAfterPaint
08-03 15:30:49.255  6959  7021 E eglCodecCommon: glUtilsParamSize: unknow param 0x00008caa
08-03 15:30:49.259  6989  7008 D GeckoViewProgressDelegate[C]: handleEvent: MozAfterPaint
08-03 15:30:49.260  6959  6976 D GeckoViewProgress: receiveMessage: MozAfterPaint
08-03 15:30:49.450  6959  7021 E eglCodecCommon: glUtilsParamSize: unknow param 0x00008caa
08-03 15:30:49.455  6989  7008 D GeckoViewProgressDelegate[C]: handleEvent: MozAfterPaint
08-03 15:30:49.456  6959  6976 D GeckoViewProgress: receiveMessage: MozAfterPaint
08-03 15:30:49.503  6959  6959 I GeckoViewActivity: New Session state: {"scrolldata":{"scroll":"0,91","zoom":{"resolution":1,"displaySize":{"height":544,"width":800}}},"formdata":{"url":"https:\/\/luke-chang.github.io\/autofill-demo\/basic_cc.html?","xpath":{"\/xhtml:html\/xhtml:body\/xhtml:form\/xhtml:label[3]\/xhtml:input":"06","\/xhtml:html\/xhtml:body\/xhtml:form\/xhtml:label\/xhtml:input":"aaaa","\/xhtml:html\/xhtml:body\/xhtml:form\/xhtml:label[4]\/xhtml:input":"2033"}},"history":{"entries":[{"persist":true,"cacheKey":0,"ID":1,"url":"https:\/\/luke-chang.github.io\/autofill-demo\/basic_cc.html?","title":"Form Autofill Demo: Basic Credit Card @autocomplete","loadReplace":false,"docIdentifier":2147483649,"loadReplace2":true,"partitionedPrincipalToInherit_base64":"eyIwIjp7IjAiOiJtb3otbnVsbHByaW5jaXBhbDp7OWU2MTNiMGEtNzYxMi00YTk5LTlkNjYtYmEwYmU3ZTNmN2UwfT9odHRwczovL2x1a2UtY2hhbmcuZ2l0aHViLmlvIn19","triggeringPrincipal_base64":"eyIzIjp7fX0=","principalToInherit_base64":"eyIwIjp7IjAiOiJtb3otbnVsbHByaW5jaXBhbDp7OWU2MTNiMGEtNzYxMi00YTk5LTlkNjYtYmEwYmU3ZTNmN2UwfT9odHRwczovL2x1a2UtY2hhbmcuZ2l0aHViLmlvIn19","resultPrincipalURI":"https:\/\/luke-chang.github.io\/autofill-demo\/basic_cc.html?","hasUserInteraction":false,"originalURI":"https:\/\/luke-chang.github.io\/autofill-demo\/basic_cc.html?","docshellUUID":"{02a71228-3380-44a7-bb56-38268170c1c8}"}],"requestedIndex":0,"fromIdx":-1,"index":1}}
08-03 15:30:49.503  6959  6959 D GeckoSession: handleMessage GeckoView:StateUpdated uri=null
08-03 15:30:49.939  6959  7021 E eglCodecCommon: glUtilsParamSize: unknow param 0x00008caa
08-03 15:30:49.943  6989  7008 D GeckoViewProgressDelegate[C]: handleEvent: MozAfterPaint
08-03 15:30:49.944  6959  6976 D GeckoViewProgress: receiveMessage: MozAfterPaint
08-03 15:30:50.221  6989  7008 D GeckoViewAutoFill[C]: handleEvent: focusout
08-03 15:30:50.221  6989  7008 D GeckoViewAutofill: Auto-fill focus on null
08-03 15:30:50.221  6989  7008 D GeckoViewAutoFill[C]: handleEvent: focusin
08-03 15:30:50.221  6989  7008 D GeckoViewAutofill: Auto-fill focus on INPUT
08-03 15:30:50.227  6959  6976 D GeckoViewAutocomplete: fetchCreditCards
08-03 15:30:50.227  6989  7008 I Gecko   : console.warn: LoginRecipes: "getRecipes: falling back to a synchronous message for:" "https://luke-chang.github.io"
08-03 15:30:50.228  6989  7008 W Web Content: [JavaScript Warning: "getRecipes: falling back to a synchronous message for: https://luke-chang.github.io"]
08-03 15:30:50.231  6959  6959 E GeckoSession: [Dimi]HandlePromptEvent: 
08-03 15:30:50.231  6959  6959 E GeckoSession: [Dimi]HandlePromptEvent: Save:CreditCard
08-03 15:30:50.231  6959  6959 E GeckoSession: [Dimi]HandlePromptEvent: Save:CreditCard, create option 
08-03 15:30:50.231  6959  6959 E GeckoSession: [Dimi]HandlePromptEvent: Save:CreditCard, done creat...
08-03 15:30:50.231  6959  6959 E GeckoSession: [Dimi]onCreditCardSave >>
08-03 15:30:50.231  6959  6959 I BasicGeckoViewPrompt: [Dimi]This is called in GeckoViewPrompt Example onCreditCardSave CreditCard {guid=null, name=aaaa, number=3566002020360505, expirationMonth=6, expirationYear=2033}
08-03 15:30:50.231  6959  6959 E GeckoSession: [Dimi]onCreditCardSave <<
08-03 15:30:50.232  6959  6976 D GeckoViewAutocomplete: onLoginSave {"expMonth":6,"expYear":2033,"number":"3566002020360505","guid":null,"name":"aaaa"}
08-03 15:30:50.233  6959  6959 I Autocomplete: [Dimi]GeckoView.java onLoginSave >>
