08-03 09:23:46.037  1660  1660 D UsbAlsaManager: Adding ALSA device AlsaDevice: [card: 0, device: 0, type: 2]
08-03 09:23:46.037  1291  1323 V vold    : Waiting for FUSE to spin up...
08-03 09:23:46.037  1660  1660 I SystemServer: WebViewFactory preparation
08-03 09:23:46.088  1660  1705 D VoldConnector: RCV <- {651 emulated 2}
08-03 09:23:46.088  1660  1705 D VoldConnector: RCV <- {200 5 Command succeeded}
08-03 09:23:46.096  1660  1660 I ActivityManager: Start proc 1772:WebViewLoader-x86/1037 [android.webkit.WebViewFactory$RelroFileCreator] for 
08-03 09:23:46.107  1660  1660 I ActivityManager: Start proc 1777:WebViewLoader-x86_64/1037 [android.webkit.WebViewFactory$RelroFileCreator] for 
08-03 09:23:46.109  1660  1660 D NetworkManagement: enabling bandwidth control
08-03 09:23:46.248  1660  1660 I NetworkPolicy: adding default package com.android.providers.downloads (uid 10010 for user 0) to restrict background whitelist
08-03 09:23:46.278  1660  1660 D NetworkPolicy: setRestrictBackgroundLocked(): false
08-03 09:23:46.322  1660  1660 I SystemServiceManager: Starting phase 600
08-03 09:23:46.344  1660  1660 D SensorNotificationService: Cannot obtain dynamic meta sensor, not supported.
08-03 09:23:46.361  1660  1660 W LocationProviderProxy-network: Odd, no component found for service com.android.location.service.v3.NetworkLocationProvider
08-03 09:23:46.364  1660  1660 W GeocoderProxy: Odd, no component found for service com.android.location.service.GeocodeProvider
08-03 09:23:46.364  1660  1660 D LocationManagerService: FLP HAL not supported
08-03 09:23:46.365  1660  1660 W GeofenceProxy: Odd, no component found for service com.android.location.service.GeofenceProvider
08-03 09:23:46.366  1660  1660 D LocationManagerService: Hardware Activity-Recognition not supported.
08-03 09:23:46.366  1660  1660 W ActivityRecognitionProxy: Odd, no component found for service com.android.location.service.ActivityRecognitionProvider
08-03 09:23:46.385  1660  1660 I MmsServiceBroker: Delay connecting to MmsService until an API is called
08-03 09:23:46.388  1660  1660 W VoiceInteractionManagerService: no available voice interaction services found for user 0
08-03 09:23:46.388  1660  1660 W VoiceInteractionManagerService: no available voice recognition services found for user 0
08-03 09:23:46.413  1660  1660 I ActivityManager: Start proc 1861:com.android.phone/1001 for added application com.android.phone
08-03 09:23:46.414  1660  1660 I ActivityManager: START u0 {act=android.intent.action.MAIN cat=[android.intent.category.HOME] flg=0x10000100 cmp=com.android.settings/.FallbackHome} from uid 0 on display 0
08-03 09:23:46.433  1660  1660 I ActivityManager: Loaded persisted task ids for user 0
08-03 09:23:46.455  1660  1660 I ActivityManager: Start proc 1883:com.android.settings/1000 for activity com.android.settings/.FallbackHome
08-03 09:23:46.459  1660  1660 I SystemServer: Enabled StrictMode for system server main thread.
08-03 09:23:46.464  1660  1660 W ContextImpl: Calling a method in the system process without a qualified user: android.app.ContextImpl.startService:1385 com.android.server.content.SyncManager$13.run:631 android.os.Handler.handleCallback:751 android.os.Handler.dispatchMessage:95 android.os.Looper.loop:154 
08-03 09:23:46.467  1660  1673 W LocationProviderProxy-network: Odd, no component found for service com.android.location.service.v3.NetworkLocationProvider
08-03 09:23:46.467  1660  1673 W GeocoderProxy: Odd, no component found for service com.android.location.service.GeocodeProvider
08-03 09:23:46.467  1660  1673 W GeofenceProxy: Odd, no component found for service com.android.location.service.GeofenceProvider
08-03 09:23:46.467  1660  1673 W ActivityRecognitionProxy: Odd, no component found for service com.android.location.service.ActivityRecognitionProvider
08-03 09:23:46.471  1660  1660 D ConditionProviders.SCP: onConnected
08-03 09:23:46.471  1660  1660 D ZenLog  : set_zen_mode: off,readXml
08-03 09:23:46.472  1660  1660 D ConditionProviders: Subscribing to condition://android/schedule?days=1.2.3.4.5&start=22.0&end=7.0&exitAtAlarm=false with ComponentInfo{android/com.android.server.notification.ScheduleConditionProvider}
08-03 09:23:46.472  1660  1660 D ZenLog  : subscribe: condition://android/schedule?days=1.2.3.4.5&start=22.0&end=7.0&exitAtAlarm=false,ok
08-03 09:23:46.472  1660  1660 D ConditionProviders: Subscribing to condition://android/event?userId=-10000&calendar=&reply=1 with ComponentInfo{android/com.android.server.notification.EventConditionProvider}
08-03 09:23:46.472  1660  1660 D ZenLog  : subscribe: condition://android/event?userId=-10000&calendar=&reply=1,ok
08-03 09:23:46.472  1660  1660 D ConditionProviders: Subscribing to condition://android/schedule?days=6.7&start=23.30&end=10.0&exitAtAlarm=false with ComponentInfo{android/com.android.server.notification.ScheduleConditionProvider}
08-03 09:23:46.472  1660  1660 D ZenLog  : subscribe: condition://android/schedule?days=6.7&start=23.30&end=10.0&exitAtAlarm=false,ok
08-03 09:23:46.485  1660  1660 D ZenLog  : set_zen_mode: off,cleanUpZenRules
08-03 09:23:46.574  1733  1917 E ActivityThread: Failed to find provider info for user_dictionary
08-03 09:23:46.599  1660  1660 I Telecom : SystemStateProvider: Registering car mode receiver: android.content.IntentFilter@3031b6b: TS.init@AAA
08-03 09:23:46.634  1660  1924 I Telecom : Telecom: Non-call EVENT: AUDIO_ROUTE, Entering state QuiescentEarpieceRoute
08-03 09:23:46.635  1660  1929 I Telecom : CallAudioModeStateMachine: Message received: null.: TS.init->CAMSM.pM_1@AAA_0
08-03 09:23:46.638  1660  1930 E ActivityThread: Failed to find provider info for call_log
08-03 09:23:46.647  1660  1660 I Telecom : Class: TelecomSystem.INSTANCE being set
08-03 09:23:46.692  1660  1660 V WiredAccessoryManager: notifyWiredAccessoryChanged: when=0 bits= mask=54
08-03 09:23:46.692  1660  1660 V WiredAccessoryManager: newName=h2w newState=0 headsetState=0 prev headsetState=0
08-03 09:23:46.692  1660  1660 V WiredAccessoryManager: init()
08-03 09:23:46.695  1660  1673 I SyncManager: Got SyncJobService instance.
08-03 09:23:46.730  1660  1660 D AccessibilityManagerService: Ignoring non-encryption-aware service ComponentInfo{com.example.android.apis/com.example.android.apis.accessibility.ClockBackService}
08-03 09:23:46.730  1660  1660 D AccessibilityManagerService: Ignoring non-encryption-aware service ComponentInfo{com.example.android.apis/com.example.android.apis.accessibility.MagnificationService}
08-03 09:23:46.730  1660  1660 D AccessibilityManagerService: Ignoring non-encryption-aware service ComponentInfo{com.example.android.apis/com.example.android.apis.accessibility.TaskBackService}
08-03 09:23:46.739  1660  1660 D ConditionProviders.SCP: onSubscribe condition://android/schedule?days=1.2.3.4.5&start=22.0&end=7.0&exitAtAlarm=false
08-03 09:23:46.739  1660  1660 D ConditionProviders.SCP: setRegistered true
08-03 09:23:46.743  1660  1660 D ConditionProviders.SCP: notifyCondition condition://android/schedule?days=1.2.3.4.5&start=22.0&end=7.0&exitAtAlarm=false STATE_FALSE reason=!meetsSchedule
08-03 09:23:46.744  1660  1660 D ConditionProviders.SCP: Scheduling evaluate for Tue Aug 03 22:00:00 GMT+02:00 2021 (1628020800000), in +12h36m13s258ms, now=Tue Aug 03 09:23:46 GMT+02:00 2021 (1627975426742)
08-03 09:23:46.744  1660  1660 D ConditionProviders.SCP: onSubscribe condition://android/schedule?days=6.7&start=23.30&end=10.0&exitAtAlarm=false
08-03 09:23:46.745  1660  1660 D ConditionProviders.SCP: notifyCondition condition://android/schedule?days=6.7&start=23.30&end=10.0&exitAtAlarm=false STATE_FALSE reason=!meetsSchedule
08-03 09:23:46.745  1660  1660 D ConditionProviders.SCP: notifyCondition condition://android/schedule?days=1.2.3.4.5&start=22.0&end=7.0&exitAtAlarm=false STATE_FALSE reason=!meetsSchedule
08-03 09:23:46.745  1660  1660 D ConditionProviders.SCP: Scheduling evaluate for Tue Aug 03 10:00:00 GMT+02:00 2021 (1627977600000), in +36m13s255ms, now=Tue Aug 03 09:23:46 GMT+02:00 2021 (1627975426745)
08-03 09:23:46.750  1660  1660 I Telecom : WiredHeadsetManager: ACTION_HEADSET_PLUG event, plugged in: false, : WHC.oADA@AAE
08-03 09:23:46.753  1660  1723 E ActivityThread: Failed to find provider info for com.android.calendar
08-03 09:23:46.753  1660  1723 E ActivityThread: Failed to find provider info for com.android.calendar
08-03 09:23:46.758  1660  1660 I ActivityManager: user 0 is still locked. Cannot load recents
08-03 09:23:46.770  1660  1960 I DropBoxManagerService: Cleaning temp file: /data/system/dropbox/drop341.tmp
08-03 09:23:46.906  1660  1674 W KeyguardServiceDelegate: onScreenTurningOn(): no keyguard service!
08-03 09:23:46.985  1660  1717 D ConnectivityService: Got NetworkFactory Messenger for PhoneSwitcherNetworkRequstListener
08-03 09:23:46.988  1660  1717 D ConnectivityService: Got NetworkFactory Messenger for TelephonyNetworkFactory[0]
08-03 09:23:47.003  1861  1993 E ActivityThread: Failed to find provider info for com.android.contacts
08-03 09:23:47.072  1660  1674 I ActivityManager: Start proc 2001:com.android.cellbroadcastreceiver/u0a4 for broadcast com.android.cellbroadcastreceiver/.CellBroadcastReceiver
08-03 09:23:47.811  1660  1660 D ConditionProviders.SCP: onReceive android.intent.action.TIME_SET
08-03 09:23:47.812  1660  1660 D ConditionProviders.SCP: notifyCondition condition://android/schedule?days=6.7&start=23.30&end=10.0&exitAtAlarm=false STATE_FALSE reason=!meetsSchedule
08-03 09:23:47.812  1660  1660 D ConditionProviders.SCP: notifyCondition condition://android/schedule?days=1.2.3.4.5&start=22.0&end=7.0&exitAtAlarm=false STATE_FALSE reason=!meetsSchedule
08-03 09:23:47.812  1660  1660 D ConditionProviders.SCP: Scheduling evaluate for Tue Aug 03 10:00:00 GMT+02:00 2021 (1627977600000), in +36m12s189ms, now=Tue Aug 03 09:23:47 GMT+02:00 2021 (1627975427811)
08-03 09:23:47.813  1660  1723 E ActivityThread: Failed to find provider info for com.android.calendar
08-03 09:23:47.813  1660  1723 E ActivityThread: Failed to find provider info for com.android.calendar
08-03 09:23:47.875  1660  1880 I Telecom : PhoneAccountRegistrar: New phone account registered: [[ ] PhoneAccount: ComponentInfo{com.android.phone/com.android.services.telephony.TelephonyConnectionService}, [e0184adedf913b076626646d3f52c3b49c39ad6d], UserHandle{0} Capabilities: CallProvider MultiUser PlaceEmerg SimSub  Schemes: tel voicemail  Extras: null]: TSI.rPA@AAM
08-03 09:23:47.876  1660  1880 I Telecom : : Sending phone-account registered intent as user: TSI.rPA@AAM
08-03 09:23:47.889  1660  1672 I ActivityManager: Start proc 2019:com.android.deskclock/u0a32 for broadcast com.android.deskclock/.AlarmInitReceiver
08-03 09:23:47.913  1660  1880 I Telecom : : Sending phone-account unregistered intent as user: TSI.uPA@AAU
08-03 09:23:47.919  1861  1861 D MccTable: updateMccMncConfiguration mccmnc='310260' fromServiceState=true
08-03 09:23:47.920  1861  1861 D MccTable: updateMccMncConfiguration defaultMccMnc=
08-03 09:23:47.920  1861  1861 D MccTable: updateMccMncConfiguration: mcc=310, mnc=260
08-03 09:23:47.920  1861  1861 D MccTable: WIFI_COUNTRY_CODE set to us
08-03 09:23:47.922  1660  1694 I WifiService: WifiService trying to set country code to us with persist set to true
08-03 09:23:47.963  1660  1672 I StatusBarManagerService: registerStatusBar bar=com.android.internal.statusbar.IStatusBar$Stub$Proxy@249585a
08-03 09:23:47.981  1660  1878 I Telecom : PhoneAccountRegistrar: [ComponentInfo{com.android.phone/com.android.services.telephony.TelephonyConnectionService}, [e0184adedf913b076626646d3f52c3b49c39ad6d], UserHandle{0}(icon: Icon(typ=BITMAP size=38x48) -> Icon(typ=BITMAP size=38x48))]: TSI.rPA@AAg
08-03 09:23:47.984  1660  1878 I Telecom : : Sending phone-account registered intent as user: TSI.rPA@AAg
08-03 09:23:48.039  1861  1861 D MccTable: updateMccMncConfiguration mccmnc='310260' fromServiceState=false
08-03 09:23:48.039  1861  1861 D MccTable: updateMccMncConfiguration defaultMccMnc=
08-03 09:23:48.039  1861  1861 D MccTable: updateMccMncConfiguration: mcc=310, mnc=260
08-03 09:23:48.039  1861  1861 D MccTable: updateMccMncConfiguration updateConfig config={1.0 310mcc260mnc ?localeList ?layoutDir ?swdp ?wdp ?hdp ?density ?lsize ?long ?orien ?uimode ?night ?touch ?keyb/?/? ?nav/?}
08-03 09:23:48.039  1660  1671 I ActivityManager: Config changes=3 {1.0 310mcc260mnc [en_US] ldltr sw400dp w400dp h616dp 320dpi nrml port finger qwerty/v/v tball/v s.6}
08-03 09:23:48.059  1660  1681 I SystemServiceManager: Starting phase 1000
08-03 09:23:48.084  1660  1681 I ActivityManager: Start proc 2042:android.ext.services/u0a12 for on-hold
08-03 09:23:48.091  1660  1681 D ActivityManager: Finishing user boot 0
08-03 09:23:48.092  1660  1681 D CryptdConnector: SND -> {3 cryptfs prepare_user_storage ! 0 0 2}
08-03 09:23:48.093  1291  1324 D vold    : e4crypt_prepare_user_storage for volume null, user 0, serial 0, flags 2
08-03 09:23:48.093  1291  1324 D vold    : Preparing: /data/system_ce/0
08-03 09:23:48.093  1291  1324 D vold    : Preparing: /data/misc_ce/0
08-03 09:23:48.093  1291  1324 D vold    : Preparing: /data/media/0
08-03 09:23:48.093  1291  1324 D vold    : Preparing: /data/data
08-03 09:23:48.093  1660  1706 D CryptdConnector: RCV <- {200 3 Command succeeded}
08-03 09:23:48.093  1660  1681 V UserManagerService: Found /data/user/0 with serial number 0
08-03 09:23:48.093  1660  1681 V UserManagerService: Found /data/system_ce/0 with serial number 0
08-03 09:23:48.094  1660  1681 V PackageManager: reconcileAppsData for null u0 0x2
08-03 09:23:48.135  1660  1681 V PackageManager: reconcileAppsData finished 81 packages; restoreconNeeded was false
08-03 09:23:48.137  1660  2060 I WindowManager: Destroying surface Surface(name=com.android.settings/com.android.settings.FallbackHome) called by com.android.server.wm.WindowStateAnimator.destroySurface:2014 com.android.server.wm.WindowStateAnimator.destroySurfaceLocked:881 com.android.server.wm.WindowState.removeLocked:1449 com.android.server.wm.WindowManagerService.removeWindowInnerLocked:2478 com.android.server.wm.WindowManagerService.removeWindowLocked:2436 com.android.server.wm.WindowManagerService.removeWindowLocked:2305 com.android.server.wm.WindowManagerService.removeWindow:2300 com.android.server.wm.Session.remove:193 
08-03 09:23:48.145  1660  2060 I Telecom : PhoneAccountRegistrar: [ComponentInfo{com.android.phone/com.android.services.telephony.TelephonyConnectionService}, [e0184adedf913b076626646d3f52c3b49c39ad6d], UserHandle{0}(addr: tel:************ -> tel:)(icon: Icon(typ=BITMAP size=38x48) -> Icon(typ=BITMAP size=38x48))(subAddr: tel:************ -> tel:)]: TSI.rPA@AAw
08-03 09:23:48.145  1660  2060 I Telecom : : Sending phone-account registered intent as user: TSI.rPA@AAw
08-03 09:23:48.149  1660  1674 D MountService: onUnlockUser 0
08-03 09:23:48.149  1660  1674 D VoldConnector: SND -> {6 volume user_started 0}
08-03 09:23:48.150  1291  1323 D vold    : Linking /storage/emulated/0 to /mnt/user/0/primary
08-03 09:23:48.150  1660  1705 D VoldConnector: RCV <- {200 6 Command succeeded}
08-03 09:23:48.153  1660  1704 D MountService: Volume emulated broadcasting mounted to UserHandle{0}
08-03 09:23:48.167  1660  1878 I Telecom : PhoneAccountRegistrar: [ComponentInfo{com.android.phone/com.android.services.telephony.TelephonyConnectionService}, [e0184adedf913b076626646d3f52c3b49c39ad6d], UserHandle{0}(icon: Icon(typ=BITMAP size=38x48) -> Icon(typ=BITMAP size=38x48))]: TSI.rPA@ABA
08-03 09:23:48.173  1660  1878 I Telecom : : Sending phone-account registered intent as user: TSI.rPA@ABA
08-03 09:23:48.200  1660  1674 V BackupManagerService: No ancestral data
08-03 09:23:48.206  1861  1861 D MccTable: updateMccMncConfiguration mccmnc='310260' fromServiceState=false
08-03 09:23:48.206  1861  1861 D MccTable: updateMccMncConfiguration defaultMccMnc=310260
08-03 09:23:48.206  1861  1861 D MccTable: updateMccMncConfiguration: mcc=310, mnc=260
08-03 09:23:48.206  1861  1861 D MccTable: updateMccMncConfiguration updateConfig config={1.0 310mcc260mnc ?localeList ?layoutDir ?swdp ?wdp ?hdp ?density ?lsize ?long ?orien ?uimode ?night ?touch ?keyb/?/? ?nav/?}
08-03 09:23:48.246  1660  1674 V KeyValueBackupJob: Scheduling k/v pass in 241 minutes
08-03 09:23:48.260  1660  1677 E BatteryStatsService: no controller energy info supplied
08-03 09:23:48.260  1660  1677 E KernelCpuSpeedReader: Failed to read cpu-freq: /sys/devices/system/cpu/cpu0/cpufreq/stats/time_in_state (No such file or directory)
08-03 09:23:48.260  1660  1677 E KernelUidCpuTimeReader: Failed to read uid_cputime: /proc/uid_cputime/show_uid_stat (No such file or directory)
08-03 09:23:48.265  1660  1677 E BatteryStatsService: no controller energy info supplied
08-03 09:23:48.265  1660  1677 E KernelCpuSpeedReader: Failed to read cpu-freq: /sys/devices/system/cpu/cpu0/cpufreq/stats/time_in_state (No such file or directory)
08-03 09:23:48.265  1660  1677 E KernelUidCpuTimeReader: Failed to read uid_cputime: /proc/uid_cputime/show_uid_stat (No such file or directory)
08-03 09:23:48.266  1660  1674 V BackupManagerService: Starting with transport android/com.android.internal.backup.LocalTransport
08-03 09:23:48.266  1660  1674 V BackupManagerService: Found transports: 1
08-03 09:23:48.267  1660  1674 W BackupManagerService: Proposed transport ComponentInfo{android/com.android.internal.backup.LocalTransportService} not whitelisted; ignoring
08-03 09:23:48.267  1660  1674 I BackupManagerService: Found stale backup journal, scheduling
08-03 09:23:48.272  1660  1674 I BackupManagerService: Backup enabled => false
08-03 09:23:48.289  1660  1674 W VoiceInteractionManagerService: no available voice interaction services found for user 0
08-03 09:23:48.289  1660  1674 W VoiceInteractionManagerService: no available voice recognition services found for user 0
08-03 09:23:48.289  1660  1674 I ActivityManager: Loading recents for user 0 into memory.
08-03 09:23:48.294  1660  1674 D ActivityManager: Sending BOOT_COMPLETE user #0
08-03 09:23:48.303  1861  1861 D MccTable: updateMccMncConfiguration mccmnc='310260' fromServiceState=false
08-03 09:23:48.303  1861  1861 D MccTable: updateMccMncConfiguration defaultMccMnc=310260
08-03 09:23:48.303  1861  1861 D MccTable: updateMccMncConfiguration: mcc=310, mnc=260
08-03 09:23:48.303  1861  1861 D MccTable: updateMccMncConfiguration updateConfig config={1.0 310mcc260mnc ?localeList ?layoutDir ?swdp ?wdp ?hdp ?density ?lsize ?long ?orien ?uimode ?night ?touch ?keyb/?/? ?nav/?}
08-03 09:23:48.322  1660  1673 I ActivityManager: Start proc 2090:com.android.printspooler/u0a50 for service com.android.printspooler/.model.PrintSpoolerService
08-03 09:23:48.338  1660  2045 I WindowManager: Destroying surface Surface(name=com.android.settings/com.android.settings.FallbackHome) called by com.android.server.wm.WindowStateAnimator.destroySurface:2014 com.android.server.wm.WindowStateAnimator.destroySurfaceLocked:881 com.android.server.wm.WindowState.destroyOrSaveSurface:2073 com.android.server.wm.WindowManagerService.tryStartExitingAnimation:3017 com.android.server.wm.WindowManagerService.relayoutWindow:2897 com.android.server.wm.Session.relayout:215 android.view.IWindowSession$Stub.onTransact:286 com.android.server.wm.Session.onTransact:136 
08-03 09:23:48.351  1660  1725 I ActivityManager: Start proc 2109:com.android.keychain/1000 for service com.android.keychain/.KeyChainService
08-03 09:23:48.351  1660  2058 I ActivityManager: START u0 {act=android.intent.action.MAIN cat=[android.intent.category.HOME] flg=0x10000100 cmp=com.android.launcher3/.Launcher} from uid 0 on display 0
08-03 09:23:48.378  1660  2058 I ActivityManager: Start proc 2130:com.android.launcher3/u0a14 for activity com.android.launcher3/.Launcher
08-03 09:23:48.466  1660  1880 I ActivityManager: Start proc 2153:android.process.acore/u0a1 for content provider com.android.providers.contacts/.ContactsProvider2
08-03 09:23:48.513  1660  1673 W LocationProviderProxy-network: Odd, no component found for service com.android.location.service.v3.NetworkLocationProvider
08-03 09:23:48.513  1660  1673 W GeocoderProxy: Odd, no component found for service com.android.location.service.GeocodeProvider
08-03 09:23:48.513  1660  1673 W GeofenceProxy: Odd, no component found for service com.android.location.service.GeofenceProvider
08-03 09:23:48.513  1660  1673 W ActivityRecognitionProxy: Odd, no component found for service com.android.location.service.ActivityRecognitionProvider
08-03 09:23:48.580  1660  2058 I Telecom : PhoneAccountRegistrar: New phone account registered: [[ ] PhoneAccount: ComponentInfo{com.android.phone/com.android.services.telephony.TelephonyConnectionService}, [e2f7d48dd2b5ca523e7313cf4ba0f6ea830b6281], UserHandle{0} Capabilities: CallProvider MultiUser PlaceEmerg SimSub  Schemes: tel voicemail  Extras: null]: TSI.rPA@ABY
08-03 09:23:48.582  1660  2058 I Telecom : : Sending phone-account registered intent as user: TSI.rPA@ABY
08-03 09:23:48.588  1660  2060 I Telecom : : Sending phone-account unregistered intent as user: TSI.uPA@ABg
08-03 09:23:48.608  1660  1878 I Telecom : PhoneAccountRegistrar: [ComponentInfo{com.android.phone/com.android.services.telephony.TelephonyConnectionService}, [e2f7d48dd2b5ca523e7313cf4ba0f6ea830b6281], UserHandle{0}(icon: Icon(typ=BITMAP size=38x48) -> Icon(typ=BITMAP size=38x48))]: TSI.rPA@ABo
08-03 09:23:48.609  1660  1878 I Telecom : : Sending phone-account registered intent as user: TSI.rPA@ABo
08-03 09:23:48.626  1660  1694 I Telecom : PhoneAccountRegistrar: [ComponentInfo{com.android.phone/com.android.services.telephony.TelephonyConnectionService}, [e2f7d48dd2b5ca523e7313cf4ba0f6ea830b6281], UserHandle{0}(icon: Icon(typ=BITMAP size=38x48) -> Icon(typ=BITMAP size=38x48))]: TSI.rPA@AB0
08-03 09:23:48.631  1660  1694 I Telecom : : Sending phone-account registered intent as user: TSI.rPA@AB0
08-03 09:23:48.639  1660  1681 I WindowManager: Destroying surface Surface(name=KeyguardScrim) called by com.android.server.wm.WindowStateAnimator.destroySurface:2014 com.android.server.wm.WindowStateAnimator.destroySurfaceLocked:881 com.android.server.wm.WindowState.destroyOrSaveSurface:2073 com.android.server.wm.WindowSurfacePlacer.performSurfacePlacementInner:429 com.android.server.wm.WindowSurfacePlacer.performSurfacePlacementLoop:232 com.android.server.wm.WindowSurfacePlacer.performSurfacePlacement:180 com.android.server.wm.WindowManagerService$H.handleMessage:8079 android.os.Handler.dispatchMessage:102 
08-03 09:23:48.660  1660  2058 I Telecom : PhoneAccountRegistrar: [ComponentInfo{com.android.phone/com.android.services.telephony.TelephonyConnectionService}, [e2f7d48dd2b5ca523e7313cf4ba0f6ea830b6281], UserHandle{0}(icon: Icon(typ=BITMAP size=38x48) -> Icon(typ=BITMAP size=38x48))]: TSI.rPA@ACA
08-03 09:23:48.660  1660  2058 I Telecom : : Sending phone-account registered intent as user: TSI.rPA@ACA
08-03 09:23:48.701  1660  2058 I Telecom : PhoneAccountRegistrar: [ComponentInfo{com.android.phone/com.android.services.telephony.TelephonyConnectionService}, [e2f7d48dd2b5ca523e7313cf4ba0f6ea830b6281], UserHandle{0}(icon: Icon(typ=BITMAP size=38x48) -> Icon(typ=BITMAP size=38x48))]: TSI.rPA@ACM
08-03 09:23:48.702  1660  2058 I Telecom : : Sending phone-account registered intent as user: TSI.rPA@ACM
08-03 09:23:48.720  1660  1694 I Telecom : PhoneAccountRegistrar: [ComponentInfo{com.android.phone/com.android.services.telephony.TelephonyConnectionService}, [e2f7d48dd2b5ca523e7313cf4ba0f6ea830b6281], UserHandle{0}(icon: Icon(typ=BITMAP size=38x48) -> Icon(typ=BITMAP size=38x48))]: TSI.rPA@ACY
08-03 09:23:48.722  1660  1694 I Telecom : : Sending phone-account registered intent as user: TSI.rPA@ACY
08-03 09:23:48.732  1660  2058 I Telecom : PhoneAccountRegistrar: [ComponentInfo{com.android.phone/com.android.services.telephony.TelephonyConnectionService}, [e2f7d48dd2b5ca523e7313cf4ba0f6ea830b6281], UserHandle{0}(icon: Icon(typ=BITMAP size=38x48) -> Icon(typ=BITMAP size=38x48))]: TSI.rPA@ACo
08-03 09:23:48.733  1660  2058 I Telecom : : Sending phone-account registered intent as user: TSI.rPA@ACo
08-03 09:23:48.739  1660  1712 D WifiService: New client listening to asynchronous messages
08-03 09:23:48.739  1660  1694 I Telecom : PhoneAccountRegistrar: [ComponentInfo{com.android.phone/com.android.services.telephony.TelephonyConnectionService}, [e2f7d48dd2b5ca523e7313cf4ba0f6ea830b6281], UserHandle{0}(icon: Icon(typ=BITMAP size=38x48) -> Icon(typ=BITMAP size=38x48))]: TSI.rPA@ACw
08-03 09:23:48.740  1660  1694 I Telecom : : Sending phone-account registered intent as user: TSI.rPA@ACw
08-03 09:23:48.745  1660  1694 I Telecom : PhoneAccountRegistrar: [ComponentInfo{com.android.phone/com.android.services.telephony.TelephonyConnectionService}, [e2f7d48dd2b5ca523e7313cf4ba0f6ea830b6281], UserHandle{0}(icon: Icon(typ=BITMAP size=38x48) -> Icon(typ=BITMAP size=38x48))]: TSI.rPA@AC4
08-03 09:23:48.746  1660  1694 I Telecom : : Sending phone-account registered intent as user: TSI.rPA@AC4
08-03 09:23:48.763  1660  1672 I ActivityManager: Start proc 2181:android.process.media/u0a10 for broadcast com.android.providers.downloads/.DownloadReceiver
08-03 09:23:48.766  1660  1671 I Telecom : PhoneAccountRegistrar: [ComponentInfo{com.android.phone/com.android.services.telephony.TelephonyConnectionService}, [e2f7d48dd2b5ca523e7313cf4ba0f6ea830b6281], UserHandle{0}(icon: Icon(typ=BITMAP size=38x48) -> Icon(typ=BITMAP size=38x48))]: TSI.rPA@ADA
08-03 09:23:48.767  1660  1671 I Telecom : : Sending phone-account registered intent as user: TSI.rPA@ADA
08-03 09:23:48.778  1660  1660 I Telecom : PhoneAccountRegistrar: SimCallManager queried, returning: null: TSI.gSCMFU@ADI
08-03 09:23:48.779  1660  2045 I Telecom : PhoneAccountRegistrar: [ComponentInfo{com.android.phone/com.android.services.telephony.TelephonyConnectionService}, [e2f7d48dd2b5ca523e7313cf4ba0f6ea830b6281], UserHandle{0}(icon: Icon(typ=BITMAP size=38x48) -> Icon(typ=BITMAP size=38x48))]: TSI.rPA@ADM
08-03 09:23:48.783  1660  2045 I Telecom : : Sending phone-account registered intent as user: TSI.rPA@ADM
08-03 09:23:48.795  1660  1671 I Telecom : PhoneAccountRegistrar: [ComponentInfo{com.android.phone/com.android.services.telephony.TelephonyConnectionService}, [e2f7d48dd2b5ca523e7313cf4ba0f6ea830b6281], UserHandle{0}(icon: Icon(typ=BITMAP size=38x48) -> Icon(typ=BITMAP size=38x48))]: TSI.rPA@ADU
08-03 09:23:48.796  1660  1671 I Telecom : : Sending phone-account registered intent as user: TSI.rPA@ADU
08-03 09:23:48.824  1660  2045 D ConnectivityService: registerNetworkAgent NetworkAgentInfo{ ni{[type: MOBILE[LTE], state: CONNECTED/CONNECTED, reason: connected, extra: epc.tmobile.com, failover: false, available: true, roaming: false, metered: false]}  network{100}  nethandle{429513165534}  lp{{InterfaceName: radio0 LinkAddresses: [192.168.200.2/24,]  Routes: [0.0.0.0/0 -> 192.168.200.1 radio0,] DnsAddresses: [10.0.2.3,10.0.2.4,] Domains: null MTU: 1500 TcpBufferSizes: 524288,1048576,2097152,262144,524288,1048576}}  nc{[ Transports: CELLULAR Capabilities: MMS&SUPL&FOTA&IMS&CBS&IA&INTERNET&NOT_RESTRICTED&TRUSTED&NOT_VPN LinkUpBandwidth>=51200Kbps LinkDnBandwidth>=102400Kbps Specifier: <1>]}  Score{10}  everValidated{false}  lastValidated{false}  created{false} lingering{false} explicitlySelected{false} acceptUnvalidated{false} everCaptivePortalDetected{false} lastCaptivePortalDetected{false} }
08-03 09:23:48.824  1660  1717 D ConnectivityService: NetworkAgentInfo [MOBILE (LTE) - 100] EVENT_NETWORK_INFO_CHANGED, going from null to CONNECTED
08-03 09:23:48.825  1660  1717 D ConnectivityService: Adding iface radio0 to network 100
08-03 09:23:48.844  1660  1717 D ConnectivityService: Setting DNS servers for network 100 to [/10.0.2.3, /10.0.2.4]
08-03 09:23:48.850  1660  1717 D ConnectivityService: Switching to new default network: NetworkAgentInfo{ ni{[type: MOBILE[LTE], state: CONNECTED/CONNECTED, reason: connected, extra: epc.tmobile.com, failover: false, available: true, roaming: false, metered: false]}  network{100}  nethandle{429513165534}  lp{{InterfaceName: radio0 LinkAddresses: [192.168.200.2/24,]  Routes: [0.0.0.0/0 -> 192.168.200.1 radio0,] DnsAddresses: [10.0.2.3,10.0.2.4,] Domains: null MTU: 1500 TcpBufferSizes: 524288,1048576,2097152,262144,524288,1048576}}  nc{[ Transports: CELLULAR Capabilities: MMS&SUPL&FOTA&IMS&CBS&IA&INTERNET&NOT_RESTRICTED&TRUSTED&NOT_VPN LinkUpBandwidth>=51200Kbps LinkDnBandwidth>=102400Kbps Specifier: <1>]}  Score{10}  everValidated{false}  lastValidated{false}  created{true} lingering{false} explicitlySelected{false} acceptUnvalidated{false} everCaptivePortalDetected{false} lastCaptivePortalDetected{false} }
08-03 09:23:48.921  1660  1717 D ConnectivityService: Sending CONNECTED broadcast for type 0 NetworkAgentInfo [MOBILE (LTE) - 100] isDefaultNetwork=true
08-03 09:23:49.095  1660  1672 I ActivityManager: Start proc 2240:com.android.messaging/u0a53 for broadcast com.android.messaging/.receiver.DefaultSmsSubscriptionChangeReceiver
08-03 09:23:49.365  1660  2058 I ActivityManager: Start proc 2265:com.android.quicksearchbox/u0a52 for broadcast com.android.quicksearchbox/.SearchWidgetProvider
08-03 09:23:49.397  1660  2058 D MmsServiceBroker: getCarrierConfigValues() by com.android.messaging
08-03 09:23:49.397  1660  2058 W MmsServiceBroker: MmsService not connected. Try connecting...
08-03 09:23:49.397  1660  1660 I MmsServiceBroker: Connecting to MmsService
08-03 09:23:49.397  1660  1660 W ContextImpl: Calling a method in the system process without a qualified user: android.app.ContextImpl.bindService:1449 com.android.server.MmsServiceBroker.tryConnecting:241 com.android.server.MmsServiceBroker.-wrap3:-1 com.android.server.MmsServiceBroker$1.handleMessage:83 android.os.Handler.dispatchMessage:102 
08-03 09:23:49.412  1660  1660 I MmsServiceBroker: MmsService connected
08-03 09:23:49.440  1660  1878 D MmsServiceBroker: getCarrierConfigValues() by com.android.messaging
08-03 09:23:49.472  1660  1694 D MmsServiceBroker: getCarrierConfigValues() by com.android.messaging
08-03 09:23:49.559  1660  2302 I BootReceiver: Copying audit failures to DropBox
08-03 09:23:49.560  1660  2302 I BootReceiver: Checking for fsck errors
08-03 09:23:49.580  1660  1880 I ActivityManager: Start proc 2303:com.android.dialer/u0a8 for broadcast com.android.dialer/.calllog.CallLogReceiver
08-03 09:23:49.709  1660  1717 D ConnectivityService: Got NetworkFactory Messenger for WIFI
08-03 09:23:49.709  1660  1717 D ConnectivityService: Got NetworkFactory Messenger for WIFI_UT
08-03 09:23:49.731  1660  2058 I ActivityManager: Start proc 2323:com.android.calendar/u0a26 for broadcast com.android.calendar/.alerts.AlertReceiver
08-03 09:23:49.735  1660  1660 I Telecom : PhoneAccountRegistrar: SimCallManager queried, returning: null: TSI.gSCMFU@ADk
08-03 09:23:49.757  1660  2060 D MmsServiceBroker: getCarrierConfigValues() by com.android.messaging
08-03 09:23:49.775  1660  2045 D CountryDetector: The first listener is added
08-03 09:23:49.885  1660  1694 I ActivityManager: Start proc 2345:com.android.email/u0a35 for broadcast com.android.email/.service.EmailBroadcastReceiver
08-03 09:23:49.919  1660  2058 I ActivityManager: Start proc 2360:com.android.providers.calendar/u0a2 for content provider com.android.providers.calendar/.CalendarProvider2
08-03 09:23:50.134  1660  1878 W ActivityManager: Unable to start service Intent { act=com.android.email.EXCHANGE_INTENT pkg=com.android.exchange } U=0: not found
08-03 09:23:50.242  1660  2058 I ActivityManager: Start proc 2385:com.android.managedprovisioning/u0a15 for broadcast com.android.managedprovisioning/.BootReminder
08-03 09:23:50.245  1660  1671 W ActivityManager: Unable to start service Intent { act=com.android.email.EXCHANGE_INTENT pkg=com.android.exchange } U=0: not found
08-03 09:23:50.245  1660  1672 W ActivityManager: Unable to start service Intent { cmp=com.android.email/.service.AttachmentService } U=0: not found
08-03 09:23:50.246  1660  1694 W ActivityManager: Unable to start service Intent { act=com.android.email.EXCHANGE_INTENT pkg=com.android.exchange } U=0: not found
08-03 09:23:50.286  2345  2345 E ActivityThread: Service com.android.email.service.EmailBroadcastProcessorService has leaked ServiceConnection com.android.emailcommon.service.ServiceProxy$ProxyConnection@1c4a5e that was originally bound here
08-03 09:23:50.286  2345  2345 E ActivityThread: android.app.ServiceConnectionLeaked: Service com.android.email.service.EmailBroadcastProcessorService has leaked ServiceConnection com.android.emailcommon.service.ServiceProxy$ProxyConnection@1c4a5e that was originally bound here
08-03 09:23:50.286  2345  2345 E ActivityThread: 	at android.app.LoadedApk$ServiceDispatcher.<init>(LoadedApk.java:1336)
08-03 09:23:50.286  2345  2345 E ActivityThread: 	at android.app.LoadedApk.getServiceDispatcher(LoadedApk.java:1231)
08-03 09:23:50.286  2345  2345 E ActivityThread: 	at android.app.ContextImpl.bindServiceCommon(ContextImpl.java:1478)
08-03 09:23:50.286  2345  2345 E ActivityThread: 	at android.app.ContextImpl.bindService(ContextImpl.java:1450)
08-03 09:23:50.286  2345  2345 E ActivityThread: 	at android.content.ContextWrapper.bindService(ContextWrapper.java:636)
08-03 09:23:50.286  2345  2345 E ActivityThread: 	at com.android.emailcommon.service.ServiceProxy.setTask(ServiceProxy.java:181)
08-03 09:23:50.286  2345  2345 E ActivityThread: 	at com.android.emailcommon.service.ServiceProxy.test(ServiceProxy.java:224)
08-03 09:23:50.286  2345  2345 E ActivityThread: 	at com.android.email.service.EmailServiceUtils.isServiceAvailable(EmailServiceUtils.java:160)
08-03 09:23:50.286  2345  2345 E ActivityThread: 	at com.android.email.provider.AccountReconciler.reconcileAccountsInternal(AccountReconciler.java:171)
08-03 09:23:50.286  2345  2345 E ActivityThread: 	at com.android.email.provider.AccountReconciler.reconcileAccounts(AccountReconciler.java:115)
08-03 09:23:50.286  2345  2345 E ActivityThread: 	at com.android.email.service.EmailBroadcastProcessorService.reconcileAndStartServices(EmailBroadcastProcessorService.java:305)
08-03 09:23:50.286  2345  2345 E ActivityThread: 	at com.android.email.service.EmailBroadcastProcessorService.onBootCompleted(EmailBroadcastProcessorService.java:295)
08-03 09:23:50.286  2345  2345 E ActivityThread: 	at com.android.email.service.EmailBroadcastProcessorService.onHandleIntent(EmailBroadcastProcessorService.java:130)
08-03 09:23:50.286  2345  2345 E ActivityThread: 	at android.app.IntentService$ServiceHandler.handleMessage(IntentService.java:68)
08-03 09:23:50.286  2345  2345 E ActivityThread: 	at android.os.Handler.dispatchMessage(Handler.java:102)
08-03 09:23:50.286  2345  2345 E ActivityThread: 	at android.os.Looper.loop(Looper.java:154)
08-03 09:23:50.286  2345  2345 E ActivityThread: 	at android.os.HandlerThread.run(HandlerThread.java:61)
08-03 09:23:50.286  1660  1671 W ActivityManager: Unbind failed: could not find connection for android.os.BinderProxy@2b8b5ff
08-03 09:23:50.289  1660  2060 W ActivityManager: Unable to start service Intent { act=com.android.email.EXCHANGE_INTENT pkg=com.android.exchange } U=0: not found
08-03 09:23:50.405  1660  1681 W WindowManager: App freeze timeout expired.
08-03 09:23:50.418  1660  1717 D ConnectivityService: NetworkAgentInfo [MOBILE (LTE) - 100] validation passed
08-03 09:23:52.059  1660  2068 V KeyValueBackupJob: Scheduling k/v pass in 244 minutes
08-03 09:23:52.101  1660  1713 D ConnectivityService: registerNetworkAgent NetworkAgentInfo{ ni{[type: WIFI[], state: CONNECTING/CONNECTING, reason: (unspecified), extra: "AndroidWifi", failover: false, available: true, roaming: false, metered: false]}  network{101}  nethandle{433808132830}  lp{{LinkAddresses: []  Routes: [] DnsAddresses: [] Domains: null MTU: 0}}  nc{[ Transports: WIFI Capabilities: NOT_METERED&INTERNET&NOT_RESTRICTED&TRUSTED&NOT_VPN LinkUpBandwidth>=1048576Kbps LinkDnBandwidth>=1048576Kbps]}  Score{20}  everValidated{false}  lastValidated{false}  created{false} lingering{false} explicitlySelected{false} acceptUnvalidated{false} everCaptivePortalDetected{false} lastCaptivePortalDetected{false} }
08-03 09:23:52.101  1660  1717 D ConnectivityService: NetworkAgentInfo [WIFI () - 101] EVENT_NETWORK_INFO_CHANGED, going from null to CONNECTING
08-03 09:23:55.211  1660  1717 D ConnectivityService: NetworkAgentInfo [WIFI () - 101] EVENT_NETWORK_INFO_CHANGED, going from CONNECTING to CONNECTED
08-03 09:23:55.212  1660  1717 D ConnectivityService: Adding iface wlan0 to network 101
08-03 09:23:55.236  1660  1717 D ConnectivityService: Setting DNS servers for network 101 to [/10.0.2.3]
08-03 09:23:56.620  1660  1717 D ConnectivityService: NetworkAgentInfo [WIFI () - 101] validation passed
08-03 09:23:56.621  1660  1717 D ConnectivityService: Switching to new default network: NetworkAgentInfo{ ni{[type: WIFI[], state: CONNECTED/CONNECTED, reason: (unspecified), extra: "AndroidWifi", failover: false, available: true, roaming: false, metered: false]}  network{101}  nethandle{433808132830}  lp{{InterfaceName: wlan0 LinkAddresses: [fe80::ff:fe44:5566/64,fec0::ff:fe44:5566/64,fec0::74a4:de77:8b19:ebdf/64,192.168.100.188/24,]  Routes: [fe80::/64 -> :: wlan0,::/0 -> fe80::ff:fe00:100 wlan0,fec0::/64 -> :: wlan0,192.168.100.0/24 -> 0.0.0.0 wlan0,0.0.0.0/0 -> 192.168.100.1 wlan0,] DnsAddresses: [10.0.2.3,] Domains: null MTU: 0 TcpBufferSizes: 524288,1048576,2097152,262144,524288,1048576}}  nc{[ Transports: WIFI Capabilities: NOT_METERED&INTERNET&NOT_RESTRICTED&TRUSTED&NOT_VPN&VALIDATED LinkUpBandwidth>=1048576Kbps LinkDnBandwidth>=1048576Kbps SignalStrength: -50]}  Score{60}  everValidated{true}  lastValidated{true}  created{true} lingering{false} explicitlySelected{false} acceptUnvalidated{false} everCaptivePortalDetected{false} lastCaptivePortalDetected{false} }
08-03 09:23:56.637  1660  1717 D ConnectivityService: Sending DISCONNECTED broadcast for type 0 NetworkAgentInfo [MOBILE (LTE) - 100] isDefaultNetwork=true
08-03 09:23:56.637  1660  1717 D ConnectivityService: Sending CONNECTED broadcast for type 1 NetworkAgentInfo [WIFI () - 101] isDefaultNetwork=true
08-03 09:24:05.007  1660  1674 I ActivityManager: Waited long enough for: ServiceRecord{feabc1f u0 com.android.calendar/.alerts.InitAlarmsService}
08-03 09:24:06.502  1660  1674 I ActivityManager: Force stopping org.mozilla.geckoview_example appid=10080 user=-1: deletePackageX
08-03 09:24:06.610  1660  1686 I ActivityManager: Start proc 2974:com.android.defcontainer/u0a7 for service com.android.defcontainer/.DefaultContainerService
08-03 09:24:06.611  1660  1686 I ActivityManager: Force stopping org.mozilla.geckoview_example appid=10080 user=0: pkg removed
08-03 09:24:06.617  1660  1686 E KernelUidCpuTimeReader: failed to remove uid from uid_cputime module
08-03 09:24:06.617  1660  1686 E KernelUidCpuTimeReader: java.io.FileNotFoundException: /proc/uid_cputime/remove_uid_range (No such file or directory)
08-03 09:24:06.617  1660  1686 E KernelUidCpuTimeReader: 	at java.io.FileOutputStream.open(Native Method)
08-03 09:24:06.617  1660  1686 E KernelUidCpuTimeReader: 	at java.io.FileOutputStream.<init>(FileOutputStream.java:221)
08-03 09:24:06.617  1660  1686 E KernelUidCpuTimeReader: 	at java.io.FileOutputStream.<init>(FileOutputStream.java:108)
08-03 09:24:06.617  1660  1686 E KernelUidCpuTimeReader: 	at java.io.FileWriter.<init>(FileWriter.java:63)
08-03 09:24:06.617  1660  1686 E KernelUidCpuTimeReader: 	at com.android.internal.os.KernelUidCpuTimeReader.removeUid(KernelUidCpuTimeReader.java:158)
08-03 09:24:06.617  1660  1686 E KernelUidCpuTimeReader: 	at com.android.internal.os.BatteryStatsImpl.removeUidStatsLocked(BatteryStatsImpl.java:9805)
08-03 09:24:06.617  1660  1686 E KernelUidCpuTimeReader: 	at com.android.server.am.BatteryStatsService.removeUid(BatteryStatsService.java:291)
08-03 09:24:06.617  1660  1686 E KernelUidCpuTimeReader: 	at com.android.server.am.ActivityManagerService.broadcastIntentLocked(ActivityManagerService.java:17857)
08-03 09:24:06.617  1660  1686 E KernelUidCpuTimeReader: 	at com.android.server.am.ActivityManagerService.broadcastIntent(ActivityManagerService.java:18346)
08-03 09:24:06.617  1660  1686 E KernelUidCpuTimeReader: 	at com.android.server.pm.PackageManagerService$8.run(PackageManagerService.java:11407)
08-03 09:24:06.617  1660  1686 E KernelUidCpuTimeReader: 	at android.os.Handler.handleCallback(Handler.java:751)
08-03 09:24:06.617  1660  1686 E KernelUidCpuTimeReader: 	at android.os.Handler.dispatchMessage(Handler.java:95)
08-03 09:24:06.617  1660  1686 E KernelUidCpuTimeReader: 	at android.os.Looper.loop(Looper.java:154)
08-03 09:24:06.617  1660  1686 E KernelUidCpuTimeReader: 	at android.os.HandlerThread.run(HandlerThread.java:61)
08-03 09:24:06.617  1660  1686 E KernelUidCpuTimeReader: 	at com.android.server.ServiceThread.run(ServiceThread.java:46)
08-03 09:24:06.639  1660  1674 I ActivityManager: Start proc 2990:com.android.gallery3d/u0a40 for broadcast com.android.gallery3d/.app.PackagesMonitor
08-03 09:24:06.671  1660  1673 W LocationProviderProxy-network: Odd, no component found for service com.android.location.service.v3.NetworkLocationProvider
08-03 09:24:06.671  1660  1673 W GeocoderProxy: Odd, no component found for service com.android.location.service.GeocodeProvider
08-03 09:24:06.672  1660  1673 W GeofenceProxy: Odd, no component found for service com.android.location.service.GeofenceProvider
08-03 09:24:06.672  1660  1673 W ActivityRecognitionProxy: Odd, no component found for service com.android.location.service.ActivityRecognitionProvider
08-03 09:24:06.749  2109  2109 W ContextImpl: Calling a method in the system process without a qualified user: android.app.ContextImpl.startService:1385 android.content.ContextWrapper.startService:613 android.content.ContextWrapper.startService:613 com.android.keychain.KeyChainBroadcastReceiver.onReceive:12 android.app.ActivityThread.handleReceiver:3011 
08-03 09:24:06.769  1660  1672 I ActivityManager: Start proc 3009:com.android.documentsui/u0a9 for broadcast com.android.documentsui/.PackageReceiver
08-03 09:24:07.096  1660  1694 I ActivityManager: Start proc 3025:com.android.externalstorage/u0a13 for content provider com.android.externalstorage/.ExternalStorageProvider
08-03 09:24:07.301  1660  2058 I ActivityManager: Start proc 3044:com.android.mtp/u0a10 for content provider com.android.mtp/.MtpDocumentsProvider
08-03 09:24:07.376  1660  1694 D VoldConnector: SND -> {7 appfuse mount 10010 3044 MtpDocumentsProvider}
08-03 09:24:07.426  1660  1705 D VoldConnector: RCV <- {200 7 AppFuse command succeeded}
08-03 09:24:11.859  1660  1672 I ActivityManager: Killing 2001:com.android.cellbroadcastreceiver/u0a4 (adj 906): empty #17
08-03 09:24:11.908  1660  1880 D ActivityManager: cleanUpApplicationRecord -- 2001
08-03 09:24:20.100  1660  1694 I ActivityManager: Killing 2303:com.android.dialer/u0a8 (adj 906): empty #17
08-03 09:24:20.108  1660  2058 D ActivityManager: cleanUpApplicationRecord -- 2303
08-03 09:24:26.807  1660  1717 D ConnectivityService: handleLingerComplete for NetworkAgentInfo [MOBILE (LTE) - 100]
08-03 09:24:26.807  1660  1717 D ConnectivityService: NetworkAgentInfo [MOBILE (LTE) - 100] got DISCONNECTED, was satisfying 3
08-03 09:24:37.510  1660  1686 W PackageManager: Unknown permission android.permission.FOREGROUND_SERVICE in package org.mozilla.geckoview_example
08-03 09:24:37.526  1660  1686 V BackupManagerService: restoreAtInstall pkg=org.mozilla.geckoview_example token=1 restoreSet=0
08-03 09:24:37.526  1660  1686 W BackupManagerService: Requested unavailable transport: android/com.android.internal.backup.LocalTransport
08-03 09:24:37.526  1660  1686 W BackupManagerService: No transport
08-03 09:24:37.526  1660  1686 V BackupManagerService: Finishing install immediately
08-03 09:24:37.547  1660  2060 D PackageInstaller: Ignoring abandon after commit relinquished control
08-03 09:24:37.576  1660  1672 I ActivityManager: Start proc 3138:com.svox.pico/u0a48 for broadcast com.svox.pico/.VoiceDataInstallerReceiver
08-03 09:24:37.579  1660  1673 W VoiceInteractionManagerService: no available voice recognition services found for user 0
08-03 09:24:37.579  1660  1673 W LocationProviderProxy-network: Odd, no component found for service com.android.location.service.v3.NetworkLocationProvider
08-03 09:24:37.579  1660  1673 W GeocoderProxy: Odd, no component found for service com.android.location.service.GeocodeProvider
08-03 09:24:37.579  1660  1673 W GeofenceProxy: Odd, no component found for service com.android.location.service.GeofenceProvider
08-03 09:24:37.580  1660  1673 W ActivityRecognitionProxy: Odd, no component found for service com.android.location.service.ActivityRecognitionProvider
08-03 09:24:39.817  1660  1674 I ActivityManager: Force stopping org.mozilla.geckoview.test appid=10063 user=-1: installPackageLI
08-03 09:24:39.862  1660  1686 I PackageManager: Package org.mozilla.geckoview.test codePath changed from /data/app/org.mozilla.geckoview.test-2 to /data/app/org.mozilla.geckoview.test-1; Retaining data and using new
08-03 09:24:39.862  1660  1686 W PackageManager: Code path for org.mozilla.geckoview.test changing from /data/app/org.mozilla.geckoview.test-2 to /data/app/org.mozilla.geckoview.test-1
08-03 09:24:39.863  1660  1686 W PackageManager: Resource path for org.mozilla.geckoview.test changing from /data/app/org.mozilla.geckoview.test-2 to /data/app/org.mozilla.geckoview.test-1
08-03 09:24:39.892  1660  1686 W PackageManager: Unknown permission android.permission.FOREGROUND_SERVICE in package org.mozilla.geckoview.test
08-03 09:24:39.952  1660  1686 I ActivityManager: Force stopping org.mozilla.geckoview.test appid=10063 user=0: pkg removed
08-03 09:24:39.967  2109  2109 W ContextImpl: Calling a method in the system process without a qualified user: android.app.ContextImpl.startService:1385 android.content.ContextWrapper.startService:613 android.content.ContextWrapper.startService:613 com.android.keychain.KeyChainBroadcastReceiver.onReceive:12 android.app.ActivityThread.handleReceiver:3011 
08-03 09:24:39.993  1660  1673 W VoiceInteractionManagerService: no available voice recognition services found for user 0
08-03 09:24:39.993  1660  1673 W LocationProviderProxy-network: Odd, no component found for service com.android.location.service.v3.NetworkLocationProvider
08-03 09:24:39.993  1660  1673 W GeocoderProxy: Odd, no component found for service com.android.location.service.GeocodeProvider
08-03 09:24:39.993  1660  1673 W GeofenceProxy: Odd, no component found for service com.android.location.service.GeofenceProvider
08-03 09:24:39.993  1660  1673 W ActivityRecognitionProxy: Odd, no component found for service com.android.location.service.ActivityRecognitionProvider
08-03 09:24:45.001  1660  1880 I ActivityManager: Killing 2019:com.android.deskclock/u0a32 (adj 906): empty #17
08-03 09:24:45.037  1660  2058 D ActivityManager: cleanUpApplicationRecord -- 2019
08-03 09:24:48.211  1660  2060 I ActivityManager: Killing 2385:com.android.managedprovisioning/u0a15 (adj 906): empty #17
08-03 09:24:48.247  1660  1880 D ActivityManager: cleanUpApplicationRecord -- 2385
08-03 09:24:51.294  1660  2058 I ActivityManager: START u0 {act=android.intent.action.MAIN cat=[android.intent.category.LAUNCHER] flg=0x10200000 cmp=org.mozilla.geckoview_example/.GeckoViewActivity (has extras)} from uid 10014 on display 0
08-03 09:24:51.313  1660  2045 I ActivityManager: Start proc 3175:org.mozilla.geckoview_example/u0a81 for activity org.mozilla.geckoview_example/.GeckoViewActivity
08-03 09:24:51.495  1660  2045 D VoldConnector: SND -> {8 volume mkdirs /storage/emulated/0/Android/data/org.mozilla.geckoview_example/files/Download/}
08-03 09:24:51.499  1660  1705 D VoldConnector: RCV <- {200 8 Command succeeded}
08-03 09:24:51.606  1660  2058 I ActivityManager: Start proc 3204:org.mozilla.geckoview_example:tab14/u0a81 for service org.mozilla.geckoview_example/org.mozilla.gecko.process.GeckoChildProcessServices$tab14
08-03 09:24:51.851  1660  1878 I WindowManager: Destroying surface Surface(name=com.android.launcher3/com.android.launcher3.Launcher) called by com.android.server.wm.WindowStateAnimator.destroySurface:2014 com.android.server.wm.WindowStateAnimator.destroySurfaceLocked:881 com.android.server.wm.WindowState.destroyOrSaveSurface:2073 com.android.server.wm.AppWindowToken.destroySurfaces:363 com.android.server.wm.AppWindowToken.notifyAppStopped:389 com.android.server.wm.WindowManagerService.notifyAppStopped:4456 com.android.server.am.ActivityStack.activityStoppedLocked:1252 com.android.server.am.ActivityManagerService.activityStopped:6903 
08-03 09:24:51.999  1660  1681 I WindowManager: Destroying surface Surface(name=Starting org.mozilla.geckoview_example) called by com.android.server.wm.WindowStateAnimator.destroySurface:2014 com.android.server.wm.WindowStateAnimator.destroySurfaceLocked:881 com.android.server.wm.WindowState.destroyOrSaveSurface:2073 com.android.server.wm.AppWindowToken.destroySurfaces:363 com.android.server.wm.WindowStateAnimator.finishExit:565 com.android.server.wm.WindowStateAnimator.stepAnimationLocked:491 com.android.server.wm.WindowAnimator.updateWindowsLocked:303 com.android.server.wm.WindowAnimator.animateLocked:704 
08-03 09:25:06.632  1660  1681 I WindowManager: Destroying surface Surface(name=PopupWindow:62bbe16) called by com.android.server.wm.WindowStateAnimator.destroySurface:2014 com.android.server.wm.WindowStateAnimator.destroySurfaceLocked:881 com.android.server.wm.WindowState.destroyOrSaveSurface:2073 com.android.server.wm.AppWindowToken.destroySurfaces:363 com.android.server.wm.WindowStateAnimator.finishExit:565 com.android.server.wm.WindowStateAnimator.stepAnimationLocked:491 com.android.server.wm.WindowAnimator.updateWindowsLocked:303 com.android.server.wm.WindowAnimator.animateLocked:704 
