// Jest Snapshot v1, https://goo.gl/fbAQLP

exports[`Dropdown render 1`] = `
<div
  className="dropdown-block"
>
  <div
    className="dropdown"
    onClick={[Function]}
    style={
      Object {
        "display": "block",
      }
    }
  >
    <div />
  </div>
  <button
    className="dropdown-button"
    onClick={[Function]}
  >
    ✅
  </button>
  <div
    className="dropdown-mask"
    onClick={[Function]}
    style={
      Object {
        "display": "block",
      }
    }
  />
</div>
`;
