basic/params/Pluglet_createPlugletInstance_mimeType_2
basic/params/Pluglet_createPlugletInstance_mimeType_3
basic/params/Pluglet_createPlugletInstance_mimeType_4
basic/params/Pluglet_createPlugletInstance_mimeType_5
basic/security/DeleteFileTest
basic/security/GetClipboardTest
basic/security/GetSysPropsTest
basic/security/OpenWinTest
basic/security/ReadFileTest
basic/security/RemoteConnectTest
basic/security/RunProgramTest
basic/security/WriteFileTest
basic/security/automation/SecTestCanRead
basic/security/automation/SecTestCanWrite
basic/security/automation/SecTestClipboard
basic/security/automation/SecTestDelete
basic/security/automation/SecTestExists
basic/security/automation/SecTestFileDescriptorIn
basic/security/automation/SecTestFileDescriptorOut
basic/security/automation/SecTestFileInputStream
basic/security/automation/SecTestFileOutputStream
basic/security/automation/SecTestGetAbsolutePath
basic/security/automation/SecTestGetCanonicalPath
basic/security/automation/SecTestGetContent
basic/security/automation/SecTestGetParent
basic/security/automation/SecTestGetPath
basic/security/automation/SecTestGetProps
basic/security/automation/SecTestGetSecMgr
basic/security/automation/SecTestIsDirectory
basic/security/automation/SecTestIsFile
basic/security/automation/SecTestLastModified
basic/security/automation/SecTestLength
basic/security/automation/SecTestList
basic/security/automation/SecTestListJSFilter
basic/security/automation/SecTestMkdir
basic/security/automation/SecTestMkdirs
basic/security/automation/SecTestOpenConx
basic/security/automation/SecTestPrintStream
basic/security/automation/SecTestRandomAccess
basic/security/automation/SecTestRandomAccessRW
basic/security/automation/SecTestRenameTo
basic/security/automation/SecTestRunExec
basic/security/automation/SecTestRunLoadLib
basic/security/automation/SecTestSetSecMgr
basic/security/automation/SecTestSocket
basic/security/automation/SecTestURLFac
basic/security/automation/SecTestXAccept
basic/security/automation/SecTestXAccess
basic/security/automation/SecTestXAccessTG
basic/security/automation/SecTestXAccessTop
basic/security/automation/SecTestXCCL
basic/security/automation/SecTestXConn
basic/security/automation/SecTestXDelete
basic/security/automation/SecTestXExec
basic/security/automation/SecTestXExit
basic/security/automation/SecTestXLink
basic/security/automation/SecTestXListen
basic/security/automation/SecTestXPakAcc
basic/security/automation/SecTestXPakDef
basic/security/automation/SecTestXPropAcc
basic/security/automation/SecTestXRead
basic/security/automation/SecTestXSetFac
basic/security/automation/SecTestXWrite
basic/api/PlugletPeer_getMIMEType
basic/api/PlugletPeer_getMode
basic/api/PlugletPeer_getValue:0
basic/api/PlugletPeer_getValue:1
basic/api/PlugletPeer_getValue:2
basic/api/PlugletPeer_getTagInfo
basic/api/PlugletTagInfo_getAttribute:0
basic/api/PlugletTagInfo_getAttribute:1
basic/api/PlugletTagInfo_getAttribute:2
basic/api/PlugletTagInfo_getAttribute:3
basic/api/PlugletTagInfo_getAttributes
basic/api/PlugletTagInfo2_getParameter:0
basic/api/PlugletTagInfo2_getParameter:1
basic/api/PlugletTagInfo2_getParameter:3
basic/api/PlugletTagInfo2_getParameters
basic/api/PlugletTagInfo2_getParameters_1
basic/api/PlugletTagInfo2_getAttribute:0
basic/api/PlugletTagInfo2_getAttribute:1
basic/api/PlugletTagInfo2_getAttribute:2
basic/api/PlugletTagInfo2_getAttribute:3
basic/api/PlugletTagInfo2_getAttributes
basic/api/PlugletTagInfo2_getBorderHorizSpace
basic/api/PlugletTagInfo2_getBorderHorizSpace_1
basic/api/PlugletTagInfo2_getBorderVertSpace
basic/api/PlugletTagInfo2_getBorderVertSpace_1
basic/api/PlugletTagInfo2_getDocumentBase
basic/api/PlugletTagInfo2_getHeight
basic/api/PlugletTagInfo2_getHeight_1
basic/api/PlugletTagInfo2_getTagType
basic/api/PlugletTagInfo2_getTagType_1
basic/api/PlugletTagInfo2_getWidth
basic/api/PlugletTagInfo2_getWidth_1
