05-26 11:46:01.675  1733  1967 D gralloc_ranchu: gralloc_unregister_buffer: exiting HostConnection (is buffer-handling thread)
05-26 11:46:01.676  1733  1967 D         : HostConnection::get() New Host Connection established 0xed960bc0, tid 1967
05-26 11:46:01.676  1733  1967 D gralloc_ranchu: gralloc_unregister_buffer: exiting HostConnection (is buffer-handling thread)
05-26 11:46:01.679  1733  1967 D         : HostConnection::get() New Host Connection established 0xed960bc0, tid 1967
05-26 11:46:01.679  1733  1967 D gralloc_ranchu: gralloc_unregister_buffer: exiting HostConnection (is buffer-handling thread)
05-26 11:46:01.687  1904  1911 D gralloc_ranchu: gralloc_unregister_buffer: exiting HostConnection (is buffer-handling thread)
05-26 11:46:01.688  1904  1911 D         : HostConnection::get() New Host Connection established 0xe6d43140, tid 1911
05-26 11:46:01.688  1904  1911 D gralloc_ranchu: gralloc_unregister_buffer: exiting HostConnection (is buffer-handling thread)
05-26 11:46:01.689  1904  1911 D         : HostConnection::get() New Host Connection established 0xe6d43140, tid 1911
05-26 11:46:01.690  1904  1911 D gralloc_ranchu: gralloc_unregister_buffer: exiting HostConnection (is buffer-handling thread)
05-26 11:46:01.690  1904  1911 D         : HostConnection::get() New Host Connection established 0xe6d43140, tid 1911
05-26 11:46:01.690  1904  1911 D gralloc_ranchu: gralloc_unregister_buffer: exiting HostConnection (is buffer-handling thread)
05-26 11:46:01.692  2534  2825 D EGL_emulation: eglMakeCurrent: 0xe8b06aa0: ver 3 0 (tinfo 0xe8b03b50)
05-26 11:46:01.694  2012  2265 D EGL_emulation: eglMakeCurrent: 0xe8b05420: ver 3 0 (tinfo 0xe8b03980)
05-26 11:46:01.696  1904  1911 D         : HostConnection::get() New Host Connection established 0xe6d43140, tid 1911
05-26 11:46:01.696  1733  2205 D gralloc_ranchu: gralloc_unregister_buffer: exiting HostConnection (is buffer-handling thread)
05-26 11:46:01.697  1733  2205 D         : HostConnection::get() New Host Connection established 0xed960980, tid 2205
05-26 11:46:01.697  1733  2205 D gralloc_ranchu: gralloc_unregister_buffer: exiting HostConnection (is buffer-handling thread)
05-26 11:46:01.697  1733  2205 D         : HostConnection::get() New Host Connection established 0xed960980, tid 2205
05-26 11:46:01.697  1733  2205 D gralloc_ranchu: gralloc_unregister_buffer: exiting HostConnection (is buffer-handling thread)
05-26 11:46:01.698  1733  2205 D         : HostConnection::get() New Host Connection established 0xed960980, tid 2205
05-26 11:46:01.698  1733  2205 D gralloc_ranchu: gralloc_unregister_buffer: exiting HostConnection (is buffer-handling thread)
05-26 11:46:01.707  2012  2265 D EGL_emulation: eglMakeCurrent: 0xe8b05420: ver 3 0 (tinfo 0xe8b03980)
05-26 11:46:01.714  2012  2265 I chatty  : uid=10024(com.android.systemui) RenderThread identical 1 line
05-26 11:46:01.726  2012  2265 D EGL_emulation: eglMakeCurrent: 0xe8b05420: ver 3 0 (tinfo 0xe8b03980)
05-26 11:46:01.731  2482  3056 I Places  : ?: PlacesBleScanner start() with priority 2
05-26 11:46:01.734  2012  2265 D EGL_emulation: eglMakeCurrent: 0xe8b05420: ver 3 0 (tinfo 0xe8b03980)
05-26 11:46:01.742  2012  2265 I chatty  : uid=10024(com.android.systemui) RenderThread identical 1 line
05-26 11:46:01.748  2012  2265 D EGL_emulation: eglMakeCurrent: 0xe8b05420: ver 3 0 (tinfo 0xe8b03980)
05-26 11:46:01.751  2482  3056 I Places  : ?: PlacesBleScanner start() with priority 2
05-26 11:46:01.753  2534  2034 I EventLogSendingHelper: Sending log events.
05-26 11:46:01.755  2482  3056 I PlaceInferenceEngine: [anon] Changed inference mode: 1
05-26 11:46:01.763  2012  2265 D EGL_emulation: eglMakeCurrent: 0xe8b05420: ver 3 0 (tinfo 0xe8b03980)
05-26 11:46:01.796  2012  2265 I chatty  : uid=10024(com.android.systemui) RenderThread identical 4 lines
05-26 11:46:01.804  2012  2265 D EGL_emulation: eglMakeCurrent: 0xe8b05420: ver 3 0 (tinfo 0xe8b03980)
05-26 11:46:01.805  3143  3163 W a.fennec_auror: Accessing hidden method Landroid/content/res/Resources$Theme;->rebase()V (dark greylist, linking)
05-26 11:46:01.807  2482  3056 I Places  : Converted 0 out of 1 WiFi scans
05-26 11:46:01.809  3143  3143 D FirebaseApp: com.google.firebase.auth.FirebaseAuth is not linked. Skipping initialization.
05-26 11:46:01.810  3143  3143 D FirebaseApp: com.google.firebase.crash.FirebaseCrash is not linked. Skipping initialization.
05-26 11:46:01.810  3143  3143 I FirebaseInitProvider: FirebaseApp initialization successful
05-26 11:46:01.816  2012  2265 D EGL_emulation: eglMakeCurrent: 0xe8b05420: ver 3 0 (tinfo 0xe8b03980)
05-26 11:46:01.825  2012  2265 D EGL_emulation: eglMakeCurrent: 0xe8b05420: ver 3 0 (tinfo 0xe8b03980)
05-26 11:46:01.834  2482 11975 I PlaceInferenceEngine: No beacon scan available - ignoring candidates.
05-26 11:46:01.868  3143  3143 D FennecProfile: profiles.ini: false
05-26 11:46:01.871  3143  3143 D FennecProfile: No profiles found
05-26 11:46:01.877  3143  3143 D FennecMigrator: No migrations to run. Fennec install - false.
05-26 11:46:01.888  3143  3143 D FenixApplication: Initializing Glean (uploadEnabled=true, isFennec=true)
05-26 11:46:01.901  2482  6321 W ctxmgr  : [AclManager]No 2 for (accnt=account#-517948760#, com.google.android.gms(10008):PlacesProducer, vrsn=13280000, 0, 3pPkg = null ,  3pMdlId = null ,  pid = 2482). Was: 3 for 18, account#-517948760#
05-26 11:46:01.916  3143  3175 D RustNativeSupport: findMegazordLibraryName(viaduct, 0.58.1
05-26 11:46:01.916  3143  3175 D RustNativeSupport: lib in use: none
05-26 11:46:01.916  3143  3175 D RustNativeSupport: lib configured: megazord
05-26 11:46:01.916  3143  3175 D RustNativeSupport: lib version configured: 0.58.1
05-26 11:46:01.916  3143  3175 D RustNativeSupport: settled on megazord
05-26 11:46:01.967  3143  3163 I FA      : Collection disabled with firebase_analytics_collection_enabled=0
05-26 11:46:01.969  3143  3163 I FA      : App measurement is starting up, version: 12780
05-26 11:46:01.970  3143  3163 I FA      : To enable debug logging run: adb shell setprop log.tag.FA VERBOSE
05-26 11:46:01.973  3143  3163 I FA      : To enable faster debug mode event logging run:
05-26 11:46:01.973  3143  3163 I FA      :   adb shell setprop debug.firebase.analytics.app org.mozilla.fennec_aurora
05-26 11:46:02.036  3143  3173 D libglean_ffi: glean_ffi: Android logging should be hooked up!
05-26 11:46:02.037  3143  3173 I glean/Glean: Registering pings for mozilla.telemetry.glean.GleanMetrics.Pings
05-26 11:46:02.038  3143  3173 I libglean_ffi: glean_core: Creating new Glean
05-26 11:46:02.038  3143  3173 D libglean_ffi: glean_core::database: Database path: "/data/user/0/org.mozilla.fennec_aurora/glean_data/db"
05-26 11:46:02.042  3143  3143 W ActivityThread: ClassLoader.loadClass: The class loader returned by Thread.getContextClassLoader() may fail for processes that host multiple applications. You should explicitly specify a context class loader. For example: Thread.setContextClassLoader(getClass().getClassLoader());
05-26 11:46:02.043  3143  3143 I GeckoRuntime: Adding debug configuration from: /data/local/tmp/org.mozilla.fennec_aurora-geckoview-config.yaml
05-26 11:46:02.043  3143  3143 D GeckoDebugConfig: Adding environment variables from debug config: {MOZ_CRASHREPORTER=1, MOZ_CRASHREPORTER_NO_REPORT=1, MOZ_CRASHREPORTER_SHUTDOWN=1}
05-26 11:46:02.043  3143  3143 D GeckoDebugConfig: Adding arguments from debug config: [-marionette, -profile, /mnt/sdcard/org.mozilla.fennec_aurora-geckodriver-profile]
05-26 11:46:02.043  3143  3143 D GeckoThread: State changed to LAUNCHED
05-26 11:46:02.044  3143  3175 D RustNativeSupport: findMegazordLibraryName(rustlog, 0.58.1
05-26 11:46:02.045  3143  3175 D RustNativeSupport: lib in use: none
05-26 11:46:02.045  3143  3175 D RustNativeSupport: lib configured: megazord
05-26 11:46:02.045  3143  3175 D RustNativeSupport: lib version configured: 0.58.1
05-26 11:46:02.045  3143  3175 D RustNativeSupport: settled on megazord
05-26 11:46:02.048  3143  3175 I rc_log_ffi::ios: rc_log adapter initialized!
05-26 11:46:02.049  3143  3179 I GeckoThread: preparing to run Gecko
05-26 11:46:02.050  3143  3173 I libglean_ffi: glean_core::database: Database initialized
05-26 11:46:02.051  3143  3179 D GeckoThread: env var: MOZ_CRASHREPORTER=1
05-26 11:46:02.051  3143  3179 D GeckoThread: env var: MOZ_CRASHREPORTER_NO_REPORT=1
05-26 11:46:02.051  3143  3179 D GeckoThread: env var: MOZ_CRASHREPORTER_SHUTDOWN=1
05-26 11:46:02.054  3143  3143 D GeckoRuntime: Lifecycle: onCreate
05-26 11:46:02.090  3143  3173 I libglean_ffi: glean_ffi: Glean initialized
05-26 11:46:02.129  3143  3179 D GeckoThread: State changed to MOZGLUE_READY
05-26 11:46:02.132  3143  3143 D GleanMetricsService: Enabling Glean.
05-26 11:46:02.138  3143  3143 I glean/Dispatchers: Task queued for execution and delayed until flushed
05-26 11:46:02.140  3143  3143 I AdjustMetricsService: No adjust token defined
05-26 11:46:02.141  3143  3143 D PushConfig: Creating push configuration for autopush.
05-26 11:46:02.141  3143  3179 W Settings: Setting animator_duration_scale has moved from android.provider.Settings.System to android.provider.Settings.Global, returning read-only global URI.
05-26 11:46:02.147  3143  3179 E GeckoLibLoad: Load sqlite start
05-26 11:46:02.158  3143  3143 I App     : AutoPushFeature is configured, initializing it...
05-26 11:46:02.160  3143  3143 I AutoPushFeature: Checking validity of push subscriptions.
05-26 11:46:02.169  3143  3155 I a.fennec_auror: Background concurrent copying GC freed 14684(2MB) AllocSpace objects, 4(208KB) LOS objects, 50% free, 2047KB/3MB, paused 4.855ms total 125.455ms
05-26 11:46:02.170  3143  3143 D FennecProfile: profiles.ini: false
05-26 11:46:02.170  3143  3143 D FennecProfile: No profiles found
05-26 11:46:02.182  3143  3175 W [WARNING][Leanplum]: [com.leanplum.internal.ActionManager::getLocationManager::8]: Geofencing support requires leanplum-location module and Google Play Services v8.1 and higher.
05-26 11:46:02.182  3143  3175 W [WARNING][Leanplum]: Add this to your build.gradle file:
05-26 11:46:02.182  3143  3175 W [WARNING][Leanplum]: implementation 'com.google.android.gms:play-services-location:8.3.0+'
05-26 11:46:02.182  3143  3175 W [WARNING][Leanplum]: implementation 'com.leanplum:leanplum-location:+'
05-26 11:46:02.192  3143  3175 I [INFO][Leanplum]: [com.leanplum.monitoring.ExceptionHandler::setContext::6]: LeanplumExceptionHandler could not initialize Exception Reporting.This is expected if you have not included the leanplum-monitoring module
05-26 11:46:02.205  3143  3179 E GeckoLibLoad: Load sqlite done
05-26 11:46:02.205  3143  3179 E GeckoLibLoad: Load nss start
05-26 11:46:02.205  3143  3179 E GeckoLibLoad: Load nss done
05-26 11:46:02.227  3143  3143 D FennecMigrator: This is not a Fennec installation. No migration needed.
05-26 11:46:02.247  3143  3185 I [INFO][Leanplum]: [com.leanplum.LeanplumFcmProvider::isManifestSetup::11]: Firebase Messaging is setup correctly.
05-26 11:46:02.250  3143  3143 W a.fennec_auror: Accessing hidden method Landroid/content/res/Resources$Theme;->rebase()V (dark greylist, reflection)
05-26 11:46:02.251  3143  3143 I ResourcesCompat: Failed to retrieve rebase() method
05-26 11:46:02.251  3143  3143 I ResourcesCompat: java.lang.NoSuchMethodException: rebase []
05-26 11:46:02.251  3143  3143 I ResourcesCompat: 	at java.lang.Class.getMethod(Class.java:2068)
05-26 11:46:02.251  3143  3143 I ResourcesCompat: 	at java.lang.Class.getDeclaredMethod(Class.java:2047)
05-26 11:46:02.251  3143  3143 I ResourcesCompat: 	at androidx.core.content.res.ResourcesCompat$ThemeCompat$ImplApi23.rebase(ResourcesCompat.java:3)
05-26 11:46:02.251  3143  3143 I ResourcesCompat: 	at androidx.appcompat.app.AppCompatActivity.attachBaseContext(AppCompatActivity.java:80)
05-26 11:46:02.251  3143  3143 I ResourcesCompat: 	at mozilla.components.support.locale.LocaleAwareAppCompatActivity.attachBaseContext(LocaleAwareAppCompatActivity.kt:2)
05-26 11:46:02.251  3143  3143 I ResourcesCompat: 	at android.app.Activity.attach(Activity.java:7051)
05-26 11:46:02.251  3143  3143 I ResourcesCompat: 	at android.app.ActivityThread.performLaunchActivity(ActivityThread.java:2873)
05-26 11:46:02.251  3143  3143 I ResourcesCompat: 	at android.app.ActivityThread.handleLaunchActivity(ActivityThread.java:3048)
05-26 11:46:02.251  3143  3143 I ResourcesCompat: 	at android.app.servertransaction.LaunchActivityItem.execute(LaunchActivityItem.java:78)
05-26 11:46:02.251  3143  3143 I ResourcesCompat: 	at android.app.servertransaction.TransactionExecutor.executeCallbacks(TransactionExecutor.java:108)
05-26 11:46:02.251  3143  3143 I ResourcesCompat: 	at android.app.servertransaction.TransactionExecutor.execute(TransactionExecutor.java:68)
05-26 11:46:02.251  3143  3143 I ResourcesCompat: 	at android.app.ActivityThread$H.handleMessage(ActivityThread.java:1808)
05-26 11:46:02.251  3143  3143 I ResourcesCompat: 	at android.os.Handler.dispatchMessage(Handler.java:106)
05-26 11:46:02.251  3143  3143 I ResourcesCompat: 	at android.os.Looper.loop(Looper.java:193)
05-26 11:46:02.251  3143  3143 I ResourcesCompat: 	at android.app.ActivityThread.main(ActivityThread.java:6669)
05-26 11:46:02.251  3143  3143 I ResourcesCompat: 	at java.lang.reflect.Method.invoke(Native Method)
05-26 11:46:02.251  3143  3143 I ResourcesCompat: 	at com.android.internal.os.RuntimeInit$MethodAndArgsCaller.run(RuntimeInit.java:493)
05-26 11:46:02.251  3143  3143 I ResourcesCompat: 	at com.android.internal.os.ZygoteInit.main(ZygoteInit.java:858)
05-26 11:46:02.427  3143  3179 E GeckoLibLoad: Loaded libs in 222.502000ms total, 0ms(340ms) user, 140ms(250ms) system, 9(18) faults
05-26 11:46:02.429  3143  3179 D GeckoThread: State changed to LIBS_READY
05-26 11:46:02.431  3143  3179 W GeckoThread: zerdatime 190882628 - runGecko
05-26 11:46:02.432  3143  3179 D GeckoProfile: Loading profile at: null name: default
05-26 11:46:02.432  3143  3179 D GeckoProfile: Created new profile dir.
05-26 11:46:02.433  3143  3179 I GeckoProfile: Enqueuing profile init.
05-26 11:46:02.434  3143  3179 D GeckoProfile: Found profile dir: /data/user/0/org.mozilla.fennec_aurora/files/mozilla/rvksmdxh.default
05-26 11:46:02.434  3143  3179 D GeckoProfile: Attempting to write new client ID properties
05-26 11:46:02.435  3143  3179 D GeckoProfile: Creating profile dir: /data/user/0/org.mozilla.fennec_aurora/files/mozilla/rvksmdxh.default
05-26 11:46:02.454  3143  3173 I glean/MetricsPingSched: The application just updated. Send metrics ping now.
05-26 11:46:02.477  3143  3173 I glean/MetricsPingSched: Collecting the 'metrics' ping, now = Tue May 26 11:46:02 EDT 2020, startup = true, reason = upgrade
05-26 11:46:02.477  3143  3173 I libglean_ffi: glean_core::ping: Collecting metrics
05-26 11:46:02.477  3143  3173 I libglean_ffi: glean_core::ping: Storage for metrics empty. Bailing out.
05-26 11:46:02.477  3143  3173 I libglean_ffi: glean_core: No content for ping 'metrics', therefore no ping queued.
05-26 11:46:02.480  3143  3173 D glean/MetricsPingSched: Scheduling the 'metrics' ping in 58437572ms
05-26 11:46:02.485  3143  3173 I libglean_ffi: glean_core: Upload enabled: true
05-26 11:46:02.501  3143  3179 I Gecko:DumpUtils: Fifo watcher disabled via pref.
05-26 11:46:02.551  1876  2204 I GnssLocationProvider: WakeLock acquired by sendMessage(REPORT_SV_STATUS, 0, com.android.server.location.GnssLocationProvider$SvStatusInfo@1b47420)
05-26 11:46:02.552  1876  1890 I GnssLocationProvider: WakeLock released by handleMessage(REPORT_SV_STATUS, 0, com.android.server.location.GnssLocationProvider$SvStatusInfo@1b47420)
05-26 11:46:02.571  3143  3143 I FirefoxAccountStateMachine: Enabling/updating sync with a new SyncConfig: SyncConfig(supportedEngines=[mozilla.components.service.fxa.SyncEngine$History@83c4938, mozilla.components.service.fxa.SyncEngine$Bookmarks@94a6d11, mozilla.components.service.fxa.SyncEngine$Passwords@e11ce76], syncPeriodInMinutes=240)
05-26 11:46:02.579  3143  3143 I BgSyncManager: Periodic syncing enabled at a 240 interval
05-26 11:46:02.579  3143  3143 I FirefoxAccountStateMachine: Sync is enabled
05-26 11:46:02.589  3143  3211 I FirefoxAccountStateMachine: Processing event Event$Init for state Start. Next state is Start
05-26 11:46:02.594  3143  3179 D GeckoSysInfo: System memory: 1494MB.
05-26 11:46:02.605  3143  3179 D GeckoThread: State changed to JNI_READY
05-26 11:46:02.610  3143  3143 E ActivityThread: Failed to find provider info for org.mozilla.fennec_aurora.fxa.auth
05-26 11:46:02.625  3143  3213 D ServiceAllocator: org.mozilla.gecko.process.GeckoChildProcessServices$tab0 updateBindings: BACKGROUND priority, 0 importance, 2 successful binds, 0 failed binds, 0 successful unbinds, 0 failed unbinds
05-26 11:46:02.630  3222  3222 W nec_aurora:tab: Unexpected CPU variant for X86 using defaults: x86
05-26 11:46:02.633  1876  1893 I ActivityManager: Start proc 3222:org.mozilla.fennec_aurora:tab0/u0a92 for service org.mozilla.fennec_aurora/org.mozilla.gecko.process.GeckoChildProcessServices$tab0
05-26 11:46:02.651  1739  1739 I keystore: del USRPKEY_org.mozilla.fennec_aurora 10092
05-26 11:46:02.653  1739  1739 I keystore: del USRCERT_org.mozilla.fennec_aurora 10092
05-26 11:46:02.653  3143  3143 D GeckoRuntime: Lifecycle: onStart
05-26 11:46:02.655  1739  1739 I keystore: del CACERT_org.mozilla.fennec_aurora 10092
05-26 11:46:02.657  3143  3143 D GeckoRuntime: Lifecycle: onResume
05-26 11:46:02.658  3143  3143 D GeckoNetworkManager: Incoming event start for state OffNoListeners -> OnNoListeners
05-26 11:46:02.660  3143  3143 D GeckoNetworkManager: New network state: UP, WIFI, WIFI
05-26 11:46:02.661  3143  3143 D OpenGLRenderer: Skia GL Pipeline
05-26 11:46:02.661  3143  3185 D NetworkSecurityConfig: No Network Security Config specified, using platform default
05-26 11:46:02.666  3222  3222 I nec_aurora:tab: The ClassLoaderContext is a special shared library.
05-26 11:46:02.675  3143  3211 I FirefoxAccountStateMachine: Ran 'Event$Init' side-effects for state Start, got successive event Event$AccountNotFound
05-26 11:46:02.675  3143  3211 I FirefoxAccountStateMachine: Processing event Event$AccountNotFound for state Start. Next state is NotAuthenticated
05-26 11:46:02.676  1733  2119 E SurfaceFlinger: ro.sf.lcd_density must be defined as a build property
05-26 11:46:02.676  3143  3211 D RustNativeSupport: findMegazordLibraryName(fxaclient, 0.58.1
05-26 11:46:02.676  3143  3211 D RustNativeSupport: lib in use: none
05-26 11:46:02.676  3143  3211 D RustNativeSupport: lib configured: megazord
05-26 11:46:02.676  3143  3211 D RustNativeSupport: lib version configured: 0.58.1
05-26 11:46:02.676  3143  3211 D RustNativeSupport: settled on megazord
05-26 11:46:02.679  3143  3211 D fxaclient_ffi: fxa_new
05-26 11:46:02.742  3222  3222 D GeckoThread: State changed to LAUNCHED
05-26 11:46:02.743  3222  3251 I GeckoThread: preparing to run Gecko
05-26 11:46:02.755  3143  3173 I libglean_ffi: glean_core::ping: Collecting baseline
05-26 11:46:02.764  3143  3173 D libglean_ffi: glean_core::ping: Storing ping '8ce65411-ef87-4223-8242-6b48e5d710d4' at '/data/user/0/org.mozilla.fennec_aurora/glean_data/pending_pings/8ce65411-ef87-4223-8242-6b48e5d710d4'
05-26 11:46:02.765  3143  3173 I libglean_ffi: glean_core: The ping 'baseline' was submitted and will be sent as soon as possible
05-26 11:46:02.782  3143  3143 D GeckoNetworkManager: Incoming event receivedUpdate for state OnNoListeners -> OnNoListeners
05-26 11:46:02.785  3143  3143 D GeckoNetworkManager: New network state: UP, WIFI, WIFI
05-26 11:46:02.787  3143  3211 W FirefoxAccountStateMachine: Got invalid event Event$Init for state NotAuthenticated.
05-26 11:46:02.820  1876  8003 D ConnectivityService: requestNetwork for uid/pid:10092/3143 NetworkRequest [ TRACK_DEFAULT id=238, [ Capabilities: INTERNET&NOT_RESTRICTED&TRUSTED Unwanted:  Uid: 10092] ]
05-26 11:46:02.823  1876  1975 D WIFI    : got request NetworkRequest [ TRACK_DEFAULT id=238, [ Capabilities: INTERNET&NOT_RESTRICTED&TRUSTED Unwanted:  Uid: 10092] ] with score 60
05-26 11:46:02.823  1876  1975 D WIFI_UT : got request NetworkRequest [ TRACK_DEFAULT id=238, [ Capabilities: INTERNET&NOT_RESTRICTED&TRUSTED Unwanted:  Uid: 10092] ] with score 60
05-26 11:46:02.824  2131  2131 D PhoneSwitcherNetworkRequstListener: got request NetworkRequest [ TRACK_DEFAULT id=238, [ Capabilities: INTERNET&NOT_RESTRICTED&TRUSTED Unwanted:  Uid: 10092] ] with score 60
05-26 11:46:02.853  3143  3155 I a.fennec_auror: Background concurrent copying GC freed 8545(1150KB) AllocSpace objects, 24(1120KB) LOS objects, 49% free, 3MB/7MB, paused 2.483ms total 123.447ms
05-26 11:46:02.862  1623  5774 D gralloc_ranchu: gralloc_alloc: Creating ashmem region of size 9334784
05-26 11:46:02.872  1733  1967 D         : HostConnection::get() New Host Connection established 0xe9a2f580, tid 1967
05-26 11:46:02.873  1623  5774 D gralloc_ranchu: gralloc_alloc: Creating ashmem region of size 9334784
05-26 11:46:02.880  1623  5774 D gralloc_ranchu: gralloc_alloc: Creating ashmem region of size 9334784
05-26 11:46:02.897  3143  3241 D         : HostConnection::get() New Host Connection established 0xd1ca43c0, tid 3241
05-26 11:46:02.911  3143  3241 I ConfigStore: android::hardware::configstore::V1_0::ISurfaceFlingerConfigs::hasWideColorDisplay retrieved: 0
05-26 11:46:02.911  3143  3241 I ConfigStore: android::hardware::configstore::V1_0::ISurfaceFlingerConfigs::hasHDRDisplay retrieved: 0
05-26 11:46:02.911  3143  3241 I OpenGLRenderer: Initialized EGL, version 1.4
05-26 11:46:02.911  3143  3241 D OpenGLRenderer: Swap behavior 1
05-26 11:46:02.911  3143  3241 W OpenGLRenderer: Failed to choose config with EGL_SWAP_BEHAVIOR_PRESERVED, retrying without...
05-26 11:46:02.911  3143  3241 D OpenGLRenderer: Swap behavior 0
05-26 11:46:02.912  3143  3241 D EGL_emulation: eglCreateContext: 0xd0089240: maj 3 min 0 rcv 3
05-26 11:46:02.912  3143  3143 D MigrationPushRenewer: Migration state: NONE
05-26 11:46:02.913  3143  3143 D MigrationTelemetryListener: Migration state: NONE
05-26 11:46:02.914  3143  3241 D EGL_emulation: eglMakeCurrent: 0xd0089240: ver 3 0 (tinfo 0xd00f6050)
05-26 11:46:02.919  1733  1967 E SurfaceFlinger: ro.sf.lcd_density must be defined as a build property
05-26 11:46:02.999  3143  3241 D EGL_emulation: eglMakeCurrent: 0xd0089240: ver 3 0 (tinfo 0xd00f6050)
05-26 11:46:03.029  3143  3260 D glean/PingUploadWorker: Processing persisted pings at /data/user/0/org.mozilla.fennec_aurora/glean_data/pending_pings
05-26 11:46:03.030  3143  3260 D glean/PingUploadWorker: Processing ping: 8ce65411-ef87-4223-8242-6b48e5d710d4
05-26 11:46:03.036  1876  1899 I ActivityManager: Displayed org.mozilla.fennec_aurora/org.mozilla.fenix.HomeActivity: +1s462ms
05-26 11:46:03.043  2000  2000 I GoogleInputMethod: onFinishInput() : Dummy InputConnection bound
05-26 11:46:03.045  3143  3260 D glean/ConceptFetchHttpUploader: Submitting ping to: https://incoming.telemetry.mozilla.org/submit/org-mozilla-fennec-aurora/baseline/1/8ce65411-ef87-4223-8242-6b48e5d710d4
05-26 11:46:03.047  2000  2000 I GoogleInputMethod: onStartInput() : Dummy InputConnection bound
05-26 11:46:03.051  4313  4313 E adbd    : failed to connect to socket 'tcp:2829': Connection refused
05-26 11:46:03.052  3143  3143 E ActivityThread: Failed to find provider info for org.mozilla.fennec_aurora.fxa.auth
05-26 11:46:03.158  4313  4313 E adbd    : failed to connect to socket 'tcp:2829': Connection refused
05-26 11:46:03.218  1876  1940 D gralloc_ranchu: gralloc_unregister_buffer: exiting HostConnection (is buffer-handling thread)
05-26 11:46:03.219  1876  1940 D         : HostConnection::get() New Host Connection established 0xc8655580, tid 1940
05-26 11:46:03.219  1876  1940 D gralloc_ranchu: gralloc_unregister_buffer: exiting HostConnection (is buffer-handling thread)
05-26 11:46:03.220  1733  2205 D         : HostConnection::get() New Host Connection established 0xede987c0, tid 2205
05-26 11:46:03.220  1733  2205 D gralloc_ranchu: gralloc_unregister_buffer: exiting HostConnection (is buffer-handling thread)
05-26 11:46:03.220  1733  2205 D         : HostConnection::get() New Host Connection established 0xede987c0, tid 2205
05-26 11:46:03.222  1733  2205 D gralloc_ranchu: gralloc_unregister_buffer: exiting HostConnection (is buffer-handling thread)
05-26 11:46:03.225  1876  1940 D         : HostConnection::get() New Host Connection established 0xc8655580, tid 1940
05-26 11:46:03.225  1876  1940 D gralloc_ranchu: gralloc_unregister_buffer: exiting HostConnection (is buffer-handling thread)
05-26 11:46:03.226  1904  1911 D gralloc_ranchu: gralloc_unregister_buffer: exiting HostConnection (is buffer-handling thread)
05-26 11:46:03.227  1904  1911 D         : HostConnection::get() New Host Connection established 0xe6d43140, tid 1911
05-26 11:46:03.228  1904  1911 D gralloc_ranchu: gralloc_unregister_buffer: exiting HostConnection (is buffer-handling thread)
05-26 11:46:03.228  1876  1940 D         : HostConnection::get() New Host Connection established 0xc8655580, tid 1940
05-26 11:46:03.230  1876  1940 D gralloc_ranchu: gralloc_unregister_buffer: exiting HostConnection (is buffer-handling thread)
05-26 11:46:03.236  1904  1911 D         : HostConnection::get() New Host Connection established 0xe6d43140, tid 1911
05-26 11:46:03.262  4313  4313 E adbd    : failed to connect to socket 'tcp:2829': Connection refused
05-26 11:46:03.372  4313  4313 E adbd    : failed to connect to socket 'tcp:2829': Connection refused
05-26 11:46:03.387  3143  3143 D GeckoNetworkManager: Incoming event enableNotifications for state OnNoListeners -> OnWithListeners
05-26 11:46:03.391  3143  3143 D GeckoNetworkManager: New network state: UP, WIFI, WIFI
05-26 11:46:03.392  1876  3809 W ActivityManager: Receiver with filter android.content.IntentFilter@3574dd6 already registered for pid 3143, callerPackage is org.mozilla.fennec_aurora
05-26 11:46:03.403  3143  3143 D GeckoNetworkManager: Incoming event receivedUpdate for state OnWithListeners -> OnWithListeners
05-26 11:46:03.414  3143  3143 D GeckoNetworkManager: New network state: UP, WIFI, WIFI
05-26 11:46:03.489  4313  4313 E adbd    : failed to connect to socket 'tcp:2829': Connection refused
05-26 11:46:03.502  3143  3143 I [INFO][Leanplum]: [com.leanplum.LeanplumCloudMessagingProvider::onRegistrationIdReceived::3]: Device registered for push notifications with registration token, dYV3t03voH0:APA91bHDV2GKf7W7v6eMdfzj7Yie1YfP1FaV5KX7ltgDKK4ju7E0B8qjmeNhUlTdiSHvgmTQZ18T0vUsERF1cl60KsD32HbsZMWYVKehmKpWFPZiGFd0OUPM47XynN0qn4bnZYyqCS1X
05-26 11:46:03.551  1876  2204 I GnssLocationProvider: WakeLock acquired by sendMessage(REPORT_SV_STATUS, 0, com.android.server.location.GnssLocationProvider$SvStatusInfo@cf252f3)
05-26 11:46:03.552  1876  1890 I GnssLocationProvider: WakeLock released by handleMessage(REPORT_SV_STATUS, 0, com.android.server.location.GnssLocationProvider$SvStatusInfo@cf252f3)
05-26 11:46:03.599  4313  4313 E adbd    : failed to connect to socket 'tcp:2829': Connection refused
05-26 11:46:03.705  3143  3276 I [INFO][Leanplum]: [com.leanplum.LeanplumCloudMessagingProvider::onRegistrationIdReceived::3]: Device registered for push notifications with registration token, dYV3t03voH0:APA91bHDV2GKf7W7v6eMdfzj7Yie1YfP1FaV5KX7ltgDKK4ju7E0B8qjmeNhUlTdiSHvgmTQZ18T0vUsERF1cl60KsD32HbsZMWYVKehmKpWFPZiGFd0OUPM47XynN0qn4bnZYyqCS1X
05-26 11:46:03.723  4313  4313 E adbd    : failed to connect to socket 'tcp:2829': Connection refused
05-26 11:46:03.728  3143  3277 I AutoPushFeature: Received a new registration token from push service.
05-26 11:46:03.753  1733  1733 W SurfaceFlinger: couldn't log to binary event log: overflow.
05-26 11:46:03.756  3143  3277 D RustNativeSupport: findMegazordLibraryName(push, 0.58.1
05-26 11:46:03.756  3143  3277 D RustNativeSupport: lib in use: none
05-26 11:46:03.757  3143  3277 D RustNativeSupport: lib configured: megazord
05-26 11:46:03.757  3143  3277 D RustNativeSupport: lib version configured: 0.58.1
05-26 11:46:03.757  3143  3277 D RustNativeSupport: settled on megazord
05-26 11:46:03.829  4313  4313 E adbd    : failed to connect to socket 'tcp:2829': Connection refused
05-26 11:46:03.873  2534  2005 I PBSessionCacheImpl: Deleted sessionId[290782986460] from persistence.
05-26 11:46:03.882  2534  2534 W SearchService: Abort, client detached.
05-26 11:46:03.905  2534  2034 I WorkController: WorkProxy is not enqueued because WorkController is disposed: WorkProxy{Name=context::j, WorkerId=context, id=bcd7568}
05-26 11:46:03.905  2534  2034 I WorkController: WorkProxy is not enqueued because WorkController is disposed: WorkProxy{Name=context::m, WorkerId=context, id=6b0dd81}
05-26 11:46:03.906  2534  2034 I WorkController: WorkProxy is not enqueued because WorkController is disposed: WorkProxy{Name=context::n, WorkerId=context, id=f91ce26}
05-26 11:46:03.908  2534  2034 I WorkController: WorkProxy is not enqueued because WorkController is disposed: WorkProxy{Name=context::p, WorkerId=context, id=5488a67}
05-26 11:46:03.908  1832  1832 E netmgr  : Failed to open QEMU pipe 'qemud:network': Invalid argument
05-26 11:46:03.908  1832  1832 E netmgr  : WifiForwarder unable to open QEMU pipe: Invalid argument
05-26 11:46:03.928  2012  2265 D EGL_emulation: eglMakeCurrent: 0xe8b05420: ver 3 0 (tinfo 0xe8b03980)
05-26 11:46:03.935  4313  4313 E adbd    : failed to connect to socket 'tcp:2829': Connection refused
05-26 11:46:03.976  3143  3179 D GeckoThread: State changed to PROFILE_READY
05-26 11:46:04.004  3143  3179 D GeckoThread: State changed to RUNNING
05-26 11:46:04.010  3143  3179 I Gecko   : -*- nsDNSServiceDiscovery.js : nsDNSServiceDiscovery
05-26 11:46:04.028  3143  3179 I Gecko   : 1590507964028	Marionette	TRACE	Marionette enabled
05-26 11:46:04.040  4313  4313 E adbd    : failed to connect to socket 'tcp:2829': Connection refused
05-26 11:46:04.142  4313  4313 E adbd    : failed to connect to socket 'tcp:2829': Connection refused
05-26 11:46:04.193  3143  3143 I DefaultSupportedAddonsChecker: Register check for new supported add-ons
05-26 11:46:04.206  3143  3179 I Gecko   : 1590507964206	Marionette	TRACE	Received observer notification marionette-startup-requested
05-26 11:46:04.207  3143  3179 I Gecko   : 1590507964207	Marionette	TRACE	Waiting until startup recorder finished recording startup scripts...
05-26 11:46:04.239  3143  3187 I SupportedAddonsWorker: Trying to check for new supported add-ons
05-26 11:46:04.248  4313  4313 E adbd    : failed to connect to socket 'tcp:2829': Connection refused
05-26 11:46:04.349  4313  4313 E adbd    : failed to connect to socket 'tcp:2829': Connection refused
05-26 11:46:04.421  3143  3143 D App     : Installed browser-icons extension
05-26 11:46:04.451  4313  4313 E adbd    : failed to connect to socket 'tcp:2829': Connection refused
05-26 11:46:04.459  3143  3179 D         : HostConnection::get() New Host Connection established 0xd1ca4f80, tid 3179
05-26 11:46:04.461  3143  3179 E EGL_emulation: tid 3179: eglBindAPI(1259): error 0x300c (EGL_BAD_PARAMETER)
05-26 11:46:04.463  3143  3179 D EGL_emulation: eglCreateContext: 0xe5e99640: maj 3 min 0 rcv 3
05-26 11:46:04.465  3143  3179 D EGL_emulation: eglMakeCurrent: 0xe5e99640: ver 3 0 (tinfo 0xe71136e0)
05-26 11:46:04.552  1876  2204 I GnssLocationProvider: WakeLock acquired by sendMessage(REPORT_SV_STATUS, 0, com.android.server.location.GnssLocationProvider$SvStatusInfo@2bcd886)
05-26 11:46:04.554  1876  1890 I GnssLocationProvider: WakeLock released by handleMessage(REPORT_SV_STATUS, 0, com.android.server.location.GnssLocationProvider$SvStatusInfo@2bcd886)
05-26 11:46:04.557  4313  4313 E adbd    : failed to connect to socket 'tcp:2829': Connection refused
05-26 11:46:04.662  3143  3260 D glean/ConceptFetchHttpUploader: Ping successfully sent (200)
05-26 11:46:04.662  3143  3260 D glean/PingUploadWorker: 8ce65411-ef87-4223-8242-6b48e5d710d4 was deleted: true
05-26 11:46:04.662  4313  4313 E adbd    : failed to connect to socket 'tcp:2829': Connection refused
05-26 11:46:04.663  3143  3177 I WM-WorkerWrapper: Worker result SUCCESS for Work [ id=30b8d5b3-35f6-406c-87ae-45da79372bef, tags={ mozilla.telemetry.glean.scheduler.PingUploadWorker, mozac_service_glean_ping_upload_worker } ]
05-26 11:46:04.669  1876  1978 D ConnectivityService: releasing NetworkRequest [ TRACK_DEFAULT id=238, [ Capabilities: INTERNET&NOT_RESTRICTED&TRUSTED Unwanted:  Uid: 10092] ] (release request)
05-26 11:46:04.712  1876  1884 I system_server: Background concurrent copying GC freed 70960(3MB) AllocSpace objects, 55(2MB) LOS objects, 19% free, 25MB/31MB, paused 2.462ms total 125.489ms
05-26 11:46:04.768  4313  4313 E adbd    : failed to connect to socket 'tcp:2829': Connection refused
05-26 11:46:04.819  3143  3143 D mozac-webcompat: Installed WebCompat webextension: webcompat@mozilla.com
05-26 11:46:04.865  3143  3179 I Gecko   : 1590507964865	Marionette	TRACE	All scripts recorded.
05-26 11:46:04.865  3143  3179 I Gecko   : 1590507964865	Marionette	DEBUG	Setting recommended pref apz.content_response_timeout to 60000
05-26 11:46:04.866  3143  3179 I Gecko   : 1590507964866	Marionette	DEBUG	Setting recommended pref browser.contentblocking.introCount to 99
05-26 11:46:04.866  3143  3179 I Gecko   : 1590507964866	Marionette	DEBUG	Setting recommended pref browser.download.panel.shown to true
05-26 11:46:04.866  3143  3179 I Gecko   : 1590507964866	Marionette	DEBUG	Setting recommended pref browser.newtabpage.enabled to false
05-26 11:46:04.866  3143  3179 I Gecko   : 1590507964866	Marionette	DEBUG	Setting recommended pref browser.safebrowsing.malware.enabled to false
05-26 11:46:04.870  3143  3179 I Gecko   : 1590507964870	Marionette	DEBUG	Setting recommended pref browser.safebrowsing.phishing.enabled to false
05-26 11:46:04.872  3143  3179 I Gecko   : 1590507964872	Marionette	DEBUG	Setting recommended pref browser.search.update to false
05-26 11:46:04.872  3143  3179 I Gecko   : 1590507964872	Marionette	DEBUG	Setting recommended pref browser.tabs.disableBackgroundZombification to false
05-26 11:46:04.872  3143  3179 I Gecko   : 1590507964872	Marionette	DEBUG	Setting recommended pref browser.tabs.remote.separatePrivilegedContentProcess to false
05-26 11:46:04.873  3143  3179 I Gecko   : 1590507964873	Marionette	DEBUG	Setting recommended pref browser.tabs.unloadOnLowMemory to false
05-26 11:46:04.873  3143  3179 I Gecko   : 1590507964873	Marionette	DEBUG	Setting recommended pref browser.tabs.warnOnCloseOtherTabs to false
05-26 11:46:04.873  3143  3179 I Gecko   : 1590507964873	Marionette	DEBUG	Setting recommended pref browser.tabs.warnOnOpen to false
05-26 11:46:04.873  3143  3179 I Gecko   : 1590507964873	Marionette	DEBUG	Setting recommended pref browser.usedOnWindows10.introURL to 
05-26 11:46:04.874  3143  3179 I Gecko   : 1590507964873	Marionette	DEBUG	Setting recommended pref browser.urlbar.suggest.searches to false
05-26 11:46:04.874  3143  3179 I Gecko   : 1590507964874	Marionette	DEBUG	Setting recommended pref dom.disable_beforeunload to true
05-26 11:46:04.874  3143  3179 I Gecko   : 1590507964874	Marionette	DEBUG	Setting recommended pref dom.file.createInChild to true
05-26 11:46:04.874  3143  3179 I Gecko   : 1590507964874	Marionette	DEBUG	Setting recommended pref extensions.getAddons.cache.enabled to false
05-26 11:46:04.874  4313  4313 E adbd    : failed to connect to socket 'tcp:2829': Connection refused
05-26 11:46:04.875  3143  3179 I Gecko   : 1590507964875	Marionette	DEBUG	Setting recommended pref network.http.prompt-temp-redirect to false
05-26 11:46:04.875  3143  3179 I Gecko   : 1590507964875	Marionette	DEBUG	Setting recommended pref security.notification_enable_delay to 0
05-26 11:46:04.875  3143  3179 I Gecko   : 1590507964875	Marionette	DEBUG	Setting recommended pref signon.autofillForms to false
05-26 11:46:04.876  3143  3179 I Gecko   : 1590507964876	Marionette	DEBUG	Setting recommended pref signon.rememberSignons to false
05-26 11:46:04.876  3143  3179 I Gecko   : 1590507964876	Marionette	DEBUG	Setting recommended pref toolkit.cosmeticAnimations.enabled to false
05-26 11:46:04.943  3143  3179 I Gecko   : 1590507964943	Marionette	INFO	Listening on port 2829
05-26 11:46:04.944  3143  3179 I Gecko   : 1590507964944	Marionette	DEBUG	Marionette is listening
05-26 11:46:04.988  3143  3179 I Gecko   : 1590507964988	Marionette	DEBUG	Accepted connection 0 from 127.0.0.1:44851
05-26 11:46:05.011  3143  3179 I Gecko   : 1590507965011	Marionette	DEBUG	0 -> [0,1,"WebDriver:NewSession",{"browserName":"firefox","pageLoadStrategy":"none"}]
05-26 11:46:05.558  1876  2204 I GnssLocationProvider: WakeLock acquired by sendMessage(REPORT_SV_STATUS, 0, com.android.server.location.GnssLocationProvider$SvStatusInfo@2053547)
05-26 11:46:05.558  1876  1890 I GnssLocationProvider: WakeLock released by handleMessage(REPORT_SV_STATUS, 0, com.android.server.location.GnssLocationProvider$SvStatusInfo@2053547)
05-26 11:46:05.562  2482 11975 W ctxmgr  : [AclManager]No 2 for (accnt=account#-517948760#, com.google.android.gms(10008):IndoorOutdoorProducer, vrsn=13280000, 0, 3pPkg = null ,  3pMdlId = null ,  pid = 2482). Was: 3 for 57, account#-517948760#
05-26 11:46:05.659  3143  3177 I WM-WorkerWrapper: Worker result SUCCESS for Work [ id=7de11057-1656-49b2-aec1-1df4fd79ebc2, tags={ mozilla.components.feature.addons.migration.DefaultSupportedAddonsChecker.periodicWork, mozilla.components.feature.addons.migration.SupportedAddonsWorker } ]
05-26 11:46:06.561  1876  2204 I GnssLocationProvider: WakeLock acquired by sendMessage(REPORT_SV_STATUS, 0, com.android.server.location.GnssLocationProvider$SvStatusInfo@ef9a69d)
05-26 11:46:06.563  1876  1890 I GnssLocationProvider: WakeLock released by handleMessage(REPORT_SV_STATUS, 0, com.android.server.location.GnssLocationProvider$SvStatusInfo@ef9a69d)
05-26 11:46:07.562  1876  2204 I GnssLocationProvider: WakeLock acquired by sendMessage(REPORT_SV_STATUS, 0, com.android.server.location.GnssLocationProvider$SvStatusInfo@b7df712)
05-26 11:46:07.565  1876  1890 I GnssLocationProvider: WakeLock released by handleMessage(REPORT_SV_STATUS, 0, com.android.server.location.GnssLocationProvider$SvStatusInfo@b7df712)
05-26 11:46:07.793  1876  1890 E memtrack: Couldn't load memtrack module
05-26 11:46:07.793  1876  1890 W android.os.Debug: failed to get memory consumption info: -1
05-26 11:46:07.900  3143  3143 I glean/Glean: Registering pings for org.mozilla.fenix.GleanMetrics.Pings
05-26 11:46:07.928  3143  3188 I FenixApplication: Running post-visual completeness tasks...
05-26 11:46:07.928  3143  3188 I FenixApplication: Storage initialization...
05-26 11:46:07.928  3143  3143 I FenixApplication: Kicking-off account manager...
05-26 11:46:07.929  3143  3143 I FenixApplication: 'Kicking-off account manager' took 0 ms
05-26 11:46:07.930  3143  3188 I PlacesHistoryStorage: Warming up places storage...
05-26 11:46:07.931  3143  3188 D RustNativeSupport: findMegazordLibraryName(places, 0.58.1
05-26 11:46:07.931  3143  3188 D RustNativeSupport: lib in use: none
05-26 11:46:07.931  3143  3188 D RustNativeSupport: lib configured: megazord
05-26 11:46:07.931  3143  3188 D RustNativeSupport: lib version configured: 0.58.1
05-26 11:46:07.931  3143  3188 D RustNativeSupport: settled on megazord
05-26 11:46:07.932  3143  3188 D places_ffi: places_api_new
05-26 11:46:07.955  3143  3188 D places::db::schema: Creating schema
05-26 11:46:07.967  3143  3187 I App     : ActivationPing - generating ping with the hashed id
05-26 11:46:07.971  3143  3187 I App     : ActivationPing - generating ping (has `identifier`: true)
05-26 11:46:07.983  3143  3188 D sql_support::conn_ext: Transaction commited after 27.736ms
05-26 11:46:07.983  3143  3188 D places_ffi: places_connection_new
05-26 11:46:07.986  3143  3188 D places_ffi: places_connection_new
05-26 11:46:07.987  3143  3188 I PlacesHistoryStorage: 'Warming up places storage' took 57 ms
05-26 11:46:07.987  3143  3188 I PlacesBookmarksStorage: Warming up places storage...
05-26 11:46:07.988  3143  3188 D places_ffi: places_connection_new
05-26 11:46:07.988  3143  3173 I libglean_ffi: glean_core::ping: Collecting activation
05-26 11:46:07.989  3143  3188 I PlacesBookmarksStorage: 'Warming up places storage' took 1 ms
05-26 11:46:08.003  3143  3173 D libglean_ffi: glean_core::ping: Storing ping 'dbb2e9d4-aeca-440b-be38-c6d3f7a29037' at '/data/user/0/org.mozilla.fennec_aurora/glean_data/pending_pings/dbb2e9d4-aeca-440b-be38-c6d3f7a29037'
05-26 11:46:08.003  3143  3173 I libglean_ffi: glean_core: The ping 'activation' was submitted and will be sent as soon as possible
05-26 11:46:08.003  1739  1739 I keystore: 1 0
05-26 11:46:08.011  3143  3188 I SyncableLoginsStorage: Warming up storage...
05-26 11:46:08.015  3143  3188 D RustNativeSupport: findMegazordLibraryName(logins, 0.58.1
05-26 11:46:08.015  3143  3188 D RustNativeSupport: lib in use: none
05-26 11:46:08.015  3143  3188 D RustNativeSupport: lib configured: megazord
05-26 11:46:08.015  3143  3188 D RustNativeSupport: lib version configured: 0.58.1
05-26 11:46:08.015  3143  3188 D RustNativeSupport: settled on megazord
05-26 11:46:08.016  3143  3188 D logins_ffi: sync15_passwords_state_new
05-26 11:46:08.027  3143  3188 D logins::schema: Creating schema
05-26 11:46:08.028  1876  2445 D ConnectivityService: requestNetwork for uid/pid:10092/3143 NetworkRequest [ TRACK_DEFAULT id=239, [ Capabilities: INTERNET&NOT_RESTRICTED&TRUSTED Unwanted:  Uid: 10092] ]
05-26 11:46:08.028  1876  1975 D WIFI    : got request NetworkRequest [ TRACK_DEFAULT id=239, [ Capabilities: INTERNET&NOT_RESTRICTED&TRUSTED Unwanted:  Uid: 10092] ] with score 60
05-26 11:46:08.029  1876  1975 D WIFI_UT : got request NetworkRequest [ TRACK_DEFAULT id=239, [ Capabilities: INTERNET&NOT_RESTRICTED&TRUSTED Unwanted:  Uid: 10092] ] with score 60
05-26 11:46:08.029  2131  2131 D PhoneSwitcherNetworkRequstListener: got request NetworkRequest [ TRACK_DEFAULT id=239, [ Capabilities: INTERNET&NOT_RESTRICTED&TRUSTED Unwanted:  Uid: 10092] ] with score 60
05-26 11:46:08.041  3143  3325 D glean/PingUploadWorker: Processing persisted pings at /data/user/0/org.mozilla.fennec_aurora/glean_data/pending_pings
05-26 11:46:08.042  3143  3325 D glean/PingUploadWorker: Processing ping: dbb2e9d4-aeca-440b-be38-c6d3f7a29037
05-26 11:46:08.044  3143  3325 D glean/ConceptFetchHttpUploader: Submitting ping to: https://incoming.telemetry.mozilla.org/submit/org-mozilla-fennec-aurora/activation/1/dbb2e9d4-aeca-440b-be38-c6d3f7a29037
05-26 11:46:08.133  3143  3188 I SyncableLoginsStorage: 'Warming up storage' took 121 ms
05-26 11:46:08.133  3143  3188 I FenixApplication: 'Storage initialization' took 205 ms
05-26 11:46:08.567  1876  2204 I GnssLocationProvider: WakeLock acquired by sendMessage(REPORT_SV_STATUS, 0, com.android.server.location.GnssLocationProvider$SvStatusInfo@6d5b4c5)
05-26 11:46:08.569  1876  1890 I GnssLocationProvider: WakeLock released by handleMessage(REPORT_SV_STATUS, 0, com.android.server.location.GnssLocationProvider$SvStatusInfo@6d5b4c5)
05-26 11:46:08.589  3143  3325 D glean/ConceptFetchHttpUploader: Ping successfully sent (200)
05-26 11:46:08.589  3143  3325 D glean/PingUploadWorker: dbb2e9d4-aeca-440b-be38-c6d3f7a29037 was deleted: true
05-26 11:46:08.592  3143  3207 I WM-WorkerWrapper: Worker result SUCCESS for Work [ id=6620b187-5b00-46cd-a050-e01293de4e5f, tags={ mozilla.telemetry.glean.scheduler.PingUploadWorker, mozac_service_glean_ping_upload_worker } ]
05-26 11:46:08.595  1876  1978 D ConnectivityService: releasing NetworkRequest [ TRACK_DEFAULT id=239, [ Capabilities: INTERNET&NOT_RESTRICTED&TRUSTED Unwanted:  Uid: 10092] ] (release request)
05-26 11:46:09.571  1876  2204 I GnssLocationProvider: WakeLock acquired by sendMessage(REPORT_SV_STATUS, 0, com.android.server.location.GnssLocationProvider$SvStatusInfo@b702e1a)
05-26 11:46:09.573  1876  1890 I GnssLocationProvider: WakeLock released by handleMessage(REPORT_SV_STATUS, 0, com.android.server.location.GnssLocationProvider$SvStatusInfo@b702e1a)
05-26 11:46:10.574  1876  2204 I GnssLocationProvider: WakeLock acquired by sendMessage(REPORT_SV_STATUS, 0, com.android.server.location.GnssLocationProvider$SvStatusInfo@eebbd4b)
05-26 11:46:10.576  1876  1890 I GnssLocationProvider: WakeLock released by handleMessage(REPORT_SV_STATUS, 0, com.android.server.location.GnssLocationProvider$SvStatusInfo@eebbd4b)
05-26 11:46:10.581  2482 11975 W ctxmgr  : [AclManager]No 2 for (accnt=account#-517948760#, com.google.android.gms(10008):IndoorOutdoorProducer, vrsn=13280000, 0, 3pPkg = null ,  3pMdlId = null ,  pid = 2482). Was: 3 for 57, account#-517948760#
05-26 11:46:10.877  3143  3179 I Gecko   : 1590507970877	Marionette	DEBUG	Closed connection 0
