05-26 11:45:45.109  2233  2328 I Gecko   : 1590507945109	Marionette	DEBUG	Setting recommended pref apz.content_response_timeout to 60000
05-26 11:45:45.109  2233  2328 I Gecko   : 1590507945109	Marionette	DEBUG	Setting recommended pref browser.contentblocking.introCount to 99
05-26 11:45:45.110  2233  2328 I Gecko   : 1590507945109	Marionette	DEBUG	Setting recommended pref browser.download.panel.shown to true
05-26 11:45:45.110  2233  2328 I Gecko   : 1590507945110	Marionette	DEBUG	Setting recommended pref browser.newtabpage.enabled to false
05-26 11:45:45.110  2233  2328 I Gecko   : 1590507945110	Marionette	DEBUG	Setting recommended pref browser.safebrowsing.malware.enabled to false
05-26 11:45:45.115  2233  2328 I Gecko   : 1590507945115	Marionette	DEBUG	Setting recommended pref browser.safebrowsing.phishing.enabled to false
05-26 11:45:45.118  2233  2328 I Gecko   : 1590507945118	Marionette	DEBUG	Setting recommended pref browser.search.update to false
05-26 11:45:45.118  2233  2328 I Gecko   : 1590507945118	Marionette	DEBUG	Setting recommended pref browser.tabs.disableBackgroundZombification to false
05-26 11:45:45.118  2233  2328 I Gecko   : 1590507945118	Marionette	DEBUG	Setting recommended pref browser.tabs.remote.separatePrivilegedContentProcess to false
05-26 11:45:45.119  2233  2328 I Gecko   : 1590507945119	Marionette	DEBUG	Setting recommended pref browser.tabs.unloadOnLowMemory to false
05-26 11:45:45.119  2233  2328 I Gecko   : 1590507945119	Marionette	DEBUG	Setting recommended pref browser.tabs.warnOnCloseOtherTabs to false
05-26 11:45:45.119  2233  2328 I Gecko   : 1590507945119	Marionette	DEBUG	Setting recommended pref browser.tabs.warnOnOpen to false
05-26 11:45:45.119  2233  2328 I Gecko   : 1590507945119	Marionette	DEBUG	Setting recommended pref browser.usedOnWindows10.introURL to 
05-26 11:45:45.120  2233  2328 I Gecko   : 1590507945120	Marionette	DEBUG	Setting recommended pref browser.urlbar.suggest.searches to false
05-26 11:45:45.120  2233  2328 I Gecko   : 1590507945120	Marionette	DEBUG	Setting recommended pref dom.disable_beforeunload to true
05-26 11:45:45.120  2233  2328 I Gecko   : 1590507945120	Marionette	DEBUG	Setting recommended pref dom.file.createInChild to true
05-26 11:45:45.121  2233  2328 I Gecko   : 1590507945121	Marionette	DEBUG	Setting recommended pref extensions.getAddons.cache.enabled to false
05-26 11:45:45.121  2233  2328 I Gecko   : 1590507945121	Marionette	DEBUG	Setting recommended pref network.http.prompt-temp-redirect to false
05-26 11:45:45.121  2233  2328 I Gecko   : 1590507945121	Marionette	DEBUG	Setting recommended pref security.notification_enable_delay to 0
05-26 11:45:45.122  2233  2328 I Gecko   : 1590507945121	Marionette	DEBUG	Setting recommended pref signon.autofillForms to false
05-26 11:45:45.122  2233  2328 I Gecko   : 1590507945122	Marionette	DEBUG	Setting recommended pref signon.rememberSignons to false
05-26 11:45:45.122  2233  2328 I Gecko   : 1590507945122	Marionette	DEBUG	Setting recommended pref toolkit.cosmeticAnimations.enabled to false
05-26 11:45:45.187  2233  2328 I Gecko   : 1590507945187	Marionette	INFO	Listening on port 2829
05-26 11:45:45.188  2233  2328 I Gecko   : 1590507945188	Marionette	DEBUG	Marionette is listening
05-26 11:45:45.213  2233  2328 I Gecko   : 1590507945213	Marionette	DEBUG	Accepted connection 0 from 127.0.0.1:56174
05-26 11:45:45.219  2233  2328 I Gecko   : 1590507945219	Marionette	DEBUG	0 -> [0,1,"WebDriver:NewSession",{"browserName":"firefox","pageLoadStrategy":"none"}]
05-26 11:45:45.518  1876  2204 I GnssLocationProvider: WakeLock acquired by sendMessage(REPORT_SV_STATUS, 0, com.android.server.location.GnssLocationProvider$SvStatusInfo@9f53600)
05-26 11:45:45.519  1876  1890 I GnssLocationProvider: WakeLock released by handleMessage(REPORT_SV_STATUS, 0, com.android.server.location.GnssLocationProvider$SvStatusInfo@9f53600)
05-26 11:45:45.589  2233  2318 I WM-WorkerWrapper: Worker result SUCCESS for Work [ id=5f498c6b-af92-4b6b-8e5b-2a362b3bd663, tags={ mozilla.components.feature.addons.migration.DefaultSupportedAddonsChecker.periodicWork, mozilla.components.feature.addons.migration.SupportedAddonsWorker } ]
05-26 11:45:46.522  1876  2204 I GnssLocationProvider: WakeLock acquired by sendMessage(REPORT_SV_STATUS, 0, com.android.server.location.GnssLocationProvider$SvStatusInfo@7eb3c7e)
05-26 11:45:46.524  1876  1890 I GnssLocationProvider: WakeLock released by handleMessage(REPORT_SV_STATUS, 0, com.android.server.location.GnssLocationProvider$SvStatusInfo@7eb3c7e)
05-26 11:45:47.524  1876  2204 I GnssLocationProvider: WakeLock acquired by sendMessage(REPORT_SV_STATUS, 0, com.android.server.location.GnssLocationProvider$SvStatusInfo@30b55df)
05-26 11:45:47.525  1876  1890 I GnssLocationProvider: WakeLock released by handleMessage(REPORT_SV_STATUS, 0, com.android.server.location.GnssLocationProvider$SvStatusInfo@30b55df)
05-26 11:45:47.838  2233  2233 I glean/Glean: Registering pings for org.mozilla.fenix.GleanMetrics.Pings
05-26 11:45:47.883  2233  2233 I FenixApplication: Kicking-off account manager...
05-26 11:45:47.883  2233  2233 I FenixApplication: 'Kicking-off account manager' took 0 ms
05-26 11:45:47.886  2233  2305 I FenixApplication: Running post-visual completeness tasks...
05-26 11:45:47.886  2233  2305 I FenixApplication: Storage initialization...
05-26 11:45:47.890  2233  2305 I PlacesHistoryStorage: Warming up places storage...
05-26 11:45:47.903  2233  2305 D RustNativeSupport: findMegazordLibraryName(places, 0.58.1
05-26 11:45:47.903  2233  2305 D RustNativeSupport: lib in use: none
05-26 11:45:47.903  2233  2305 D RustNativeSupport: lib configured: megazord
05-26 11:45:47.903  2233  2305 D RustNativeSupport: lib version configured: 0.58.1
05-26 11:45:47.903  2233  2305 D RustNativeSupport: settled on megazord
05-26 11:45:47.908  2233  2305 D places_ffi: places_api_new
05-26 11:45:47.945  2233  2305 D places::db::schema: Creating schema
05-26 11:45:48.023  2233  2351 I App     : ActivationPing - generating ping with the hashed id
05-26 11:45:48.024  2233  2351 I App     : ActivationPing - generating ping (has `identifier`: true)
05-26 11:45:48.034  2233  2305 D sql_support::conn_ext: Transaction commited after 87.947ms
05-26 11:45:48.041  2233  2305 D places_ffi: places_connection_new
05-26 11:45:48.041  2233  2295 I libglean_ffi: glean_core::ping: Collecting activation
05-26 11:45:48.046  2233  2305 D places_ffi: places_connection_new
05-26 11:45:48.056  2233  2305 I PlacesHistoryStorage: 'Warming up places storage' took 166 ms
05-26 11:45:48.059  2233  2305 I PlacesBookmarksStorage: Warming up places storage...
05-26 11:45:48.062  2233  2305 D places_ffi: places_connection_new
05-26 11:45:48.072  2233  2305 I PlacesBookmarksStorage: 'Warming up places storage' took 13 ms
05-26 11:45:48.075  2233  2295 D libglean_ffi: glean_core::ping: Storing ping 'bc58f9d5-110e-442c-ae4f-6dbee99fe25d' at '/data/user/0/org.mozilla.fennec_aurora/glean_data/pending_pings/bc58f9d5-110e-442c-ae4f-6dbee99fe25d'
05-26 11:45:48.077  2233  2295 I libglean_ffi: glean_core: The ping 'activation' was submitted and will be sent as soon as possible
05-26 11:45:48.111  1739  1739 I keystore: 1 0
05-26 11:45:48.134  2233  2305 I SyncableLoginsStorage: Warming up storage...
05-26 11:45:48.166  1876  4289 D ConnectivityService: requestNetwork for uid/pid:10092/2233 NetworkRequest [ TRACK_DEFAULT id=235, [ Capabilities: INTERNET&NOT_RESTRICTED&TRUSTED Unwanted:  Uid: 10092] ]
05-26 11:45:48.170  1876  1975 D WIFI    : got request NetworkRequest [ TRACK_DEFAULT id=235, [ Capabilities: INTERNET&NOT_RESTRICTED&TRUSTED Unwanted:  Uid: 10092] ] with score 60
05-26 11:45:48.170  1876  1975 D WIFI_UT : got request NetworkRequest [ TRACK_DEFAULT id=235, [ Capabilities: INTERNET&NOT_RESTRICTED&TRUSTED Unwanted:  Uid: 10092] ] with score 60
05-26 11:45:48.174  2233  2305 D RustNativeSupport: findMegazordLibraryName(logins, 0.58.1
05-26 11:45:48.190  2233  2305 D RustNativeSupport: lib in use: none
05-26 11:45:48.190  2131  2131 D PhoneSwitcherNetworkRequstListener: got request NetworkRequest [ TRACK_DEFAULT id=235, [ Capabilities: INTERNET&NOT_RESTRICTED&TRUSTED Unwanted:  Uid: 10092] ] with score 60
05-26 11:45:48.191  2233  2305 D RustNativeSupport: lib configured: megazord
05-26 11:45:48.191  2233  2305 D RustNativeSupport: lib version configured: 0.58.1
05-26 11:45:48.191  2233  2305 D RustNativeSupport: settled on megazord
05-26 11:45:48.193  2233  2305 D logins_ffi: sync15_passwords_state_new
05-26 11:45:48.219  2233  2601 D glean/PingUploadWorker: Processing persisted pings at /data/user/0/org.mozilla.fennec_aurora/glean_data/pending_pings
05-26 11:45:48.227  2233  2601 D glean/PingUploadWorker: Processing ping: bc58f9d5-110e-442c-ae4f-6dbee99fe25d
05-26 11:45:48.230  2233  2601 D glean/ConceptFetchHttpUploader: Submitting ping to: https://incoming.telemetry.mozilla.org/submit/org-mozilla-fennec-aurora/activation/1/bc58f9d5-110e-442c-ae4f-6dbee99fe25d
05-26 11:45:48.230  2233  2305 D logins::schema: Creating schema
05-26 11:45:48.526  2233  2305 I SyncableLoginsStorage: 'Warming up storage' took 391 ms
05-26 11:45:48.526  1876  2204 I GnssLocationProvider: WakeLock acquired by sendMessage(REPORT_SV_STATUS, 0, com.android.server.location.GnssLocationProvider$SvStatusInfo@2ea12e1)
05-26 11:45:48.527  2233  2305 I FenixApplication: 'Storage initialization' took 640 ms
05-26 11:45:48.527  1876  1890 I GnssLocationProvider: WakeLock released by handleMessage(REPORT_SV_STATUS, 0, com.android.server.location.GnssLocationProvider$SvStatusInfo@2ea12e1)
05-26 11:45:48.749  2233  2601 D glean/ConceptFetchHttpUploader: Ping successfully sent (200)
05-26 11:45:48.750  2233  2601 D glean/PingUploadWorker: bc58f9d5-110e-442c-ae4f-6dbee99fe25d was deleted: true
05-26 11:45:48.753  2233  2318 I WM-WorkerWrapper: Worker result SUCCESS for Work [ id=bc69b5a8-e4e5-43bf-b478-16556bcd27b1, tags={ mozilla.telemetry.glean.scheduler.PingUploadWorker, mozac_service_glean_ping_upload_worker } ]
05-26 11:45:48.760  1876  1978 D ConnectivityService: releasing NetworkRequest [ TRACK_DEFAULT id=235, [ Capabilities: INTERNET&NOT_RESTRICTED&TRUSTED Unwanted:  Uid: 10092] ] (release request)
05-26 11:45:48.903  1876  1893 I ActivityManager: Start proc 2605:com.google.android.dialer/u0a28 for service com.google.android.dialer/com.google.android.apps.dialer.spam.inapp.SpamJobService
05-26 11:45:48.904  2605  2605 W .android.diale: Unexpected CPU variant for X86 using defaults: x86
05-26 11:45:48.955  2605  2605 W System  : ClassLoader referenced unknown path: /system/framework/com.google.android.dialer.support.jar
05-26 11:45:49.180  2605  2605 I Dialer  : GoogleDialerApplication.onCreate - enter
05-26 11:45:49.202  2605  2605 I Dialer  : DialerExecutorModule.newThread - creating low priority thread
05-26 11:45:49.244  2605  2605 I Dialer  : SpamModule.provideSpam - using in-app spam
05-26 11:45:49.252  2605  2605 I Dialer  : SpamModule.provideSpam - using in-app spam
05-26 11:45:49.254  2605  2605 I Dialer  : CallLogConfigImpl.schedulePollingJob - scheduling
05-26 11:45:49.260  2605  2605 I Dialer  : DialerApplication.initializeAnnotatedCallLog - framework not enabled
05-26 11:45:49.302  2605  2605 E .android.diale: The String#value field is not present on Android versions >= 6.0
05-26 11:45:49.311  2605  2605 I Dialer  : NonUiTaskBuilder.newThread - creating serial thread
05-26 11:45:49.312  2605  2605 I Dialer  : DialerExecutorModule.newThread - creating low priority thread
05-26 11:45:49.313  2605  2605 I Dialer  : ShortcutsJobScheduler.scheduleAllJobs - enter
05-26 11:45:49.321  2605  2605 I Dialer  : ShortcutsJobScheduler.scheduleAllJobs - enabling shortcuts
05-26 11:45:49.321  2605  2605 I Dialer  : PeriodicJobService.schedulePeriodicJob - enter
05-26 11:45:49.323  2605  2605 I Dialer  : PeriodicJobService.schedulePeriodicJob - job already scheduled.
05-26 11:45:49.325  2605  2630 I Dialer  : SpamJobScheduler.scheduleJob - job with id SPAM_JOB_WIFI is already scheduled
05-26 11:45:49.326  2605  2605 I Dialer  : GoogleDialerApplication.onCreate - register new client
05-26 11:45:49.329  2605  2630 I Dialer  : SpamJobScheduler.scheduleJob - job with id SPAM_JOB_ANY_NETWORK is already scheduled
05-26 11:45:49.361  2605  2605 I Dialer  : GoogleDialerApplication.onCreate - registered new client
05-26 11:45:49.376  2605  2605 I Dialer  : SpamJobScheduler.scheduleJob - job with id SPAM_JOB_WIFI is already scheduled
05-26 11:45:49.528  1876  2204 I GnssLocationProvider: WakeLock acquired by sendMessage(REPORT_SV_STATUS, 0, com.android.server.location.GnssLocationProvider$SvStatusInfo@e013eb6)
05-26 11:45:49.529  1876  1890 I GnssLocationProvider: WakeLock released by handleMessage(REPORT_SV_STATUS, 0, com.android.server.location.GnssLocationProvider$SvStatusInfo@e013eb6)
05-26 11:45:49.552  2482  6321 W ctxmgr  : [AclManager]No 2 for (accnt=account#-517948760#, com.google.android.gms(10008):IndoorOutdoorProducer, vrsn=13280000, 0, 3pPkg = null ,  3pMdlId = null ,  pid = 2482). Was: 3 for 57, account#-517948760#
05-26 11:45:49.570  2605  2605 I Dialer  : Flags.register - phenotype register status: true
05-26 11:45:49.668  1876  1884 I system_server: Background concurrent copying GC freed 116473(5MB) AllocSpace objects, 53(2MB) LOS objects, 19% free, 25MB/31MB, paused 2.716ms total 271.820ms
05-26 11:45:49.675  2605  2629 I Dialer  : DialerExecutorModule.newThread - creating low priority thread
05-26 11:45:49.678  2605  2605 I Dialer  : Flags.register - commit succeeded: true
05-26 11:45:50.530  1876  2204 I GnssLocationProvider: WakeLock acquired by sendMessage(REPORT_SV_STATUS, 0, com.android.server.location.GnssLocationProvider$SvStatusInfo@e6757b7)
05-26 11:45:50.532  1876  1890 I GnssLocationProvider: WakeLock released by handleMessage(REPORT_SV_STATUS, 0, com.android.server.location.GnssLocationProvider$SvStatusInfo@e6757b7)
05-26 11:45:50.931  1876  4289 I ActivityManager: Force stopping org.mozilla.fennec_aurora appid=10092 user=0: clear data
05-26 11:45:50.932  1876  4289 I ActivityManager: Killing 2393:org.mozilla.fennec_aurora:tab0/u0a92 (adj 100): stop org.mozilla.fennec_aurora
05-26 11:45:50.933  1876  4289 W ActivityManager: Scheduling restart of crashed service org.mozilla.fennec_aurora/org.mozilla.gecko.process.GeckoChildProcessServices$tab0 in 1000ms
05-26 11:45:50.934  1876  1894 W libprocessgroup: kill(-2393, 9) failed: No such process
05-26 11:45:50.939  1876  4289 I ActivityManager: Killing 2233:org.mozilla.fennec_aurora/u0a92 (adj 0): stop org.mozilla.fennec_aurora
05-26 11:45:50.946  1876  4289 W ActivityManager: Force removing ActivityRecord{a5ac676 u0 org.mozilla.fennec_aurora/org.mozilla.fenix.HomeActivity t282}: app died, no saved state
05-26 11:45:50.971  1904  1911 D gralloc_ranchu: gralloc_unregister_buffer: exiting HostConnection (is buffer-handling thread)
05-26 11:45:50.972  1904  1911 D         : HostConnection::get() New Host Connection established 0xe6d43140, tid 1911
05-26 11:45:50.973  1904  1911 D gralloc_ranchu: gralloc_unregister_buffer: exiting HostConnection (is buffer-handling thread)
05-26 11:45:50.973  1904  1911 D         : HostConnection::get() New Host Connection established 0xe6d43140, tid 1911
05-26 11:45:50.974  1904  1911 D gralloc_ranchu: gralloc_unregister_buffer: exiting HostConnection (is buffer-handling thread)
05-26 11:45:50.974  1904  1911 D         : HostConnection::get() New Host Connection established 0xe6d43140, tid 1911
05-26 11:45:50.975  1904  1911 D gralloc_ranchu: gralloc_unregister_buffer: exiting HostConnection (is buffer-handling thread)
05-26 11:45:50.975  1904  1911 D         : HostConnection::get() New Host Connection established 0xe6d43140, tid 1911
05-26 11:45:50.975  1904  1911 D gralloc_ranchu: gralloc_unregister_buffer: exiting HostConnection (is buffer-handling thread)
05-26 11:45:50.976  1876  1894 W libprocessgroup: kill(-2393, 9) failed: No such process
05-26 11:45:50.976  1904  1911 D         : HostConnection::get() New Host Connection established 0xe6d43140, tid 1911
05-26 11:45:50.976  1904  1911 D gralloc_ranchu: gralloc_unregister_buffer: exiting HostConnection (is buffer-handling thread)
05-26 11:45:50.983  1904  1911 D         : HostConnection::get() New Host Connection established 0xe6d43140, tid 1911
05-26 11:45:50.993  1876  4289 D ZenLog  : config: removeAutomaticZenRules,ZenModeConfig[user=0,allowAlarms=true,allowMedia=true,allowSystem=false,allowReminders=false,allowEvents=false,allowCalls=true,allowRepeatCallers=true,allowMessages=false,allowCallsFrom=stars,allowMessagesFrom=contacts,suppressedVisualEffects=511,areChannelsBypassingDnd=false,automaticRules={EVENTS_DEFAULT_RULE=ZenRule[enabled=false,snoozing=false,name=Event,zenMode=ZEN_MODE_IMPORTANT_INTERRUPTIONS,conditionId=condition://android/event?userId=-10000&calendar=&reply=1,condition=Condition[id=condition://android/event?userId=-10000&calendar=&reply=1,summary=...,line1=...,line2=...,icon=0,state=STATE_FALSE,flags=2],component=ComponentInfo{android/com.android.server.notification.EventConditionProvider},id=EVENTS_DEFAULT_RULE,creationTime=1587308662810,enabler=null], EVERY_NIGHT_DEFAULT_RULE=ZenRule[enabled=false,snoozing=false,name=Sleeping,zenMode=ZEN_MODE_IMPORTANT_INTERRUPTIONS,conditionId=condition://android/schedule?days=1.2.3.4.5.6.7&start=22.0&end=7.0&exitAtAlarm=true,condition=Condition[id=condition://android/schedule?days=1.2.3.4.5.6.7&start=22.0&end=7.0&exitAtAlarm=true,summary=...,line1=...,line2=...,icon=0,state=STATE_FALSE,flags=2],component=ComponentInfo{android/com.android.server.notification.ScheduleConditionProvider},id=EVERY_NIGHT_DEFAULT_RULE,creationTime=1587308662810,enabler=null]},manualRule=null],Diff[]
05-26 11:45:50.993  1876  4289 I ConditionProviders: Disallowing condition provider org.mozilla.fennec_aurora
05-26 11:45:50.997  1734  1734 I Zygote  : Process 2393 exited due to signal (9)
05-26 11:45:50.999  1876  1876 D ZenLog  : set_zen_mode: off,removeAutomaticZenRules
05-26 11:45:51.015  1876  1894 W libprocessgroup: kill(-2393, 9) failed: No such process
05-26 11:45:51.015  1876  1894 I libprocessgroup: Successfully killed process cgroup uid 10092 pid 2393 in 81ms
05-26 11:45:51.016  1876  1894 W libprocessgroup: kill(-2233, 9) failed: No such process
05-26 11:45:51.039  1623  5774 D gralloc_ranchu: gralloc_alloc: Creating ashmem region of size 9334784
05-26 11:45:51.056  1876  1894 W libprocessgroup: kill(-2233, 9) failed: No such process
05-26 11:45:51.058  1733  1759 D         : HostConnection::get() New Host Connection established 0xed960600, tid 1759
05-26 11:45:51.059  1623  5774 D gralloc_ranchu: gralloc_alloc: Creating ashmem region of size 9334784
05-26 11:45:51.071  1623  5774 D gralloc_ranchu: gralloc_alloc: Creating ashmem region of size 9334784
05-26 11:45:51.096  1876  1894 W libprocessgroup: kill(-2233, 9) failed: No such process
05-26 11:45:51.102  1739  1739 I keystore: clear_uid 10092
05-26 11:45:51.120  1733  1733 D SurfaceFlinger: duplicate layer name: changing com.google.android.apps.nexuslauncher/com.google.android.apps.nexuslauncher.NexusLauncherActivity to com.google.android.apps.nexuslauncher/com.google.android.apps.nexuslauncher.NexusLauncherActivity#1
05-26 11:45:51.131  1623  5774 D gralloc_ranchu: gralloc_alloc: Creating ashmem region of size 9334784
05-26 11:45:51.135  1876  1894 W libprocessgroup: kill(-2233, 9) failed: No such process
05-26 11:45:51.150  2534  2825 D EGL_emulation: eglMakeCurrent: 0xe8b06aa0: ver 3 0 (tinfo 0xe8b03b50)
05-26 11:45:51.150  1876  1961 W InputDispatcher: channel '894e079 org.mozilla.fennec_aurora/org.mozilla.fenix.HomeActivity (server)' ~ Consumer closed input channel or an error occurred.  events=0x9
05-26 11:45:51.151  1876  1961 E InputDispatcher: channel '894e079 org.mozilla.fennec_aurora/org.mozilla.fenix.HomeActivity (server)' ~ Channel is unrecoverably broken and will be disposed!
05-26 11:45:51.155  1733  1749 D         : HostConnection::get() New Host Connection established 0xed960a40, tid 1749
05-26 11:45:51.165  1623  5774 D gralloc_ranchu: gralloc_alloc: Creating ashmem region of size 9334784
05-26 11:45:51.175  1876  1894 W libprocessgroup: kill(-2233, 9) failed: No such process
05-26 11:45:51.182  1623  1623 D gralloc_ranchu: gralloc_alloc: Creating ashmem region of size 9334784
05-26 11:45:51.193  1876  1891 I ActivityManager: Force stopping org.mozilla.fennec_aurora appid=10092 user=-1: clearApplicationUserData
05-26 11:45:51.198  1733  1759 D gralloc_ranchu: gralloc_unregister_buffer: exiting HostConnection (is buffer-handling thread)
05-26 11:45:51.199  1733  1759 D         : HostConnection::get() New Host Connection established 0xed960600, tid 1759
05-26 11:45:51.202  1733  1759 D gralloc_ranchu: gralloc_unregister_buffer: exiting HostConnection (is buffer-handling thread)
05-26 11:45:51.203  1733  1759 D         : HostConnection::get() New Host Connection established 0xede98480, tid 1759
05-26 11:45:51.203  1733  1759 D gralloc_ranchu: gralloc_unregister_buffer: exiting HostConnection (is buffer-handling thread)
05-26 11:45:51.204  1733  1759 D         : HostConnection::get() New Host Connection established 0xede98480, tid 1759
05-26 11:45:51.214  1733  1759 D gralloc_ranchu: gralloc_unregister_buffer: exiting HostConnection (is buffer-handling thread)
05-26 11:45:51.215  1876  1894 W libprocessgroup: kill(-2233, 9) failed: No such process
05-26 11:45:51.218  1876  7720 I WindowManager: WIN DEATH: Window{894e079 u0 org.mozilla.fennec_aurora/org.mozilla.fenix.HomeActivity}
05-26 11:45:51.219  1876  7720 W InputDispatcher: Attempted to unregister already unregistered input channel '894e079 org.mozilla.fennec_aurora/org.mozilla.fenix.HomeActivity (server)'
05-26 11:45:51.235  1733  2205 W SurfaceFlinger: Attempting to destroy on removed layer: Task=282#0
05-26 11:45:51.249  1734  1734 I Zygote  : Process 2233 exited due to signal (9)
05-26 11:45:51.254  1876  1894 W libprocessgroup: kill(-2233, 9) failed: No such process
05-26 11:45:51.254  1876  1894 I libprocessgroup: Successfully killed process cgroup uid 10092 pid 2233 in 238ms
05-26 11:45:51.260  1876  1899 W ActivityManager: setHasOverlayUi called on unknown pid: 2233
05-26 11:45:51.263  2000  2000 I GoogleInputMethod: onFinishInput() : Dummy InputConnection bound
05-26 11:45:51.263  2499  2681 D EGL_emulation: eglMakeCurrent: 0xd35359e0: ver 3 0 (tinfo 0xd353b4f0)
05-26 11:45:51.265  2000  2000 I GoogleInputMethod: onStartInput() : Dummy InputConnection bound
05-26 11:45:51.300  2012  2265 D EGL_emulation: eglMakeCurrent: 0xe8b05420: ver 3 0 (tinfo 0xe8b03980)
05-26 11:45:51.327  2012  2265 I chatty  : uid=10024(com.android.systemui) RenderThread identical 1 line
05-26 11:45:51.403  2012  2265 D EGL_emulation: eglMakeCurrent: 0xe8b05420: ver 3 0 (tinfo 0xe8b03980)
05-26 11:45:51.428  2482  2482 I GeofencerStateMachine: removeGeofences: removeRequest=RemoveGeofencingRequest[REMOVE_ALL packageName=org.mozilla.fennec_aurora]
05-26 11:45:51.433  2131  2131 D CarrierSvcBindHelper: No carrier app for: 0
05-26 11:45:51.438  2012  2265 D EGL_emulation: eglMakeCurrent: 0xe8b05420: ver 3 0 (tinfo 0xe8b03980)
05-26 11:45:51.463  2012  2265 I chatty  : uid=10024(com.android.systemui) RenderThread identical 3 lines
05-26 11:45:51.479  2012  2265 D EGL_emulation: eglMakeCurrent: 0xe8b05420: ver 3 0 (tinfo 0xe8b03980)
05-26 11:45:51.481  1876  1890 E system_server: No package ID 7f found for ID 0x7f08019f.
05-26 11:45:51.481  1876  1890 E system_server: No package ID 7f found for ID 0x7f130122.
05-26 11:45:51.481  1876  1890 E system_server: No package ID 7f found for ID 0x7f130122.
05-26 11:45:51.481  1876  1890 E system_server: No package ID 7f found for ID 0x7f08019d.
05-26 11:45:51.481  1876  1890 E system_server: No package ID 7f found for ID 0x7f130121.
05-26 11:45:51.481  1876  1890 E system_server: No package ID 7f found for ID 0x7f130121.
05-26 11:45:51.484  2012  2265 D EGL_emulation: eglMakeCurrent: 0xe8b05420: ver 3 0 (tinfo 0xe8b03980)
05-26 11:45:51.493  2534  2534 W SessionLifecycleManager: Handover failed. Creating new session controller.
05-26 11:45:51.499  2012  2265 D EGL_emulation: eglMakeCurrent: 0xe8b05420: ver 3 0 (tinfo 0xe8b03980)
05-26 11:45:51.508  2012  2265 D EGL_emulation: eglMakeCurrent: 0xe8b05420: ver 3 0 (tinfo 0xe8b03980)
05-26 11:45:51.538  1876  2204 I GnssLocationProvider: WakeLock acquired by sendMessage(REPORT_SV_STATUS, 0, com.android.server.location.GnssLocationProvider$SvStatusInfo@8dd9b95)
05-26 11:45:51.540  1876  1890 I GnssLocationProvider: WakeLock released by handleMessage(REPORT_SV_STATUS, 0, com.android.server.location.GnssLocationProvider$SvStatusInfo@8dd9b95)
05-26 11:45:51.542  1876  5181 I ActivityManager: Force stopping org.mozilla.fennec_aurora appid=10092 user=0: from pid 2663
05-26 11:45:51.557  2131  2131 D CarrierSvcBindHelper: No carrier app for: 0
05-26 11:45:51.590  1560  1573 D vold    : Remounting 10092 as mode read
05-26 11:45:51.600  1876  1876 I GnssLocationProvider: WakeLock acquired by sendMessage(SET_REQUEST, 0, com.android.server.location.GnssLocationProvider$GpsRequest@4971377)
05-26 11:45:51.602  1876  1890 I GnssLocationProvider: WakeLock released by handleMessage(SET_REQUEST, 0, com.android.server.location.GnssLocationProvider$GpsRequest@4971377)
05-26 11:45:51.641  1876  1876 V SettingsProvider: Notifying for 0: content://settings/global/debug_app
05-26 11:45:51.673  1876  1876 I GnssLocationProvider: WakeLock acquired by sendMessage(SET_REQUEST, 0, com.android.server.location.GnssLocationProvider$GpsRequest@dfab250)
05-26 11:45:51.674  1560  1573 D vold    : Remounting 10092 as mode write
05-26 11:45:51.676  1876  1890 I GnssLocationProvider: WakeLock released by handleMessage(SET_REQUEST, 0, com.android.server.location.GnssLocationProvider$GpsRequest@dfab250)
05-26 11:45:51.682  2116  2662 I ProvidersCache: Provider returned no roots. Possibly naughty: com.google.android.apps.docs.storage
05-26 11:45:51.691  7086  2683 I LocationSettingsChecker: Removing dialog suppression flag for package org.mozilla.fennec_aurora
05-26 11:45:51.738  7086  7124 I Icing   : doRemovePackageData org.mozilla.fennec_aurora
05-26 11:45:51.742  2534  2697 W LocationOracle: No location history returned by ContextManager
05-26 11:45:51.781  2482 11975 W ctxmgr  : [AclManager]No 3 for (accnt=account#-517948760#, com.google.android.gms(10008):UserVelocityProducer, vrsn=13280022, 0, 3pPkg = null ,  3pMdlId = null ,  pid = 2482). Was: 3 for 1, account#-517948760#
05-26 11:45:51.791  2534  2534 I MicroDetectionWorker: #startMicroDetector [speakerMode: 0]
05-26 11:45:51.791  2534  2534 I AudioController: Using mInputStreamFactoryBuilder
05-26 11:45:51.791  2534  2534 I AudioController: Created new AudioSource
05-26 11:45:51.793  2534  2534 I MicroDetectionWorker: onReady
05-26 11:45:51.795  2012  2265 D EGL_emulation: eglMakeCurrent: 0xe8b05420: ver 3 0 (tinfo 0xe8b03980)
05-26 11:45:51.808  2534  2016 I MicroRecognitionRunner: Starting detection.
05-26 11:45:51.817  2534  2004 I MicrophoneInputStream: mic_starting  SR : 16000 CC : 16 SO : 6
05-26 11:45:51.819  1631  1683 E         : Request requires android.permission.RECORD_AUDIO
05-26 11:45:51.819  1631  1683 E AudioPolicyIntefaceImpl: getInputForAttr permission denied: recording not allowed for uid 10039 pid 2534
05-26 11:45:51.819  1631  1683 E AudioFlinger: createRecord() checkRecordThread_l failed
05-26 11:45:51.819  2534  2004 E IAudioFlinger: createRecord returned error -22
05-26 11:45:51.819  2534  2004 E AudioRecord: AudioFlinger could not create record track, status: -22
05-26 11:45:51.819  2534  2004 E AudioRecord-JNI: Error creating AudioRecord instance: initialization check failed with status -22.
05-26 11:45:51.820  2534  2004 E android.media.AudioRecord: Error code -20 when initializing native AudioRecord object.
05-26 11:45:51.820  2534  2004 I MicrophoneInputStream: mic_started  SR : 16000 CC : 16 SO : 6
05-26 11:45:51.820  2534  2004 E ActivityThread: Failed to find provider info for com.google.android.apps.gsa.testing.ui.audio.recorded
05-26 11:45:51.821  2534  2534 I MicroDetectionWorker: onReady
05-26 11:45:51.830  2534  2016 W SpeechLevelGenerator: Really low audio levels detected. The audio input may have issues.
05-26 11:45:51.833  2534  2004 I MicrophoneInputStream: mic_close  SR : 16000 CC : 16 SO : 6
05-26 11:45:51.838  2534  2016 I MicroRecognitionRunner: Detection finished
05-26 11:45:51.839  2534  2016 W ErrorReporter: reportError [type: 211, code: 524300]: Error reading from input stream
05-26 11:45:51.841  2534  2954 I MicroRecognitionRunner: Stopping hotword detection.
05-26 11:45:51.842  2534  2016 W ErrorProcessor: onFatalError, processing error from engine(4)
05-26 11:45:51.842  2534  2016 W ErrorProcessor: com.google.android.apps.gsa.shared.speech.b.g: Error reading from input stream
05-26 11:45:51.842  2534  2016 W ErrorProcessor: 	at com.google.android.apps.gsa.staticplugins.microdetection.d.k.a(SourceFile:91)
05-26 11:45:51.842  2534  2016 W ErrorProcessor: 	at com.google.android.apps.gsa.staticplugins.microdetection.d.l.run(Unknown Source:14)
05-26 11:45:51.842  2534  2016 W ErrorProcessor: 	at com.google.android.libraries.gsa.runner.a.a.b(SourceFile:32)
05-26 11:45:51.842  2534  2016 W ErrorProcessor: 	at com.google.android.libraries.gsa.runner.a.c.call(Unknown Source:4)
05-26 11:45:51.842  2534  2016 W ErrorProcessor: 	at java.util.concurrent.FutureTask.run(FutureTask.java:266)
05-26 11:45:51.842  2534  2016 W ErrorProcessor: 	at java.util.concurrent.Executors$RunnableAdapter.call(Executors.java:458)
05-26 11:45:51.842  2534  2016 W ErrorProcessor: 	at java.util.concurrent.FutureTask.run(FutureTask.java:266)
05-26 11:45:51.842  2534  2016 W ErrorProcessor: 	at com.google.android.apps.gsa.shared.util.concurrent.b.g.run(Unknown Source:4)
05-26 11:45:51.842  2534  2016 W ErrorProcessor: 	at com.google.android.apps.gsa.shared.util.concurrent.b.aw.run(SourceFile:4)
05-26 11:45:51.842  2534  2016 W ErrorProcessor: 	at com.google.android.apps.gsa.shared.util.concurrent.b.aw.run(SourceFile:4)
05-26 11:45:51.842  2534  2016 W ErrorProcessor: 	at java.util.concurrent.ThreadPoolExecutor.runWorker(ThreadPoolExecutor.java:1167)
05-26 11:45:51.842  2534  2016 W ErrorProcessor: 	at java.util.concurrent.ThreadPoolExecutor$Worker.run(ThreadPoolExecutor.java:641)
05-26 11:45:51.842  2534  2016 W ErrorProcessor: 	at java.lang.Thread.run(Thread.java:764)
05-26 11:45:51.842  2534  2016 W ErrorProcessor: 	at com.google.android.apps.gsa.shared.util.concurrent.b.i.run(SourceFile:6)
05-26 11:45:51.842  2534  2016 W ErrorProcessor: Caused by: com.google.android.apps.gsa.shared.exception.GsaIOException: Error code: 393238 | Buffer overflow, no available space.
05-26 11:45:51.842  2534  2016 W ErrorProcessor: 	at com.google.android.apps.gsa.speech.audio.Tee.j(SourceFile:103)
05-26 11:45:51.842  2534  2016 W ErrorProcessor: 	at com.google.android.apps.gsa.speech.audio.au.read(SourceFile:2)
05-26 11:45:51.842  2534  2016 W ErrorProcessor: 	at java.io.InputStream.read(InputStream.java:101)
05-26 11:45:51.842  2534  2016 W ErrorProcessor: 	at com.google.android.apps.gsa.speech.audio.ao.run(SourceFile:17)
05-26 11:45:51.842  2534  2016 W ErrorProcessor: 	at com.google.android.apps.gsa.speech.audio.an.run(SourceFile:2)
05-26 11:45:51.842  2534  2016 W ErrorProcessor: 	at java.util.concurrent.Executors$RunnableAdapter.call(Executors.java:458)
05-26 11:45:51.842  2534  2016 W ErrorProcessor: 	... 10 more
05-26 11:45:51.842  2534  2016 I AudioController: internalShutdown
05-26 11:45:51.846  2534  2534 I MicroDetector: Keeping mic open: false
05-26 11:45:51.846  2534  2534 I MicroDetectionWorker: #onError(false)
05-26 11:45:51.847  2534  2697 I DeviceStateChecker: DeviceStateChecker cancelled
05-26 11:45:51.879  1876 16736 I ActivityManager: Force stopping org.mozilla.fennec_aurora appid=10092 user=-1: set debug app
05-26 11:45:51.879  1876  1876 V SettingsProvider: Notifying for 0: content://settings/global/debug_app
05-26 11:45:51.910  1876  3012 I ActivityManager: START u0 {flg=0x10000000 cmp=org.mozilla.fennec_aurora/org.mozilla.fenix.HomeActivity (has extras)} from uid 0
05-26 11:45:51.961  1876  1893 I ActivityManager: Start proc 2726:org.mozilla.fennec_aurora/u0a92 for activity org.mozilla.fennec_aurora/org.mozilla.fenix.HomeActivity
05-26 11:45:51.964  1623  1623 D gralloc_ranchu: gralloc_alloc: Creating ashmem region of size 9334784
05-26 11:45:51.967  2726  2726 W a.fennec_auror: Unexpected CPU variant for X86 using defaults: x86
05-26 11:45:51.969  2482  3056 I Places  : ?: PlacesBleScanner start() with priority 2
05-26 11:45:51.979  1876  1940 D         : HostConnection::get() New Host Connection established 0xcf15cd00, tid 1940
05-26 11:45:52.016  2482  3056 I Places  : ?: PlacesBleScanner start() with priority 2
05-26 11:45:52.020  2482  3056 I PlaceInferenceEngine: [anon] Changed inference mode: 1
05-26 11:45:52.033  2726  2726 W ActivityThread: Application org.mozilla.fennec_aurora can be debugged on port 8100...
05-26 11:45:52.036  2726  2726 I a.fennec_auror: The ClassLoaderContext is a special shared library.
05-26 11:45:52.046  2482  3056 I Places  : Converted 0 out of 1 WiFi scans
05-26 11:45:52.059  1904  1911 D gralloc_ranchu: gralloc_unregister_buffer: exiting HostConnection (is buffer-handling thread)
05-26 11:45:52.060  1904  1911 D         : HostConnection::get() New Host Connection established 0xe6d43140, tid 1911
05-26 11:45:52.060  1904  1911 D gralloc_ranchu: gralloc_unregister_buffer: exiting HostConnection (is buffer-handling thread)
05-26 11:45:52.061  1904  1911 D         : HostConnection::get() New Host Connection established 0xe6d43140, tid 1911
05-26 11:45:52.061  1904  1911 D gralloc_ranchu: gralloc_unregister_buffer: exiting HostConnection (is buffer-handling thread)
05-26 11:45:52.062  1904  1911 D         : HostConnection::get() New Host Connection established 0xe6d43140, tid 1911
05-26 11:45:52.062  1904  1911 D gralloc_ranchu: gralloc_unregister_buffer: exiting HostConnection (is buffer-handling thread)
05-26 11:45:52.063  1623  1623 D gralloc_ranchu: gralloc_alloc: Creating ashmem region of size 9334784
05-26 11:45:52.063  2534  2825 D EGL_emulation: eglMakeCurrent: 0xe8b06aa0: ver 3 0 (tinfo 0xe8b03b50)
05-26 11:45:52.066  1733  2119 D         : HostConnection::get() New Host Connection established 0xed9604c0, tid 2119
05-26 11:45:52.067  1733  2119 D gralloc_ranchu: gralloc_unregister_buffer: exiting HostConnection (is buffer-handling thread)
05-26 11:45:52.067  1733  2119 D         : HostConnection::get() New Host Connection established 0xed9604c0, tid 2119
05-26 11:45:52.070  2499  2681 D EGL_emulation: eglMakeCurrent: 0xd35359e0: ver 3 0 (tinfo 0xd353b4f0)
05-26 11:45:52.074  1733  2205 D gralloc_ranchu: gralloc_unregister_buffer: exiting HostConnection (is buffer-handling thread)
05-26 11:45:52.075  1733  2205 D         : HostConnection::get() New Host Connection established 0xe9a2f7c0, tid 2205
05-26 11:45:52.075  1733  2205 D gralloc_ranchu: gralloc_unregister_buffer: exiting HostConnection (is buffer-handling thread)
05-26 11:45:52.075  1733  2205 D         : HostConnection::get() New Host Connection established 0xe9a2f7c0, tid 2205
05-26 11:45:52.076  1733  2205 D gralloc_ranchu: gralloc_unregister_buffer: exiting HostConnection (is buffer-handling thread)
05-26 11:45:52.076  1733  2205 D         : HostConnection::get() New Host Connection established 0xe9a2f7c0, tid 2205
05-26 11:45:52.078  1733  2119 D gralloc_ranchu: gralloc_unregister_buffer: exiting HostConnection (is buffer-handling thread)
05-26 11:45:52.079  1733  2119 D         : HostConnection::get() New Host Connection established 0xed9604c0, tid 2119
05-26 11:45:52.079  2012  2265 D EGL_emulation: eglMakeCurrent: 0xe8b05420: ver 3 0 (tinfo 0xe8b03980)
05-26 11:45:52.079  1733  2119 D gralloc_ranchu: gralloc_unregister_buffer: exiting HostConnection (is buffer-handling thread)
05-26 11:45:52.079  1733  2119 D         : HostConnection::get() New Host Connection established 0xed9604c0, tid 2119
05-26 11:45:52.080  1904  1911 D         : HostConnection::get() New Host Connection established 0xe6d43140, tid 1911
05-26 11:45:52.086  1733  2205 D gralloc_ranchu: gralloc_unregister_buffer: exiting HostConnection (is buffer-handling thread)
05-26 11:45:52.088  1733  2119 D gralloc_ranchu: gralloc_unregister_buffer: exiting HostConnection (is buffer-handling thread)
05-26 11:45:52.090  2012  2265 D EGL_emulation: eglMakeCurrent: 0xe8b05420: ver 3 0 (tinfo 0xe8b03980)
05-26 11:45:52.095  2012  2265 D EGL_emulation: eglMakeCurrent: 0xe8b05420: ver 3 0 (tinfo 0xe8b03980)
05-26 11:45:52.102  2482  6321 I PlaceInferenceEngine: No beacon scan available - ignoring candidates.
05-26 11:45:52.106  2012  2265 D EGL_emulation: eglMakeCurrent: 0xe8b05420: ver 3 0 (tinfo 0xe8b03980)
05-26 11:45:52.128  2012  2265 I chatty  : uid=10024(com.android.systemui) RenderThread identical 2 lines
05-26 11:45:52.132  2012  2265 D EGL_emulation: eglMakeCurrent: 0xe8b05420: ver 3 0 (tinfo 0xe8b03980)
05-26 11:45:52.134  2482  3056 I Places  : ?: PlacesBleScanner start() with priority 2
05-26 11:45:52.143  2012  2265 D EGL_emulation: eglMakeCurrent: 0xe8b05420: ver 3 0 (tinfo 0xe8b03980)
05-26 11:45:52.147  2012  2265 D EGL_emulation: eglMakeCurrent: 0xe8b05420: ver 3 0 (tinfo 0xe8b03980)
05-26 11:45:52.155  2482  3056 I Places  : ?: PlacesBleScanner start() with priority 2
05-26 11:45:52.162  2482  3056 I PlaceInferenceEngine: [anon] Changed inference mode: 1
05-26 11:45:52.163  2726  2726 D FirebaseApp: com.google.firebase.auth.FirebaseAuth is not linked. Skipping initialization.
05-26 11:45:52.164  2726  2726 D FirebaseApp: com.google.firebase.crash.FirebaseCrash is not linked. Skipping initialization.
05-26 11:45:52.165  2726  2726 I FirebaseInitProvider: FirebaseApp initialization successful
05-26 11:45:52.167  2012  2265 D EGL_emulation: eglMakeCurrent: 0xe8b05420: ver 3 0 (tinfo 0xe8b03980)
05-26 11:45:52.179  2012  2265 I chatty  : uid=10024(com.android.systemui) RenderThread identical 2 lines
05-26 11:45:52.183  2012  2265 D EGL_emulation: eglMakeCurrent: 0xe8b05420: ver 3 0 (tinfo 0xe8b03980)
05-26 11:45:52.190  2482  3056 I Places  : Converted 0 out of 1 WiFi scans
05-26 11:45:52.191  2726  2752 W a.fennec_auror: Accessing hidden method Landroid/content/res/Resources$Theme;->rebase()V (dark greylist, linking)
05-26 11:45:52.199  2012  2265 D EGL_emulation: eglMakeCurrent: 0xe8b05420: ver 3 0 (tinfo 0xe8b03980)
05-26 11:45:52.204  2012  2265 D EGL_emulation: eglMakeCurrent: 0xe8b05420: ver 3 0 (tinfo 0xe8b03980)
05-26 11:45:52.223  2726  2726 D FennecProfile: profiles.ini: false
05-26 11:45:52.223  2726  2726 D FennecProfile: No profiles found
05-26 11:45:52.227  2726  2726 D FennecMigrator: No migrations to run. Fennec install - false.
05-26 11:45:52.235  2726  2726 D FenixApplication: Initializing Glean (uploadEnabled=true, isFennec=true)
05-26 11:45:52.263  2482  6321 I PlaceInferenceEngine: No beacon scan available - ignoring candidates.
05-26 11:45:52.264  2482  6319 W ctxmgr  : [AclManager]No 2 for (accnt=account#-517948760#, com.google.android.gms(10008):PlacesProducer, vrsn=13280000, 0, 3pPkg = null ,  3pMdlId = null ,  pid = 2482). Was: 3 for 18, account#-517948760#
05-26 11:45:52.280  2726  2762 D RustNativeSupport: findMegazordLibraryName(viaduct, 0.58.1
05-26 11:45:52.280  2726  2762 D RustNativeSupport: lib in use: none
05-26 11:45:52.280  2726  2762 D RustNativeSupport: lib configured: megazord
05-26 11:45:52.280  2726  2762 D RustNativeSupport: lib version configured: 0.58.1
05-26 11:45:52.280  2726  2762 D RustNativeSupport: settled on megazord
05-26 11:45:52.338  2726  2752 I FA      : Collection disabled with firebase_analytics_collection_enabled=0
05-26 11:45:52.339  2726  2752 I FA      : App measurement is starting up, version: 12780
05-26 11:45:52.339  2726  2752 I FA      : To enable debug logging run: adb shell setprop log.tag.FA VERBOSE
05-26 11:45:52.342  2726  2752 I FA      : To enable faster debug mode event logging run:
05-26 11:45:52.342  2726  2752 I FA      :   adb shell setprop debug.firebase.analytics.app org.mozilla.fennec_aurora
05-26 11:45:52.366  2726  2726 W ActivityThread: ClassLoader.loadClass: The class loader returned by Thread.getContextClassLoader() may fail for processes that host multiple applications. You should explicitly specify a context class loader. For example: Thread.setContextClassLoader(getClass().getClassLoader());
05-26 11:45:52.377  2726  2726 I GeckoRuntime: Adding debug configuration from: /data/local/tmp/org.mozilla.fennec_aurora-geckoview-config.yaml
05-26 11:45:52.377  2726  2726 D GeckoDebugConfig: Adding environment variables from debug config: {MOZ_CRASHREPORTER=1, MOZ_CRASHREPORTER_NO_REPORT=1, MOZ_CRASHREPORTER_SHUTDOWN=1}
05-26 11:45:52.377  2726  2726 D GeckoDebugConfig: Adding arguments from debug config: [-marionette, -profile, /mnt/sdcard/org.mozilla.fennec_aurora-geckodriver-profile]
05-26 11:45:52.378  2726  2726 D GeckoThread: State changed to LAUNCHED
05-26 11:45:52.390  2726  2773 I GeckoThread: preparing to run Gecko
05-26 11:45:52.399  2726  2773 D GeckoThread: env var: MOZ_CRASHREPORTER=1
05-26 11:45:52.399  2726  2773 D GeckoThread: env var: MOZ_CRASHREPORTER_NO_REPORT=1
05-26 11:45:52.399  2726  2773 D GeckoThread: env var: MOZ_CRASHREPORTER_SHUTDOWN=1
05-26 11:45:52.409  2726  2726 D GeckoRuntime: Lifecycle: onCreate
05-26 11:45:52.479  2726  2773 D GeckoThread: State changed to MOZGLUE_READY
05-26 11:45:52.480  2726  2744 I a.fennec_auror: Background concurrent copying GC freed 13284(2MB) AllocSpace objects, 9(436KB) LOS objects, 49% free, 1904KB/3MB, paused 3.706ms total 105.789ms
05-26 11:45:52.484  2726  2760 D libglean_ffi: glean_ffi: Android logging should be hooked up!
05-26 11:45:52.485  2726  2762 D RustNativeSupport: findMegazordLibraryName(rustlog, 0.58.1
05-26 11:45:52.485  2726  2762 D RustNativeSupport: lib in use: none
05-26 11:45:52.485  2726  2760 I glean/Glean: Registering pings for mozilla.telemetry.glean.GleanMetrics.Pings
05-26 11:45:52.485  2726  2762 D RustNativeSupport: lib configured: megazord
05-26 11:45:52.485  2726  2762 D RustNativeSupport: lib version configured: 0.58.1
05-26 11:45:52.486  2726  2762 D RustNativeSupport: settled on megazord
05-26 11:45:52.486  2726  2760 I libglean_ffi: glean_core: Creating new Glean
05-26 11:45:52.486  2726  2762 I rc_log_ffi::ios: rc_log adapter initialized!
05-26 11:45:52.486  2726  2760 D libglean_ffi: glean_core::database: Database path: "/data/user/0/org.mozilla.fennec_aurora/glean_data/db"
05-26 11:45:52.487  2726  2760 I libglean_ffi: glean_core::database: Database initialized
05-26 11:45:52.488  2726  2726 D GleanMetricsService: Enabling Glean.
05-26 11:45:52.488  2726  2773 W Settings: Setting animator_duration_scale has moved from android.provider.Settings.System to android.provider.Settings.Global, returning read-only global URI.
05-26 11:45:52.490  2726  2726 I AdjustMetricsService: No adjust token defined
05-26 11:45:52.490  2726  2726 D PushConfig: Creating push configuration for autopush.
05-26 11:45:52.497  2726  2773 E GeckoLibLoad: Load sqlite start
05-26 11:45:52.499  2726  2726 I App     : AutoPushFeature is configured, initializing it...
05-26 11:45:52.502  2726  2726 I AutoPushFeature: Checking validity of push subscriptions.
05-26 11:45:52.519  2726  2726 D FennecProfile: profiles.ini: false
05-26 11:45:52.520  2726  2726 D FennecProfile: No profiles found
05-26 11:45:52.522  2726  2760 I libglean_ffi: glean_ffi: Glean initialized
05-26 11:45:52.523  2726  2773 E GeckoLibLoad: Load sqlite done
05-26 11:45:52.524  2726  2773 E GeckoLibLoad: Load nss start
05-26 11:45:52.524  2726  2773 E GeckoLibLoad: Load nss done
05-26 11:45:52.530  1876  2204 I GnssLocationProvider: WakeLock acquired by sendMessage(REPORT_SV_STATUS, 0, com.android.server.location.GnssLocationProvider$SvStatusInfo@99c3fe3)
05-26 11:45:52.530  2726  2762 W [WARNING][Leanplum]: [com.leanplum.internal.ActionManager::getLocationManager::8]: Geofencing support requires leanplum-location module and Google Play Services v8.1 and higher.
05-26 11:45:52.530  2726  2762 W [WARNING][Leanplum]: Add this to your build.gradle file:
05-26 11:45:52.530  2726  2762 W [WARNING][Leanplum]: implementation 'com.google.android.gms:play-services-location:8.3.0+'
05-26 11:45:52.530  2726  2762 W [WARNING][Leanplum]: implementation 'com.leanplum:leanplum-location:+'
05-26 11:45:52.530  1876  1890 I GnssLocationProvider: WakeLock released by handleMessage(REPORT_SV_STATUS, 0, com.android.server.location.GnssLocationProvider$SvStatusInfo@99c3fe3)
05-26 11:45:52.533  2726  2762 I [INFO][Leanplum]: [com.leanplum.monitoring.ExceptionHandler::setContext::6]: LeanplumExceptionHandler could not initialize Exception Reporting.This is expected if you have not included the leanplum-monitoring module
05-26 11:45:52.562  2726  2726 D FennecMigrator: This is not a Fennec installation. No migration needed.
05-26 11:45:52.584  2726  2782 I [INFO][Leanplum]: [com.leanplum.LeanplumFcmProvider::isManifestSetup::11]: Firebase Messaging is setup correctly.
05-26 11:45:52.592  2726  2726 W a.fennec_auror: Accessing hidden method Landroid/content/res/Resources$Theme;->rebase()V (dark greylist, reflection)
05-26 11:45:52.595  2726  2726 I ResourcesCompat: Failed to retrieve rebase() method
05-26 11:45:52.595  2726  2726 I ResourcesCompat: java.lang.NoSuchMethodException: rebase []
05-26 11:45:52.595  2726  2726 I ResourcesCompat: 	at java.lang.Class.getMethod(Class.java:2068)
05-26 11:45:52.595  2726  2726 I ResourcesCompat: 	at java.lang.Class.getDeclaredMethod(Class.java:2047)
05-26 11:45:52.595  2726  2726 I ResourcesCompat: 	at androidx.core.content.res.ResourcesCompat$ThemeCompat$ImplApi23.rebase(ResourcesCompat.java:3)
05-26 11:45:52.595  2726  2726 I ResourcesCompat: 	at androidx.appcompat.app.AppCompatActivity.attachBaseContext(AppCompatActivity.java:80)
05-26 11:45:52.595  2726  2726 I ResourcesCompat: 	at mozilla.components.support.locale.LocaleAwareAppCompatActivity.attachBaseContext(LocaleAwareAppCompatActivity.kt:2)
05-26 11:45:52.595  2726  2726 I ResourcesCompat: 	at android.app.Activity.attach(Activity.java:7051)
05-26 11:45:52.595  2726  2726 I ResourcesCompat: 	at android.app.ActivityThread.performLaunchActivity(ActivityThread.java:2873)
05-26 11:45:52.595  2726  2726 I ResourcesCompat: 	at android.app.ActivityThread.handleLaunchActivity(ActivityThread.java:3048)
05-26 11:45:52.595  2726  2726 I ResourcesCompat: 	at android.app.servertransaction.LaunchActivityItem.execute(LaunchActivityItem.java:78)
05-26 11:45:52.595  2726  2726 I ResourcesCompat: 	at android.app.servertransaction.TransactionExecutor.executeCallbacks(TransactionExecutor.java:108)
05-26 11:45:52.595  2726  2726 I ResourcesCompat: 	at android.app.servertransaction.TransactionExecutor.execute(TransactionExecutor.java:68)
05-26 11:45:52.595  2726  2726 I ResourcesCompat: 	at android.app.ActivityThread$H.handleMessage(ActivityThread.java:1808)
05-26 11:45:52.595  2726  2726 I ResourcesCompat: 	at android.os.Handler.dispatchMessage(Handler.java:106)
05-26 11:45:52.595  2726  2726 I ResourcesCompat: 	at android.os.Looper.loop(Looper.java:193)
05-26 11:45:52.595  2726  2726 I ResourcesCompat: 	at android.app.ActivityThread.main(ActivityThread.java:6669)
05-26 11:45:52.595  2726  2726 I ResourcesCompat: 	at java.lang.reflect.Method.invoke(Native Method)
05-26 11:45:52.595  2726  2726 I ResourcesCompat: 	at com.android.internal.os.RuntimeInit$MethodAndArgsCaller.run(RuntimeInit.java:493)
05-26 11:45:52.595  2726  2726 I ResourcesCompat: 	at com.android.internal.os.ZygoteInit.main(ZygoteInit.java:858)
05-26 11:45:52.609  2726  2773 E GeckoLibLoad: Loaded libs in 84.685000ms total, 0ms(60ms) user, 30ms(100ms) system, 0(0) faults
05-26 11:45:52.610  2726  2773 D GeckoThread: State changed to LIBS_READY
05-26 11:45:52.612  2726  2773 W GeckoThread: zerdatime 190872808 - runGecko
05-26 11:45:52.613  2726  2773 D GeckoProfile: Loading profile at: null name: default
05-26 11:45:52.614  2726  2773 D GeckoProfile: Created new profile dir.
05-26 11:45:52.614  2726  2773 I GeckoProfile: Enqueuing profile init.
05-26 11:45:52.616  2726  2773 D GeckoProfile: Found profile dir: /data/user/0/org.mozilla.fennec_aurora/files/mozilla/acwxvl2q.default
05-26 11:45:52.616  2726  2773 D GeckoProfile: Attempting to write new client ID properties
05-26 11:45:52.617  2726  2773 D GeckoProfile: Creating profile dir: /data/user/0/org.mozilla.fennec_aurora/files/mozilla/acwxvl2q.default
05-26 11:45:52.671  2726  2760 I glean/MetricsPingSched: The application just updated. Send metrics ping now.
05-26 11:45:52.672  2726  2760 I glean/MetricsPingSched: Collecting the 'metrics' ping, now = Tue May 26 11:45:52 EDT 2020, startup = true, reason = upgrade
05-26 11:45:52.672  2726  2760 I libglean_ffi: glean_core::ping: Collecting metrics
05-26 11:45:52.672  2726  2760 I libglean_ffi: glean_core::ping: Storage for metrics empty. Bailing out.
05-26 11:45:52.672  2726  2760 I libglean_ffi: glean_core: No content for ping 'metrics', therefore no ping queued.
05-26 11:45:52.673  2726  2760 D glean/MetricsPingSched: Scheduling the 'metrics' ping in 58447335ms
05-26 11:45:52.678  2726  2773 I Gecko:DumpUtils: Fifo watcher disabled via pref.
05-26 11:45:52.738  2726  2773 D GeckoSysInfo: System memory: 1494MB.
05-26 11:45:52.740  2726  2773 D GeckoThread: State changed to JNI_READY
05-26 11:45:52.753  2726  2812 D ServiceAllocator: org.mozilla.gecko.process.GeckoChildProcessServices$tab0 updateBindings: BACKGROUND priority, 0 importance, 2 successful binds, 0 failed binds, 0 successful unbinds, 0 failed unbinds
05-26 11:45:52.759  2819  2819 W nec_aurora:tab: Unexpected CPU variant for X86 using defaults: x86
