05-26 11:45:57.629  2958  2958 D StrictMode: 	at android.app.ContextImpl.getSharedPreferencesPath(ContextImpl.java:747)
05-26 11:45:57.629  2958  2958 D StrictMode: 	at android.app.ContextImpl.getSharedPreferences(ContextImpl.java:400)
05-26 11:45:57.629  2958  2958 D StrictMode: 	at android.content.ContextWrapper.getSharedPreferences(ContextWrapper.java:174)
05-26 11:45:57.629  2958  2958 D StrictMode: 	at androidx.preference.PreferenceManager.getDefaultSharedPreferences(PreferenceManager.java:119)
05-26 11:45:57.629  2958  2958 D StrictMode: 	at org.mozilla.fenix.DebugFenixApplication.setupLeakCanary(DebugFenixApplication.kt:15)
05-26 11:45:57.629  2958  2958 D StrictMode: 	at org.mozilla.fenix.FenixApplication.setupInMainProcessOnly(FenixApplication.kt:140)
05-26 11:45:57.629  2958  2958 D StrictMode: 	at org.mozilla.fenix.FenixApplication.onCreate(FenixApplication.kt:90)
05-26 11:45:57.629  2958  2958 D StrictMode: 	at android.app.Instrumentation.callApplicationOnCreate(Instrumentation.java:1154)
05-26 11:45:57.629  2958  2958 D StrictMode: 	at android.app.ActivityThread.handleBindApplication(ActivityThread.java:5871)
05-26 11:45:57.629  2958  2958 D StrictMode: 	at android.app.ActivityThread.access$1100(ActivityThread.java:199)
05-26 11:45:57.629  2958  2958 D StrictMode: 	at android.app.ActivityThread$H.handleMessage(ActivityThread.java:1650)
05-26 11:45:57.629  2958  2958 D StrictMode: 	at android.os.Handler.dispatchMessage(Handler.java:106)
05-26 11:45:57.629  2958  2958 D StrictMode: 	at android.os.Looper.loop(Looper.java:193)
05-26 11:45:57.629  2958  2958 D StrictMode: 	at android.app.ActivityThread.main(ActivityThread.java:6669)
05-26 11:45:57.629  2958  2958 D StrictMode: 	at java.lang.reflect.Method.invoke(Native Method)
05-26 11:45:57.629  2958  2958 D StrictMode: 	at com.android.internal.os.RuntimeInit$MethodAndArgsCaller.run(RuntimeInit.java:493)
05-26 11:45:57.629  2958  2958 D StrictMode: 	at com.android.internal.os.ZygoteInit.main(ZygoteInit.java:858)
05-26 11:45:57.630  2958  2958 D StrictMode: StrictMode policy violation; ~duration=107 ms: android.os.strictmode.DiskReadViolation
05-26 11:45:57.630  2958  2958 D StrictMode: 	at android.os.StrictMode$AndroidBlockGuardPolicy.onReadFromDisk(StrictMode.java:1504)
05-26 11:45:57.630  2958  2958 D StrictMode: 	at android.app.SharedPreferencesImpl.awaitLoadedLocked(SharedPreferencesImpl.java:256)
05-26 11:45:57.630  2958  2958 D StrictMode: 	at android.app.SharedPreferencesImpl.getBoolean(SharedPreferencesImpl.java:325)
05-26 11:45:57.630  2958  2958 D StrictMode: 	at org.mozilla.fenix.DebugFenixApplication.setupLeakCanary(DebugFenixApplication.kt:16)
05-26 11:45:57.630  2958  2958 D StrictMode: 	at org.mozilla.fenix.FenixApplication.setupInMainProcessOnly(FenixApplication.kt:140)
05-26 11:45:57.630  2958  2958 D StrictMode: 	at org.mozilla.fenix.FenixApplication.onCreate(FenixApplication.kt:90)
05-26 11:45:57.630  2958  2958 D StrictMode: 	at android.app.Instrumentation.callApplicationOnCreate(Instrumentation.java:1154)
05-26 11:45:57.630  2958  2958 D StrictMode: 	at android.app.ActivityThread.handleBindApplication(ActivityThread.java:5871)
05-26 11:45:57.630  2958  2958 D StrictMode: 	at android.app.ActivityThread.access$1100(ActivityThread.java:199)
05-26 11:45:57.630  2958  2958 D StrictMode: 	at android.app.ActivityThread$H.handleMessage(ActivityThread.java:1650)
05-26 11:45:57.630  2958  2958 D StrictMode: 	at android.os.Handler.dispatchMessage(Handler.java:106)
05-26 11:45:57.630  2958  2958 D StrictMode: 	at android.os.Looper.loop(Looper.java:193)
05-26 11:45:57.630  2958  2958 D StrictMode: 	at android.app.ActivityThread.main(ActivityThread.java:6669)
05-26 11:45:57.630  2958  2958 D StrictMode: 	at java.lang.reflect.Method.invoke(Native Method)
05-26 11:45:57.630  2958  2958 D StrictMode: 	at com.android.internal.os.RuntimeInit$MethodAndArgsCaller.run(RuntimeInit.java:493)
05-26 11:45:57.630  2958  2958 D StrictMode: 	at com.android.internal.os.ZygoteInit.main(ZygoteInit.java:858)
05-26 11:45:57.635  2958  2958 D LeakCanary: LeakCanary is running and ready to detect leaks
05-26 11:45:57.700  2958  2984 I SupportedAddonsWorker: Trying to check for new supported add-ons
05-26 11:45:57.782  2958  2993 I Gecko:DumpUtils: Fifo watcher disabled via pref.
05-26 11:45:58.027  2958  2993 D GeckoSysInfo: System memory: 1494MB.
05-26 11:45:58.027  2958  2993 W lla.fenix.debu: Accessing hidden method Landroid/os/MessageQueue;->next()Landroid/os/Message; (light greylist, JNI)
05-26 11:45:58.028  2958  2993 D StrictMode: StrictMode policy violation: android.os.strictmode.NonSdkApiUsedViolation: Landroid/os/MessageQueue;->next()Landroid/os/Message;
05-26 11:45:58.028  2958  2993 D StrictMode: 	at android.os.StrictMode.lambda$static$1(StrictMode.java:428)
05-26 11:45:58.028  2958  2993 D StrictMode: 	at android.os.-$$Lambda$StrictMode$lu9ekkHJ2HMz0jd3F8K8MnhenxQ.accept(Unknown Source:2)
05-26 11:45:58.028  2958  2993 D StrictMode: 	at org.mozilla.gecko.mozglue.GeckoLoader.nativeRun(Native Method)
05-26 11:45:58.028  2958  2993 D StrictMode: 	at org.mozilla.gecko.GeckoThread.run(GeckoThread.java:449)
05-26 11:45:58.028  2958  2993 W lla.fenix.debu: Accessing hidden field Landroid/os/MessageQueue;->mMessages:Landroid/os/Message; (light greylist, JNI)
05-26 11:45:58.029  2958  2993 D StrictMode: StrictMode policy violation: android.os.strictmode.NonSdkApiUsedViolation: Landroid/os/MessageQueue;->mMessages:Landroid/os/Message;
05-26 11:45:58.029  2958  2993 D StrictMode: 	at android.os.StrictMode.lambda$static$1(StrictMode.java:428)
05-26 11:45:58.029  2958  2993 D StrictMode: 	at android.os.-$$Lambda$StrictMode$lu9ekkHJ2HMz0jd3F8K8MnhenxQ.accept(Unknown Source:2)
05-26 11:45:58.029  2958  2993 D StrictMode: 	at org.mozilla.gecko.mozglue.GeckoLoader.nativeRun(Native Method)
05-26 11:45:58.029  2958  2993 D StrictMode: 	at org.mozilla.gecko.GeckoThread.run(GeckoThread.java:449)
05-26 11:45:58.030  2958  2993 W lla.fenix.debu: Accessing hidden field Ljava/lang/Boolean;->value:Z (light greylist, JNI)
05-26 11:45:58.030  2958  2993 D StrictMode: StrictMode policy violation: android.os.strictmode.NonSdkApiUsedViolation: Ljava/lang/Boolean;->value:Z
05-26 11:45:58.030  2958  2993 D StrictMode: 	at android.os.StrictMode.lambda$static$1(StrictMode.java:428)
05-26 11:45:58.030  2958  2993 D StrictMode: 	at android.os.-$$Lambda$StrictMode$lu9ekkHJ2HMz0jd3F8K8MnhenxQ.accept(Unknown Source:2)
05-26 11:45:58.030  2958  2993 D StrictMode: 	at org.mozilla.gecko.mozglue.GeckoLoader.nativeRun(Native Method)
05-26 11:45:58.030  2958  2993 D StrictMode: 	at org.mozilla.gecko.GeckoThread.run(GeckoThread.java:449)
05-26 11:45:58.030  2958  2993 W lla.fenix.debu: Accessing hidden field Ljava/lang/Integer;->value:I (light greylist, JNI)
05-26 11:45:58.031  2958  2993 D StrictMode: StrictMode policy violation: android.os.strictmode.NonSdkApiUsedViolation: Ljava/lang/Integer;->value:I
05-26 11:45:58.031  2958  2993 D StrictMode: 	at android.os.StrictMode.lambda$static$1(StrictMode.java:428)
05-26 11:45:58.031  2958  2993 D StrictMode: 	at android.os.-$$Lambda$StrictMode$lu9ekkHJ2HMz0jd3F8K8MnhenxQ.accept(Unknown Source:2)
05-26 11:45:58.031  2958  2993 D StrictMode: 	at org.mozilla.gecko.mozglue.GeckoLoader.nativeRun(Native Method)
05-26 11:45:58.031  2958  2993 D StrictMode: 	at org.mozilla.gecko.GeckoThread.run(GeckoThread.java:449)
05-26 11:45:58.031  2958  2993 W lla.fenix.debu: Accessing hidden field Ljava/lang/Double;->value:D (light greylist, JNI)
05-26 11:45:58.031  2958  2993 D StrictMode: StrictMode policy violation: android.os.strictmode.NonSdkApiUsedViolation: Ljava/lang/Double;->value:D
05-26 11:45:58.031  2958  2993 D StrictMode: 	at android.os.StrictMode.lambda$static$1(StrictMode.java:428)
05-26 11:45:58.031  2958  2993 D StrictMode: 	at android.os.-$$Lambda$StrictMode$lu9ekkHJ2HMz0jd3F8K8MnhenxQ.accept(Unknown Source:2)
05-26 11:45:58.031  2958  2993 D StrictMode: 	at org.mozilla.gecko.mozglue.GeckoLoader.nativeRun(Native Method)
05-26 11:45:58.031  2958  2993 D StrictMode: 	at org.mozilla.gecko.GeckoThread.run(GeckoThread.java:449)
05-26 11:45:58.035  2958  2993 D GeckoThread: State changed to JNI_READY
05-26 11:45:58.045  2958  3014 D ServiceAllocator: org.mozilla.gecko.process.GeckoChildProcessServices$tab0 updateBindings: BACKGROUND priority, 0 importance, 2 successful binds, 0 failed binds, 0 successful unbinds, 0 failed unbinds
05-26 11:45:58.054  3020  3020 I enix.debug:tab: Not late-enabling -Xcheck:jni (already on)
05-26 11:45:58.056  1876  1893 I ActivityManager: Start proc 3020:org.mozilla.fenix.debug:tab0/u0a91 for service org.mozilla.fenix.debug/org.mozilla.gecko.process.GeckoChildProcessServices$tab0
05-26 11:45:58.089  3020  3020 W enix.debug:tab: Unexpected CPU variant for X86 using defaults: x86
05-26 11:45:58.093  2726  2726 I glean/Glean: Registering pings for org.mozilla.fenix.GleanMetrics.Pings
05-26 11:45:58.110  2726  2726 I FenixApplication: Kicking-off account manager...
05-26 11:45:58.110  2726  2726 I FenixApplication: 'Kicking-off account manager' took 0 ms
05-26 11:45:58.114  2726  2951 I FenixApplication: Running post-visual completeness tasks...
05-26 11:45:58.114  2726  2951 I FenixApplication: Storage initialization...
05-26 11:45:58.115  2726  2951 I PlacesHistoryStorage: Warming up places storage...
05-26 11:45:58.116  2726  2951 D RustNativeSupport: findMegazordLibraryName(places, 0.58.1
05-26 11:45:58.116  2726  2951 D RustNativeSupport: lib in use: none
05-26 11:45:58.116  2726  2951 D RustNativeSupport: lib configured: megazord
05-26 11:45:58.116  2726  2951 D RustNativeSupport: lib version configured: 0.58.1
05-26 11:45:58.116  2726  2951 D RustNativeSupport: settled on megazord
05-26 11:45:58.117  2726  2951 D places_ffi: places_api_new
05-26 11:45:58.147  3020  3020 I enix.debug:tab: The ClassLoaderContext is a special shared library.
05-26 11:45:58.149  2726  2951 D places::db::schema: Creating schema
05-26 11:45:58.160  2726  2858 I App     : ActivationPing - generating ping with the hashed id
05-26 11:45:58.161  2726  2858 I App     : ActivationPing - generating ping (has `identifier`: true)
05-26 11:45:58.168  2726  2760 I libglean_ffi: glean_core::ping: Collecting activation
05-26 11:45:58.185  2726  2760 D libglean_ffi: glean_core::ping: Storing ping '74e89a59-9fb9-4c30-b711-7573f532c7e1' at '/data/user/0/org.mozilla.fennec_aurora/glean_data/pending_pings/74e89a59-9fb9-4c30-b711-7573f532c7e1'
05-26 11:45:58.185  2726  2760 I libglean_ffi: glean_core: The ping 'activation' was submitted and will be sent as soon as possible
05-26 11:45:58.207  1876  4916 D ConnectivityService: requestNetwork for uid/pid:10092/2726 NetworkRequest [ TRACK_DEFAULT id=237, [ Capabilities: INTERNET&NOT_RESTRICTED&TRUSTED Unwanted:  Uid: 10092] ]
05-26 11:45:58.209  1876  1975 D WIFI    : got request NetworkRequest [ TRACK_DEFAULT id=237, [ Capabilities: INTERNET&NOT_RESTRICTED&TRUSTED Unwanted:  Uid: 10092] ] with score 60
05-26 11:45:58.209  1876  1975 D WIFI_UT : got request NetworkRequest [ TRACK_DEFAULT id=237, [ Capabilities: INTERNET&NOT_RESTRICTED&TRUSTED Unwanted:  Uid: 10092] ] with score 60
05-26 11:45:58.210  2131  2131 D PhoneSwitcherNetworkRequstListener: got request NetworkRequest [ TRACK_DEFAULT id=237, [ Capabilities: INTERNET&NOT_RESTRICTED&TRUSTED Unwanted:  Uid: 10092] ] with score 60
05-26 11:45:58.214  2726  2951 D sql_support::conn_ext: Transaction commited after 65.158ms
05-26 11:45:58.216  2726  2951 D places_ffi: places_connection_new
05-26 11:45:58.218  2726  2951 D places_ffi: places_connection_new
05-26 11:45:58.220  2726  2951 I PlacesHistoryStorage: 'Warming up places storage' took 104 ms
05-26 11:45:58.220  2726  2951 I PlacesBookmarksStorage: Warming up places storage...
05-26 11:45:58.220  2726  2951 D places_ffi: places_connection_new
05-26 11:45:58.226  2726  2951 I PlacesBookmarksStorage: 'Warming up places storage' took 6 ms
05-26 11:45:58.228  2726  3042 D glean/PingUploadWorker: Processing persisted pings at /data/user/0/org.mozilla.fennec_aurora/glean_data/pending_pings
05-26 11:45:58.228  2726  3042 D glean/PingUploadWorker: Processing ping: 74e89a59-9fb9-4c30-b711-7573f532c7e1
05-26 11:45:58.230  2726  3042 D glean/ConceptFetchHttpUploader: Submitting ping to: https://incoming.telemetry.mozilla.org/submit/org-mozilla-fennec-aurora/activation/1/74e89a59-9fb9-4c30-b711-7573f532c7e1
05-26 11:45:58.246  1739  1739 I keystore: 1 0
05-26 11:45:58.253  2726  2951 I SyncableLoginsStorage: Warming up storage...
05-26 11:45:58.260  2726  2951 D RustNativeSupport: findMegazordLibraryName(logins, 0.58.1
05-26 11:45:58.260  2726  2951 D RustNativeSupport: lib in use: none
05-26 11:45:58.260  2726  2951 D RustNativeSupport: lib configured: megazord
05-26 11:45:58.260  2726  2951 D RustNativeSupport: lib version configured: 0.58.1
05-26 11:45:58.260  2726  2951 D RustNativeSupport: settled on megazord
05-26 11:45:58.263  2726  2951 D logins_ffi: sync15_passwords_state_new
05-26 11:45:58.293  1876  1890 E memtrack: Couldn't load memtrack module
05-26 11:45:58.293  1876  1890 W android.os.Debug: failed to get memory consumption info: -1
05-26 11:45:58.299  2726  2951 D logins::schema: Creating schema
05-26 11:45:58.311  2958  2993 D GeckoViewStartup: observe: app-startup
05-26 11:45:58.334  2958  2993 D GeckoViewConsole: enabled = true
05-26 11:45:58.411  2726  2951 I SyncableLoginsStorage: 'Warming up storage' took 157 ms
05-26 11:45:58.411  2726  2951 I FenixApplication: 'Storage initialization' took 296 ms
05-26 11:45:58.416  2958  2993 I GeckoConsole: No chrome package registered for chrome://browser/content/built_in_addons.json
05-26 11:45:58.506  2958  2993 D GeckoThread: State changed to PROFILE_READY
05-26 11:45:58.526  2958  2993 D GeckoViewStartup: observe: profile-after-change
05-26 11:45:58.528  2958  2993 D GeckoViewTelemetryController: setup - canRecordPrereleaseData true, canRecordReleaseData true
05-26 11:45:58.542  2958  2993 D GeckoThread: State changed to RUNNING
05-26 11:45:58.547  1876  2204 I GnssLocationProvider: WakeLock acquired by sendMessage(REPORT_SV_STATUS, 0, com.android.server.location.GnssLocationProvider$SvStatusInfo@94e6ffb)
05-26 11:45:58.548  1876  1890 I GnssLocationProvider: WakeLock released by handleMessage(REPORT_SV_STATUS, 0, com.android.server.location.GnssLocationProvider$SvStatusInfo@94e6ffb)
05-26 11:45:58.551  2958  2993 I Gecko   : 1590507958551	Marionette	TRACE	Marionette enabled
05-26 11:45:58.551  2958  2993 I Gecko   : 1590507958551	Marionette	TRACE	Received observer notification profile-after-change
05-26 11:45:58.557  2958  2993 I Gecko   : -*- nsDNSServiceDiscovery.js : nsDNSServiceDiscovery
05-26 11:45:58.599  2726  3042 D glean/ConceptFetchHttpUploader: Ping successfully sent (200)
05-26 11:45:58.599  2726  3042 D glean/PingUploadWorker: 74e89a59-9fb9-4c30-b711-7573f532c7e1 was deleted: true
05-26 11:45:58.601  2726  2765 I WM-WorkerWrapper: Worker result SUCCESS for Work [ id=7537e864-720e-48e9-9923-7ae430e3fcdc, tags={ mozilla.telemetry.glean.scheduler.PingUploadWorker, mozac_service_glean_ping_upload_worker } ]
05-26 11:45:58.606  1876  1978 D ConnectivityService: releasing NetworkRequest [ TRACK_DEFAULT id=237, [ Capabilities: INTERNET&NOT_RESTRICTED&TRUSTED Unwanted:  Uid: 10092] ] (release request)
05-26 11:45:58.611  2958  2993 I Gecko   : 1590507958611	Marionette	TRACE	Received observer notification command-line-startup
05-26 11:45:58.629  2958  2958 D GeckoNetworkManager: Incoming event enableNotifications for state OffNoListeners -> OffWithListeners
05-26 11:45:58.636  2958  2958 D GeckoNetworkManager: New network state: UP, WIFI, WIFI
05-26 11:45:58.636  2958  2993 D GeckoViewStartup: onEvent GeckoView:SetLocale
05-26 11:45:58.636  2958  2993 D GeckoViewStartup: onEvent GeckoView:ResetUserPrefs
05-26 11:45:58.640  2958  2993 D GeckoViewRemoteDebugger: onInit
05-26 11:45:58.641  2958  2993 D GeckoViewConsole: enabled = false
05-26 11:45:58.655  2958  2993 D GeckoViewStartup: onEvent GeckoView:SetLocale
05-26 11:45:58.656  2958  2993 D GeckoViewStartup: onEvent GeckoView:SetDefaultPrefs
05-26 11:45:58.675  2958  2993 I chatty  : uid=10091(org.mozilla.fenix.debug) Gecko identical 9 lines
05-26 11:45:58.676  2958  2993 D GeckoViewStartup: onEvent GeckoView:SetDefaultPrefs
05-26 11:45:58.680  2958  2993 D GeckoViewConsole: onEvent GeckoView:RegisterWebExtension {"allowContentMessaging":true,"id":"webcompat@mozilla.com","locationUri":"resource://android/assets/extensions/webcompat/"}
05-26 11:45:58.684  2958  2993 D GeckoViewConsole: onEvent GeckoView:WebExtension:List null
05-26 11:45:58.693  2958  2993 D GeckoViewConsole: onEvent GeckoView:RegisterWebExtension {"allowContentMessaging":true,"id":"mozacBrowserIcons","locationUri":"resource://android/assets/extensions/browser-icons/"}
05-26 11:45:58.695  2958  2993 D GeckoViewConsole: onEvent GeckoView:RegisterWebExtension {"allowContentMessaging":true,"id":"mozacBrowserAds","locationUri":"resource://android/assets/extensions/ads/"}
05-26 11:45:58.695  2958  2993 D GeckoViewConsole: onEvent GeckoView:RegisterWebExtension {"allowContentMessaging":true,"id":"BrowserCookiesExtension","locationUri":"resource://android/assets/extensions/cookies/"}
05-26 11:45:58.749  2958  2993 I Gecko   : 1590507958749	Marionette	TRACE	Received observer notification marionette-startup-requested
05-26 11:45:58.750  2958  2993 I Gecko   : 1590507958750	Marionette	TRACE	Waiting until startup recorder finished recording startup scripts...
05-26 11:45:58.764  2958  2993 I Gecko   : 1590507958764	Marionette	TRACE	All scripts recorded.
05-26 11:45:58.768  2958  2993 I Gecko   : 1590507958768	Marionette	DEBUG	Setting recommended pref browser.safebrowsing.malware.enabled to false
05-26 11:45:58.770  2958  2993 I Gecko   : 1590507958770	Marionette	DEBUG	Setting recommended pref browser.safebrowsing.phishing.enabled to false
05-26 11:45:58.772  2958  2993 I Gecko   : 1590507958771	Marionette	DEBUG	Setting recommended pref browser.search.update to false
05-26 11:45:58.772  2958  2993 I Gecko   : 1590507958772	Marionette	DEBUG	Setting recommended pref browser.tabs.disableBackgroundZombification to false
05-26 11:45:58.772  2958  2993 I Gecko   : 1590507958772	Marionette	DEBUG	Setting recommended pref browser.tabs.remote.separatePrivilegedContentProcess to false
05-26 11:45:58.773  2958  2993 I Gecko   : 1590507958773	Marionette	DEBUG	Setting recommended pref network.http.prompt-temp-redirect to false
05-26 11:45:58.857  2958  2993 I Gecko   : 1590507958853	Marionette	FATAL	Remote protocol server failed to start: Error: Could not bind to port 2829 (NS_ERROR_SOCKET_ADDRESS_IN_USE)(chrome://marionette/content/server.js:94:17) JS Stack trace: set acceptConnections@server.js:94:17
05-26 11:45:58.857  2958  2993 I Gecko   : start@server.js:124:5
05-26 11:45:58.857  2958  2993 I Gecko   : init/<@marionette.js:510:21
05-26 11:45:58.857  2958  2993 I Gecko   : 1590507958857	Marionette	DEBUG	Resetting recommended pref browser.safebrowsing.malware.enabled
05-26 11:45:58.863  2958  2993 I Gecko   : 1590507958863	Marionette	DEBUG	Resetting recommended pref browser.safebrowsing.phishing.enabled
05-26 11:45:58.865  2958  2993 I Gecko   : 1590507958865	Marionette	DEBUG	Resetting recommended pref browser.search.update
05-26 11:45:58.866  2958  2993 I Gecko   : 1590507958866	Marionette	DEBUG	Resetting recommended pref browser.tabs.disableBackgroundZombification
05-26 11:45:58.866  2958  2993 I Gecko   : 1590507958866	Marionette	DEBUG	Resetting recommended pref browser.tabs.remote.separatePrivilegedContentProcess
05-26 11:45:58.866  2958  2993 I Gecko   : 1590507958866	Marionette	DEBUG	Resetting recommended pref network.http.prompt-temp-redirect
05-26 11:45:58.879  2958  2993 D GeckoThread: State changed to EXITING
05-26 11:45:58.896  2012  2265 D EGL_emulation: eglMakeCurrent: 0xe8b05420: ver 3 0 (tinfo 0xe8b03980)
05-26 11:45:58.965  2958  2993 E GeckoConsole: [JavaScript Error: "NetworkError when attempting to fetch resource."]
05-26 11:45:58.965  2958  2993 E GeckoConsole: get@resource://services-settings/RemoteSettingsClient.jsm:348:12
05-26 11:45:58.978  3020  3020 D GeckoThread: State changed to LAUNCHED
05-26 11:45:58.979  3020  3074 I GeckoThread: preparing to run Gecko
05-26 11:45:59.080  2958  2958 D App     : Installed browser-icons extension
05-26 11:45:59.095  2958  2993 I GeckoConsole: 1590507959095	addons.xpi	WARN	Exception running bootstrap method shutdown on default-theme@mozilla.org: [Exception... "Component returned failure code: 0x80004002 (NS_NOINTERFACE) [nsISupports.QueryInterface]"  nsresult: "0x80004002 (NS_NOINTERFACE)"  location: "JS frame :: resource://gre/modules/Extension.jsm :: shutdown :: line 2586"  data: no] Stack trace: shutdown()@resource://gre/modules/Extension.jsm:2586
05-26 11:45:59.095  2958  2993 I GeckoConsole: shutdown()@resource://gre/modules/Extension.jsm:1703
05-26 11:45:59.095  2958  2993 I GeckoConsole: callBootstrapMethod()@resource://gre/modules/addons/XPIProvider.jsm:1819
05-26 11:45:59.095  2958  2993 I GeckoConsole: _shutdown()@resource://gre/modules/addons/XPIProvider.jsm:1948
05-26 11:45:59.095  2958  2993 I GeckoConsole: observe()@resource://gre/modules/AsyncShutdown.jsm:554
05-26 11:45:59.106  2958  2993 D         : HostConnection::get() New Host Connection established 0xe6b53580, tid 2993
05-26 11:45:59.109  2958  2993 I ConfigStore: android::hardware::configstore::V1_0::ISurfaceFlingerConfigs::hasWideColorDisplay retrieved: 0
05-26 11:45:59.109  2958  2993 I ConfigStore: android::hardware::configstore::V1_0::ISurfaceFlingerConfigs::hasHDRDisplay retrieved: 0
05-26 11:45:59.110  2958  2993 E EGL_emulation: tid 2993: eglBindAPI(1259): error 0x300c (EGL_BAD_PARAMETER)
05-26 11:45:59.111  2958  2993 D EGL_emulation: eglCreateContext: 0xea8dc120: maj 3 min 0 rcv 3
05-26 11:45:59.112  2958  2993 D EGL_emulation: eglMakeCurrent: 0xea8dc120: ver 3 0 (tinfo 0xee8fd9d0)
05-26 11:45:59.388  2958  2993 E GeckoConsole: [JavaScript Error: "Error: Phase "profile-change-teardown" is finished, it is too late to register completion condition "ServiceWorkerShutdownBlocker: shutting down Service Workers"" {file: "resource://gre/modules/AsyncShutdown.jsm" line: 697}]
05-26 11:45:59.388  2958  2993 E GeckoConsole: addBlocker@resource://gre/modules/AsyncShutdown.jsm:697:15
05-26 11:45:59.388  2958  2993 E GeckoConsole: addBlocker@resource://gre/modules/AsyncShutdown.jsm:505:26
05-26 11:45:59.388  2958  2993 E GeckoConsole: addBlocker@resource://gre/modules/AsyncShutdown.jsm:444:15
05-26 11:45:59.388  2958  2993 E GeckoConsole: addBlocker@resource://gre/modules/nsAsyncShutdown.jsm:162:24
05-26 11:45:59.388  2958  2993 E GeckoConsole: observe@resource://gre/modules/AsyncShutdown.jsm:554:16
05-26 11:45:59.541  2958  2993 W GeckoConsole: [JavaScript Warning: "Security wrapper denied access to property "ONE_QUARTER" on privileged Javascript object. Support for exposing privileged objects to untrusted content via __exposedProps__ has been removed - use WebIDL bindings or Components.utils.cloneInto instead. Note that only the first denied property access from a given global object will be reported." {file: "moz-extension://9670d999-4378-46ae-b907-6d0c226b09b6/data/picture_in_picture_overrides.js" line: 26}]
05-26 11:45:59.547  1876  2204 I GnssLocationProvider: WakeLock acquired by sendMessage(REPORT_SV_STATUS, 0, com.android.server.location.GnssLocationProvider$SvStatusInfo@3a65818)
05-26 11:45:59.548  1876  1890 I GnssLocationProvider: WakeLock released by handleMessage(REPORT_SV_STATUS, 0, com.android.server.location.GnssLocationProvider$SvStatusInfo@3a65818)
05-26 11:45:59.576  2958  2958 D mozac-webcompat: Installed WebCompat webextension: webcompat@mozilla.com
05-26 11:45:59.636  2958  2993 E GeckoConsole: [JavaScript Error: "can't access property "startupData", state is undefined" {file: "resource://gre/modules/addons/XPIProvider.jsm" line: 3079}]
05-26 11:45:59.636  2958  2993 E GeckoConsole: setStartupData@resource://gre/modules/addons/XPIProvider.jsm:3079:5
05-26 11:45:59.636  2958  2993 E GeckoConsole: saveStartupData@resource://gre/modules/Extension.jsm:2035:17
05-26 11:45:59.636  2958  2993 E GeckoConsole: _writePersistentListeners@resource://gre/modules/ExtensionCommon.jsm:2271:15
05-26 11:45:59.636  2958  2993 E GeckoConsole: savePersistentListener@resource://gre/modules/ExtensionCommon.jsm:2362:18
05-26 11:45:59.636  2958  2993 E GeckoConsole: addListener@resource://gre/modules/ExtensionCommon.jsm:2495:20
05-26 11:45:59.636  2958  2993 E GeckoConsole: addListener@resource://gre/modules/ExtensionCommon.jsm:2550:38
05-26 11:45:59.636  2958  2993 E GeckoConsole: recvAddListener@resource://gre/modules/ExtensionParent.jsm:1079:13
05-26 11:45:59.636  2958  2993 E GeckoConsole: observe@resource://gre/modules/AsyncShutdown.jsm:554:16
05-26 11:45:59.657  2958  2993 I chatty  : uid=10091(org.mozilla.fenix.debug) Gecko identical 24 lines
05-26 11:45:59.705  2958  2993 E GeckoConsole: [JavaScript Error: "can't access property "startupData", state is undefined" {file: "resource://gre/modules/addons/XPIProvider.jsm" line: 3079}]
05-26 11:45:59.705  2958  2993 E GeckoConsole: setStartupData@resource://gre/modules/addons/XPIProvider.jsm:3079:5
05-26 11:45:59.705  2958  2993 E GeckoConsole: saveStartupData@resource://gre/modules/Extension.jsm:2035:17
05-26 11:45:59.705  2958  2993 E GeckoConsole: _writePersistentListeners@resource://gre/modules/ExtensionCommon.jsm:2271:15
05-26 11:45:59.705  2958  2993 E GeckoConsole: savePersistentListener@resource://gre/modules/ExtensionCommon.jsm:2362:18
05-26 11:45:59.705  2958  2993 E GeckoConsole: addListener@resource://gre/modules/ExtensionCommon.jsm:2495:20
05-26 11:45:59.705  2958  2993 E GeckoConsole: addListener@resource://gre/modules/ExtensionCommon.jsm:2550:38
05-26 11:45:59.705  2958  2993 E GeckoConsole: recvAddListener@resource://gre/modules/ExtensionParent.jsm:1079:13
05-26 11:45:59.705  2958  2993 E GeckoConsole: observe@resource://gre/modules/AsyncShutdown.jsm:554:16
05-26 11:45:59.748  2958  2993 I Gecko   : 1590507959748	Marionette	TRACE	Received observer notification xpcom-will-shutdown
05-26 11:45:59.759  2958  2958 I DefaultSupportedAddonsChecker: Register check for new supported add-ons
05-26 11:45:59.875  2958  2979 I WM-WorkerWrapper: Work [ id=c00de910-17a6-4ace-93f7-da1dd8387abe, tags={ mozilla.components.feature.addons.migration.DefaultSupportedAddonsChecker.periodicWork, mozilla.components.feature.addons.migration.SupportedAddonsWorker } ] was cancelled
05-26 11:45:59.875  2958  2979 I WM-WorkerWrapper: java.util.concurrent.CancellationException: Task was cancelled.
05-26 11:45:59.875  2958  2979 I WM-WorkerWrapper: 	at androidx.work.impl.utils.futures.AbstractFuture.cancellationExceptionWithCause(AbstractFuture.java:1184)
05-26 11:45:59.875  2958  2979 I WM-WorkerWrapper: 	at androidx.work.impl.utils.futures.AbstractFuture.getDoneValue(AbstractFuture.java:514)
05-26 11:45:59.875  2958  2979 I WM-WorkerWrapper: 	at androidx.work.impl.utils.futures.AbstractFuture.get(AbstractFuture.java:475)
05-26 11:45:59.875  2958  2979 I WM-WorkerWrapper: 	at androidx.work.impl.WorkerWrapper$2.run(WorkerWrapper.java:284)
05-26 11:45:59.875  2958  2979 I WM-WorkerWrapper: 	at androidx.work.impl.utils.SerialExecutor$Task.run(SerialExecutor.java:91)
05-26 11:45:59.875  2958  2979 I WM-WorkerWrapper: 	at java.util.concurrent.ThreadPoolExecutor.runWorker(ThreadPoolExecutor.java:1167)
05-26 11:45:59.875  2958  2979 I WM-WorkerWrapper: 	at java.util.concurrent.ThreadPoolExecutor$Worker.run(ThreadPoolExecutor.java:641)
05-26 11:45:59.875  2958  2979 I WM-WorkerWrapper: 	at java.lang.Thread.run(Thread.java:764)
05-26 11:45:59.899  2958  2987 I SupportedAddonsWorker: Trying to check for new supported add-ons
05-26 11:45:59.906  2958  2984 E SupportedAddonsWorker: An exception happened trying to check for new supported add-ons, re-schedule Job was cancelled
05-26 11:45:59.906  2958  2984 E SupportedAddonsWorker: kotlinx.coroutines.JobCancellationException: Job was cancelled; job=JobImpl{Cancelling}@1e7bb6
05-26 11:45:59.959  1876 16736 I ActivityManager: Process org.mozilla.fenix.debug (pid 2958) has died: vis  TRNB
05-26 11:45:59.961  1876  1894 W libprocessgroup: kill(-2958, 9) failed: No such process
05-26 11:45:59.961  1876  1894 I libprocessgroup: Successfully killed process cgroup uid 10091 pid 2958 in 0ms
05-26 11:45:59.961  1734  1734 I Zygote  : Process 2958 exited cleanly (0)
05-26 11:45:59.961  1876 16736 W ActivityManager: Scheduling restart of crashed service org.mozilla.fenix.debug/androidx.work.impl.background.systemjob.SystemJobService in 1000ms
05-26 11:45:59.962  3020  3020 I ServiceChildProcess: Service has been unbound. Stopping.
05-26 11:45:59.973  3020  3020 I Process : Sending signal. PID: 3020 SIG: 9
05-26 11:46:00.005  1876  4916 I ActivityManager: Process org.mozilla.fenix.debug:tab0 (pid 3020) has died: fore SVC 
05-26 11:46:00.006  1734  1734 I Zygote  : Process 3020 exited due to signal (9)
05-26 11:46:00.006  1876  1894 W libprocessgroup: kill(-3020, 9) failed: No such process
05-26 11:46:00.006  1876  1894 I libprocessgroup: Successfully killed process cgroup uid 10091 pid 3020 in 0ms
05-26 11:46:00.549  1876  2204 I GnssLocationProvider: WakeLock acquired by sendMessage(REPORT_SV_STATUS, 0, com.android.server.location.GnssLocationProvider$SvStatusInfo@1041230)
05-26 11:46:00.551  1876  1890 I GnssLocationProvider: WakeLock released by handleMessage(REPORT_SV_STATUS, 0, com.android.server.location.GnssLocationProvider$SvStatusInfo@1041230)
05-26 11:46:00.556  2482  7043 W ctxmgr  : [AclManager]No 2 for (accnt=account#-517948760#, com.google.android.gms(10008):IndoorOutdoorProducer, vrsn=13280000, 0, 3pPkg = null ,  3pMdlId = null ,  pid = 2482). Was: 3 for 57, account#-517948760#
05-26 11:46:00.937  1876  2445 I ActivityManager: Force stopping org.mozilla.fennec_aurora appid=10092 user=0: clear data
05-26 11:46:00.937  1876  2445 I ActivityManager: Killing 2819:org.mozilla.fennec_aurora:tab0/u0a92 (adj 100): stop org.mozilla.fennec_aurora
05-26 11:46:00.937  1876  2445 W ActivityManager: Scheduling restart of crashed service org.mozilla.fennec_aurora/org.mozilla.gecko.process.GeckoChildProcessServices$tab0 in 1000ms
05-26 11:46:00.937  1876  1894 W libprocessgroup: kill(-2819, 9) failed: No such process
05-26 11:46:00.940  1876  2445 I ActivityManager: Killing 2726:org.mozilla.fennec_aurora/u0a92 (adj 0): stop org.mozilla.fennec_aurora
05-26 11:46:00.942  1876  2445 W ActivityManager: Force removing ActivityRecord{6297cb2 u0 org.mozilla.fennec_aurora/org.mozilla.fenix.HomeActivity t283}: app died, no saved state
05-26 11:46:00.947  1904  1907 D hwcomposer: hw_composer sent 66 syncs in 61s
05-26 11:46:00.966  1904  1911 D gralloc_ranchu: gralloc_unregister_buffer: exiting HostConnection (is buffer-handling thread)
05-26 11:46:00.967  1904  1911 D         : HostConnection::get() New Host Connection established 0xe6d43140, tid 1911
05-26 11:46:00.967  1904  1911 D gralloc_ranchu: gralloc_unregister_buffer: exiting HostConnection (is buffer-handling thread)
05-26 11:46:00.967  1904  1911 D         : HostConnection::get() New Host Connection established 0xe6d43140, tid 1911
05-26 11:46:00.968  1904  1911 D gralloc_ranchu: gralloc_unregister_buffer: exiting HostConnection (is buffer-handling thread)
05-26 11:46:00.968  1904  1911 D         : HostConnection::get() New Host Connection established 0xe6d43140, tid 1911
05-26 11:46:00.968  1904  1911 D gralloc_ranchu: gralloc_unregister_buffer: exiting HostConnection (is buffer-handling thread)
05-26 11:46:00.968  1904  1911 D         : HostConnection::get() New Host Connection established 0xe6d43140, tid 1911
05-26 11:46:00.969  1904  1911 D gralloc_ranchu: gralloc_unregister_buffer: exiting HostConnection (is buffer-handling thread)
05-26 11:46:00.969  1904  1911 D         : HostConnection::get() New Host Connection established 0xe6d43140, tid 1911
05-26 11:46:00.969  1904  1911 D gralloc_ranchu: gralloc_unregister_buffer: exiting HostConnection (is buffer-handling thread)
05-26 11:46:00.974  1876  1894 W libprocessgroup: kill(-2819, 9) failed: No such process
05-26 11:46:00.975  1734  1734 I Zygote  : Process 2819 exited due to signal (9)
05-26 11:46:00.976  1876  1894 W libprocessgroup: kill(2819, 9) failed: No such process
05-26 11:46:00.989  1904  1911 D         : HostConnection::get() New Host Connection established 0xe6d43140, tid 1911
05-26 11:46:00.994  1623  1623 D gralloc_ranchu: gralloc_alloc: Creating ashmem region of size 9334784
05-26 11:46:01.003  1876  1891 I ActivityManager: Force stopping org.mozilla.fennec_aurora appid=10092 user=-1: clearApplicationUserData
05-26 11:46:01.012  1623  5774 D gralloc_ranchu: gralloc_alloc: Creating ashmem region of size 9334784
05-26 11:46:01.014  1876  1894 W libprocessgroup: kill(-2819, 9) failed: No such process
05-26 11:46:01.014  1876  1894 I libprocessgroup: Successfully killed process cgroup uid 10092 pid 2819 in 77ms
05-26 11:46:01.015  1876  1894 W libprocessgroup: kill(-2726, 9) failed: No such process
05-26 11:46:01.019  1876  2445 D ZenLog  : config: removeAutomaticZenRules,ZenModeConfig[user=0,allowAlarms=true,allowMedia=true,allowSystem=false,allowReminders=false,allowEvents=false,allowCalls=true,allowRepeatCallers=true,allowMessages=false,allowCallsFrom=stars,allowMessagesFrom=contacts,suppressedVisualEffects=511,areChannelsBypassingDnd=false,automaticRules={EVENTS_DEFAULT_RULE=ZenRule[enabled=false,snoozing=false,name=Event,zenMode=ZEN_MODE_IMPORTANT_INTERRUPTIONS,conditionId=condition://android/event?userId=-10000&calendar=&reply=1,condition=Condition[id=condition://android/event?userId=-10000&calendar=&reply=1,summary=...,line1=...,line2=...,icon=0,state=STATE_FALSE,flags=2],component=ComponentInfo{android/com.android.server.notification.EventConditionProvider},id=EVENTS_DEFAULT_RULE,creationTime=1587308662810,enabler=null], EVERY_NIGHT_DEFAULT_RULE=ZenRule[enabled=false,snoozing=false,name=Sleeping,zenMode=ZEN_MODE_IMPORTANT_INTERRUPTIONS,conditionId=condition://android/schedule?days=1.2.3.4.5.6.7&start=22.0&end=7.0&exitAtAlarm=true,condition=Condition[id=condition://android/schedule?days=1.2.3.4.5.6.7&start=22.0&end=7.0&exitAtAlarm=true,summary=...,line1=...,line2=...,icon=0,state=STATE_FALSE,flags=2],component=ComponentInfo{android/com.android.server.notification.ScheduleConditionProvider},id=EVERY_NIGHT_DEFAULT_RULE,creationTime=1587308662810,enabler=null]},manualRule=null],Diff[]
05-26 11:46:01.019  1876  2445 I ConditionProviders: Disallowing condition provider org.mozilla.fennec_aurora
05-26 11:46:01.020  1876  1876 D ZenLog  : set_zen_mode: off,removeAutomaticZenRules
05-26 11:46:01.025  1739  1739 I keystore: clear_uid 10092
05-26 11:46:01.033  1623  5774 D gralloc_ranchu: gralloc_alloc: Creating ashmem region of size 9334784
05-26 11:46:01.050  1876  1961 W InputDispatcher: channel '3c6531a org.mozilla.fennec_aurora/org.mozilla.fenix.HomeActivity (server)' ~ Consumer closed input channel or an error occurred.  events=0x9
05-26 11:46:01.050  1876  1961 E InputDispatcher: channel '3c6531a org.mozilla.fennec_aurora/org.mozilla.fenix.HomeActivity (server)' ~ Channel is unrecoverably broken and will be disposed!
05-26 11:46:01.060  1876  1894 W libprocessgroup: kill(-2726, 9) failed: No such process
05-26 11:46:01.063  1733  1733 D SurfaceFlinger: duplicate layer name: changing com.google.android.apps.nexuslauncher/com.google.android.apps.nexuslauncher.NexusLauncherActivity to com.google.android.apps.nexuslauncher/com.google.android.apps.nexuslauncher.NexusLauncherActivity#1
05-26 11:46:01.066  1623  5774 D gralloc_ranchu: gralloc_alloc: Creating ashmem region of size 9334784
05-26 11:46:01.071  1734  1734 I Zygote  : Process 2726 exited due to signal (9)
05-26 11:46:01.072  1733  2119 D         : HostConnection::get() New Host Connection established 0xede98680, tid 2119
05-26 11:46:01.072  1733  2119 D gralloc_ranchu: gralloc_unregister_buffer: exiting HostConnection (is buffer-handling thread)
05-26 11:46:01.072  1733  2119 D         : HostConnection::get() New Host Connection established 0xede98680, tid 2119
05-26 11:46:01.077  1876  5182 I WindowManager: WIN DEATH: Window{3c6531a u0 org.mozilla.fennec_aurora/org.mozilla.fenix.HomeActivity}
05-26 11:46:01.077  1876  5182 W InputDispatcher: Attempted to unregister already unregistered input channel '3c6531a org.mozilla.fennec_aurora/org.mozilla.fenix.HomeActivity (server)'
05-26 11:46:01.081  1876  8003 I ActivityManager: Force stopping org.mozilla.fennec_aurora appid=10092 user=0: from pid 3095
05-26 11:46:01.084  1733  1759 W SurfaceFlinger: Attempting to destroy on removed layer: AppWindowToken{c874f80 token=Token{7548403 ActivityRecord{6297cb2 u0 org.mozilla.fennec_aurora/org.mozilla.fenix.HomeActivity t283}}}#0
05-26 11:46:01.084  1733  1759 W SurfaceFlinger: Attempting to destroy on removed layer: Task=283#0
05-26 11:46:01.087  1623  1623 D gralloc_ranchu: gralloc_alloc: Creating ashmem region of size 9334784
05-26 11:46:01.089  1733  2119 D gralloc_ranchu: gralloc_unregister_buffer: exiting HostConnection (is buffer-handling thread)
05-26 11:46:01.091  1733  2119 D         : HostConnection::get() New Host Connection established 0xecc60840, tid 2119
05-26 11:46:01.091  1733  2119 D gralloc_ranchu: gralloc_unregister_buffer: exiting HostConnection (is buffer-handling thread)
05-26 11:46:01.092  1733  2119 D         : HostConnection::get() New Host Connection established 0xecc60840, tid 2119
05-26 11:46:01.092  1733  2119 D gralloc_ranchu: gralloc_unregister_buffer: exiting HostConnection (is buffer-handling thread)
05-26 11:46:01.096  1623  5774 D gralloc_ranchu: gralloc_alloc: Creating ashmem region of size 9334784
05-26 11:46:01.096  2534  2825 D EGL_emulation: eglMakeCurrent: 0xe8b06aa0: ver 3 0 (tinfo 0xe8b03b50)
05-26 11:46:01.100  1876  1890 E memtrack: Couldn't load memtrack module
05-26 11:46:01.100  1876  1890 W android.os.Debug: failed to get memory consumption info: -1
05-26 11:46:01.101  1876  1899 W ActivityManager: setHasOverlayUi called on unknown pid: 2726
05-26 11:46:01.104  1876  1894 W libprocessgroup: kill(-2726, 9) failed: No such process
05-26 11:46:01.104  1876  1894 I libprocessgroup: Successfully killed process cgroup uid 10092 pid 2726 in 89ms
05-26 11:46:01.113  2131  2131 D CarrierSvcBindHelper: No carrier app for: 0
05-26 11:46:01.116  2000  2000 I GoogleInputMethod: onFinishInput() : Dummy InputConnection bound
05-26 11:46:01.121  2000  2000 I GoogleInputMethod: onStartInput() : Dummy InputConnection bound
05-26 11:46:01.135  2534  2534 W SessionLifecycleManager: Handover failed. Creating new session controller.
05-26 11:46:01.141  2499  2681 D EGL_emulation: eglMakeCurrent: 0xd35359e0: ver 3 0 (tinfo 0xd353b4f0)
05-26 11:46:01.161  2482  2482 I GeofencerStateMachine: removeGeofences: removeRequest=RemoveGeofencingRequest[REMOVE_ALL packageName=org.mozilla.fennec_aurora]
05-26 11:46:01.163  1876  1890 E system_server: No package ID 7f found for ID 0x7f08019f.
05-26 11:46:01.163  1876  1890 E system_server: No package ID 7f found for ID 0x7f130122.
05-26 11:46:01.163  1876  1890 E system_server: No package ID 7f found for ID 0x7f130122.
05-26 11:46:01.163  1876  1890 E system_server: No package ID 7f found for ID 0x7f08019d.
05-26 11:46:01.166  2131  2131 D CarrierSvcBindHelper: No carrier app for: 0
05-26 11:46:01.166  1876  1890 E system_server: No package ID 7f found for ID 0x7f130121.
05-26 11:46:01.167  1876  1890 E system_server: No package ID 7f found for ID 0x7f130121.
05-26 11:46:01.225  2012  2265 D EGL_emulation: eglMakeCurrent: 0xe8b05420: ver 3 0 (tinfo 0xe8b03980)
05-26 11:46:01.231  1876  1876 I GnssLocationProvider: WakeLock acquired by sendMessage(SET_REQUEST, 0, com.android.server.location.GnssLocationProvider$GpsRequest@85f09b6)
05-26 11:46:01.232  1560  1573 D vold    : Remounting 10092 as mode read
05-26 11:46:01.247  2534  2038 W LocationOracle: No location history returned by ContextManager
05-26 11:46:01.248  2012  2265 D EGL_emulation: eglMakeCurrent: 0xe8b05420: ver 3 0 (tinfo 0xe8b03980)
05-26 11:46:01.248  1876  1890 I GnssLocationProvider: WakeLock released by handleMessage(SET_REQUEST, 0, com.android.server.location.GnssLocationProvider$GpsRequest@85f09b6)
05-26 11:46:01.261  1876  1876 V SettingsProvider: Notifying for 0: content://settings/global/debug_app
05-26 11:46:01.264  2012  2265 D EGL_emulation: eglMakeCurrent: 0xe8b05420: ver 3 0 (tinfo 0xe8b03980)
05-26 11:46:01.267  7086  2682 I LocationSettingsChecker: Removing dialog suppression flag for package org.mozilla.fennec_aurora
05-26 11:46:01.277  1876  1890 E memtrack: Couldn't load memtrack module
05-26 11:46:01.277  1876  1890 W android.os.Debug: failed to get memory consumption info: -1
05-26 11:46:01.278  2012  2265 D EGL_emulation: eglMakeCurrent: 0xe8b05420: ver 3 0 (tinfo 0xe8b03980)
05-26 11:46:01.291  2012  2265 I chatty  : uid=10024(com.android.systemui) RenderThread identical 1 line
05-26 11:46:01.308  2012  2265 D EGL_emulation: eglMakeCurrent: 0xe8b05420: ver 3 0 (tinfo 0xe8b03980)
05-26 11:46:01.320  7086 11609 I Icing   : doRemovePackageData org.mozilla.fennec_aurora
05-26 11:46:01.325  1560  1573 D vold    : Remounting 10092 as mode write
05-26 11:46:01.326  2012  2265 D EGL_emulation: eglMakeCurrent: 0xe8b05420: ver 3 0 (tinfo 0xe8b03980)
05-26 11:46:01.328  1876  1876 I GnssLocationProvider: WakeLock acquired by sendMessage(SET_REQUEST, 0, com.android.server.location.GnssLocationProvider$GpsRequest@37bd5af)
05-26 11:46:01.341  1876  1890 I GnssLocationProvider: WakeLock released by handleMessage(SET_REQUEST, 0, com.android.server.location.GnssLocationProvider$GpsRequest@37bd5af)
05-26 11:46:01.341  2012  2265 D EGL_emulation: eglMakeCurrent: 0xe8b05420: ver 3 0 (tinfo 0xe8b03980)
05-26 11:46:01.377  2012  2265 I chatty  : uid=10024(com.android.systemui) RenderThread identical 2 lines
05-26 11:46:01.399  2012  2265 D EGL_emulation: eglMakeCurrent: 0xe8b05420: ver 3 0 (tinfo 0xe8b03980)
05-26 11:46:01.413  2482  6321 W ctxmgr  : [AclManager]No 3 for (accnt=account#-517948760#, com.google.android.gms(10008):UserVelocityProducer, vrsn=13280022, 0, 3pPkg = null ,  3pMdlId = null ,  pid = 2482). Was: 3 for 1, account#-517948760#
05-26 11:46:01.418  2534  2534 I MicroDetectionWorker: #startMicroDetector [speakerMode: 0]
05-26 11:46:01.419  2534  2534 I AudioController: Using mInputStreamFactoryBuilder
05-26 11:46:01.420  2534  2534 I AudioController: Created new AudioSource
05-26 11:46:01.421  2534  2534 I MicroDetectionWorker: onReady
05-26 11:46:01.425  2012  2265 D EGL_emulation: eglMakeCurrent: 0xe8b05420: ver 3 0 (tinfo 0xe8b03980)
05-26 11:46:01.489  2534  2034 I MicroRecognitionRunner: Starting detection.
05-26 11:46:01.490  2116  3100 I ProvidersCache: Provider returned no roots. Possibly naughty: com.google.android.apps.docs.storage
05-26 11:46:01.501  1876  8003 I ActivityManager: Force stopping org.mozilla.fennec_aurora appid=10092 user=-1: set debug app
05-26 11:46:01.502  1876  1876 V SettingsProvider: Notifying for 0: content://settings/global/debug_app
05-26 11:46:01.506  2534  2004 I MicrophoneInputStream: mic_starting  SR : 16000 CC : 16 SO : 6
05-26 11:46:01.509  1631  1682 E         : Request requires android.permission.RECORD_AUDIO
05-26 11:46:01.509  1631  1682 E AudioPolicyIntefaceImpl: getInputForAttr permission denied: recording not allowed for uid 10039 pid 2534
05-26 11:46:01.510  1631  1682 E AudioFlinger: createRecord() checkRecordThread_l failed
05-26 11:46:01.510  2534  2004 E IAudioFlinger: createRecord returned error -22
05-26 11:46:01.510  2534  2004 E AudioRecord: AudioFlinger could not create record track, status: -22
05-26 11:46:01.510  2534  2004 E AudioRecord-JNI: Error creating AudioRecord instance: initialization check failed with status -22.
05-26 11:46:01.512  2534  2004 E android.media.AudioRecord: Error code -20 when initializing native AudioRecord object.
05-26 11:46:01.512  2534  2004 I MicrophoneInputStream: mic_started  SR : 16000 CC : 16 SO : 6
05-26 11:46:01.512  2534  2004 E ActivityThread: Failed to find provider info for com.google.android.apps.gsa.testing.ui.audio.recorded
05-26 11:46:01.514  2534  2534 I MicroDetectionWorker: onReady
05-26 11:46:01.516  2534  2004 I MicrophoneInputStream: mic_close  SR : 16000 CC : 16 SO : 6
05-26 11:46:01.517  2534  2034 I MicroRecognitionRunner: Detection finished
05-26 11:46:01.517  2534  2034 W ErrorReporter: reportError [type: 211, code: 524300]: Error reading from input stream
05-26 11:46:01.520  2534  2954 I MicroRecognitionRunner: Stopping hotword detection.
05-26 11:46:01.527  2534  2034 W ErrorProcessor: onFatalError, processing error from engine(4)
05-26 11:46:01.527  2534  2034 W ErrorProcessor: com.google.android.apps.gsa.shared.speech.b.g: Error reading from input stream
05-26 11:46:01.527  2534  2034 W ErrorProcessor: 	at com.google.android.apps.gsa.staticplugins.microdetection.d.k.a(SourceFile:91)
05-26 11:46:01.527  2534  2034 W ErrorProcessor: 	at com.google.android.apps.gsa.staticplugins.microdetection.d.l.run(Unknown Source:14)
05-26 11:46:01.527  2534  2034 W ErrorProcessor: 	at com.google.android.libraries.gsa.runner.a.a.b(SourceFile:32)
05-26 11:46:01.527  2534  2034 W ErrorProcessor: 	at com.google.android.libraries.gsa.runner.a.c.call(Unknown Source:4)
05-26 11:46:01.527  2534  2034 W ErrorProcessor: 	at java.util.concurrent.FutureTask.run(FutureTask.java:266)
05-26 11:46:01.527  2534  2034 W ErrorProcessor: 	at java.util.concurrent.Executors$RunnableAdapter.call(Executors.java:458)
05-26 11:46:01.527  2534  2034 W ErrorProcessor: 	at java.util.concurrent.FutureTask.run(FutureTask.java:266)
05-26 11:46:01.527  2534  2034 W ErrorProcessor: 	at com.google.android.apps.gsa.shared.util.concurrent.b.g.run(Unknown Source:4)
05-26 11:46:01.527  2534  2034 W ErrorProcessor: 	at com.google.android.apps.gsa.shared.util.concurrent.b.aw.run(SourceFile:4)
05-26 11:46:01.527  2534  2034 W ErrorProcessor: 	at com.google.android.apps.gsa.shared.util.concurrent.b.aw.run(SourceFile:4)
05-26 11:46:01.527  2534  2034 W ErrorProcessor: 	at java.util.concurrent.ThreadPoolExecutor.runWorker(ThreadPoolExecutor.java:1167)
05-26 11:46:01.527  2534  2034 W ErrorProcessor: 	at java.util.concurrent.ThreadPoolExecutor$Worker.run(ThreadPoolExecutor.java:641)
05-26 11:46:01.527  2534  2034 W ErrorProcessor: 	at java.lang.Thread.run(Thread.java:764)
05-26 11:46:01.527  2534  2034 W ErrorProcessor: 	at com.google.android.apps.gsa.shared.util.concurrent.b.i.run(SourceFile:6)
05-26 11:46:01.527  2534  2034 W ErrorProcessor: Caused by: com.google.android.apps.gsa.shared.exception.GsaIOException: Error code: 393238 | Buffer overflow, no available space.
05-26 11:46:01.527  2534  2034 W ErrorProcessor: 	at com.google.android.apps.gsa.speech.audio.Tee.j(SourceFile:103)
05-26 11:46:01.527  2534  2034 W ErrorProcessor: 	at com.google.android.apps.gsa.speech.audio.au.read(SourceFile:2)
05-26 11:46:01.527  2534  2034 W ErrorProcessor: 	at java.io.InputStream.read(InputStream.java:101)
05-26 11:46:01.527  2534  2034 W ErrorProcessor: 	at com.google.android.apps.gsa.speech.audio.ao.run(SourceFile:17)
05-26 11:46:01.527  2534  2034 W ErrorProcessor: 	at com.google.android.apps.gsa.speech.audio.an.run(SourceFile:2)
05-26 11:46:01.527  2534  2034 W ErrorProcessor: 	at java.util.concurrent.Executors$RunnableAdapter.call(Executors.java:458)
05-26 11:46:01.527  2534  2034 W ErrorProcessor: 	... 10 more
05-26 11:46:01.527  2534  2034 I AudioController: internalShutdown
05-26 11:46:01.528  2534  2534 I MicroDetector: Keeping mic open: false
05-26 11:46:01.528  2534  2534 I MicroDetectionWorker: #onError(false)
05-26 11:46:01.528  2534  2038 I DeviceStateChecker: DeviceStateChecker cancelled
05-26 11:46:01.539  1876  3809 I ActivityManager: START u0 {flg=0x10000000 cmp=org.mozilla.fennec_aurora/org.mozilla.fenix.HomeActivity (has extras)} from uid 0
05-26 11:46:01.548  1876  2204 I GnssLocationProvider: WakeLock acquired by sendMessage(REPORT_SV_STATUS, 0, com.android.server.location.GnssLocationProvider$SvStatusInfo@89b4c66)
05-26 11:46:01.572  1876  1890 I GnssLocationProvider: WakeLock released by handleMessage(REPORT_SV_STATUS, 0, com.android.server.location.GnssLocationProvider$SvStatusInfo@89b4c66)
05-26 11:46:01.580  3143  3143 W a.fennec_auror: Unexpected CPU variant for X86 using defaults: x86
05-26 11:46:01.586  1876  1893 I ActivityManager: Start proc 3143:org.mozilla.fennec_aurora/u0a92 for activity org.mozilla.fennec_aurora/org.mozilla.fenix.HomeActivity
05-26 11:46:01.599  1623  5774 D gralloc_ranchu: gralloc_alloc: Creating ashmem region of size 9334784
05-26 11:46:01.607  1876  1940 D         : HostConnection::get() New Host Connection established 0xc8655580, tid 1940
05-26 11:46:01.617  2482  3056 I Places  : ?: PlacesBleScanner start() with priority 2
05-26 11:46:01.631  3143  3143 W ActivityThread: Application org.mozilla.fennec_aurora can be debugged on port 8100...
05-26 11:46:01.633  3143  3143 I a.fennec_auror: The ClassLoaderContext is a special shared library.
05-26 11:46:01.634  2482  3056 I Places  : ?: PlacesBleScanner start() with priority 2
05-26 11:46:01.635  1623  5774 D gralloc_ranchu: gralloc_alloc: Creating ashmem region of size 9334784
05-26 11:46:01.637  2482  3056 I PlaceInferenceEngine: [anon] Changed inference mode: 1
05-26 11:46:01.671  2499  2681 D EGL_emulation: eglMakeCurrent: 0xd35359e0: ver 3 0 (tinfo 0xd353b4f0)
05-26 11:46:01.674  1733  1967 D gralloc_ranchu: gralloc_unregister_buffer: exiting HostConnection (is buffer-handling thread)
05-26 11:46:01.675  1733  1967 D         : HostConnection::get() New Host Connection established 0xed960bc0, tid 1967
