05-26 11:45:24.723  1666  1791 I Gecko   : 1590507924723	Marionette	DEBUG	Setting recommended pref browser.safebrowsing.phishing.enabled to false
05-26 11:45:24.725  1666  1791 I Gecko   : 1590507924725	Marionette	DEBUG	Setting recommended pref browser.search.update to false
05-26 11:45:24.725  1666  1791 I Gecko   : 1590507924725	Marionette	DEBUG	Setting recommended pref browser.tabs.disableBackgroundZombification to false
05-26 11:45:24.725  1666  1791 I Gecko   : 1590507924725	Marionette	DEBUG	Setting recommended pref browser.tabs.remote.separatePrivilegedContentProcess to false
05-26 11:45:24.726  1666  1791 I Gecko   : 1590507924726	Marionette	DEBUG	Setting recommended pref network.http.prompt-temp-redirect to false
05-26 11:45:24.808  1666  1791 I Gecko   : 1590507924807	Marionette	FATAL	Remote protocol server failed to start: Error: Could not bind to port 2829 (NS_ERROR_SOCKET_ADDRESS_IN_USE)(chrome://marionette/content/server.js:94:17) JS Stack trace: set acceptConnections@server.js:94:17
05-26 11:45:24.808  1666  1791 I Gecko   : start@server.js:124:5
05-26 11:45:24.808  1666  1791 I Gecko   : init/<@marionette.js:510:21
05-26 11:45:24.808  1666  1791 I Gecko   : 1590507924808	Marionette	DEBUG	Resetting recommended pref browser.safebrowsing.malware.enabled
05-26 11:45:24.812  1666  1791 I Gecko   : 1590507924812	Marionette	DEBUG	Resetting recommended pref browser.safebrowsing.phishing.enabled
05-26 11:45:24.815  1666  1791 I Gecko   : 1590507924815	Marionette	DEBUG	Resetting recommended pref browser.search.update
05-26 11:45:24.815  1666  1791 I Gecko   : 1590507924815	Marionette	DEBUG	Resetting recommended pref browser.tabs.disableBackgroundZombification
05-26 11:45:24.816  1666  1791 I Gecko   : 1590507924815	Marionette	DEBUG	Resetting recommended pref browser.tabs.remote.separatePrivilegedContentProcess
05-26 11:45:24.816  1666  1791 I Gecko   : 1590507924816	Marionette	DEBUG	Resetting recommended pref network.http.prompt-temp-redirect
05-26 11:45:24.825  1666  1791 D GeckoThread: State changed to EXITING
05-26 11:45:24.849  1666  1791 E GeckoConsole: [JavaScript Error: "NetworkError when attempting to fetch resource."]
05-26 11:45:24.849  1666  1791 E GeckoConsole: get@resource://services-settings/RemoteSettingsClient.jsm:348:12
05-26 11:45:25.001  1666  1666 D App     : Installed browser-icons extension
05-26 11:45:25.023  1666  1791 I GeckoConsole: 1590507925022	addons.xpi	WARN	Exception running bootstrap method shutdown on default-theme@mozilla.org: [Exception... "Component returned failure code: 0x80004002 (NS_NOINTERFACE) [nsISupports.QueryInterface]"  nsresult: "0x80004002 (NS_NOINTERFACE)"  location: "JS frame :: resource://gre/modules/Extension.jsm :: shutdown :: line 2586"  data: no] Stack trace: shutdown()@resource://gre/modules/Extension.jsm:2586
05-26 11:45:25.023  1666  1791 I GeckoConsole: shutdown()@resource://gre/modules/Extension.jsm:1703
05-26 11:45:25.023  1666  1791 I GeckoConsole: callBootstrapMethod()@resource://gre/modules/addons/XPIProvider.jsm:1819
05-26 11:45:25.023  1666  1791 I GeckoConsole: _shutdown()@resource://gre/modules/addons/XPIProvider.jsm:1948
05-26 11:45:25.023  1666  1791 I GeckoConsole: observe()@resource://gre/modules/AsyncShutdown.jsm:554
05-26 11:45:25.030  1666  1791 D         : HostConnection::get() New Host Connection established 0xd119ec00, tid 1791
05-26 11:45:25.033  1831  1831 D GeckoThread: State changed to LAUNCHED
05-26 11:45:25.033  1666  1791 I ConfigStore: android::hardware::configstore::V1_0::ISurfaceFlingerConfigs::hasWideColorDisplay retrieved: 0
05-26 11:45:25.033  1666  1791 I ConfigStore: android::hardware::configstore::V1_0::ISurfaceFlingerConfigs::hasHDRDisplay retrieved: 0
05-26 11:45:25.034  1831  1903 I GeckoThread: preparing to run Gecko
05-26 11:45:25.035  1666  1791 E EGL_emulation: tid 1791: eglBindAPI(1259): error 0x300c (EGL_BAD_PARAMETER)
05-26 11:45:25.037  1666  1791 D EGL_emulation: eglCreateContext: 0xe8b05f00: maj 3 min 0 rcv 3
05-26 11:45:25.039  1666  1791 D EGL_emulation: eglMakeCurrent: 0xe8b05f00: ver 3 0 (tinfo 0xe8b03c50)
05-26 11:45:25.129  1666  1791 E GeckoConsole: [JavaScript Error: "Error: Phase "profile-change-teardown" is finished, it is too late to register completion condition "ServiceWorkerShutdownBlocker: shutting down Service Workers"" {file: "resource://gre/modules/AsyncShutdown.jsm" line: 697}]
05-26 11:45:25.129  1666  1791 E GeckoConsole: addBlocker@resource://gre/modules/AsyncShutdown.jsm:697:15
05-26 11:45:25.129  1666  1791 E GeckoConsole: addBlocker@resource://gre/modules/AsyncShutdown.jsm:505:26
05-26 11:45:25.129  1666  1791 E GeckoConsole: addBlocker@resource://gre/modules/AsyncShutdown.jsm:444:15
05-26 11:45:25.129  1666  1791 E GeckoConsole: addBlocker@resource://gre/modules/nsAsyncShutdown.jsm:162:24
05-26 11:45:25.129  1666  1791 E GeckoConsole: observe@resource://gre/modules/AsyncShutdown.jsm:554:16
05-26 11:45:25.267  1666  1791 W GeckoConsole: [JavaScript Warning: "Security wrapper denied access to property "ONE_QUARTER" on privileged Javascript object. Support for exposing privileged objects to untrusted content via __exposedProps__ has been removed - use WebIDL bindings or Components.utils.cloneInto instead. Note that only the first denied property access from a given global object will be reported." {file: "moz-extension://9670d999-4378-46ae-b907-6d0c226b09b6/data/picture_in_picture_overrides.js" line: 26}]
05-26 11:45:25.311  1666  1666 D mozac-webcompat: Installed WebCompat webextension: webcompat@mozilla.com
05-26 11:45:25.381  1666  1791 E GeckoConsole: [JavaScript Error: "can't access property "startupData", state is undefined" {file: "resource://gre/modules/addons/XPIProvider.jsm" line: 3079}]
05-26 11:45:25.381  1666  1791 E GeckoConsole: setStartupData@resource://gre/modules/addons/XPIProvider.jsm:3079:5
05-26 11:45:25.381  1666  1791 E GeckoConsole: saveStartupData@resource://gre/modules/Extension.jsm:2035:17
05-26 11:45:25.381  1666  1791 E GeckoConsole: _writePersistentListeners@resource://gre/modules/ExtensionCommon.jsm:2271:15
05-26 11:45:25.381  1666  1791 E GeckoConsole: savePersistentListener@resource://gre/modules/ExtensionCommon.jsm:2362:18
05-26 11:45:25.381  1666  1791 E GeckoConsole: addListener@resource://gre/modules/ExtensionCommon.jsm:2495:20
05-26 11:45:25.381  1666  1791 E GeckoConsole: addListener@resource://gre/modules/ExtensionCommon.jsm:2550:38
05-26 11:45:25.381  1666  1791 E GeckoConsole: recvAddListener@resource://gre/modules/ExtensionParent.jsm:1079:13
05-26 11:45:25.381  1666  1791 E GeckoConsole: observe@resource://gre/modules/AsyncShutdown.jsm:554:16
05-26 11:45:25.401  1666  1791 I chatty  : uid=10091(org.mozilla.fenix.debug) Gecko identical 24 lines
05-26 11:45:25.478  1666  1791 E GeckoConsole: [JavaScript Error: "can't access property "startupData", state is undefined" {file: "resource://gre/modules/addons/XPIProvider.jsm" line: 3079}]
05-26 11:45:25.478  1666  1791 E GeckoConsole: setStartupData@resource://gre/modules/addons/XPIProvider.jsm:3079:5
05-26 11:45:25.478  1666  1791 E GeckoConsole: saveStartupData@resource://gre/modules/Extension.jsm:2035:17
05-26 11:45:25.478  1666  1791 E GeckoConsole: _writePersistentListeners@resource://gre/modules/ExtensionCommon.jsm:2271:15
05-26 11:45:25.478  1666  1791 E GeckoConsole: savePersistentListener@resource://gre/modules/ExtensionCommon.jsm:2362:18
05-26 11:45:25.478  1666  1791 E GeckoConsole: addListener@resource://gre/modules/ExtensionCommon.jsm:2495:20
05-26 11:45:25.478  1666  1791 E GeckoConsole: addListener@resource://gre/modules/ExtensionCommon.jsm:2550:38
05-26 11:45:25.478  1666  1791 E GeckoConsole: recvAddListener@resource://gre/modules/ExtensionParent.jsm:1079:13
05-26 11:45:25.478  1666  1791 E GeckoConsole: observe@resource://gre/modules/AsyncShutdown.jsm:554:16
05-26 11:45:25.499  1876  2204 I GnssLocationProvider: WakeLock acquired by sendMessage(REPORT_SV_STATUS, 0, com.android.server.location.GnssLocationProvider$SvStatusInfo@c8d27c8)
05-26 11:45:25.500  1876  1890 I GnssLocationProvider: WakeLock released by handleMessage(REPORT_SV_STATUS, 0, com.android.server.location.GnssLocationProvider$SvStatusInfo@c8d27c8)
05-26 11:45:25.518  1666  1791 I Gecko   : 1590507925518	Marionette	TRACE	Received observer notification xpcom-will-shutdown
05-26 11:45:25.537  1666  1666 I DefaultSupportedAddonsChecker: Register check for new supported add-ons
05-26 11:45:25.662  1666  1732 I WM-WorkerWrapper: Work [ id=aa9d958b-bd64-47de-ad98-331e40daa20b, tags={ mozilla.components.feature.addons.migration.DefaultSupportedAddonsChecker.periodicWork, mozilla.components.feature.addons.migration.SupportedAddonsWorker } ] was cancelled
05-26 11:45:25.662  1666  1732 I WM-WorkerWrapper: java.util.concurrent.CancellationException: Task was cancelled.
05-26 11:45:25.662  1666  1732 I WM-WorkerWrapper: 	at androidx.work.impl.utils.futures.AbstractFuture.cancellationExceptionWithCause(AbstractFuture.java:1184)
05-26 11:45:25.662  1666  1732 I WM-WorkerWrapper: 	at androidx.work.impl.utils.futures.AbstractFuture.getDoneValue(AbstractFuture.java:514)
05-26 11:45:25.662  1666  1732 I WM-WorkerWrapper: 	at androidx.work.impl.utils.futures.AbstractFuture.get(AbstractFuture.java:475)
05-26 11:45:25.662  1666  1732 I WM-WorkerWrapper: 	at androidx.work.impl.WorkerWrapper$2.run(WorkerWrapper.java:284)
05-26 11:45:25.662  1666  1732 I WM-WorkerWrapper: 	at androidx.work.impl.utils.SerialExecutor$Task.run(SerialExecutor.java:91)
05-26 11:45:25.662  1666  1732 I WM-WorkerWrapper: 	at java.util.concurrent.ThreadPoolExecutor.runWorker(ThreadPoolExecutor.java:1167)
05-26 11:45:25.662  1666  1732 I WM-WorkerWrapper: 	at java.util.concurrent.ThreadPoolExecutor$Worker.run(ThreadPoolExecutor.java:641)
05-26 11:45:25.662  1666  1732 I WM-WorkerWrapper: 	at java.lang.Thread.run(Thread.java:764)
05-26 11:45:25.723  1666  1769 E SupportedAddonsWorker: An exception happened trying to check for new supported add-ons, re-schedule Job was cancelled
05-26 11:45:25.723  1666  1769 E SupportedAddonsWorker: kotlinx.coroutines.JobCancellationException: Job was cancelled; job=JobImpl{Cancelling}@1e7bb6
05-26 11:45:25.725  1666  1769 I SupportedAddonsWorker: Trying to check for new supported add-ons
05-26 11:45:25.737  1922  1791 W google-breakpad: ExceptionHandler::WaitForContinueSignal waiting for continue signal...
05-26 11:45:25.738  1666  1791 W google-breakpad: ExceptionHandler::GenerateDump cloned child 
05-26 11:45:25.739  1666  1791 W google-breakpad: 1922
05-26 11:45:25.739  1666  1791 W google-breakpad: 
05-26 11:45:25.739  1666  1791 W google-breakpad: ExceptionHandler::SendContinueSignalToChild sent continue signal to child
05-26 11:45:26.025  1876 17867 I ActivityManager: Process org.mozilla.fenix.debug (pid 1666) has died: vis  TRNB
05-26 11:45:26.025  1876  1894 W libprocessgroup: kill(-1666, 9) failed: No such process
05-26 11:45:26.025  1876  1894 I libprocessgroup: Successfully killed process cgroup uid 10091 pid 1666 in 0ms
05-26 11:45:26.025  1734  1734 I Zygote  : Process 1666 exited due to signal (11)
05-26 11:45:26.026  1831  1831 I ServiceChildProcess: Service has been unbound. Stopping.
05-26 11:45:26.027  1876 17867 W ActivityManager: Scheduling restart of crashed service org.mozilla.fenix.debug/androidx.work.impl.background.systemjob.SystemJobService in 1000ms
05-26 11:45:26.042 11979 11979 D SessionManager: onTrimMemory(5): clearThumbnails=false, closeEngineSessions=false
05-26 11:45:26.047  1831  1831 I Process : Sending signal. PID: 1831 SIG: 9
05-26 11:45:26.075  1734  1734 I Zygote  : Process 1831 exited due to signal (9)
05-26 11:45:26.075  1876 17867 I ActivityManager: Process org.mozilla.fenix.debug:tab0 (pid 1831) has died: fore SVC 
05-26 11:45:26.075  1876  1894 W libprocessgroup: kill(-1831, 9) failed: No such process
05-26 11:45:26.075  1876  1894 I libprocessgroup: Successfully killed process cgroup uid 10091 pid 1831 in 0ms
05-26 11:45:26.245  1876 17867 D WificondControl: Scan result ready event
05-26 11:45:26.499  1876  2204 I GnssLocationProvider: WakeLock acquired by sendMessage(REPORT_SV_STATUS, 0, com.android.server.location.GnssLocationProvider$SvStatusInfo@5bd01e3)
05-26 11:45:26.500  1876  1890 I GnssLocationProvider: WakeLock released by handleMessage(REPORT_SV_STATUS, 0, com.android.server.location.GnssLocationProvider$SvStatusInfo@5bd01e3)
05-26 11:45:27.503  1876  2204 I GnssLocationProvider: WakeLock acquired by sendMessage(REPORT_SV_STATUS, 0, com.android.server.location.GnssLocationProvider$SvStatusInfo@9f27e0)
05-26 11:45:27.503  1876  1890 I GnssLocationProvider: WakeLock released by handleMessage(REPORT_SV_STATUS, 0, com.android.server.location.GnssLocationProvider$SvStatusInfo@9f27e0)
05-26 11:45:28.503  1876  2204 I GnssLocationProvider: WakeLock acquired by sendMessage(REPORT_SV_STATUS, 0, com.android.server.location.GnssLocationProvider$SvStatusInfo@92a6a99)
05-26 11:45:28.504  1876  1890 I GnssLocationProvider: WakeLock released by handleMessage(REPORT_SV_STATUS, 0, com.android.server.location.GnssLocationProvider$SvStatusInfo@92a6a99)
05-26 11:45:28.509  2482  7043 W ctxmgr  : [AclManager]No 2 for (accnt=account#-517948760#, com.google.android.gms(10008):IndoorOutdoorProducer, vrsn=13280000, 0, 3pPkg = null ,  3pMdlId = null ,  pid = 2482). Was: 3 for 57, account#-517948760#
05-26 11:45:28.888  1876  1884 I system_server: Background concurrent copying GC freed 100792(4MB) AllocSpace objects, 26(1616KB) LOS objects, 15% free, 33MB/39MB, paused 489us total 136.582ms
05-26 11:45:29.506  1876  2204 I GnssLocationProvider: WakeLock acquired by sendMessage(REPORT_SV_STATUS, 0, com.android.server.location.GnssLocationProvider$SvStatusInfo@ee0315e)
05-26 11:45:29.507  1876  1890 I GnssLocationProvider: WakeLock released by handleMessage(REPORT_SV_STATUS, 0, com.android.server.location.GnssLocationProvider$SvStatusInfo@ee0315e)
05-26 11:45:30.506  1876  2204 I GnssLocationProvider: WakeLock acquired by sendMessage(REPORT_SV_STATUS, 0, com.android.server.location.GnssLocationProvider$SvStatusInfo@133d93f)
05-26 11:45:30.507  1876  1890 I GnssLocationProvider: WakeLock released by handleMessage(REPORT_SV_STATUS, 0, com.android.server.location.GnssLocationProvider$SvStatusInfo@133d93f)
05-26 11:45:31.506  1876  2204 I GnssLocationProvider: WakeLock acquired by sendMessage(REPORT_SV_STATUS, 0, com.android.server.location.GnssLocationProvider$SvStatusInfo@4fee20c)
05-26 11:45:31.508  1876  1890 I GnssLocationProvider: WakeLock released by handleMessage(REPORT_SV_STATUS, 0, com.android.server.location.GnssLocationProvider$SvStatusInfo@4fee20c)
05-26 11:45:32.191  1876  4539 W system_server: Long monitor contention with owner PackageInstaller (1938) at boolean com.android.server.pm.PackageInstallerSession$3.handleMessage(android.os.Message)(PackageInstallerSession.java:292) waiters=0 in void com.android.server.pm.PackageInstallerSession.write(org.xmlpull.v1.XmlSerializer, java.io.File) for 944ms
05-26 11:45:32.196  1928  1928 W id.defcontaine: Unexpected CPU variant for X86 using defaults: x86
05-26 11:45:32.199  1876  1893 I ActivityManager: Start proc 1928:com.android.defcontainer/u0a13 for service com.android.defcontainer/.DefaultContainerService
05-26 11:45:32.202  1876  2208 W system_server: Long monitor contention with owner Binder:1876_14 (4539) at void com.android.server.pm.PackageInstallerService$InternalCallback.onSessionSealedBlocking(com.android.server.pm.PackageInstallerSession)(PackageInstallerService.java:1136) waiters=0 in android.content.pm.PackageInstaller$SessionInfo com.android.server.pm.PackageInstallerService.getSessionInfo(int) for 958ms
05-26 11:45:32.238  1928  1928 I id.defcontaine: The ClassLoaderContext is a special shared library.
05-26 11:45:32.450  1876  1891 I ActivityManager: Force stopping org.mozilla.fennec_aurora appid=10092 user=-1: installPackageLI
05-26 11:45:32.453  1876  1891 I ActivityManager: Killing 12055:org.mozilla.fennec_aurora:tab0/u0a92 (adj 100): stop org.mozilla.fennec_aurora
05-26 11:45:32.454  1876  1891 W ActivityManager: Scheduling restart of crashed service org.mozilla.fennec_aurora/org.mozilla.gecko.process.GeckoChildProcessServices$tab0 in 1000ms
05-26 11:45:32.454  1876  1894 W libprocessgroup: kill(-12055, 9) failed: No such process
05-26 11:45:32.458  1876  1891 I ActivityManager: Killing 11979:org.mozilla.fennec_aurora/u0a92 (adj 0): stop org.mozilla.fennec_aurora
05-26 11:45:32.471  1876  1891 W ActivityManager: Force removing ActivityRecord{f1cab5f u0 org.mozilla.fennec_aurora/org.mozilla.fenix.HomeActivity t281}: app died, no saved state
05-26 11:45:32.494  1876  1894 W libprocessgroup: kill(-12055, 9) failed: No such process
05-26 11:45:32.505  1734  1734 I Zygote  : Process 12055 exited due to signal (9)
05-26 11:45:32.506  1876  2204 I GnssLocationProvider: WakeLock acquired by sendMessage(REPORT_SV_STATUS, 0, com.android.server.location.GnssLocationProvider$SvStatusInfo@191d7c2)
05-26 11:45:32.507  1876  1890 I GnssLocationProvider: WakeLock released by handleMessage(REPORT_SV_STATUS, 0, com.android.server.location.GnssLocationProvider$SvStatusInfo@191d7c2)
05-26 11:45:32.509  1876  1914 I PackageManager: Update package org.mozilla.fennec_aurora code path from /data/app/org.mozilla.fennec_aurora-gZjm3mMAvE9P4O2xmylTiQ== to /data/app/org.mozilla.fennec_aurora-0Iby3PCtt7bInD2AjVGM2A==; Retain data and using new
05-26 11:45:32.510  1876  1914 I PackageManager: Update package org.mozilla.fennec_aurora resource path from /data/app/org.mozilla.fennec_aurora-gZjm3mMAvE9P4O2xmylTiQ== to /data/app/org.mozilla.fennec_aurora-0Iby3PCtt7bInD2AjVGM2A==; Retain data and using new
05-26 11:45:32.531  1734  1734 I Zygote  : Process 11979 exited due to signal (9)
05-26 11:45:32.534  1876  1895 E BatteryExternalStatsWorker: no controller energy info supplied for wifi
05-26 11:45:32.534  1876  1961 W InputDispatcher: channel '2ce2f5d org.mozilla.fennec_aurora/org.mozilla.fenix.HomeActivity (server)' ~ Consumer closed input channel or an error occurred.  events=0x9
05-26 11:45:32.534  1876  1961 E InputDispatcher: channel '2ce2f5d org.mozilla.fennec_aurora/org.mozilla.fenix.HomeActivity (server)' ~ Channel is unrecoverably broken and will be disposed!
05-26 11:45:32.536  1876  1894 W libprocessgroup: kill(-12055, 9) failed: No such process
05-26 11:45:32.536  1876  1894 I libprocessgroup: Successfully killed process cgroup uid 10092 pid 12055 in 81ms
05-26 11:45:32.536  1876  1894 W libprocessgroup: kill(-11979, 9) failed: No such process
05-26 11:45:32.536  1876  1894 I libprocessgroup: Successfully killed process cgroup uid 10092 pid 11979 in 0ms
05-26 11:45:32.552  1904 16172 D gralloc_ranchu: gralloc_unregister_buffer: exiting HostConnection (is buffer-handling thread)
05-26 11:45:32.554  1904 16172 D         : HostConnection::get() New Host Connection established 0xe69102c0, tid 16172
05-26 11:45:32.554  1904 16172 D gralloc_ranchu: gralloc_unregister_buffer: exiting HostConnection (is buffer-handling thread)
05-26 11:45:32.555  1904 16172 D         : HostConnection::get() New Host Connection established 0xe69102c0, tid 16172
05-26 11:45:32.555  1904 16172 D gralloc_ranchu: gralloc_unregister_buffer: exiting HostConnection (is buffer-handling thread)
05-26 11:45:32.555  1904 16172 D         : HostConnection::get() New Host Connection established 0xe69102c0, tid 16172
05-26 11:45:32.555  1904 16172 D gralloc_ranchu: gralloc_unregister_buffer: exiting HostConnection (is buffer-handling thread)
05-26 11:45:32.556  1904 16172 D         : HostConnection::get() New Host Connection established 0xe69102c0, tid 16172
05-26 11:45:32.556  1904 16172 D gralloc_ranchu: gralloc_unregister_buffer: exiting HostConnection (is buffer-handling thread)
05-26 11:45:32.556  1904 16172 D         : HostConnection::get() New Host Connection established 0xe69102c0, tid 16172
05-26 11:45:32.556  1904 16172 D gralloc_ranchu: gralloc_unregister_buffer: exiting HostConnection (is buffer-handling thread)
05-26 11:45:32.560  1876  2445 I WindowManager: WIN DEATH: Window{2ce2f5d u0 org.mozilla.fennec_aurora/org.mozilla.fenix.HomeActivity}
05-26 11:45:32.561  1904 16172 D         : HostConnection::get() New Host Connection established 0xe69102c0, tid 16172
05-26 11:45:32.561  1876  2445 W InputDispatcher: Attempted to unregister already unregistered input channel '2ce2f5d org.mozilla.fennec_aurora/org.mozilla.fenix.HomeActivity (server)'
05-26 11:45:32.568  1733  1967 W SurfaceFlinger: Attempting to destroy on removed layer: AppWindowToken{5d38675 token=Token{5e619ac ActivityRecord{f1cab5f u0 org.mozilla.fennec_aurora/org.mozilla.fenix.HomeActivity t281}}}#0
05-26 11:45:32.583  1738  4197 D installd: Detected label change from u:object_r:app_data_file:s0 to u:object_r:app_data_file:s0:c92,c256,c512,c768 at /data/data/org.mozilla.fennec_aurora/code_cache; running recursive restorecon
05-26 11:45:32.585  1738  4197 D installd: Detected label change from u:object_r:app_data_file:s0 to u:object_r:app_data_file:s0:c92,c256,c512,c768 at /data/user_de/0/org.mozilla.fennec_aurora/cache; running recursive restorecon
05-26 11:45:32.589  1876  1914 I PackageManager.DexOptimizer: Running dexopt (dexoptNeeded=1) on: /data/app/org.mozilla.fennec_aurora-0Iby3PCtt7bInD2AjVGM2A==/base.apk pkg=org.mozilla.fennec_aurora isa=x86 dexoptFlags=boot_complete,profile_guided,public,enable_hidden_api_checks targetFilter=speed-profile oatDir=/data/app/org.mozilla.fennec_aurora-0Iby3PCtt7bInD2AjVGM2A==/oat classLoaderContext=PCL[/system/framework/org.apache.http.legacy.boot.jar]
05-26 11:45:32.590  1738  4197 V installed: DexInv: --- BEGIN '/data/app/org.mozilla.fennec_aurora-0Iby3PCtt7bInD2AjVGM2A==/base.apk' ---
05-26 11:45:32.613  1876  1899 W ActivityManager: setHasOverlayUi called on unknown pid: 11979
05-26 11:45:32.629  1876  1892 W Looper  : Slow dispatch took 171ms android.ui h=com.android.server.am.ActivityManagerService$UiHandler c=null m=53
05-26 11:45:32.636  1623  5774 D gralloc_ranchu: gralloc_alloc: Creating ashmem region of size 9334784
05-26 11:45:32.649  1623  5774 D gralloc_ranchu: gralloc_alloc: Creating ashmem region of size 9334784
05-26 11:45:32.654  2002  2002 W dex2oat : Unexpected CPU variant for X86 using defaults: x86
05-26 11:45:32.655  2002  2002 W dex2oat : Mismatch between dex2oat instruction set features (ISA: X86 Feature string: -ssse3,-sse4.1,-sse4.2,-avx,-avx2,-popcnt) and those of dex2oat executable (ISA: X86 Feature string: ssse3,-sse4.1,-sse4.2,-avx,-avx2,-popcnt) for the command line:
05-26 11:45:32.655  2002  2002 W dex2oat : /system/bin/dex2oat --zip-fd=8 --zip-location=base.apk --input-vdex-fd=-1 --output-vdex-fd=10 --oat-fd=9 --oat-location=/data/app/org.mozilla.fennec_aurora-0Iby3PCtt7bInD2AjVGM2A==/oat/x86/base.odex --instruction-set=x86 --instruction-set-variant=x86 --instruction-set-features=default --runtime-arg -Xms64m --runtime-arg -Xmx512m --compiler-filter=speed-profile --swap-fd=11 --app-image-fd=12 --image-format=lz4 --classpath-dir=/data/app/org.mozilla.fennec_aurora-0Iby3PCtt7bInD2AjVGM2A== --class-loader-context=PCL[/system/framework/org.apache.http.legacy.boot.jar] --generate-mini-debug-info --compact-dex-level=none --runtime-arg -Xtarget-sdk-version:28 --runtime-arg -Xhidden-api-checks --compilation-reason=install
05-26 11:45:32.655  2002  2002 I dex2oat : /system/bin/dex2oat --input-vdex-fd=-1 --output-vdex-fd=10 --compiler-filter=speed-profile --classpath-dir=/data/app/org.mozilla.fennec_aurora-0Iby3PCtt7bInD2AjVGM2A== --class-loader-context=PCL[/system/framework/org.apache.http.legacy.boot.jar] --generate-mini-debug-info --compact-dex-level=none --compilation-reason=install
05-26 11:45:32.663  1623  5774 D gralloc_ranchu: gralloc_alloc: Creating ashmem region of size 9334784
05-26 11:45:32.689  1733  1733 D SurfaceFlinger: duplicate layer name: changing com.google.android.apps.nexuslauncher/com.google.android.apps.nexuslauncher.NexusLauncherActivity to com.google.android.apps.nexuslauncher/com.google.android.apps.nexuslauncher.NexusLauncherActivity#1
05-26 11:45:32.691  1623  5774 D gralloc_ranchu: gralloc_alloc: Creating ashmem region of size 9334784
05-26 11:45:32.703  1623  5774 I chatty  : uid=1000(system) HwBinder:1623_3 identical 1 line
05-26 11:45:32.712  1623  5774 D gralloc_ranchu: gralloc_alloc: Creating ashmem region of size 9334784
05-26 11:45:32.734  2000  2000 I GoogleInputMethod: onFinishInput() : Dummy InputConnection bound
05-26 11:45:32.748  2499  2681 D EGL_emulation: eglMakeCurrent: 0xd35359e0: ver 3 0 (tinfo 0xd353b4f0)
05-26 11:45:32.762  2000  2000 I GoogleInputMethod: onStartInput() : Dummy InputConnection bound
05-26 11:45:32.792  2012  2265 D EGL_emulation: eglMakeCurrent: 0xe8b05420: ver 3 0 (tinfo 0xe8b03980)
05-26 11:45:32.794  2534  2825 D EGL_emulation: eglMakeCurrent: 0xe8b06aa0: ver 3 0 (tinfo 0xe8b03b50)
05-26 11:45:32.812  2012  2265 D EGL_emulation: eglMakeCurrent: 0xe8b05420: ver 3 0 (tinfo 0xe8b03980)
05-26 11:45:32.821  2012  2265 D EGL_emulation: eglMakeCurrent: 0xe8b05420: ver 3 0 (tinfo 0xe8b03980)
05-26 11:45:32.823  2534  2534 W SessionLifecycleManager: Handover failed. Creating new session controller.
05-26 11:45:32.855  2012  2265 D EGL_emulation: eglMakeCurrent: 0xe8b05420: ver 3 0 (tinfo 0xe8b03980)
05-26 11:45:32.985  2012  2265 I chatty  : uid=10024(com.android.systemui) RenderThread identical 12 lines
05-26 11:45:32.990  2012  2265 D EGL_emulation: eglMakeCurrent: 0xe8b05420: ver 3 0 (tinfo 0xe8b03980)
05-26 11:45:33.096  2534  2034 W LocationOracle: No location history returned by ContextManager
05-26 11:45:33.263  2534  2534 I MicroDetectionWorker: #startMicroDetector [speakerMode: 0]
05-26 11:45:33.267  2534  2534 I AudioController: Using mInputStreamFactoryBuilder
05-26 11:45:33.268  2534  2534 I AudioController: Created new AudioSource
05-26 11:45:33.275  2534  2534 I MicroDetectionWorker: onReady
05-26 11:45:33.303  2012  2265 D EGL_emulation: eglMakeCurrent: 0xe8b05420: ver 3 0 (tinfo 0xe8b03980)
05-26 11:45:33.311  1876  2445 I GnssLocationProvider: WakeLock acquired by sendMessage(SET_REQUEST, 0, com.android.server.location.GnssLocationProvider$GpsRequest@69389c9)
05-26 11:45:33.314  2482  6319 W ctxmgr  : [AclManager]No 3 for (accnt=account#-517948760#, com.google.android.gms(10008):UserVelocityProducer, vrsn=13280022, 0, 3pPkg = null ,  3pMdlId = null ,  pid = 2482). Was: 3 for 1, account#-517948760#
05-26 11:45:33.333  1876  2204 I GnssLocationProvider: WakeLock acquired by sendMessage(REPORT_SV_STATUS, 0, com.android.server.location.GnssLocationProvider$SvStatusInfo@b4318ce)
05-26 11:45:33.340  1876  1890 I GnssLocationProvider: WakeLock released by handleMessage(SET_REQUEST, 0, com.android.server.location.GnssLocationProvider$GpsRequest@69389c9)
05-26 11:45:33.341  1876  1890 I GnssLocationProvider: WakeLock released by handleMessage(REPORT_SV_STATUS, 0, com.android.server.location.GnssLocationProvider$SvStatusInfo@b4318ce)
05-26 11:45:33.344  1876  2204 I GnssLocationProvider: WakeLock acquired by sendMessage(REPORT_LOCATION, 1, Location[gps 37.421998,-122.084000 hAcc=20 et=?!? alt=5.0 vel=0.0 bear=0.0 vAcc=??? sAcc=??? bAcc=???])
05-26 11:45:33.346  1876  1890 I GnssLocationProvider: WakeLock released by handleMessage(REPORT_LOCATION, 1, Location[gps 37.421998,-122.084000 hAcc=20 et=+2d5h0m53s542ms alt=5.0 vel=0.0 bear=0.0 vAcc=??? sAcc=??? bAcc=??? {Bundle[{satellites=0, maxCn0=0, meanCn0=0}]}])
05-26 11:45:33.347  2534  2038 I MicroRecognitionRunner: Starting detection.
05-26 11:45:33.357  2534  2010 I MicrophoneInputStream: mic_starting  SR : 16000 CC : 16 SO : 6
05-26 11:45:33.367  1631  1682 E         : Request requires android.permission.RECORD_AUDIO
05-26 11:45:33.367  1631  1682 E AudioPolicyIntefaceImpl: getInputForAttr permission denied: recording not allowed for uid 10039 pid 2534
05-26 11:45:33.367  1631  1682 E AudioFlinger: createRecord() checkRecordThread_l failed
05-26 11:45:33.367  2534  2010 E IAudioFlinger: createRecord returned error -22
05-26 11:45:33.367  2534  2010 E AudioRecord: AudioFlinger could not create record track, status: -22
05-26 11:45:33.367  2534  2010 E AudioRecord-JNI: Error creating AudioRecord instance: initialization check failed with status -22.
05-26 11:45:33.370  2534  2010 E android.media.AudioRecord: Error code -20 when initializing native AudioRecord object.
05-26 11:45:33.370  2534  2010 I MicrophoneInputStream: mic_started  SR : 16000 CC : 16 SO : 6
05-26 11:45:33.371  2534  2010 E ActivityThread: Failed to find provider info for com.google.android.apps.gsa.testing.ui.audio.recorded
05-26 11:45:33.372  2534  2534 I MicroDetectionWorker: onReady
05-26 11:45:33.373  2534  2038 W SpeechLevelGenerator: Really low audio levels detected. The audio input may have issues.
05-26 11:45:33.376  2534  2010 I MicrophoneInputStream: mic_close  SR : 16000 CC : 16 SO : 6
05-26 11:45:33.383  2534  2038 I MicroRecognitionRunner: Detection finished
05-26 11:45:33.383  2534  2038 W ErrorReporter: reportError [type: 211, code: 524300]: Error reading from input stream
05-26 11:45:33.384  2534  2954 I MicroRecognitionRunner: Stopping hotword detection.
05-26 11:45:33.390  2482  3056 I Places  : Converted 0 out of 1 WiFi scans
05-26 11:45:33.398  2534  2038 W ErrorProcessor: onFatalError, processing error from engine(4)
05-26 11:45:33.398  2534  2038 W ErrorProcessor: com.google.android.apps.gsa.shared.speech.b.g: Error reading from input stream
05-26 11:45:33.398  2534  2038 W ErrorProcessor: 	at com.google.android.apps.gsa.staticplugins.microdetection.d.k.a(SourceFile:91)
05-26 11:45:33.398  2534  2038 W ErrorProcessor: 	at com.google.android.apps.gsa.staticplugins.microdetection.d.l.run(Unknown Source:14)
05-26 11:45:33.398  2534  2038 W ErrorProcessor: 	at com.google.android.libraries.gsa.runner.a.a.b(SourceFile:32)
05-26 11:45:33.398  2534  2038 W ErrorProcessor: 	at com.google.android.libraries.gsa.runner.a.c.call(Unknown Source:4)
05-26 11:45:33.398  2534  2038 W ErrorProcessor: 	at java.util.concurrent.FutureTask.run(FutureTask.java:266)
05-26 11:45:33.398  2534  2038 W ErrorProcessor: 	at java.util.concurrent.Executors$RunnableAdapter.call(Executors.java:458)
05-26 11:45:33.398  2534  2038 W ErrorProcessor: 	at java.util.concurrent.FutureTask.run(FutureTask.java:266)
05-26 11:45:33.398  2534  2038 W ErrorProcessor: 	at com.google.android.apps.gsa.shared.util.concurrent.b.g.run(Unknown Source:4)
05-26 11:45:33.398  2534  2038 W ErrorProcessor: 	at com.google.android.apps.gsa.shared.util.concurrent.b.aw.run(SourceFile:4)
05-26 11:45:33.398  2534  2038 W ErrorProcessor: 	at com.google.android.apps.gsa.shared.util.concurrent.b.aw.run(SourceFile:4)
05-26 11:45:33.398  2534  2038 W ErrorProcessor: 	at java.util.concurrent.ThreadPoolExecutor.runWorker(ThreadPoolExecutor.java:1167)
05-26 11:45:33.398  2534  2038 W ErrorProcessor: 	at java.util.concurrent.ThreadPoolExecutor$Worker.run(ThreadPoolExecutor.java:641)
05-26 11:45:33.398  2534  2038 W ErrorProcessor: 	at java.lang.Thread.run(Thread.java:764)
05-26 11:45:33.398  2534  2038 W ErrorProcessor: 	at com.google.android.apps.gsa.shared.util.concurrent.b.i.run(SourceFile:6)
05-26 11:45:33.398  2534  2038 W ErrorProcessor: Caused by: com.google.android.apps.gsa.shared.exception.GsaIOException: Error code: 393238 | Buffer overflow, no available space.
05-26 11:45:33.398  2534  2038 W ErrorProcessor: 	at com.google.android.apps.gsa.speech.audio.Tee.j(SourceFile:103)
05-26 11:45:33.398  2534  2038 W ErrorProcessor: 	at com.google.android.apps.gsa.speech.audio.au.read(SourceFile:2)
05-26 11:45:33.398  2534  2038 W ErrorProcessor: 	at java.io.InputStream.read(InputStream.java:101)
05-26 11:45:33.398  2534  2038 W ErrorProcessor: 	at com.google.android.apps.gsa.speech.audio.ao.run(SourceFile:17)
05-26 11:45:33.398  2534  2038 W ErrorProcessor: 	at com.google.android.apps.gsa.speech.audio.an.run(SourceFile:2)
05-26 11:45:33.398  2534  2038 W ErrorProcessor: 	at java.util.concurrent.Executors$RunnableAdapter.call(Executors.java:458)
05-26 11:45:33.398  2534  2038 W ErrorProcessor: 	... 10 more
05-26 11:45:33.398  2534  2038 I AudioController: internalShutdown
05-26 11:45:33.402  2534  2534 I MicroDetector: Keeping mic open: false
05-26 11:45:33.402  2534  2534 I MicroDetectionWorker: #onError(false)
05-26 11:45:33.404  2534  2034 I DeviceStateChecker: DeviceStateChecker cancelled
05-26 11:45:33.419  2482  2043 I PlaceInferenceEngine: No beacon scan available - ignoring candidates.
05-26 11:45:33.447  2482  6319 W ctxmgr  : [AclManager]No 2 for (accnt=account#-517948760#, com.google.android.gms(10008):UserLocationProducer, vrsn=13280000, 0, 3pPkg = null ,  3pMdlId = null ,  pid = 2482). Was: 3 for 1, account#-517948760#
05-26 11:45:33.468  2482  2508 I .gms.persisten: Background concurrent copying GC freed 164538(5MB) AllocSpace objects, 1(20KB) LOS objects, 41% free, 8MB/14MB, paused 8.204ms total 129.449ms
05-26 11:45:33.506  1876  2204 I GnssLocationProvider: WakeLock acquired by sendMessage(REPORT_SV_STATUS, 0, com.android.server.location.GnssLocationProvider$SvStatusInfo@41f985)
05-26 11:45:33.508  1876  1890 I GnssLocationProvider: WakeLock released by handleMessage(REPORT_SV_STATUS, 0, com.android.server.location.GnssLocationProvider$SvStatusInfo@41f985)
05-26 11:45:33.516  2482  2044 W ctxmgr  : [AclManager]No 2 for (accnt=account#-517948760#, com.google.android.gms(10008):IndoorOutdoorProducer, vrsn=13280000, 0, 3pPkg = null ,  3pMdlId = null ,  pid = 2482). Was: 3 for 57, account#-517948760#
05-26 11:45:33.520  1876  2204 I GnssLocationProvider: WakeLock acquired by sendMessage(REPORT_LOCATION, 1, Location[gps 37.421998,-122.084000 hAcc=20 et=?!? alt=5.0 vel=0.0 bear=0.0 vAcc=??? sAcc=??? bAcc=???])
05-26 11:45:33.521  1876  1890 I GnssLocationProvider: WakeLock released by handleMessage(REPORT_LOCATION, 1, Location[gps 37.421998,-122.084000 hAcc=20 et=+2d5h0m53s716ms alt=5.0 vel=0.0 bear=0.0 vAcc=??? sAcc=??? bAcc=??? {Bundle[{satellites=0, maxCn0=0, meanCn0=0}]}])
05-26 11:45:33.575  2482  6319 W ctxmgr  : [AclManager]No 2 for (accnt=account#-517948760#, com.google.android.gms(10008):UserLocationProducer, vrsn=13280000, 0, 3pPkg = null ,  3pMdlId = null ,  pid = 2482). Was: 3 for 1, account#-517948760#
05-26 11:45:33.591  2482  3056 I Places  : ?: PlacesBleScanner start() with priority 2
05-26 11:45:33.601  2482  3056 I Places  : ?: PlacesBleScanner start() with priority 2
05-26 11:45:33.602  2482  3056 I PlaceInferenceEngine: [anon] Changed inference mode: 1
05-26 11:45:33.613  2482  3056 I Places  : Converted 0 out of 1 WiFi scans
05-26 11:45:33.642  2482  3056 I Places  : ?: PlacesBleScanner start() with priority 2
05-26 11:45:33.658  2482  3056 I Places  : ?: PlacesBleScanner start() with priority 2
05-26 11:45:33.658  2482  3056 I PlaceInferenceEngine: [anon] Changed inference mode: 1
05-26 11:45:33.662  2482  6319 I PlaceInferenceEngine: No beacon scan available - ignoring candidates.
05-26 11:45:33.681  2002  2002 W dex2oat : Accessing hidden method Landroid/content/res/Resources$Theme;->rebase()V (dark greylist, linking)
05-26 11:45:33.699  2482  3056 I Places  : Converted 0 out of 1 WiFi scans
05-26 11:45:33.718  2482  2043 I PlaceInferenceEngine: No beacon scan available - ignoring candidates.
05-26 11:45:33.764  2482  6321 W ctxmgr  : [AclManager]No 2 for (accnt=account#-517948760#, com.google.android.gms(10008):PlacesProducer, vrsn=13280000, 0, 3pPkg = null ,  3pMdlId = null ,  pid = 2482). Was: 3 for 18, account#-517948760#
05-26 11:45:34.506  1876  2204 I GnssLocationProvider: WakeLock acquired by sendMessage(REPORT_SV_STATUS, 0, com.android.server.location.GnssLocationProvider$SvStatusInfo@b6301e7)
05-26 11:45:34.507  1876  1890 I GnssLocationProvider: WakeLock released by handleMessage(REPORT_SV_STATUS, 0, com.android.server.location.GnssLocationProvider$SvStatusInfo@b6301e7)
05-26 11:45:34.507  1876  2204 I GnssLocationProvider: WakeLock acquired by sendMessage(REPORT_LOCATION, 1, Location[gps 37.421998,-122.084000 hAcc=20 et=?!? alt=5.0 vel=0.0 bear=0.0 vAcc=??? sAcc=??? bAcc=???])
05-26 11:45:34.507  1876  1890 I GnssLocationProvider: WakeLock released by handleMessage(REPORT_LOCATION, 1, Location[gps 37.421998,-122.084000 hAcc=20 et=+2d5h0m54s703ms alt=5.0 vel=0.0 bear=0.0 vAcc=??? sAcc=??? bAcc=??? {Bundle[{satellites=0, maxCn0=0, meanCn0=0}]}])
05-26 11:45:34.534  2482  7043 W ctxmgr  : [AclManager]No 2 for (accnt=account#-517948760#, com.google.android.gms(10008):UserLocationProducer, vrsn=13280000, 0, 3pPkg = null ,  3pMdlId = null ,  pid = 2482). Was: 3 for 1, account#-517948760#
05-26 11:45:34.675  2002  2040 W dex2oat : Accessing hidden method Landroid/view/View;->setTransitionVisibility(I)V (dark greylist, linking)
05-26 11:45:34.788  2002  2041 W dex2oat : Accessing hidden method Landroid/view/View;->setTransitionVisibility(I)V (dark greylist, linking)
05-26 11:45:35.507  1876  2204 I GnssLocationProvider: WakeLock acquired by sendMessage(REPORT_SV_STATUS, 0, com.android.server.location.GnssLocationProvider$SvStatusInfo@3666194)
05-26 11:45:35.508  1876  1890 I GnssLocationProvider: WakeLock released by handleMessage(REPORT_SV_STATUS, 0, com.android.server.location.GnssLocationProvider$SvStatusInfo@3666194)
05-26 11:45:35.509  1876  2204 I GnssLocationProvider: WakeLock acquired by sendMessage(REPORT_LOCATION, 1, Location[gps 37.421998,-122.084000 hAcc=20 et=?!? alt=5.0 vel=0.0 bear=0.0 vAcc=??? sAcc=??? bAcc=???])
05-26 11:45:35.510  1876  1890 I GnssLocationProvider: WakeLock released by handleMessage(REPORT_LOCATION, 1, Location[gps 37.421998,-122.084000 hAcc=20 et=+2d5h0m55s706ms alt=5.0 vel=0.0 bear=0.0 vAcc=??? sAcc=??? bAcc=??? {Bundle[{satellites=0, maxCn0=0, meanCn0=0}]}])
05-26 11:45:35.522  1876  3809 I GnssLocationProvider: WakeLock acquired by sendMessage(SET_REQUEST, 0, com.android.server.location.GnssLocationProvider$GpsRequest@cad43d)
05-26 11:45:35.522  1876  2204 I GnssLocationProvider: WakeLock acquired by sendMessage(REPORT_SV_STATUS, 0, com.android.server.location.GnssLocationProvider$SvStatusInfo@7352432)
05-26 11:45:35.522  1876  1890 I GnssLocationProvider: WakeLock released by handleMessage(SET_REQUEST, 0, com.android.server.location.GnssLocationProvider$GpsRequest@cad43d)
05-26 11:45:35.524  1876  1890 I GnssLocationProvider: WakeLock released by handleMessage(REPORT_SV_STATUS, 0, com.android.server.location.GnssLocationProvider$SvStatusInfo@7352432)
05-26 11:45:35.534  2482  7043 W ctxmgr  : [AclManager]No 2 for (accnt=account#-517948760#, com.google.android.gms(10008):UserLocationProducer, vrsn=13280000, 0, 3pPkg = null ,  3pMdlId = null ,  pid = 2482). Was: 3 for 1, account#-517948760#
05-26 11:45:36.509  1876  2204 I GnssLocationProvider: WakeLock acquired by sendMessage(REPORT_SV_STATUS, 0, com.android.server.location.GnssLocationProvider$SvStatusInfo@353d583)
05-26 11:45:36.510  1876  1890 I GnssLocationProvider: WakeLock released by handleMessage(REPORT_SV_STATUS, 0, com.android.server.location.GnssLocationProvider$SvStatusInfo@353d583)
05-26 11:45:37.510  1876  2204 I GnssLocationProvider: WakeLock acquired by sendMessage(REPORT_SV_STATUS, 0, com.android.server.location.GnssLocationProvider$SvStatusInfo@c120300)
05-26 11:45:37.510  1876  1890 I GnssLocationProvider: WakeLock released by handleMessage(REPORT_SV_STATUS, 0, com.android.server.location.GnssLocationProvider$SvStatusInfo@c120300)
05-26 11:45:37.759  2002  2002 W dex2oat : Accessing hidden method Landroid/content/res/Resources$Theme;->rebase()V (dark greylist, linking)
05-26 11:45:37.797  2002  2002 I dex2oat : Explicit concurrent copying GC freed 51169(7MB) AllocSpace objects, 0(0B) LOS objects, 99% free, 1232B/1537KB, paused 882us total 4.299ms
05-26 11:45:37.952  2002  2002 I dex2oat : dex2oat took 5.306s (15.105s cpu) (threads: 4) arena alloc=2832B (2832B) java alloc=17KB (17616B) native alloc=11MB (12219416B) free=3MB (3509224B)
05-26 11:45:37.959  1738  4197 V installed: DexInv: --- END '/data/app/org.mozilla.fennec_aurora-0Iby3PCtt7bInD2AjVGM2A==/base.apk' (success) ---
05-26 11:45:37.961  1876  1914 D PackageManager: Instant App installer not found with android.intent.action.INSTALL_INSTANT_APP_PACKAGE
05-26 11:45:37.962  1876  1914 D PackageManager: Clear ephemeral installer activity
05-26 11:45:38.079  1876  1914 I system_server: Explicit concurrent copying GC freed 97404(5MB) AllocSpace objects, 27(1336KB) LOS objects, 18% free, 26MB/32MB, paused 1.291ms total 116.530ms
05-26 11:45:38.115  1738  4197 E         : Couldn't opendir /data/app/vmdl1342695088.tmp: No such file or directory
05-26 11:45:38.116  1738  4197 E installd: Failed to delete /data/app/vmdl1342695088.tmp: No such file or directory
05-26 11:45:38.120  1876  1914 I ActivityManager: Force stopping org.mozilla.fennec_aurora appid=10092 user=0: pkg removed
05-26 11:45:38.129  1876  1891 W BroadcastQueue: Background execution not allowed: receiving Intent { act=android.intent.action.PACKAGE_REMOVED dat=package:org.mozilla.fennec_aurora flg=0x4000010 (has extras) } to com.android.musicfx/.Compatibility$Receiver
05-26 11:45:38.151  1876  1890 E system_server: No package ID 7f found for ID 0x7f08019f.
05-26 11:45:38.151  1876  1890 E system_server: No package ID 7f found for ID 0x7f130122.
05-26 11:45:38.151  1876  1890 E system_server: No package ID 7f found for ID 0x7f130122.
05-26 11:45:38.153  1876  1890 E system_server: No package ID 7f found for ID 0x7f08019d.
05-26 11:45:38.153  1876  1890 E system_server: No package ID 7f found for ID 0x7f130121.
05-26 11:45:38.153  1876  1890 E system_server: No package ID 7f found for ID 0x7f130121.
05-26 11:45:38.155  2054  2054 W ndroid.keychai: Unexpected CPU variant for X86 using defaults: x86
05-26 11:45:38.158  1876  1893 I ActivityManager: Start proc 2054:com.android.keychain/1000 for service com.android.keychain/.KeyChainService
05-26 11:45:38.176  1876  3809 W BroadcastQueue: Background execution not allowed: receiving Intent { act=android.intent.action.PACKAGE_REMOVED dat=package:org.mozilla.fennec_aurora flg=0x4000010 (has extras) } to com.google.android.googlequicksearchbox/com.google.android.apps.gsa.googlequicksearchbox.GelStubAppWatcher
05-26 11:45:38.178  1876  1891 W BroadcastQueue: Background execution not allowed: receiving Intent { act=android.intent.action.PACKAGE_ADDED dat=package:org.mozilla.fennec_aurora flg=0x4000010 (has extras) } to com.android.musicfx/.Compatibility$Receiver
05-26 11:45:38.179  2534  2034 I EventLogSendingHelper: Sending log events.
05-26 11:45:38.215  2054  2054 I ndroid.keychai: The ClassLoaderContext is a special shared library.
05-26 11:45:38.217  1876  3809 W BroadcastQueue: Background execution not allowed: receiving Intent { act=android.intent.action.PACKAGE_ADDED dat=package:org.mozilla.fennec_aurora flg=0x4000010 (has extras) } to com.google.android.googlequicksearchbox/com.google.android.apps.gsa.googlequicksearchbox.GelStubAppWatcher
05-26 11:45:38.217  1876  1891 W BroadcastQueue: Background execution not allowed: receiving Intent { act=android.intent.action.PACKAGE_REPLACED dat=package:org.mozilla.fennec_aurora flg=0x4000010 (has extras) } to com.android.musicfx/.Compatibility$Receiver
05-26 11:45:38.218  1876  1891 W BroadcastQueue: Background execution not allowed: receiving Intent { act=android.intent.action.PACKAGE_REPLACED dat=package:org.mozilla.fennec_aurora flg=0x4000010 (has extras) } to com.google.android.apps.photos/.account.full.FetchAccountPropertiesAppUpgradeBroadcastReceiver
05-26 11:45:38.218  1876  1891 W BroadcastQueue: Background execution not allowed: receiving Intent { act=android.intent.action.PACKAGE_REPLACED dat=package:org.mozilla.fennec_aurora flg=0x4000010 (has extras) } to com.google.android.apps.photos/.account.full.SyncAccountsForLoginBroadcastReceiver
05-26 11:45:38.218  1876  1891 W BroadcastQueue: Background execution not allowed: receiving Intent { act=android.intent.action.PACKAGE_REPLACED dat=package:org.mozilla.fennec_aurora flg=0x4000010 (has extras) } to com.google.android.apps.photos/.experiments.phenotype.full.PhenotypeAppUpgradeBroadcastReceiver
05-26 11:45:38.218  1876  1891 W BroadcastQueue: Background execution not allowed: receiving Intent { act=android.intent.action.PACKAGE_REPLACED dat=package:org.mozilla.fennec_aurora flg=0x4000010 (has extras) } to com.google.android.apps.photos/.notificationchannels.AppUpdateBroadcastReceiver
05-26 11:45:38.241  1876  4916 W BroadcastQueue: Background execution not allowed: receiving Intent { act=android.intent.action.PACKAGE_REPLACED dat=package:org.mozilla.fennec_aurora flg=0x4000010 (has extras) } to com.google.android.googlequicksearchbox/com.google.android.apps.gsa.googlequicksearchbox.GelStubAppWatcher
05-26 11:45:38.264  2534  2034 I EventLogSendingHelper: Sending log events.
05-26 11:45:38.281  1876  1962 I InputReader: Reconfiguring input devices.  changes=0x00000010
05-26 11:45:38.296  7086  2100 I Auth    : [SupervisedAccountIntentOperation] onHandleIntent(): android.intent.action.PACKAGE_ADDED
05-26 11:45:38.299  7086  2100 I Auth    : [SupervisedAccountIntentOperation] This operation is disabled
05-26 11:45:38.309  7086  2100 I ChromeSync: [Sync,SyncIntentOperation] Handling the intent: Intent { act=android.intent.action.PACKAGE_ADDED dat=package:org.mozilla.fennec_aurora flg=0x4000010 cmp=com.google.android.gms/.chimera.GmsIntentOperationService (has extras) }.
05-26 11:45:38.339  1876  1962 I InputReader: Reconfiguring input devices.  changes=0x00000010
05-26 11:45:38.370  1876  1876 W Looper  : Slow dispatch took 130ms main h=android.app.ActivityThread$H c=android.app.-$$Lambda$LoadedApk$ReceiverDispatcher$Args$_BumDX2UKsnxLVrE6UJsJZkotuA@a0fbbe1 m=0
05-26 11:45:38.370  1876  1876 W Looper  : Slow delivery took 235ms main h=android.app.ActivityThread$H c=android.app.-$$Lambda$LoadedApk$ReceiverDispatcher$Args$_BumDX2UKsnxLVrE6UJsJZkotuA@4f7bd06 m=0
05-26 11:45:38.366  1876  1962 I InputReader: Reconfiguring input devices.  changes=0x00000010
05-26 11:45:38.375  7086  2094 W PeopleContactsSync: CP2 sync disabled by gservices.
05-26 11:45:38.405  2534  2534 I MicroDetectionWorker: #startMicroDetector [speakerMode: 0]
05-26 11:45:38.406  2534  2534 I AudioController: Using mInputStreamFactoryBuilder
05-26 11:45:38.406  2534  2534 I AudioController: Created new AudioSource
05-26 11:45:38.407  2534  2534 I MicroDetectionWorker: onReady
05-26 11:45:38.412  2131  2131 D CarrierSvcBindHelper: No carrier app for: 0
05-26 11:45:38.426  2131  2131 D CarrierSvcBindHelper: No carrier app for: 0
05-26 11:45:38.488  2534  2034 I MicroRecognitionRunner: Starting detection.
05-26 11:45:38.488  2534  2010 I MicrophoneInputStream: mic_starting  SR : 16000 CC : 16 SO : 6
05-26 11:45:38.492  1631  1682 E         : Request requires android.permission.RECORD_AUDIO
05-26 11:45:38.492  1631  1682 E AudioPolicyIntefaceImpl: getInputForAttr permission denied: recording not allowed for uid 10039 pid 2534
05-26 11:45:38.492  1631  1682 E AudioFlinger: createRecord() checkRecordThread_l failed
05-26 11:45:38.492  2534  2010 E IAudioFlinger: createRecord returned error -22
05-26 11:45:38.492  2534  2010 E AudioRecord: AudioFlinger could not create record track, status: -22
05-26 11:45:38.497  2534  2010 E AudioRecord-JNI: Error creating AudioRecord instance: initialization check failed with status -22.
05-26 11:45:38.499  2131  2131 D ImsResolver: maybeAddedImsService, packageName: org.mozilla.fennec_aurora
05-26 11:45:38.500  2534  2010 E android.media.AudioRecord: Error code -20 when initializing native AudioRecord object.
05-26 11:45:38.500  2534  2010 I MicrophoneInputStream: mic_started  SR : 16000 CC : 16 SO : 6
05-26 11:45:38.502  2534  2010 E ActivityThread: Failed to find provider info for com.google.android.apps.gsa.testing.ui.audio.recorded
05-26 11:45:38.502  2534  2534 I MicroDetectionWorker: onReady
05-26 11:45:38.503  2131  2131 D CarrierConfigLoader: mHandler: 9 phoneId: 0
05-26 11:45:38.506  2534  2010 I MicrophoneInputStream: mic_close  SR : 16000 CC : 16 SO : 6
05-26 11:45:38.515  2534  2034 I MicroRecognitionRunner: Detection finished
05-26 11:45:38.515  2534  2034 W ErrorReporter: reportError [type: 211, code: 524300]: Error reading from input stream
05-26 11:45:38.516  2534  2954 I MicroRecognitionRunner: Stopping hotword detection.
05-26 11:45:38.516  1876  2204 I GnssLocationProvider: WakeLock acquired by sendMessage(REPORT_SV_STATUS, 0, com.android.server.location.GnssLocationProvider$SvStatusInfo@3c2a392)
05-26 11:45:38.517  2534  2034 W ErrorProcessor: onFatalError, processing error from engine(4)
05-26 11:45:38.517  2534  2034 W ErrorProcessor: com.google.android.apps.gsa.shared.speech.b.g: Error reading from input stream
05-26 11:45:38.517  2534  2034 W ErrorProcessor: 	at com.google.android.apps.gsa.staticplugins.microdetection.d.k.a(SourceFile:91)
05-26 11:45:38.517  2534  2034 W ErrorProcessor: 	at com.google.android.apps.gsa.staticplugins.microdetection.d.l.run(Unknown Source:14)
05-26 11:45:38.517  2534  2034 W ErrorProcessor: 	at com.google.android.libraries.gsa.runner.a.a.b(SourceFile:32)
05-26 11:45:38.517  2534  2034 W ErrorProcessor: 	at com.google.android.libraries.gsa.runner.a.c.call(Unknown Source:4)
05-26 11:45:38.517  2534  2034 W ErrorProcessor: 	at java.util.concurrent.FutureTask.run(FutureTask.java:266)
05-26 11:45:38.517  2534  2034 W ErrorProcessor: 	at java.util.concurrent.Executors$RunnableAdapter.call(Executors.java:458)
05-26 11:45:38.517  2534  2034 W ErrorProcessor: 	at java.util.concurrent.FutureTask.run(FutureTask.java:266)
05-26 11:45:38.517  2534  2034 W ErrorProcessor: 	at com.google.android.apps.gsa.shared.util.concurrent.b.g.run(Unknown Source:4)
05-26 11:45:38.517  2534  2034 W ErrorProcessor: 	at com.google.android.apps.gsa.shared.util.concurrent.b.aw.run(SourceFile:4)
