--------- beginning of main
06-02 16:37:53.390 E/memtrack( 1869): Couldn't load memtrack module
06-02 16:37:53.390 W/android.os.Debug( 1869): failed to get memory consumption info: -1
06-02 16:37:54.156 W/ctxmgr  ( 2473): [AclManager]No 2 for (accnt=account#-517948760#, com.google.android.gms(10008):IndoorOutdoorProducer, vrsn=13280000, 0, 3pPkg = null ,  3pMdlId = null ,  pid = 2473). Was: 3 for 57, account#-517948760#
06-02 16:37:54.725 I/log     ( 8804): logcat cleared
06-02 16:37:59.165 W/ctxmgr  ( 2473): [AclManager]No 2 for (accnt=account#-517948760#, com.google.android.gms(10008):IndoorOutdoorProducer, vrsn=13280000, 0, 3pPkg = null ,  3pMdlId = null ,  pid = 2473). Was: 3 for 57, account#-517948760#
06-02 16:38:00.114 W/system_server( 1869): Long monitor contention with owner PackageInstaller (1929) at boolean com.android.server.pm.PackageInstallerSession$3.handleMessage(android.os.Message)(PackageInstallerSession.java:292) waiters=0 in android.content.pm.PackageInstaller$SessionInfo com.android.server.pm.PackageInstallerSession.generateInfo(boolean) for 1.379s
06-02 16:38:00.117 D/hwcomposer( 1897): hw_composer sent 6 syncs in 60s
--------- beginning of system
06-02 16:38:00.336 I/ActivityManager( 1869): Force stopping org.mozilla.fenix.debug appid=10099 user=-1: installPackageLI
06-02 16:38:00.336 I/ActivityManager( 1869): Killing 8565:org.mozilla.fenix.debug/u0a99 (adj 0): stop org.mozilla.fenix.debug
06-02 16:38:00.339 W/libprocessgroup( 1869): kill(-8565, 9) failed: No such process
06-02 16:38:00.341 W/ActivityManager( 1869): Force removing ActivityRecord{8c0a4c0 u0 org.mozilla.fenix.debug/.App t387}: app died, no saved state
06-02 16:38:00.343 I/ServiceChildProcess( 8615): Service has been unbound. Stopping.
06-02 16:38:00.378 D/gralloc_ranchu( 1897): gralloc_unregister_buffer: exiting HostConnection (is buffer-handling thread)
06-02 16:38:00.379 D/        ( 1897): HostConnection::get() New Host Connection established 0xed7c3080, tid 1897
06-02 16:38:00.380 D/gralloc_ranchu( 1897): gralloc_unregister_buffer: exiting HostConnection (is buffer-handling thread)
06-02 16:38:00.380 D/        ( 1897): HostConnection::get() New Host Connection established 0xed7c3080, tid 1897
06-02 16:38:00.380 D/gralloc_ranchu( 1897): gralloc_unregister_buffer: exiting HostConnection (is buffer-handling thread)
06-02 16:38:00.381 D/        ( 1897): HostConnection::get() New Host Connection established 0xed7c3080, tid 1897
06-02 16:38:00.381 D/gralloc_ranchu( 1897): gralloc_unregister_buffer: exiting HostConnection (is buffer-handling thread)
06-02 16:38:00.381 W/libprocessgroup( 1869): kill(-8565, 9) failed: No such process
06-02 16:38:00.382 D/        ( 1897): HostConnection::get() New Host Connection established 0xed7c3080, tid 1897
06-02 16:38:00.382 D/gralloc_ranchu( 1897): gralloc_unregister_buffer: exiting HostConnection (is buffer-handling thread)
06-02 16:38:00.382 D/        ( 1897): HostConnection::get() New Host Connection established 0xed7c3080, tid 1897
06-02 16:38:00.382 D/gralloc_ranchu( 1897): gralloc_unregister_buffer: exiting HostConnection (is buffer-handling thread)
06-02 16:38:00.385 D/        ( 1897): HostConnection::get() New Host Connection established 0xed7c3080, tid 1897
06-02 16:38:00.388 I/PackageManager( 1869): Update package org.mozilla.fenix.debug code path from /data/app/org.mozilla.fenix.debug-0JI_FY2TAEvhwr-Ly_nbEQ== to /data/app/org.mozilla.fenix.debug-l0coAwl06p55SDu8S60N3w==; Retain data and using new
06-02 16:38:00.388 I/PackageManager( 1869): Update package org.mozilla.fenix.debug resource path from /data/app/org.mozilla.fenix.debug-0JI_FY2TAEvhwr-Ly_nbEQ== to /data/app/org.mozilla.fenix.debug-l0coAwl06p55SDu8S60N3w==; Retain data and using new
06-02 16:38:00.388 I/ActivityManager( 1869): Killing 8615:org.mozilla.fenix.debug:tab0/u0a99 (adj 0): stop org.mozilla.fenix.debug
06-02 16:38:00.418 W/libprocessgroup( 1869): kill(-8565, 9) failed: No such process
06-02 16:38:00.422 W/InputDispatcher( 1869): channel 'ce4529b org.mozilla.fenix.debug/org.mozilla.fenix.debug.App (server)' ~ Consumer closed input channel or an error occurred.  events=0x9
06-02 16:38:00.422 E/InputDispatcher( 1869): channel 'ce4529b org.mozilla.fenix.debug/org.mozilla.fenix.debug.App (server)' ~ Channel is unrecoverably broken and will be disposed!
06-02 16:38:00.423 D/gralloc_ranchu( 1728): gralloc_unregister_buffer: exiting HostConnection (is buffer-handling thread)
06-02 16:38:00.424 D/        ( 1728): HostConnection::get() New Host Connection established 0xe50f1280, tid 2157
06-02 16:38:00.425 D/gralloc_ranchu( 1728): gralloc_unregister_buffer: exiting HostConnection (is buffer-handling thread)
06-02 16:38:00.425 D/        ( 1728): HostConnection::get() New Host Connection established 0xe90c90c0, tid 2157
06-02 16:38:00.425 I/Zygote  ( 1729): Process 8565 exited due to signal (9)
06-02 16:38:00.425 D/gralloc_ranchu( 1728): gralloc_unregister_buffer: exiting HostConnection (is buffer-handling thread)
06-02 16:38:00.425 D/        ( 1728): HostConnection::get() New Host Connection established 0xe90c90c0, tid 2157
06-02 16:38:00.426 D/gralloc_ranchu( 1728): gralloc_unregister_buffer: exiting HostConnection (is buffer-handling thread)
06-02 16:38:00.432 I/WindowManager( 1869): WIN DEATH: Window{ce4529b u0 org.mozilla.fenix.debug/org.mozilla.fenix.debug.App}
06-02 16:38:00.432 W/InputDispatcher( 1869): Attempted to unregister already unregistered input channel 'ce4529b org.mozilla.fenix.debug/org.mozilla.fenix.debug.App (server)'
06-02 16:38:00.433 W/ActivityManager( 1869): setHasOverlayUi called on unknown pid: 8565
06-02 16:38:00.435 W/SurfaceFlinger( 1728): Attempting to destroy on removed layer: Task=387#0
06-02 16:38:00.435 W/SurfaceFlinger( 1728): Attempting to destroy on removed layer: AppWindowToken{f7b293e token=Token{8b8d5f9 ActivityRecord{8c0a4c0 u0 org.mozilla.fenix.debug/.App t387}}}#0
06-02 16:38:00.450 D/installd( 1733): Detected label change from u:object_r:app_data_file:s0 to u:object_r:app_data_file:s0:c99,c256,c512,c768 at /data/data/org.mozilla.fenix.debug/code_cache; running recursive restorecon
06-02 16:38:00.451 D/installd( 1733): Detected label change from u:object_r:app_data_file:s0 to u:object_r:app_data_file:s0:c99,c256,c512,c768 at /data/user_de/0/org.mozilla.fenix.debug/cache; running recursive restorecon
06-02 16:38:00.452 D/PackageManager( 1869): Instant App installer not found with android.intent.action.INSTALL_INSTANT_APP_PACKAGE
06-02 16:38:00.452 D/PackageManager( 1869): Clear ephemeral installer activity
06-02 16:38:00.459 D/gralloc_ranchu( 1619): gralloc_alloc: Creating ashmem region of size 9334784
06-02 16:38:00.460 W/libprocessgroup( 1869): kill(-8565, 9) failed: No such process
06-02 16:38:00.460 I/libprocessgroup( 1869): Successfully killed process cgroup uid 10099 pid 8565 in 121ms
06-02 16:38:00.460 W/libprocessgroup( 1869): kill(-8615, 9) failed: No such process
06-02 16:38:00.460 I/Zygote  ( 1729): Process 8615 exited due to signal (9)
06-02 16:38:00.471 D/        ( 1728): HostConnection::get() New Host Connection established 0xe90dda40, tid 1952
06-02 16:38:00.471 D/gralloc_ranchu( 1619): gralloc_alloc: Creating ashmem region of size 9334784
06-02 16:38:00.480 D/gralloc_ranchu( 1619): gralloc_alloc: Creating ashmem region of size 9334784
06-02 16:38:00.500 W/libprocessgroup( 1869): kill(-8615, 9) failed: No such process
06-02 16:38:00.500 I/libprocessgroup( 1869): Successfully killed process cgroup uid 10099 pid 8615 in 40ms
06-02 16:38:00.507 D/SurfaceFlinger( 1728): duplicate layer name: changing com.google.android.apps.nexuslauncher/com.google.android.apps.nexuslauncher.NexusLauncherActivity to com.google.android.apps.nexuslauncher/com.google.android.apps.nexuslauncher.NexusLauncherActivity#1
06-02 16:38:00.510 D/gralloc_ranchu( 1619): gralloc_alloc: Creating ashmem region of size 9334784
06-02 16:38:00.523 D/gralloc_ranchu( 1619): gralloc_alloc: Creating ashmem region of size 9334784
06-02 16:38:00.533 D/EGL_emulation( 2402): eglMakeCurrent: 0xe1911c80: ver 3 0 (tinfo 0xc8cbe260)
06-02 16:38:00.534 D/        ( 1728): HostConnection::get() New Host Connection established 0xe90c90c0, tid 2157
06-02 16:38:00.535 D/gralloc_ranchu( 1619): gralloc_alloc: Creating ashmem region of size 9334784
06-02 16:38:00.556 D/EGL_emulation( 2488): eglMakeCurrent: 0xe3385ae0: ver 3 0 (tinfo 0xe33838f0)
06-02 16:38:00.560 I/GoogleInputMethod( 1996): onFinishInput() : Dummy InputConnection bound
06-02 16:38:00.572 D/EGL_emulation( 2002): eglMakeCurrent: 0xe3385900: ver 3 0 (tinfo 0xe33839b0)
06-02 16:38:00.579 I/GoogleInputMethod( 1996): onStartInput() : Dummy InputConnection bound
06-02 16:38:00.593 D/EGL_emulation( 2002): eglMakeCurrent: 0xe3385900: ver 3 0 (tinfo 0xe33839b0)
06-02 16:38:00.624 I/chatty  ( 2002): uid=10024(com.android.systemui) RenderThread identical 4 lines
06-02 16:38:00.630 D/EGL_emulation( 2002): eglMakeCurrent: 0xe3385900: ver 3 0 (tinfo 0xe33839b0)
06-02 16:38:00.634 I/system_server( 1869): Explicit concurrent copying GC freed 46216(2MB) AllocSpace objects, 14(664KB) LOS objects, 38% free, 9MB/15MB, paused 63us total 180.949ms
06-02 16:38:00.641 D/EGL_emulation( 2002): eglMakeCurrent: 0xe3385900: ver 3 0 (tinfo 0xe33839b0)
06-02 16:38:00.710 I/chatty  ( 2002): uid=10024(com.android.systemui) RenderThread identical 8 lines
06-02 16:38:00.716 D/EGL_emulation( 2002): eglMakeCurrent: 0xe3385900: ver 3 0 (tinfo 0xe33839b0)
06-02 16:38:00.719 E/        ( 1733): Couldn't opendir /data/app/vmdl1830460407.tmp: No such file or directory
06-02 16:38:00.719 E/installd( 1733): Failed to delete /data/app/vmdl1830460407.tmp: No such file or directory
06-02 16:38:00.722 I/ActivityManager( 1869): Force stopping org.mozilla.fenix.debug appid=10099 user=0: pkg removed
06-02 16:38:00.729 W/BroadcastQueue( 1869): Background execution not allowed: receiving Intent { act=android.intent.action.PACKAGE_REMOVED dat=package:org.mozilla.fenix.debug flg=0x4000010 (has extras) } to com.android.musicfx/.Compatibility$Receiver
06-02 16:38:00.753 W/SessionLifecycleManager( 2402): Handover failed. Creating new session controller.
06-02 16:38:00.787 W/BroadcastQueue( 1869): Background execution not allowed: receiving Intent { act=android.intent.action.PACKAGE_REMOVED dat=package:org.mozilla.fenix.debug flg=0x4000010 (has extras) } to com.google.android.googlequicksearchbox/com.google.android.apps.gsa.googlequicksearchbox.GelStubAppWatcher
06-02 16:38:00.788 W/BroadcastQueue( 1869): Background execution not allowed: receiving Intent { act=android.intent.action.PACKAGE_ADDED dat=package:org.mozilla.fenix.debug flg=0x4000010 (has extras) } to com.android.musicfx/.Compatibility$Receiver
06-02 16:38:00.797 W/SurfaceFlinger( 1728): Attempting to set client state on removed layer: Surface(name=AppWindowToken{f0e79dc token=Token{f06ae4f ActivityRecord{533f0ae u0 com.google.android.apps.nexuslauncher/.NexusLauncherActivity t2}}})/@0xc6dc2b9 - animation-leash#0
06-02 16:38:00.797 W/SurfaceFlinger( 1728): Attempting to destroy on removed layer: Surface(name=AppWindowToken{f0e79dc token=Token{f06ae4f ActivityRecord{533f0ae u0 com.google.android.apps.nexuslauncher/.NexusLauncherActivity t2}}})/@0xc6dc2b9 - animation-leash#0
06-02 16:38:00.804 I/gle.android.gm( 2660): Waiting for a blocking GC ProfileSaver
06-02 16:38:00.812 W/BroadcastQueue( 1869): Background execution not allowed: receiving Intent { act=android.intent.action.PACKAGE_ADDED dat=package:org.mozilla.fenix.debug flg=0x4000010 (has extras) } to com.google.android.googlequicksearchbox/com.google.android.apps.gsa.googlequicksearchbox.GelStubAppWatcher
06-02 16:38:00.812 W/BroadcastQueue( 1869): Background execution not allowed: receiving Intent { act=android.intent.action.PACKAGE_REPLACED dat=package:org.mozilla.fenix.debug flg=0x4000010 (has extras) } to com.android.musicfx/.Compatibility$Receiver
06-02 16:38:00.812 W/BroadcastQueue( 1869): Background execution not allowed: receiving Intent { act=android.intent.action.PACKAGE_REPLACED dat=package:org.mozilla.fenix.debug flg=0x4000010 (has extras) } to com.google.android.apps.photos/.account.full.FetchAccountPropertiesAppUpgradeBroadcastReceiver
06-02 16:38:00.812 W/BroadcastQueue( 1869): Background execution not allowed: receiving Intent { act=android.intent.action.PACKAGE_REPLACED dat=package:org.mozilla.fenix.debug flg=0x4000010 (has extras) } to com.google.android.apps.photos/.account.full.SyncAccountsForLoginBroadcastReceiver
06-02 16:38:00.812 W/BroadcastQueue( 1869): Background execution not allowed: receiving Intent { act=android.intent.action.PACKAGE_REPLACED dat=package:org.mozilla.fenix.debug flg=0x4000010 (has extras) } to com.google.android.apps.photos/.experiments.phenotype.full.PhenotypeAppUpgradeBroadcastReceiver
06-02 16:38:00.812 W/BroadcastQueue( 1869): Background execution not allowed: receiving Intent { act=android.intent.action.PACKAGE_REPLACED dat=package:org.mozilla.fenix.debug flg=0x4000010 (has extras) } to com.google.android.apps.photos/.notificationchannels.AppUpdateBroadcastReceiver
06-02 16:38:00.834 W/BroadcastQueue( 1869): Background execution not allowed: receiving Intent { act=android.intent.action.PACKAGE_REPLACED dat=package:org.mozilla.fenix.debug flg=0x4000010 (has extras) } to com.google.android.googlequicksearchbox/com.google.android.apps.gsa.googlequicksearchbox.GelStubAppWatcher
06-02 16:38:00.841 I/s.nexuslaunche( 2488): Background concurrent copying GC freed 13104(735KB) AllocSpace objects, 9(504KB) LOS objects, 41% free, 8MB/14MB, paused 502us total 117.306ms
06-02 16:38:00.849 D/CarrierSvcBindHelper( 2121): No carrier app for: 0
06-02 16:38:00.849 I/Auth    ( 2660): [SupervisedAccountIntentOperation] onHandleIntent(): android.intent.action.PACKAGE_ADDED
06-02 16:38:00.850 I/Auth    ( 2660): [SupervisedAccountIntentOperation] This operation is disabled
06-02 16:38:00.850 D/CarrierSvcBindHelper( 2121): No carrier app for: 0
06-02 16:38:00.852 W/droid.apps.doc( 8852): Unexpected CPU variant for X86 using defaults: x86
06-02 16:38:00.857 I/ActivityManager( 1869): Start proc 8852:com.google.android.apps.docs/u0a69 for content provider com.google.android.apps.docs/.storagebackend.StorageBackendContentProvider
06-02 16:38:00.871 E/system_server( 1869): No package ID 7f found for ID 0x7f0801a6.
06-02 16:38:00.871 E/system_server( 1869): No package ID 7f found for ID 0x7f13011d.
06-02 16:38:00.871 E/system_server( 1869): No package ID 7f found for ID 0x7f13011d.
06-02 16:38:00.871 E/system_server( 1869): No package ID 7f found for ID 0x7f0801a4.
06-02 16:38:00.871 E/system_server( 1869): No package ID 7f found for ID 0x7f13011c.
06-02 16:38:00.871 E/system_server( 1869): No package ID 7f found for ID 0x7f13011c.
06-02 16:38:00.871 I/ChromeSync( 2660): [Sync,SyncIntentOperation] Handling the intent: Intent { act=android.intent.action.PACKAGE_ADDED dat=package:org.mozilla.fenix.debug flg=0x4000010 cmp=com.google.android.gms/.chimera.GmsIntentOperationService (has extras) }.
06-02 16:38:00.871 D/ImsResolver( 2121): maybeAddedImsService, packageName: org.mozilla.fenix.debug
06-02 16:38:00.873 D/CarrierConfigLoader( 2121): mHandler: 9 phoneId: 0
06-02 16:38:00.877 I/InputReader( 1869): Reconfiguring input devices.  changes=0x00000010
06-02 16:38:00.901 I/chatty  ( 1869): uid=1000(system) InputReader identical 1 line
06-02 16:38:00.903 I/InputReader( 1869): Reconfiguring input devices.  changes=0x00000010
06-02 16:38:00.921 I/gle.android.gm( 2660): WaitForGcToComplete blocked ProfileSaver on HeapTrim for 116.746ms
06-02 16:38:00.927 W/PeopleContactsSync( 2660): CP2 sync disabled by gservices.
06-02 16:38:00.936 I/droid.apps.doc( 8852): The ClassLoaderContext is a special shared library.
06-02 16:38:00.941 I/droid.apps.doc( 8852): The ClassLoaderContext is a special shared library.
06-02 16:38:00.976 W/LocationOracle( 2402): No location history returned by ContextManager
06-02 16:38:00.984 W/Looper  ( 1869): Slow delivery took 222ms main h=android.app.ActivityThread$H c=android.app.-$$Lambda$LoadedApk$ReceiverDispatcher$Args$_BumDX2UKsnxLVrE6UJsJZkotuA@fad9455 m=0
06-02 16:38:00.986 I/Telecom ( 1869): DefaultDialerCache: Refreshing default dialer for user 0: now com.google.android.dialer: DDC.oR@ALo
06-02 16:38:00.999 D/AutofillUI( 1869): destroySaveUiUiThread(): already destroyed
06-02 16:38:00.999 D/AutofillManagerServiceImpl( 1869): Set component for user 0 as AutofillServiceInfo[ServiceInfo{f14f90d com.google.android.gms.autofill.service.AutofillService}, settings:com.google.android.gms.autofill.ui.AutofillSettingsActivity, hasCompatPckgs:false]
06-02 16:38:01.060 I/Icing   ( 2660): IndexChimeraService.getServiceInterface callingPackage=com.google.android.gms componentName=AppsCorpus serviceId=32
06-02 16:38:01.064 I/Icing   ( 2660): IndexChimeraService.getServiceInterface callingPackage=com.google.android.gms componentName=AppsCorpus serviceId=36
06-02 16:38:01.087 I/MicroDetectionWorker( 2402): #startMicroDetector [speakerMode: 0]
06-02 16:38:01.087 I/AudioController( 2402): Using mInputStreamFactoryBuilder
06-02 16:38:01.087 I/AudioController( 2402): Created new AudioSource
06-02 16:38:01.089 I/MicroDetectionWorker( 2402): onReady
06-02 16:38:01.114 D/EGL_emulation( 2002): eglMakeCurrent: 0xe3385900: ver 3 0 (tinfo 0xe33839b0)
06-02 16:38:01.137 W/ctxmgr  ( 2473): [AclManager]No 3 for (accnt=account#-517948760#, com.google.android.gms(10008):UserVelocityProducer, vrsn=13280022, 0, 3pPkg = null ,  3pMdlId = null ,  pid = 2473). Was: 3 for 1, account#-517948760#
06-02 16:38:01.150 I/Places  ( 2473): Converted 0 out of 1 WiFi scans
06-02 16:38:01.176 I/GAv4    ( 8852): Google Analytics 10.2.98 is starting up. To enable debug logging on a device run:
06-02 16:38:01.176 I/GAv4    ( 8852):   adb shell setprop log.tag.GAv4 DEBUG
06-02 16:38:01.176 I/GAv4    ( 8852):   adb logcat -s GAv4
06-02 16:38:01.187 I/PlaceInferenceEngine( 2473): No beacon scan available - ignoring candidates.
06-02 16:38:01.203 D/        ( 2002): HostConnection::get() New Host Connection established 0xe075c080, tid 2023
06-02 16:38:01.216 D/gralloc_ranchu( 2002): gralloc_unregister_buffer: exiting HostConnection (is buffer-handling thread)
06-02 16:38:01.217 D/        ( 2002): HostConnection::get() New Host Connection established 0xe075c080, tid 2023
06-02 16:38:01.217 D/gralloc_ranchu( 2002): gralloc_unregister_buffer: exiting HostConnection (is buffer-handling thread)
06-02 16:38:01.218 D/        ( 2002): HostConnection::get() New Host Connection established 0xe075cb40, tid 2023
06-02 16:38:01.227 D/gralloc_ranchu( 2002): gralloc_unregister_buffer: exiting HostConnection (is buffer-handling thread)
06-02 16:38:01.228 D/        ( 2002): HostConnection::get() New Host Connection established 0xe075cb40, tid 2023
06-02 16:38:01.228 W/GAv4    ( 8852): AnalyticsReceiver is not registered or is disabled. Register the receiver for reliable dispatching on non-Google Play devices. See http://goo.gl/8Rd3yj for instructions.
06-02 16:38:01.234 D/gralloc_ranchu( 2002): gralloc_unregister_buffer: exiting HostConnection (is buffer-handling thread)
06-02 16:38:01.234 D/        ( 2002): HostConnection::get() New Host Connection established 0xe075cb40, tid 2023
06-02 16:38:01.234 D/gralloc_ranchu( 2002): gralloc_unregister_buffer: exiting HostConnection (is buffer-handling thread)
06-02 16:38:01.235 D/        ( 2002): HostConnection::get() New Host Connection established 0xe075cb40, tid 2023
06-02 16:38:01.235 D/gralloc_ranchu( 2002): gralloc_unregister_buffer: exiting HostConnection (is buffer-handling thread)
06-02 16:38:01.248 W/ctxmgr  ( 2473): [AclManager]No 2 for (accnt=account#-517948760#, com.google.android.gms(10008):UserLocationProducer, vrsn=13280000, 0, 3pPkg = null ,  3pMdlId = null ,  pid = 2473). Was: 3 for 1, account#-517948760#
06-02 16:38:01.250 W/GAv4    ( 8852): CampaignTrackingReceiver is not registered, not exported or is disabled. Installation campaign tracking is not possible. See http://goo.gl/8Rd3yj for instructions.
06-02 16:38:01.253 W/FieldDefinition( 8852): Ignoring isIndexed constraint as field also has uniqueness constraint (on just this field, and therefore SQLite will have to create an index on that. For field: com.google.android.apps.docs.database.common.FieldDefinition$a@2f0c143
06-02 16:38:01.256 W/GAv4    ( 8852): AnalyticsService not registered in the app manifest. Hits might not be delivered reliably. See http://goo.gl/8Rd3yj for instructions.
06-02 16:38:01.275 I/Icing   ( 2660): Usage reports ok 2, Failed Usage reports 0, indexed 0, rejected 0, imm upload false
06-02 16:38:01.301 I/MicroRecognitionRunner( 2402): Starting detection.
06-02 16:38:01.301 I/MicrophoneInputStream( 2402): mic_starting  SR : 16000 CC : 16 SO : 6
06-02 16:38:01.303 I/earchbox:searc( 2402): Background concurrent copying GC freed 16338(953KB) AllocSpace objects, 1(92KB) LOS objects, 44% free, 7MB/13MB, paused 50us total 209.099ms
06-02 16:38:01.307 I/Icing   ( 2660): Usage reports ok 0, Failed Usage reports 0, indexed 0, rejected 0, imm upload false
06-02 16:38:01.307 E/        ( 1627): Request requires android.permission.RECORD_AUDIO
06-02 16:38:01.307 E/AudioPolicyIntefaceImpl( 1627): getInputForAttr permission denied: recording not allowed for uid 10039 pid 2402
06-02 16:38:01.307 E/AudioFlinger( 1627): createRecord() checkRecordThread_l failed
06-02 16:38:01.308 E/IAudioFlinger( 2402): createRecord returned error -22
06-02 16:38:01.308 E/AudioRecord( 2402): AudioFlinger could not create record track, status: -22
06-02 16:38:01.310 E/AudioRecord-JNI( 2402): Error creating AudioRecord instance: initialization check failed with status -22.
06-02 16:38:01.313 E/android.media.AudioRecord( 2402): Error code -20 when initializing native AudioRecord object.
06-02 16:38:01.313 I/MicrophoneInputStream( 2402): mic_started  SR : 16000 CC : 16 SO : 6
06-02 16:38:01.313 E/ActivityThread( 2402): Failed to find provider info for com.google.android.apps.gsa.testing.ui.audio.recorded
06-02 16:38:01.314 I/MicroDetectionWorker( 2402): onReady
06-02 16:38:01.314 W/SpeechLevelGenerator( 2402): Really low audio levels detected. The audio input may have issues.
06-02 16:38:01.319 I/MicrophoneInputStream( 2402): mic_close  SR : 16000 CC : 16 SO : 6
06-02 16:38:01.321 I/MicroRecognitionRunner( 2402): Detection finished
06-02 16:38:01.321 W/ErrorReporter( 2402): reportError [type: 211, code: 524300]: Error reading from input stream
06-02 16:38:01.323 I/MicroRecognitionRunner( 2402): Stopping hotword detection.
06-02 16:38:01.338 W/ErrorProcessor( 2402): onFatalError, processing error from engine(4)
06-02 16:38:01.338 W/ErrorProcessor( 2402): com.google.android.apps.gsa.shared.speech.b.g: Error reading from input stream
06-02 16:38:01.338 W/ErrorProcessor( 2402): 	at com.google.android.apps.gsa.staticplugins.microdetection.d.k.a(SourceFile:91)
06-02 16:38:01.338 W/ErrorProcessor( 2402): 	at com.google.android.apps.gsa.staticplugins.microdetection.d.l.run(Unknown Source:14)
06-02 16:38:01.338 W/ErrorProcessor( 2402): 	at com.google.android.libraries.gsa.runner.a.a.b(SourceFile:32)
06-02 16:38:01.338 W/ErrorProcessor( 2402): 	at com.google.android.libraries.gsa.runner.a.c.call(Unknown Source:4)
06-02 16:38:01.338 W/ErrorProcessor( 2402): 	at java.util.concurrent.FutureTask.run(FutureTask.java:266)
06-02 16:38:01.338 W/ErrorProcessor( 2402): 	at java.util.concurrent.Executors$RunnableAdapter.call(Executors.java:458)
06-02 16:38:01.338 W/ErrorProcessor( 2402): 	at java.util.concurrent.FutureTask.run(FutureTask.java:266)
06-02 16:38:01.338 W/ErrorProcessor( 2402): 	at com.google.android.apps.gsa.shared.util.concurrent.b.g.run(Unknown Source:4)
06-02 16:38:01.338 W/ErrorProcessor( 2402): 	at com.google.android.apps.gsa.shared.util.concurrent.b.aw.run(SourceFile:4)
06-02 16:38:01.338 W/ErrorProcessor( 2402): 	at com.google.android.apps.gsa.shared.util.concurrent.b.aw.run(SourceFile:4)
06-02 16:38:01.338 W/ErrorProcessor( 2402): 	at java.util.concurrent.ThreadPoolExecutor.runWorker(ThreadPoolExecutor.java:1167)
06-02 16:38:01.338 W/ErrorProcessor( 2402): 	at java.util.concurrent.ThreadPoolExecutor$Worker.run(ThreadPoolExecutor.java:641)
06-02 16:38:01.338 W/ErrorProcessor( 2402): 	at java.lang.Thread.run(Thread.java:764)
06-02 16:38:01.338 W/ErrorProcessor( 2402): 	at com.google.android.apps.gsa.shared.util.concurrent.b.i.run(SourceFile:6)
06-02 16:38:01.338 W/ErrorProcessor( 2402): Caused by: com.google.android.apps.gsa.shared.exception.GsaIOException: Error code: 393238 | Buffer overflow, no available space.
06-02 16:38:01.338 W/ErrorProcessor( 2402): 	at com.google.android.apps.gsa.speech.audio.Tee.j(SourceFile:103)
06-02 16:38:01.338 W/ErrorProcessor( 2402): 	at com.google.android.apps.gsa.speech.audio.au.read(SourceFile:2)
06-02 16:38:01.338 W/ErrorProcessor( 2402): 	at java.io.InputStream.read(InputStream.java:101)
06-02 16:38:01.338 W/ErrorProcessor( 2402): 	at com.google.android.apps.gsa.speech.audio.ao.run(SourceFile:17)
06-02 16:38:01.338 W/ErrorProcessor( 2402): 	at com.google.android.apps.gsa.speech.audio.an.run(SourceFile:2)
06-02 16:38:01.338 W/ErrorProcessor( 2402): 	at java.util.concurrent.Executors$RunnableAdapter.call(Executors.java:458)
06-02 16:38:01.338 W/ErrorProcessor( 2402): 	... 10 more
06-02 16:38:01.339 I/AudioController( 2402): internalShutdown
06-02 16:38:01.340 I/MicroDetector( 2402): Keeping mic open: false
06-02 16:38:01.340 I/MicroDetectionWorker( 2402): #onError(false)
06-02 16:38:01.341 I/DeviceStateChecker( 2402): DeviceStateChecker cancelled
06-02 16:38:01.346 I/Places  ( 2473): ?: PlacesBleScanner start() with priority 2
06-02 16:38:01.365 I/Places  ( 2473): ?: PlacesBleScanner start() with priority 2
06-02 16:38:01.365 I/PlaceInferenceEngine( 2473): [anon] Changed inference mode: 1
06-02 16:38:01.369 I/Places  ( 2473): Converted 0 out of 1 WiFi scans
06-02 16:38:01.391 I/Places  ( 2473): ?: PlacesBleScanner start() with priority 2
06-02 16:38:01.398 I/Places  ( 2473): ?: PlacesBleScanner start() with priority 2
06-02 16:38:01.399 I/PlaceInferenceEngine( 2473): [anon] Changed inference mode: 1
06-02 16:38:01.400 I/PlaceInferenceEngine( 2473): No beacon scan available - ignoring candidates.
06-02 16:38:01.422 W/droid.apps.doc( 8852): Long monitor contention with owner Binder:8852_2 (8868) at void java.lang.Object.wait(long, int)(Object.java:-2) waiters=0 in com.google.android.apps.docs.storagebackend.StorageBackendContentProvider$a com.google.android.apps.docs.storagebackend.StorageBackendContentProvider.b() for 353ms
06-02 16:38:01.423 I/Icing   ( 2660): IndexChimeraService.getServiceInterface callingPackage=com.google.android.gms componentName=AppsCorpus serviceId=32
06-02 16:38:01.423 I/Icing   ( 2660): IndexChimeraService.getServiceInterface callingPackage=com.google.android.gms componentName=AppsCorpus serviceId=36
06-02 16:38:01.435 I/ProvidersCache( 4535): Provider returned no roots. Possibly naughty: com.google.android.apps.docs.storage
06-02 16:38:01.441 I/Places  ( 2473): Converted 0 out of 1 WiFi scans
06-02 16:38:01.454 I/Icing   ( 2660): Usage reports ok 0, Failed Usage reports 0, indexed 0, rejected 0, imm upload false
06-02 16:38:01.456 I/ProvidersCache( 4535): Provider returned no roots. Possibly naughty: com.google.android.apps.docs.storage
06-02 16:38:01.458 W/Looper  ( 1869): Drained
06-02 16:38:01.465 I/PlaceInferenceEngine( 2473): No beacon scan available - ignoring candidates.
06-02 16:38:01.467 I/Icing   ( 2660): Usage reports ok 0, Failed Usage reports 0, indexed 0, rejected 0, imm upload false
06-02 16:38:01.482 W/ctxmgr  ( 2473): [AclManager]No 2 for (accnt=account#-517948760#, com.google.android.gms(10008):PlacesProducer, vrsn=13280000, 0, 3pPkg = null ,  3pMdlId = null ,  pid = 2473). Was: 3 for 18, account#-517948760#
06-02 16:38:02.182 W/ctxmgr  ( 2473): [AclManager]No 2 for (accnt=account#-517948760#, com.google.android.gms(10008):UserLocationProducer, vrsn=13280000, 0, 3pPkg = null ,  3pMdlId = null ,  pid = 2473). Was: 3 for 1, account#-517948760#
06-02 16:38:02.360 I/Icing   ( 2660): Indexing com.google.android.gms-apps from com.google.android.gms
06-02 16:38:02.417 I/Icing   ( 2660): Indexing com.google.android.gms-internal.3p:MobileApplication from com.google.android.gms
06-02 16:38:02.425 I/Icing   ( 2660): Indexing done com.google.android.gms-apps
06-02 16:38:02.427 I/Icing   ( 2660): Indexing done com.google.android.gms-internal.3p:MobileApplication
06-02 16:38:02.510 I/Icing   ( 2660): Indexing com.google.android.gms-apps from com.google.android.gms
06-02 16:38:02.511 I/Icing   ( 2660): Indexing done com.google.android.gms-apps
06-02 16:38:02.975 I/ActivityManager( 1869): Force stopping org.mozilla.fenix.debug appid=10099 user=0: clear data
06-02 16:38:02.976 I/ActivityManager( 1869): Force stopping org.mozilla.fenix.debug appid=10099 user=-1: clearApplicationUserData
06-02 16:38:02.977 D/ZenLog  ( 1869): config: removeAutomaticZenRules,ZenModeConfig[user=0,allowAlarms=true,allowMedia=true,allowSystem=false,allowReminders=false,allowEvents=false,allowCalls=true,allowRepeatCallers=true,allowMessages=false,allowCallsFrom=stars,allowMessagesFrom=contacts,suppressedVisualEffects=511,areChannelsBypassingDnd=false,automaticRules={EVENTS_DEFAULT_RULE=ZenRule[enabled=false,snoozing=false,name=Event,zenMode=ZEN_MODE_IMPORTANT_INTERRUPTIONS,conditionId=condition://android/event?userId=-10000&calendar=&reply=1,condition=Condition[id=condition://android/event?userId=-10000&calendar=&reply=1,summary=...,line1=...,line2=...,icon=0,state=STATE_FALSE,flags=2],component=ComponentInfo{android/com.android.server.notification.EventConditionProvider},id=EVENTS_DEFAULT_RULE,creationTime=1587308662810,enabler=null], EVERY_NIGHT_DEFAULT_RULE=ZenRule[enabled=false,snoozing=false,name=Sleeping,zenMode=ZEN_MODE_IMPORTANT_INTERRUPTIONS,conditionId=condition://android/schedule?days=1.2.3.4.5.6.7&start=22.0&end=7.0&exitAtAlarm=true,condition=Condition[id=condition://android/schedule?days=1.2.3.4.5.6.7&start=22.0&end=7.0&exitAtAlarm=true,summary=...,line1=...,line2=...,icon=0,state=STATE_FALSE,flags=2],component=ComponentInfo{android/com.android.server.notification.ScheduleConditionProvider},id=EVERY_NIGHT_DEFAULT_RULE,creationTime=1587308662810,enabler=null]},manualRule=null],Diff[]
06-02 16:38:02.977 I/ConditionProviders( 1869): Disallowing condition provider org.mozilla.fenix.debug
06-02 16:38:02.977 D/ZenLog  ( 1869): set_zen_mode: off,removeAutomaticZenRules
06-02 16:38:02.985 I/keystore( 1734): clear_uid 10099
06-02 16:38:02.992 E/system_server( 1869): No package ID 7f found for ID 0x7f0801a6.
06-02 16:38:02.992 E/system_server( 1869): No package ID 7f found for ID 0x7f13011d.
06-02 16:38:02.992 E/system_server( 1869): No package ID 7f found for ID 0x7f13011d.
06-02 16:38:02.992 E/system_server( 1869): No package ID 7f found for ID 0x7f0801a4.
06-02 16:38:02.992 E/system_server( 1869): No package ID 7f found for ID 0x7f13011c.
06-02 16:38:02.992 E/system_server( 1869): No package ID 7f found for ID 0x7f13011c.
06-02 16:38:02.993 I/GeofencerStateMachine( 2473): removeGeofences: removeRequest=RemoveGeofencingRequest[REMOVE_ALL packageName=org.mozilla.fenix.debug]
06-02 16:38:02.995 D/CarrierSvcBindHelper( 2121): No carrier app for: 0
06-02 16:38:03.007 I/ProvidersCache( 4535): Provider returned no roots. Possibly naughty: com.google.android.apps.docs.storage
06-02 16:38:03.013 D/vold    ( 1558): Remounting 10099 as mode read
06-02 16:38:03.014 I/LocationSettingsChecker( 2660): Removing dialog suppression flag for package org.mozilla.fenix.debug
06-02 16:38:03.018 I/Icing   ( 2660): doRemovePackageData org.mozilla.fenix.debug
06-02 16:38:03.048 D/vold    ( 1558): Remounting 10099 as mode write
06-02 16:38:03.055 I/IcingNotification( 1996): Received intent: Intent { act=com.google.android.gms.icing.IME_NOTIFICATION flg=0x10 pkg=com.google.android.inputmethod.latin (has extras) }
06-02 16:38:03.104 I/ActivityManager( 1869): Force stopping org.mozilla.fenix.debug appid=10099 user=-1: set debug app
06-02 16:38:03.133 I/ActivityManager( 1869): START u0 {flg=0x10000000 cmp=org.mozilla.fenix.debug/.App (has extras)} from uid 0
06-02 16:38:03.058 I/IcingNotification( 1996): Received intent: Intent { act=com.google.android.gms.icing.IME_NOTIFICATION flg=0x10 pkg=com.google.android.inputmethod.latin (has extras) }
06-02 16:38:03.175 I/lla.fenix.debu( 8940): Not late-enabling -Xcheck:jni (already on)
06-02 16:38:03.178 W/ctxmgr  ( 2473): [AclManager]No 2 for (accnt=account#-517948760#, com.google.android.gms(10008):UserLocationProducer, vrsn=13280000, 0, 3pPkg = null ,  3pMdlId = null ,  pid = 2473). Was: 3 for 1, account#-517948760#
06-02 16:38:03.184 D/gralloc_ranchu( 1619): gralloc_alloc: Creating ashmem region of size 9334784
06-02 16:38:03.185 I/ActivityManager( 1869): Start proc 8940:org.mozilla.fenix.debug/u0a99 for activity org.mozilla.fenix.debug/.App
06-02 16:38:03.204 D/        ( 1869): HostConnection::get() New Host Connection established 0xc1e7f900, tid 1930
06-02 16:38:03.246 W/lla.fenix.debu( 8940): Unexpected CPU variant for X86 using defaults: x86
06-02 16:38:03.345 W/ActivityThread( 8940): Application org.mozilla.fenix.debug can be debugged on port 8100...
06-02 16:38:03.353 I/lla.fenix.debu( 8940): The ClassLoaderContext is a special shared library.
06-02 16:38:03.365 D/gralloc_ranchu( 1897): gralloc_unregister_buffer: exiting HostConnection (is buffer-handling thread)
06-02 16:38:03.366 D/        ( 1897): HostConnection::get() New Host Connection established 0xed7c3080, tid 1897
06-02 16:38:03.366 D/gralloc_ranchu( 1897): gralloc_unregister_buffer: exiting HostConnection (is buffer-handling thread)
06-02 16:38:03.367 D/        ( 1897): HostConnection::get() New Host Connection established 0xed7c3080, tid 1897
06-02 16:38:03.367 D/gralloc_ranchu( 1897): gralloc_unregister_buffer: exiting HostConnection (is buffer-handling thread)
06-02 16:38:03.367 D/        ( 1897): HostConnection::get() New Host Connection established 0xed7c3080, tid 1897
06-02 16:38:03.367 D/gralloc_ranchu( 1897): gralloc_unregister_buffer: exiting HostConnection (is buffer-handling thread)
06-02 16:38:03.370 D/EGL_emulation( 2402): eglMakeCurrent: 0xe1911c80: ver 3 0 (tinfo 0xc8cbe260)
06-02 16:38:03.375 D/        ( 1897): HostConnection::get() New Host Connection established 0xed7c3080, tid 1897
06-02 16:38:03.378 D/gralloc_ranchu( 1619): gralloc_alloc: Creating ashmem region of size 9334784
06-02 16:38:03.381 D/        ( 1728): HostConnection::get() New Host Connection established 0xe90dd200, tid 2107
06-02 16:38:03.381 D/gralloc_ranchu( 1728): gralloc_unregister_buffer: exiting HostConnection (is buffer-handling thread)
06-02 16:38:03.383 D/        ( 1728): HostConnection::get() New Host Connection established 0xe90dd200, tid 2107
06-02 16:38:03.383 D/gralloc_ranchu( 1728): gralloc_unregister_buffer: exiting HostConnection (is buffer-handling thread)
06-02 16:38:03.385 D/        ( 1728): HostConnection::get() New Host Connection established 0xe90dd200, tid 2107
06-02 16:38:03.385 D/gralloc_ranchu( 1728): gralloc_unregister_buffer: exiting HostConnection (is buffer-handling thread)
06-02 16:38:03.386 D/        ( 1728): HostConnection::get() New Host Connection established 0xe90dd200, tid 2107
06-02 16:38:03.387 D/gralloc_ranchu( 1728): gralloc_unregister_buffer: exiting HostConnection (is buffer-handling thread)
06-02 16:38:03.392 D/EGL_emulation( 2488): eglMakeCurrent: 0xe3385ae0: ver 3 0 (tinfo 0xe33838f0)
06-02 16:38:03.392 D/EGL_emulation( 2002): eglMakeCurrent: 0xe3385900: ver 3 0 (tinfo 0xe33839b0)
06-02 16:38:03.395 D/        ( 1728): HostConnection::get() New Host Connection established 0xe90dda00, tid 2107
06-02 16:38:03.395 D/gralloc_ranchu( 1728): gralloc_unregister_buffer: exiting HostConnection (is buffer-handling thread)
06-02 16:38:03.406 D/        ( 1728): HostConnection::get() New Host Connection established 0xe90dda00, tid 2107
06-02 16:38:03.407 D/gralloc_ranchu( 1728): gralloc_unregister_buffer: exiting HostConnection (is buffer-handling thread)
06-02 16:38:03.408 D/        ( 1728): HostConnection::get() New Host Connection established 0xe90dda00, tid 2107
06-02 16:38:03.408 D/EGL_emulation( 2002): eglMakeCurrent: 0xe3385900: ver 3 0 (tinfo 0xe33839b0)
06-02 16:38:03.412 D/gralloc_ranchu( 1728): gralloc_unregister_buffer: exiting HostConnection (is buffer-handling thread)
06-02 16:38:03.414 D/        ( 1728): HostConnection::get() New Host Connection established 0xe90dda00, tid 2107
06-02 16:38:03.415 D/gralloc_ranchu( 1728): gralloc_unregister_buffer: exiting HostConnection (is buffer-handling thread)
06-02 16:38:03.416 D/EGL_emulation( 2002): eglMakeCurrent: 0xe3385900: ver 3 0 (tinfo 0xe33839b0)
06-02 16:38:03.504 I/chatty  ( 2002): uid=10024(com.android.systemui) RenderThread identical 9 lines
06-02 16:38:03.518 D/EGL_emulation( 2002): eglMakeCurrent: 0xe3385900: ver 3 0 (tinfo 0xe33839b0)
06-02 16:38:04.180 W/ctxmgr  ( 2473): [AclManager]No 2 for (accnt=account#-517948760#, com.google.android.gms(10008):IndoorOutdoorProducer, vrsn=13280000, 0, 3pPkg = null ,  3pMdlId = null ,  pid = 2473). Was: 3 for 57, account#-517948760#
06-02 16:38:04.214 I/droid.apps.doc( 8852): The ClassLoaderContext is a special shared library.
06-02 16:38:04.261 I/chatty  ( 8852): uid=10069(com.google.android.apps.docs) TaskSchedulerLo identical 2 lines
06-02 16:38:04.271 I/droid.apps.doc( 8852): The ClassLoaderContext is a special shared library.
06-02 16:38:04.298 V/NativeCrypto( 8852): Registering com/google/android/gms/org/conscrypt/NativeCrypto's 284 native methods...
06-02 16:38:04.340 D/NetworkSecurityConfig( 8852): No Network Security Config specified, using platform default
06-02 16:38:04.345 I/ProviderInstaller( 8852): Installed default security provider GmsCore_OpenSSL
06-02 16:38:04.534 D/FirebaseApp( 8940): Default FirebaseApp failed to initialize because no default options were found. This usually means that com.google.gms:google-services was not applied to your gradle project.
06-02 16:38:04.534 I/FirebaseInitProvider( 8940): FirebaseApp initialization unsuccessful
06-02 16:38:04.675 D/FenixApplication( 8940): Initializing Glean (uploadEnabled=true, isFennec=false)
06-02 16:38:04.706 D/RustNativeSupport( 8940): findMegazordLibraryName(viaduct, 0.59.0
06-02 16:38:04.706 D/RustNativeSupport( 8940): lib in use: none
06-02 16:38:04.706 D/RustNativeSupport( 8940): lib configured: megazord
06-02 16:38:04.707 D/RustNativeSupport( 8940): lib version configured: 0.59.0
06-02 16:38:04.707 D/RustNativeSupport( 8940): settled on megazord
06-02 16:38:04.794 D/libglean_ffi( 8940): glean_ffi: Android logging should be hooked up!
06-02 16:38:04.799 I/glean/Glean( 8940): Registering pings for mozilla.telemetry.glean.GleanMetrics.Pings
06-02 16:38:04.804 I/libglean_ffi( 8940): glean_core: Creating new Glean
06-02 16:38:04.804 D/libglean_ffi( 8940): glean_core::database: Database path: "/data/user/0/org.mozilla.fenix.debug/glean_data/db"
06-02 16:38:04.804 D/RustNativeSupport( 8940): findMegazordLibraryName(rustlog, 0.59.0
06-02 16:38:04.804 D/RustNativeSupport( 8940): lib in use: none
06-02 16:38:04.805 D/RustNativeSupport( 8940): lib configured: megazord
06-02 16:38:04.805 D/RustNativeSupport( 8940): lib version configured: 0.59.0
06-02 16:38:04.805 D/RustNativeSupport( 8940): settled on megazord
06-02 16:38:04.805 I/libglean_ffi( 8940): glean_core::database: Database initialized
06-02 16:38:04.812 I/rc_log_ffi::ios( 8940): rc_log adapter initialized!
06-02 16:38:04.840 I/libglean_ffi( 8940): glean_ffi: Glean initialized
06-02 16:38:04.875 I/GeckoRuntime( 8940): Adding debug configuration from: /data/local/tmp/org.mozilla.fenix.debug-geckoview-config.yaml
06-02 16:38:04.876 D/GeckoDebugConfig( 8940): Adding environment variables from debug config: {MOZ_CRASHREPORTER=1, MOZ_CRASHREPORTER_NO_REPORT=1, MOZ_CRASHREPORTER_SHUTDOWN=1}
06-02 16:38:04.876 D/GeckoDebugConfig( 8940): Adding arguments from debug config: [-marionette, -profile, /mnt/sdcard/org.mozilla.fenix.debug-geckodriver-profile]
06-02 16:38:04.877 D/GeckoThread( 8940): State changed to LAUNCHED
06-02 16:38:04.878 I/GeckoThread( 8940): preparing to run Gecko
06-02 16:38:04.879 D/GeckoThread( 8940): env var: MOZ_CRASHREPORTER=1
06-02 16:38:04.879 D/GeckoThread( 8940): env var: MOZ_CRASHREPORTER_NO_REPORT=1
06-02 16:38:04.879 D/GeckoThread( 8940): env var: MOZ_CRASHREPORTER_SHUTDOWN=1
06-02 16:38:04.911 D/GeckoThread( 8940): State changed to MOZGLUE_READY
06-02 16:38:04.914 D/GeckoRuntime( 8940): Lifecycle: onCreate
06-02 16:38:04.936 I/glean/MetricsPingSched( 8940): The application just updated. Send metrics ping now.
06-02 16:38:04.947 W/Settings( 8940): Setting animator_duration_scale has moved from android.provider.Settings.System to android.provider.Settings.Global, returning read-only global URI.
06-02 16:38:04.952 E/GeckoLibLoad( 8940): Load sqlite start
06-02 16:38:04.983 E/GeckoLibLoad( 8940): Load sqlite done
06-02 16:38:04.983 E/GeckoLibLoad( 8940): Load nss start
06-02 16:38:04.983 E/GeckoLibLoad( 8940): Load nss done
06-02 16:38:04.996 I/glean/MetricsPingSched( 8940): Collecting the 'metrics' ping, now = Tue Jun 02 16:38:04 EDT 2020, startup = true, reason = upgrade
06-02 16:38:05.031 E/GeckoLibLoad( 8940): Loaded libs in 47.602025ms total, 10ms(70ms) user, 30ms(40ms) system, 0(0) faults
06-02 16:38:05.031 D/GeckoThread( 8940): State changed to LIBS_READY
06-02 16:38:05.031 I/libglean_ffi( 8940): glean_core::ping: Collecting metrics
06-02 16:38:05.031 I/libglean_ffi( 8940): glean_core::ping: Storage for metrics empty. Bailing out.
06-02 16:38:05.031 I/libglean_ffi( 8940): glean_core: No content for ping 'metrics', therefore no ping queued.
06-02 16:38:05.040 D/glean/MetricsPingSched( 8940): Scheduling the 'metrics' ping in 40915085ms
06-02 16:38:05.043 W/GeckoThread( 8940): zerdatime 4649175 - runGecko
06-02 16:38:05.049 D/GeckoProfile( 8940): Loading profile at: null name: default
06-02 16:38:05.050 D/GeckoProfile( 8940): Created new profile dir.
06-02 16:38:05.051 I/GeckoProfile( 8940): Enqueuing profile init.
06-02 16:38:05.054 D/GeckoProfile( 8940): Found profile dir: /data/user/0/org.mozilla.fenix.debug/files/mozilla/qy7f9y6n.default
06-02 16:38:05.054 D/GeckoProfile( 8940): Attempting to write new client ID properties
06-02 16:38:05.057 D/GeckoProfile( 8940): Creating profile dir: /data/user/0/org.mozilla.fenix.debug/files/mozilla/qy7f9y6n.default
06-02 16:38:05.077 D/LeakCanary( 8940): Updated AppWatcher.config: Config(no changes)
06-02 16:38:05.088 I/Gecko:DumpUtils( 8940): Fifo watcher disabled via pref.
06-02 16:38:05.113 D/GeckoSysInfo( 8940): System memory: 1494MB.
06-02 16:38:05.113 W/lla.fenix.debu( 8940): Accessing hidden method Landroid/os/MessageQueue;->next()Landroid/os/Message; (light greylist, JNI)
06-02 16:38:05.113 D/LeakCanary( 8940): Updated LeakCanary.config: Config(no changes)
06-02 16:38:05.114 D/StrictMode( 8940): StrictMode policy violation: android.os.strictmode.NonSdkApiUsedViolation: Landroid/os/MessageQueue;->next()Landroid/os/Message;
06-02 16:38:05.114 D/StrictMode( 8940): 	at android.os.StrictMode.lambda$static$1(StrictMode.java:428)
06-02 16:38:05.114 D/StrictMode( 8940): 	at android.os.-$$Lambda$StrictMode$lu9ekkHJ2HMz0jd3F8K8MnhenxQ.accept(Unknown Source:2)
06-02 16:38:05.114 D/StrictMode( 8940): 	at org.mozilla.gecko.mozglue.GeckoLoader.nativeRun(Native Method)
06-02 16:38:05.114 D/StrictMode( 8940): 	at org.mozilla.gecko.GeckoThread.run(GeckoThread.java:449)
06-02 16:38:05.114 W/lla.fenix.debu( 8940): Accessing hidden field Landroid/os/MessageQueue;->mMessages:Landroid/os/Message; (light greylist, JNI)
06-02 16:38:05.115 D/StrictMode( 8940): StrictMode policy violation: android.os.strictmode.NonSdkApiUsedViolation: Landroid/os/MessageQueue;->mMessages:Landroid/os/Message;
06-02 16:38:05.115 D/StrictMode( 8940): 	at android.os.StrictMode.lambda$static$1(StrictMode.java:428)
06-02 16:38:05.115 D/StrictMode( 8940): 	at android.os.-$$Lambda$StrictMode$lu9ekkHJ2HMz0jd3F8K8MnhenxQ.accept(Unknown Source:2)
06-02 16:38:05.115 D/StrictMode( 8940): 	at org.mozilla.gecko.mozglue.GeckoLoader.nativeRun(Native Method)
06-02 16:38:05.115 D/StrictMode( 8940): 	at org.mozilla.gecko.GeckoThread.run(GeckoThread.java:449)
06-02 16:38:05.117 W/lla.fenix.debu( 8940): Accessing hidden field Ljava/lang/Boolean;->value:Z (light greylist, JNI)
06-02 16:38:05.117 D/StrictMode( 8940): StrictMode policy violation: android.os.strictmode.NonSdkApiUsedViolation: Ljava/lang/Boolean;->value:Z
06-02 16:38:05.117 D/StrictMode( 8940): 	at android.os.StrictMode.lambda$static$1(StrictMode.java:428)
06-02 16:38:05.117 D/StrictMode( 8940): 	at android.os.-$$Lambda$StrictMode$lu9ekkHJ2HMz0jd3F8K8MnhenxQ.accept(Unknown Source:2)
06-02 16:38:05.117 D/StrictMode( 8940): 	at org.mozilla.gecko.mozglue.GeckoLoader.nativeRun(Native Method)
06-02 16:38:05.117 D/StrictMode( 8940): 	at org.mozilla.gecko.GeckoThread.run(GeckoThread.java:449)
06-02 16:38:05.117 W/lla.fenix.debu( 8940): Accessing hidden field Ljava/lang/Integer;->value:I (light greylist, JNI)
06-02 16:38:05.118 D/StrictMode( 8940): StrictMode policy violation: android.os.strictmode.NonSdkApiUsedViolation: Ljava/lang/Integer;->value:I
06-02 16:38:05.118 D/StrictMode( 8940): 	at android.os.StrictMode.lambda$static$1(StrictMode.java:428)
06-02 16:38:05.118 D/StrictMode( 8940): 	at android.os.-$$Lambda$StrictMode$lu9ekkHJ2HMz0jd3F8K8MnhenxQ.accept(Unknown Source:2)
06-02 16:38:05.118 D/StrictMode( 8940): 	at org.mozilla.gecko.mozglue.GeckoLoader.nativeRun(Native Method)
06-02 16:38:05.118 D/StrictMode( 8940): 	at org.mozilla.gecko.GeckoThread.run(GeckoThread.java:449)
06-02 16:38:05.118 W/lla.fenix.debu( 8940): Accessing hidden field Ljava/lang/Double;->value:D (light greylist, JNI)
06-02 16:38:05.119 D/StrictMode( 8940): StrictMode policy violation: android.os.strictmode.NonSdkApiUsedViolation: Ljava/lang/Double;->value:D
06-02 16:38:05.119 D/StrictMode( 8940): 	at android.os.StrictMode.lambda$static$1(StrictMode.java:428)
06-02 16:38:05.119 D/StrictMode( 8940): 	at android.os.-$$Lambda$StrictMode$lu9ekkHJ2HMz0jd3F8K8MnhenxQ.accept(Unknown Source:2)
06-02 16:38:05.119 D/StrictMode( 8940): 	at org.mozilla.gecko.mozglue.GeckoLoader.nativeRun(Native Method)
06-02 16:38:05.119 D/StrictMode( 8940): 	at org.mozilla.gecko.GeckoThread.run(GeckoThread.java:449)
06-02 16:38:05.120 D/GeckoThread( 8940): State changed to JNI_READY
06-02 16:38:05.120 D/App     ( 8940): DebugMetricController: start
06-02 16:38:05.120 D/App     ( 8940): DebugMetricController: start
06-02 16:38:05.122 W/PushConfig( 8940): No firebase configuration found; cannot support push service.
06-02 16:38:05.174 D/ServiceAllocator( 8940): org.mozilla.gecko.process.GeckoChildProcessServices$tab0 updateBindings: BACKGROUND priority, 0 importance, 2 successful binds, 0 failed binds, 0 successful unbinds, 0 failed unbinds
06-02 16:38:05.189 D/StrictMode( 8940): StrictMode policy violation; ~duration=351 ms: android.os.strictmode.DiskReadViolation
06-02 16:38:05.189 D/StrictMode( 8940): 	at android.os.StrictMode$AndroidBlockGuardPolicy.onReadFromDisk(StrictMode.java:1504)
06-02 16:38:05.189 D/StrictMode( 8940): 	at java.io.FileInputStream.<init>(FileInputStream.java:163)
06-02 16:38:05.189 D/StrictMode( 8940): 	at org.mozilla.gecko.util.DebugConfig.fromFile(DebugConfig.java:49)
06-02 16:38:05.189 D/StrictMode( 8940): 	at org.mozilla.geckoview.GeckoRuntime.init(GeckoRuntime.java:363)
06-02 16:38:05.189 D/StrictMode( 8940): 	at org.mozilla.geckoview.GeckoRuntime.create(GeckoRuntime.java:574)
06-02 16:38:05.189 D/StrictMode( 8940): 	at GeckoProvider.createRuntime(GeckoProvider.kt:58)
06-02 16:38:05.189 D/StrictMode( 8940): 	at GeckoProvider.getOrCreateRuntime(GeckoProvider.kt:28)
06-02 16:38:05.189 D/StrictMode( 8940): 	at org.mozilla.fenix.components.Core$engine$2.invoke(Core.kt:79)
06-02 16:38:05.189 D/StrictMode( 8940): 	at org.mozilla.fenix.components.Core$engine$2.invoke(Core.kt:57)
06-02 16:38:05.189 D/StrictMode( 8940): 	at kotlin.SynchronizedLazyImpl.getValue(LazyJVM.kt:74)
06-02 16:38:05.189 D/StrictMode( 8940): 	at org.mozilla.fenix.components.Core.getEngine(Unknown Source:7)
06-02 16:38:05.189 D/StrictMode( 8940): 	at org.mozilla.fenix.FenixApplication.setupInMainProcessOnly(FenixApplication.kt:128)
06-02 16:38:05.189 D/StrictMode( 8940): 	at org.mozilla.fenix.FenixApplication.onCreate(FenixApplication.kt:90)
06-02 16:38:05.189 D/StrictMode( 8940): 	at android.app.Instrumentation.callApplicationOnCreate(Instrumentation.java:1154)
06-02 16:38:05.189 D/StrictMode( 8940): 	at android.app.ActivityThread.handleBindApplication(ActivityThread.java:5871)
06-02 16:38:05.189 D/StrictMode( 8940): 	at android.app.ActivityThread.access$1100(ActivityThread.java:199)
06-02 16:38:05.189 D/StrictMode( 8940): 	at android.app.ActivityThread$H.handleMessage(ActivityThread.java:1650)
06-02 16:38:05.189 D/StrictMode( 8940): 	at android.os.Handler.dispatchMessage(Handler.java:106)
06-02 16:38:05.189 D/StrictMode( 8940): 	at android.os.Looper.loop(Looper.java:193)
06-02 16:38:05.189 D/StrictMode( 8940): 	at android.app.ActivityThread.main(ActivityThread.java:6669)
06-02 16:38:05.189 D/StrictMode( 8940): 	at java.lang.reflect.Method.invoke(Native Method)
06-02 16:38:05.189 D/StrictMode( 8940): 	at com.android.internal.os.RuntimeInit$MethodAndArgsCaller.run(RuntimeInit.java:493)
06-02 16:38:05.189 D/StrictMode( 8940): 	at com.android.internal.os.ZygoteInit.main(ZygoteInit.java:858)
06-02 16:38:05.194 D/StrictMode( 8940): StrictMode policy violation; ~duration=336 ms: android.os.strictmode.DiskReadViolation
06-02 16:38:05.194 D/StrictMode( 8940): 	at android.os.StrictMode$AndroidBlockGuardPolicy.onReadFromDisk(StrictMode.java:1504)
06-02 16:38:05.194 D/StrictMode( 8940): 	at libcore.io.BlockGuardOs.read(BlockGuardOs.java:253)
06-02 16:38:05.194 D/StrictMode( 8940): 	at libcore.io.IoBridge.read(IoBridge.java:501)
