06-02 16:38:25.016 D/StrictMode( 9156): 	at android.view.Choreographer$CallbackRecord.run(Choreographer.java:949)
06-02 16:38:25.016 D/StrictMode( 9156): 	at android.view.Choreographer.doCallbacks(Choreographer.java:761)
06-02 16:38:25.016 D/StrictMode( 9156): 	at android.view.Choreographer.doFrame(Choreographer.java:696)
06-02 16:38:25.016 D/StrictMode( 9156): 	at android.view.Choreographer$FrameDisplayEventReceiver.run(Choreographer.java:935)
06-02 16:38:25.016 D/StrictMode( 9156): 	at android.os.Handler.handleCallback(Handler.java:873)
06-02 16:38:25.016 D/StrictMode( 9156): 	at android.os.Handler.dispatchMessage(Handler.java:99)
06-02 16:38:25.016 D/StrictMode( 9156): 	at android.os.Looper.loop(Looper.java:193)
06-02 16:38:25.016 D/StrictMode( 9156): 	at android.app.ActivityThread.main(ActivityThread.java:6669)
06-02 16:38:25.016 D/StrictMode( 9156): 	at java.lang.re
06-02 16:38:25.028 D/GeckoNetworkManager( 9156): Incoming event receivedUpdate for state OnWithListeners -> OnWithListeners
06-02 16:38:25.029 D/GeckoNetworkManager( 9156): New network state: UP, WIFI, WIFI
06-02 16:38:25.051 D/EGL_emulation( 9156): eglMakeCurrent: 0xe33868c0: ver 3 0 (tinfo 0xb35fe0f0)
06-02 16:38:25.069 D/GeckoViewStartup( 9156): onEvent GeckoView:SetLocale
06-02 16:38:25.070 D/GeckoViewStartup( 9156): onEvent GeckoView:ResetUserPrefs
06-02 16:38:25.080 I/ActivityManager( 1869): Displayed org.mozilla.fenix.debug/.App: +1s708ms
06-02 16:38:25.082 I/GoogleInputMethod( 1996): onFinishInput() : Dummy InputConnection bound
06-02 16:38:25.082 I/GoogleInputMethod( 1996): onStartInput() : Dummy InputConnection bound
06-02 16:38:25.082 D/glean/PingUploadWorker( 9156): Processing persisted pings at /data/user/0/org.mozilla.fenix.debug/glean_data/pending_pings
06-02 16:38:25.083 D/glean/PingUploadWorker( 9156): Processing ping: df517eba-b482-412e-a056-0d6679710e3c
06-02 16:38:25.088 E/adbd    ( 4408): failed to connect to socket 'tcp:2829': Connection refused
06-02 16:38:25.091 D/GeckoViewRemoteDebugger( 9156): onInit
06-02 16:38:25.092 D/GeckoViewConsole( 9156): enabled = false
06-02 16:38:25.092 D/glean/ConceptFetchHttpUploader( 9156): Submitting ping to: https://incoming.telemetry.mozilla.org/submit/org-mozilla-fenix-debug/baseline/1/df517eba-b482-412e-a056-0d6679710e3c
06-02 16:38:25.134 D/GeckoViewStartup( 9156): onEvent GeckoView:SetLocale
06-02 16:38:25.135 D/GeckoViewStartup( 9156): onEvent GeckoView:SetDefaultPrefs
06-02 16:38:25.138 W/SurfaceFlinger( 1728): couldn't log to binary event log: overflow.
06-02 16:38:25.149 D/GeckoViewStartup( 9156): onEvent GeckoView:SetDefaultPrefs
06-02 16:38:25.153 D/StrictMode( 9156): StrictMode policy violation; ~duration=24 ms: android.os.strictmode.DiskReadViolation
06-02 16:38:25.153 D/StrictMode( 9156): 	at android.os.StrictMode$AndroidBlockGuardPolicy.onReadFromDisk(StrictMode.java:1504)
06-02 16:38:25.153 D/StrictMode( 9156): 	at java.io.UnixFileSystem.checkAccess(UnixFileSystem.java:251)
06-02 16:38:25.153 D/StrictMode( 9156): 	at java.io.File.exists(File.java:815)
06-02 16:38:25.153 D/StrictMode( 9156): 	at android.app.ContextImpl.ensurePrivateDirExists(ContextImpl.java:605)
06-02 16:38:25.153 D/StrictMode( 9156): 	at android.app.ContextImpl.ensurePrivateDirExists(ContextImpl.java:596)
06-02 16:38:25.153 D/StrictMode( 9156): 	at android.app.ContextImpl.getFilesDir(ContextImpl.java:641)
06-02 16:38:25.153 D/StrictMode( 9156): 	at android.content.ContextWrapper.getFilesDir(ContextWrapper.java:239)
06-02 16:38:25.153 D/StrictMode( 9156): 	at mozilla.components.feature.tab.collections.TabCollectionStorage.<init>(TabCollectionStorage.kt:29)
06-02 16:38:25.153 D/StrictMode( 9156): 	at org.mozilla.fenix.components.TabCollectionStorage$collectionStorage$2.invoke(TabCollectionStorage.kt:52)
06-02 16:38:25.153 D/StrictMode( 9156): 	at org.mozilla.fenix.components.TabCollectionStorage$collectionStorage$2.invoke(TabCollectionStorage.kt:23)
06-02 16:38:25.153 D/StrictMode( 9156): 	at kotlin.SynchronizedLazyImpl.getValue(LazyJVM.kt:74)
06-02 16:38:25.153 D/StrictMode( 9156): 	at org.mozilla.fenix.components.TabCollectionStorage.getCollectionStorage(Unknown Source:7)
06-02 16:38:25.153 D/StrictMode( 9156): 	at org.mozilla.fenix.components.TabCollectionStorage.getCollections(TabCollectionStorage.kt:70)
06-02 16:38:25.153 D/StrictMode( 9156): 	at org.mozilla.fenix.components.TabCollectionStorage.getCollections$default(TabCollectionStorage.kt:69)
06-02 16:38:25.153 D/StrictMode( 9156): 	at org.mozilla.fenix.home.HomeFragment.subscribeToTabCollections(HomeFragment.kt:750)
06-02 16:38:25.153 D/StrictMode( 9156): 	at org.mozilla.fenix.home.HomeFragment.onStart(HomeFragment.kt:404)
06-02 16:38:25.153 D/StrictMode( 9156): 	at androidx.fragment.app.Fragment.performStart(Fragment.java:2730)
06-02 16:38:25.153 D/StrictMode( 9156): 	at androidx.fragment.app.FragmentStateManager.start(FragmentStateManager.java:365)
06-02 16:38:25.153 D/StrictMode( 9156): 	at androidx.fragment.app.FragmentManager.moveToState(FragmentManager.java:1194)
06-02 16:38:25.153 D/StrictMode( 9156): 	at androidx.fragment.app.FragmentManager.moveToState(FragmentManager.java:1356)
06-02 16:38:25.153 D/StrictMode( 9156): 	at androidx.fragment.app.FragmentManager.moveFragmentToExpectedState(FragmentManager.java:1434)
06-02 16:38:25.153 D/StrictMode( 9156): 	at androidx.fragment.app.FragmentManager.moveToState(FragmentManager.java:1497)
06-02 16:38:25.153 D/StrictMode( 9156): 	at androidx.fragment.app.FragmentManager.completeExecute(FragmentManager.java:2125)
06-02 16:38:25.153 D/StrictMode( 9156): 	at androidx.fragment.app.FragmentManager$StartEnterTransitionListener.completeTransaction(FragmentManager.java:3022)
06-02 16:38:25.153 D/StrictMode( 9156): 	at androidx.fragment.app.FragmentManager.executePostponedTransaction(FragmentManager.java:1895)
06-02 16:38:25.153 D/StrictMode( 9156): 	at androidx.fragment.app.FragmentManager.ensureExecReady(FragmentManager.java:1803)
06-02 16:38:25.153 D/StrictMode( 9156): 	at androidx.fragment.app.FragmentManager.execPendingActions(FragmentManager.java:1843)
06-02 16:38:25.153 D/StrictMode( 9156): 	at androidx.fragment.app.FragmentManager$4.run(FragmentManager.java:413)
06-02 16:38:25.153 D/StrictMode( 9156): 	at android.os.Handler.handleCallback(Handler.java:873)
06-02 16:38:25.153 D/StrictMode( 9156): 	at android.os.Handler.dispatchMessage(Handler.java:99)
06-02 16:38:25.153 D/StrictMode( 9156): 	at android.os.Looper.loop(Looper.java:193)
06-02 16:38:25.153 D/StrictMode( 9156): 	at android.app.ActivityThread.main(ActivityThread.java:6669)
06-02 16:38:25.153 D/StrictMode( 9156): 	at java.lang.reflect.Method.invoke(Native Method)
06-02 16:38:25.153 D/StrictMode( 9156): 	at com.android.internal.os.RuntimeInit$MethodAndArgsCaller.run(RuntimeInit.java:493)
06-02 16:38:25.153 D/StrictMode( 9156): 	at com.android.internal.os.ZygoteInit.main(ZygoteInit.java:858)
06-02 16:38:25.159 D/GeckoViewStartup( 9156): onEvent GeckoView:SetDefaultPrefs
06-02 16:38:25.184 I/chatty  ( 9156): uid=10099(org.mozilla.fenix.debug) identical 1 line
06-02 16:38:25.187 D/GeckoViewStartup( 9156): onEvent GeckoView:SetDefaultPrefs
06-02 16:38:25.190 E/adbd    ( 4408): failed to connect to socket 'tcp:2829': Connection refused
06-02 16:38:25.209 D/GeckoViewStartup( 9156): onEvent GeckoView:SetDefaultPrefs
06-02 16:38:25.230 W/ctxmgr  ( 2473): [AclManager]No 2 for (accnt=account#-517948760#, com.google.android.gms(10008):IndoorOutdoorProducer, vrsn=13280000, 0, 3pPkg = null ,  3pMdlId = null ,  pid = 2473). Was: 3 for 57, account#-517948760#
06-02 16:38:25.244 D/gralloc_ranchu( 1869): gralloc_unregister_buffer: exiting HostConnection (is buffer-handling thread)
06-02 16:38:25.245 D/        ( 1869): HostConnection::get() New Host Connection established 0xcb8a3340, tid 1930
06-02 16:38:25.246 D/gralloc_ranchu( 1869): gralloc_unregister_buffer: exiting HostConnection (is buffer-handling thread)
06-02 16:38:25.247 W/SurfaceFlinger( 1728): Attempting to set client state on removed layer: Splash Screen org.mozilla.fenix.debug#0
06-02 16:38:25.247 W/SurfaceFlinger( 1728): Attempting to destroy on removed layer: Splash Screen org.mozilla.fenix.debug#0
06-02 16:38:25.250 I/PBSessionCacheImpl( 2402): Deleted sessionId[359508686711] from persistence.
06-02 16:38:25.253 W/SearchService( 2402): Abort, client detached.
06-02 16:38:25.259 D/gralloc_ranchu( 1897): gralloc_unregister_buffer: exiting HostConnection (is buffer-handling thread)
06-02 16:38:25.260 D/        ( 1897): HostConnection::get() New Host Connection established 0xed7c3080, tid 1897
06-02 16:38:25.260 D/gralloc_ranchu( 1897): gralloc_unregister_buffer: exiting HostConnection (is buffer-handling thread)
06-02 16:38:25.265 D/        ( 1897): HostConnection::get() New Host Connection established 0xed7c3080, tid 1897
06-02 16:38:25.293 E/adbd    ( 4408): failed to connect to socket 'tcp:2829': Connection refused
06-02 16:38:25.302 D/GeckoViewStartup( 9156): onEvent GeckoView:SetDefaultPrefs
06-02 16:38:25.318 I/chatty  ( 9156): uid=10099(org.mozilla.fenix.debug) identical 3 lines
06-02 16:38:25.319 D/GeckoViewStartup( 9156): onEvent GeckoView:SetDefaultPrefs
06-02 16:38:25.324 D/GeckoViewConsole( 9156): onEvent GeckoView:RegisterWebExtension {"allowContentMessaging":true,"id":"webcompat@mozilla.com","locationUri":"resource://android/assets/extensions/webcompat/"}
06-02 16:38:25.330 D/GeckoViewConsole( 9156): onEvent GeckoView:WebExtension:List null
06-02 16:38:25.331 D/GeckoViewConsole( 9156): onEvent GeckoView:RegisterWebExtension {"allowContentMessaging":true,"id":"mozacBrowserIcons","locationUri":"resource://android/assets/extensions/browser-icons/"}
06-02 16:38:25.332 D/GeckoViewConsole( 9156): onEvent GeckoView:RegisterWebExtension {"allowContentMessaging":true,"id":"mozacBrowserAds","locationUri":"resource://android/assets/extensions/ads/"}
06-02 16:38:25.333 D/GeckoViewConsole( 9156): onEvent GeckoView:RegisterWebExtension {"allowContentMessaging":true,"id":"BrowserCookiesExtension","locationUri":"resource://android/assets/extensions/cookies/"}
06-02 16:38:25.364 E/BatteryExternalStatsWorker( 1869): no controller energy info supplied for wifi
06-02 16:38:25.396 E/adbd    ( 4408): failed to connect to socket 'tcp:2829': Connection refused
06-02 16:38:25.415 I/ActivityManager( 1869): Fully drawn org.mozilla.fenix.debug/.App: +2s48ms
06-02 16:38:25.456 I/DefaultSupportedAddonsChecker( 9156): Register check for new supported add-ons
06-02 16:38:25.478 I/SupportedAddonsWorker( 9156): Trying to check for new supported add-ons
06-02 16:38:25.501 E/adbd    ( 4408): failed to connect to socket 'tcp:2829': Connection refused
06-02 16:38:25.554 D/App     ( 9156): Installed browser-icons extension
06-02 16:38:25.596 D/        ( 9156): HostConnection::get() New Host Connection established 0xcb89ecc0, tid 9185
06-02 16:38:25.597 E/EGL_emulation( 9156): tid 9185: eglBindAPI(1259): error 0x300c (EGL_BAD_PARAMETER)
06-02 16:38:25.599 D/EGL_emulation( 9156): eglCreateContext: 0xae25e060: maj 3 min 0 rcv 3
06-02 16:38:25.602 D/EGL_emulation( 9156): eglMakeCurrent: 0xae25e060: ver 3 0 (tinfo 0xaf7eb740)
06-02 16:38:25.604 E/adbd    ( 4408): failed to connect to socket 'tcp:2829': Connection refused
06-02 16:38:25.656 E/GeckoConsole( 9156): [JavaScript Error: "NetworkError when attempting to fetch resource."]
06-02 16:38:25.656 E/GeckoConsole( 9156): get@resource://services-settings/RemoteSettingsClient.jsm:350:12
06-02 16:38:25.710 E/adbd    ( 4408): failed to connect to socket 'tcp:2829': Connection refused
06-02 16:38:25.765 D/glean/ConceptFetchHttpUploader( 9156): Ping successfully sent (200)
06-02 16:38:25.766 D/glean/PingUploadWorker( 9156): df517eba-b482-412e-a056-0d6679710e3c was deleted: true
06-02 16:38:25.767 I/WM-WorkerWrapper( 9156): Worker result SUCCESS for Work [ id=0ef26001-ff6c-4e5f-aa78-4728cca0a169, tags={ mozilla.telemetry.glean.scheduler.PingUploadWorker, mozac_service_glean_ping_upload_worker } ]
06-02 16:38:25.786 W/GeckoConsole( 9156): [JavaScript Warning: "Security wrapper denied access to property "ONE_QUARTER" on privileged Javascript object. Support for exposing privileged objects to untrusted content via __exposedProps__ has been removed - use WebIDL bindings or Components.utils.cloneInto instead. Note that only the first denied property access from a given global object will be reported." {file: "moz-extension://0b97d1ec-4efa-4cee-bc30-34776dc45bb8/data/picture_in_picture_overrides.js" line: 26}]
06-02 16:38:25.805 D/BrowserIcons( 9156): Loaded icon (source = DOWNLOAD): https://www.wikipedia.org/
06-02 16:38:25.811 D/BrowserIcons( 9156): Loaded icon (source = DOWNLOAD): https://www.youtube.com/
06-02 16:38:25.814 E/adbd    ( 4408): failed to connect to socket 'tcp:2829': Connection refused
06-02 16:38:25.856 D/mozac-webcompat( 9156): Installed WebCompat webextension: webcompat@mozilla.com
06-02 16:38:25.918 E/adbd    ( 4408): failed to connect to socket 'tcp:2829': Connection refused
06-02 16:38:25.935 I/Gecko   ( 9156): 1591130305935	Marionette	INFO	Listening on port 2829
06-02 16:38:25.949 E/GeckoConsole( 9156): [JavaScript Error: "can't access property "startupData", state is undefined" {file: "resource://gre/modules/addons/XPIProvider.jsm" line: 3079}]
06-02 16:38:25.949 E/GeckoConsole( 9156): setStartupData@resource://gre/modules/addons/XPIProvider.jsm:3079:5
06-02 16:38:25.949 E/GeckoConsole( 9156): saveStartupData@resource://gre/modules/Extension.jsm:2035:17
06-02 16:38:25.949 E/GeckoConsole( 9156): _writePersistentListeners@resource://gre/modules/ExtensionCommon.jsm:2271:15
06-02 16:38:25.949 E/GeckoConsole( 9156): savePersistentListener@resource://gre/modules/ExtensionCommon.jsm:2362:18
06-02 16:38:25.949 E/GeckoConsole( 9156): addListener@resource://gre/modules/ExtensionCommon.jsm:2495:20
06-02 16:38:25.949 E/GeckoConsole( 9156): addListener@resource://gre/modules/ExtensionCommon.jsm:2550:38
06-02 16:38:25.949 E/GeckoConsole( 9156): recvAddListener@resource://gre/modules/ExtensionParent.jsm:1079:13
06-02 16:38:25.977 I/chatty  ( 9156): uid=10099(org.mozilla.fenix.debug) identical 24 lines
06-02 16:38:26.006 E/GeckoConsole( 9156): [JavaScript Error: "can't access property "startupData", state is undefined" {file: "resource://gre/modules/addons/XPIProvider.jsm" line: 3079}]
06-02 16:38:26.006 E/GeckoConsole( 9156): setStartupData@resource://gre/modules/addons/XPIProvider.jsm:3079:5
06-02 16:38:26.006 E/GeckoConsole( 9156): saveStartupData@resource://gre/modules/Extension.jsm:2035:17
06-02 16:38:26.006 E/GeckoConsole( 9156): _writePersistentListeners@resource://gre/modules/ExtensionCommon.jsm:2271:15
06-02 16:38:26.006 E/GeckoConsole( 9156): savePersistentListener@resource://gre/modules/ExtensionCommon.jsm:2362:18
06-02 16:38:26.006 E/GeckoConsole( 9156): addListener@resource://gre/modules/ExtensionCommon.jsm:2495:20
06-02 16:38:26.006 E/GeckoConsole( 9156): addListener@resource://gre/modules/ExtensionCommon.jsm:2550:38
06-02 16:38:26.006 E/GeckoConsole( 9156): recvAddListener@resource://gre/modules/ExtensionParent.jsm:1079:13
06-02 16:38:26.812 I/WM-WorkerWrapper( 9156): Worker result SUCCESS for Work [ id=460bd936-fd2a-47c2-be1a-4fee8bde7995, tags={ mozilla.components.feature.addons.migration.DefaultSupportedAddonsChecker.periodicWork, mozilla.components.feature.addons.migration.SupportedAddonsWorker } ]
06-02 16:38:28.256 I/EventLogSendingHelper( 2402): Sending log events.
06-02 16:38:30.021 I/FenixApplication( 9156): Kicking-off account manager...
06-02 16:38:30.022 I/FenixApplication( 9156): Running post-visual completeness tasks...
06-02 16:38:30.022 I/FenixApplication( 9156): Storage initialization...
06-02 16:38:30.024 I/PlacesHistoryStorage( 9156): Warming up places storage...
06-02 16:38:30.027 D/RustNativeSupport( 9156): findMegazordLibraryName(places, 0.59.0
06-02 16:38:30.027 D/RustNativeSupport( 9156): lib in use: none
06-02 16:38:30.027 D/RustNativeSupport( 9156): lib configured: megazord
06-02 16:38:30.027 D/RustNativeSupport( 9156): lib version configured: 0.59.0
06-02 16:38:30.027 D/RustNativeSupport( 9156): settled on megazord
06-02 16:38:30.028 I/FirefoxAccountStateMachine( 9156): Enabling/updating sync with a new SyncConfig: SyncConfig(supportedEngines=[mozilla.components.service.fxa.SyncEngine$History@623799a, mozilla.components.service.fxa.SyncEngine$Bookmarks@343e2cb, mozilla.components.service.fxa.SyncEngine$Passwords@7039aa8], syncPeriodInMinutes=240)
06-02 16:38:30.029 D/places_ffi( 9156): places_api_new
06-02 16:38:30.029 I/BgSyncManager( 9156): Periodic syncing enabled at a 240 interval
06-02 16:38:30.030 I/FirefoxAccountStateMachine( 9156): Sync is enabled
06-02 16:38:30.032 I/FenixApplication( 9156): 'Kicking-off account manager' took 10 ms
06-02 16:38:30.033 I/FirefoxAccountStateMachine( 9156): Processing event Init for state Start. Next state is Start
06-02 16:38:30.060 I/keystore( 1734): del USRPKEY_org.mozilla.fenix.debug 10099
06-02 16:38:30.061 I/keystore( 1734): del USRCERT_org.mozilla.fenix.debug 10099
06-02 16:38:30.061 I/keystore( 1734): del CACERT_org.mozilla.fenix.debug 10099
06-02 16:38:30.085 D/places::db::schema( 9156): Creating schema
06-02 16:38:30.085 I/FirefoxAccountStateMachine( 9156): Ran 'Init' side-effects for state Start, got successive event AccountNotFound
06-02 16:38:30.085 I/FirefoxAccountStateMachine( 9156): Processing event AccountNotFound for state Start. Next state is NotAuthenticated
06-02 16:38:30.089 D/RustNativeSupport( 9156): findMegazordLibraryName(fxaclient, 0.59.0
06-02 16:38:30.089 D/RustNativeSupport( 9156): lib in use: none
06-02 16:38:30.089 D/RustNativeSupport( 9156): lib configured: megazord
06-02 16:38:30.089 D/RustNativeSupport( 9156): lib version configured: 0.59.0
06-02 16:38:30.089 D/RustNativeSupport( 9156): settled on megazord
06-02 16:38:30.090 D/fxaclient_ffi( 9156): fxa_new
06-02 16:38:30.092 W/FirefoxAccountStateMachine( 9156): Got invalid event Init for state NotAuthenticated.
06-02 16:38:30.112 D/sql_support::conn_ext( 9156): Transaction commited after 27.875555ms
06-02 16:38:30.112 D/places_ffi( 9156): places_connection_new
06-02 16:38:30.116 D/places_ffi( 9156): places_connection_new
06-02 16:38:30.117 I/PlacesHistoryStorage( 9156): 'Warming up places storage' took 92 ms
06-02 16:38:30.118 I/PlacesBookmarksStorage( 9156): Warming up places storage...
06-02 16:38:30.118 D/places_ffi( 9156): places_connection_new
06-02 16:38:30.152 I/PlacesBookmarksStorage( 9156): 'Warming up places storage' took 33 ms
06-02 16:38:30.175 I/keystore( 1734): 1 0
06-02 16:38:30.182 I/SyncableLoginsStorage( 9156): Warming up storage...
06-02 16:38:30.190 D/RustNativeSupport( 9156): findMegazordLibraryName(logins, 0.59.0
06-02 16:38:30.190 D/RustNativeSupport( 9156): lib in use: none
06-02 16:38:30.190 D/RustNativeSupport( 9156): lib configured: megazord
06-02 16:38:30.190 D/RustNativeSupport( 9156): lib version configured: 0.59.0
06-02 16:38:30.190 D/RustNativeSupport( 9156): settled on megazord
06-02 16:38:30.192 D/logins_ffi( 9156): sync15_passwords_state_new
06-02 16:38:30.195 D/logins::schema( 9156): Creating schema
06-02 16:38:30.242 W/ctxmgr  ( 2473): [AclManager]No 2 for (accnt=account#-517948760#, com.google.android.gms(10008):IndoorOutdoorProducer, vrsn=13280000, 0, 3pPkg = null ,  3pMdlId = null ,  pid = 2473). Was: 3 for 57, account#-517948760#
06-02 16:38:30.288 I/SyncableLoginsStorage( 9156): 'Warming up storage' took 105 ms
06-02 16:38:30.288 I/FenixApplication( 9156): 'Storage initialization' took 265 ms
06-02 16:38:30.301 D/EGL_emulation( 2002): eglMakeCurrent: 0xe3385900: ver 3 0 (tinfo 0xe33839b0)
06-02 16:38:33.287 I/EventLogSendingHelper( 2402): Sending log events.
06-02 16:38:35.144 E/memtrack( 1869): Couldn't load memtrack module
06-02 16:38:35.144 W/android.os.Debug( 1869): failed to get memory consumption info: -1
06-02 16:38:35.160 E/memtrack( 1869): Couldn't load memtrack module
06-02 16:38:35.160 W/android.os.Debug( 1869): failed to get memory consumption info: -1
06-02 16:38:35.258 W/ctxmgr  ( 2473): [AclManager]No 2 for (accnt=account#-517948760#, com.google.android.gms(10008):IndoorOutdoorProducer, vrsn=13280000, 0, 3pPkg = null ,  3pMdlId = null ,  pid = 2473). Was: 3 for 57, account#-517948760#
06-02 16:38:40.266 W/ctxmgr  ( 2473): [AclManager]No 2 for (accnt=account#-517948760#, com.google.android.gms(10008):IndoorOutdoorProducer, vrsn=13280000, 0, 3pPkg = null ,  3pMdlId = null ,  pid = 2473). Was: 3 for 57, account#-517948760#
06-02 16:38:42.115 E/netmgr  ( 1826): Failed to open QEMU pipe 'qemud:network': Invalid argument
06-02 16:38:42.116 E/netmgr  ( 1826): WifiForwarder unable to open QEMU pipe: Invalid argument
06-02 16:38:42.976 I/ActivityManager( 1869): Force stopping org.mozilla.fenix.debug appid=10099 user=0: clear data
06-02 16:38:42.976 I/ActivityManager( 1869): Killing 9156:org.mozilla.fenix.debug/u0a99 (adj 0): stop org.mozilla.fenix.debug
06-02 16:38:42.978 W/libprocessgroup( 1869): kill(-9156, 9) failed: No such process
06-02 16:38:42.982 W/ActivityManager( 1869): Force removing ActivityRecord{39437d1 u0 org.mozilla.fenix.debug/.App t389}: app died, no saved state
06-02 16:38:42.984 I/ServiceChildProcess( 9201): Service has been unbound. Stopping.
06-02 16:38:42.996 I/ActivityManager( 1869): Killing 9201:org.mozilla.fenix.debug:tab0/u0a99 (adj 0): stop org.mozilla.fenix.debug
06-02 16:38:43.001 D/ZenLog  ( 1869): config: removeAutomaticZenRules,ZenModeConfig[user=0,allowAlarms=true,allowMedia=true,allowSystem=false,allowReminders=false,allowEvents=false,allowCalls=true,allowRepeatCallers=true,allowMessages=false,allowCallsFrom=stars,allowMessagesFrom=contacts,suppressedVisualEffects=511,areChannelsBypassingDnd=false,automaticRules={EVENTS_DEFAULT_RULE=ZenRule[enabled=false,snoozing=false,name=Event,zenMode=ZEN_MODE_IMPORTANT_INTERRUPTIONS,conditionId=condition://android/event?userId=-10000&calendar=&reply=1,condition=Condition[id=condition://android/event?userId=-10000&calendar=&reply=1,summary=...,line1=...,line2=...,icon=0,state=STATE_FALSE,flags=2],component=ComponentInfo{android/com.android.server.notification.EventConditionProvider},id=EVENTS_DEFAULT_RULE,creationTime=1587308662810,enabler=null], EVERY_NIGHT_DEFAULT_RULE=ZenRule[enabled=false,snoozing=false,name=Sleeping,zenMode=ZEN_MODE_IMPORTANT_INTERRUPTIONS,conditionId=condition://android/schedule?days=1.2.3.4.5.6.7&start=22.0&end=7.0&exitAtAlarm=true,condition=Condition[id=condition://android/schedule?days=1.2.3.4.5.6.7&start=22.0&end=7.0&exitAtAlarm=true,summary=...,line1=...,line2=...,icon=0,state=STATE_FALSE,flags=2],component=ComponentInfo{android/com.android.server.notification.ScheduleConditionProvider},id=EVERY_NIGHT_DEFAULT_RULE,creationTime=1587308662810,enabler=null]},manualRule=null],Diff[]
06-02 16:38:43.001 I/ConditionProviders( 1869): Disallowing condition provider org.mozilla.fenix.debug
06-02 16:38:43.001 D/ZenLog  ( 1869): set_zen_mode: off,removeAutomaticZenRules
06-02 16:38:43.002 E/memtrack( 1869): Couldn't load memtrack module
06-02 16:38:43.002 W/android.os.Debug( 1869): failed to get memory consumption info: -1
06-02 16:38:43.006 I/ActivityManager( 1869): Force stopping org.mozilla.fenix.debug appid=10099 user=-1: clearApplicationUserData
06-02 16:38:43.009 D/gralloc_ranchu( 1897): gralloc_unregister_buffer: exiting HostConnection (is buffer-handling thread)
06-02 16:38:43.010 D/        ( 1897): HostConnection::get() New Host Connection established 0xed7c3080, tid 1897
06-02 16:38:43.010 D/gralloc_ranchu( 1897): gralloc_unregister_buffer: exiting HostConnection (is buffer-handling thread)
06-02 16:38:43.010 D/        ( 1897): HostConnection::get() New Host Connection established 0xed7c3080, tid 1897
06-02 16:38:43.010 D/gralloc_ranchu( 1897): gralloc_unregister_buffer: exiting HostConnection (is buffer-handling thread)
06-02 16:38:43.010 D/        ( 1897): HostConnection::get() New Host Connection established 0xed7c3080, tid 1897
06-02 16:38:43.010 D/gralloc_ranchu( 1897): gralloc_unregister_buffer: exiting HostConnection (is buffer-handling thread)
06-02 16:38:43.011 D/        ( 1897): HostConnection::get() New Host Connection established 0xed7c3080, tid 1897
06-02 16:38:43.011 D/gralloc_ranchu( 1897): gralloc_unregister_buffer: exiting HostConnection (is buffer-handling thread)
06-02 16:38:43.011 D/        ( 1897): HostConnection::get() New Host Connection established 0xed7c3080, tid 1897
06-02 16:38:43.011 D/gralloc_ranchu( 1897): gralloc_unregister_buffer: exiting HostConnection (is buffer-handling thread)
06-02 16:38:43.016 D/        ( 1897): HostConnection::get() New Host Connection established 0xed7c3080, tid 1897
06-02 16:38:43.023 W/libprocessgroup( 1869): kill(-9156, 9) failed: No such process
06-02 16:38:43.025 D/gralloc_ranchu( 1619): gralloc_alloc: Creating ashmem region of size 9334784
06-02 16:38:43.041 D/gralloc_ranchu( 1619): gralloc_alloc: Creating ashmem region of size 9334784
06-02 16:38:43.045 I/keystore( 1734): clear_uid 10099
06-02 16:38:43.049 D/gralloc_ranchu( 1619): gralloc_alloc: Creating ashmem region of size 9334784
06-02 16:38:43.057 D/SurfaceFlinger( 1728): duplicate layer name: changing com.google.android.apps.nexuslauncher/com.google.android.apps.nexuslauncher.NexusLauncherActivity to com.google.android.apps.nexuslauncher/com.google.android.apps.nexuslauncher.NexusLauncherActivity#1
06-02 16:38:43.062 D/gralloc_ranchu( 1619): gralloc_alloc: Creating ashmem region of size 9334784
06-02 16:38:43.069 D/        ( 1728): HostConnection::get() New Host Connection established 0xe9a181c0, tid 1752
06-02 16:38:43.069 D/gralloc_ranchu( 1619): gralloc_alloc: Creating ashmem region of size 9334784
06-02 16:38:43.070 W/libprocessgroup( 1869): kill(-9156, 9) failed: No such process
06-02 16:38:43.071 E/system_server( 1869): No package ID 7f found for ID 0x7f0801a6.
06-02 16:38:43.071 E/system_server( 1869): No package ID 7f found for ID 0x7f13011d.
06-02 16:38:43.071 E/system_server( 1869): No package ID 7f found for ID 0x7f13011d.
06-02 16:38:43.071 E/system_server( 1869): No package ID 7f found for ID 0x7f0801a4.
06-02 16:38:43.071 E/system_server( 1869): No package ID 7f found for ID 0x7f13011c.
06-02 16:38:43.071 E/system_server( 1869): No package ID 7f found for ID 0x7f13011c.
06-02 16:38:43.073 I/GeofencerStateMachine( 2473): removeGeofences: removeRequest=RemoveGeofencingRequest[REMOVE_ALL packageName=org.mozilla.fenix.debug]
06-02 16:38:43.079 D/gralloc_ranchu( 1619): gralloc_alloc: Creating ashmem region of size 9334784
06-02 16:38:43.081 I/Zygote  ( 1729): Process 9201 exited due to signal (9)
06-02 16:38:43.087 D/CarrierSvcBindHelper( 2121): No carrier app for: 0
06-02 16:38:43.096 W/InputMethodManagerService( 1869): Got RemoteException sending setActive(false) notification to pid 9156 uid 10099
06-02 16:38:43.101 D/EGL_emulation( 2488): eglMakeCurrent: 0xe3385ae0: ver 3 0 (tinfo 0xe33838f0)
06-02 16:38:43.101 I/GoogleInputMethod( 1996): onFinishInput() : Dummy InputConnection bound
06-02 16:38:43.102 I/GoogleInputMethod( 1996): onStartInput() : Dummy InputConnection bound
06-02 16:38:43.103 D/EGL_emulation( 2402): eglMakeCurrent: 0xe1911c80: ver 3 0 (tinfo 0xc8cbe260)
06-02 16:38:43.104 W/InputDispatcher( 1869): channel '99fbb04 org.mozilla.fenix.debug/org.mozilla.fenix.debug.App (server)' ~ Consumer closed input channel or an error occurred.  events=0x9
06-02 16:38:43.104 E/InputDispatcher( 1869): channel '99fbb04 org.mozilla.fenix.debug/org.mozilla.fenix.debug.App (server)' ~ Channel is unrecoverably broken and will be disposed!
06-02 16:38:43.110 D/        ( 1728): HostConnection::get() New Host Connection established 0xe7e991c0, tid 2107
06-02 16:38:43.110 I/WindowManager( 1869): WIN DEATH: Window{99fbb04 u0 org.mozilla.fenix.debug/org.mozilla.fenix.debug.App}
06-02 16:38:43.110 W/InputDispatcher( 1869): Attempted to unregister already unregistered input channel '99fbb04 org.mozilla.fenix.debug/org.mozilla.fenix.debug.App (server)'
06-02 16:38:43.112 W/libprocessgroup( 1869): kill(-9156, 9) failed: No such process
06-02 16:38:43.112 D/gralloc_ranchu( 1728): gralloc_unregister_buffer: exiting HostConnection (is buffer-handling thread)
06-02 16:38:43.112 D/        ( 1728): HostConnection::get() New Host Connection established 0xe7e991c0, tid 2107
06-02 16:38:43.113 D/gralloc_ranchu( 1728): gralloc_unregister_buffer: exiting HostConnection (is buffer-handling thread)
06-02 16:38:43.113 D/        ( 1728): HostConnection::get() New Host Connection established 0xe90c9100, tid 2107
06-02 16:38:43.113 W/ActivityManager( 1869): setHasOverlayUi called on unknown pid: 9156
06-02 16:38:43.113 D/gralloc_ranchu( 1728): gralloc_unregister_buffer: exiting HostConnection (is buffer-handling thread)
06-02 16:38:43.113 D/        ( 1728): HostConnection::get() New Host Connection established 0xe90c9100, tid 2107
06-02 16:38:43.113 D/gralloc_ranchu( 1728): gralloc_unregister_buffer: exiting HostConnection (is buffer-handling thread)
06-02 16:38:43.118 W/SurfaceFlinger( 1728): Attempting to destroy on removed layer: AppWindowToken{97cb537 token=Token{bc3a236 ActivityRecord{39437d1 u0 org.mozilla.fenix.debug/.App t389}}}#0
06-02 16:38:43.118 W/SurfaceFlinger( 1728): Attempting to destroy on removed layer: Task=389#0
06-02 16:38:43.120 I/Zygote  ( 1729): Process 9156 exited due to signal (9)
06-02 16:38:43.124 D/vold    ( 1558): Remounting 10099 as mode read
06-02 16:38:43.132 D/EGL_emulation( 2002): eglMakeCurrent: 0xe3385900: ver 3 0 (tinfo 0xe33839b0)
06-02 16:38:43.144 I/LocationSettingsChecker( 2660): Removing dialog suppression flag for package org.mozilla.fenix.debug
06-02 16:38:43.145 W/SessionLifecycleManager( 2402): Handover failed. Creating new session controller.
06-02 16:38:43.148 D/EGL_emulation( 2002): eglMakeCurrent: 0xe3385900: ver 3 0 (tinfo 0xe33839b0)
06-02 16:38:43.149 W/libprocessgroup( 1869): kill(-9156, 9) failed: No such process
06-02 16:38:43.149 I/libprocessgroup( 1869): Successfully killed process cgroup uid 10099 pid 9156 in 170ms
06-02 16:38:43.152 D/EGL_emulation( 2002): eglMakeCurrent: 0xe3385900: ver 3 0 (tinfo 0xe33839b0)
06-02 16:38:43.157 I/ActivityManager( 1869): Force stopping org.mozilla.fenix.debug appid=10099 user=0: from pid 9326
06-02 16:38:43.160 D/CarrierSvcBindHelper( 2121): No carrier app for: 0
06-02 16:38:43.160 W/libprocessgroup( 1869): kill(-9201, 9) failed: No such process
06-02 16:38:43.160 I/libprocessgroup( 1869): Successfully killed process cgroup uid 10099 pid 9201 in 0ms
06-02 16:38:43.168 I/Icing   ( 2660): doRemovePackageData org.mozilla.fenix.debug
06-02 16:38:43.169 D/EGL_emulation( 2002): eglMakeCurrent: 0xe3385900: ver 3 0 (tinfo 0xe33839b0)
06-02 16:38:43.177 D/EGL_emulation( 2002): eglMakeCurrent: 0xe3385900: ver 3 0 (tinfo 0xe33839b0)
06-02 16:38:43.179 I/ProvidersCache( 4535): Provider returned no roots. Possibly naughty: com.google.android.apps.docs.storage
06-02 16:38:43.187 D/EGL_emulation( 2002): eglMakeCurrent: 0xe3385900: ver 3 0 (tinfo 0xe33839b0)
06-02 16:38:43.195 D/vold    ( 1558): Remounting 10099 as mode write
06-02 16:38:43.191 D/EGL_emulation( 2002): eglMakeCurrent: 0xe3385900: ver 3 0 (tinfo 0xe33839b0)
06-02 16:38:43.203 D/EGL_emulation( 2002): eglMakeCurrent: 0xe3385900: ver 3 0 (tinfo 0xe33839b0)
06-02 16:38:43.204 W/LocationOracle( 2402): No location history returned by ContextManager
06-02 16:38:43.207 D/EGL_emulation( 2002): eglMakeCurrent: 0xe3385900: ver 3 0 (tinfo 0xe33839b0)
06-02 16:38:43.228 V/SettingsProvider( 1869): Notifying for 0: content://settings/global/debug_app
06-02 16:38:43.239 I/chatty  ( 2002): uid=10024(com.android.systemui) RenderThread identical 3 lines
06-02 16:38:43.243 D/EGL_emulation( 2002): eglMakeCurrent: 0xe3385900: ver 3 0 (tinfo 0xe33839b0)
06-02 16:38:43.257 W/ctxmgr  ( 2473): [AclManager]No 3 for (accnt=account#-517948760#, com.google.android.gms(10008):UserVelocityProducer, vrsn=13280022, 0, 3pPkg = null ,  3pMdlId = null ,  pid = 2473). Was: 3 for 1, account#-517948760#
06-02 16:38:43.269 D/EGL_emulation( 2002): eglMakeCurrent: 0xe3385900: ver 3 0 (tinfo 0xe33839b0)
06-02 16:38:43.274 I/MicroDetectionWorker( 2402): #startMicroDetector [speakerMode: 0]
06-02 16:38:43.275 I/AudioController( 2402): Using mInputStreamFactoryBuilder
06-02 16:38:43.275 I/AudioController( 2402): Created new AudioSource
06-02 16:38:43.275 I/MicroDetectionWorker( 2402): onReady
06-02 16:38:43.276 D/EGL_emulation( 2002): eglMakeCurrent: 0xe3385900: ver 3 0 (tinfo 0xe33839b0)
06-02 16:38:43.290 I/chatty  ( 2002): uid=10024(com.android.systemui) RenderThread identical 2 lines
06-02 16:38:43.293 D/EGL_emulation( 2002): eglMakeCurrent: 0xe3385900: ver 3 0 (tinfo 0xe33839b0)
06-02 16:38:43.303 I/MicroRecognitionRunner( 2402): Starting detection.
06-02 16:38:43.307 I/MicrophoneInputStream( 2402): mic_starting  SR : 16000 CC : 16 SO : 6
06-02 16:38:43.308 E/        ( 1627): Request requires android.permission.RECORD_AUDIO
06-02 16:38:43.309 E/AudioPolicyIntefaceImpl( 1627): getInputForAttr permission denied: recording not allowed for uid 10039 pid 2402
06-02 16:38:43.309 E/AudioFlinger( 1627): createRecord() checkRecordThread_l failed
06-02 16:38:43.309 E/IAudioFlinger( 2402): createRecord returned error -22
06-02 16:38:43.309 E/AudioRecord( 2402): AudioFlinger could not create record track, status: -22
06-02 16:38:43.309 D/EGL_emulation( 2002): eglMakeCurrent: 0xe3385900: ver 3 0 (tinfo 0xe33839b0)
06-02 16:38:43.309 E/AudioRecord-JNI( 2402): Error creating AudioRecord instance: initialization check failed with status -22.
06-02 16:38:43.311 E/android.media.AudioRecord( 2402): Error code -20 when initializing native AudioRecord object.
06-02 16:38:43.311 I/MicrophoneInputStream( 2402): mic_started  SR : 16000 CC : 16 SO : 6
06-02 16:38:43.312 E/ActivityThread( 2402): Failed to find provider info for com.google.android.apps.gsa.testing.ui.audio.recorded
06-02 16:38:43.312 W/SpeechLevelGenerator( 2402): Really low audio levels detected. The audio input may have issues.
06-02 16:38:43.312 I/MicroDetectionWorker( 2402): onReady
06-02 16:38:43.314 I/ActivityManager( 1869): Force stopping org.mozilla.fenix.debug appid=10099 user=-1: set debug app
06-02 16:38:43.315 V/SettingsProvider( 1869): Notifying for 0: content://settings/global/debug_app
06-02 16:38:43.316 I/MicrophoneInputStream( 2402): mic_close  SR : 16000 CC : 16 SO : 6
06-02 16:38:43.317 I/MicroRecognitionRunner( 2402): Detection finished
06-02 16:38:43.317 W/ErrorReporter( 2402): reportError [type: 211, code: 524300]: Error reading from input stream
06-02 16:38:43.319 W/ErrorProcessor( 2402): onFatalError, processing error from engine(4)
06-02 16:38:43.319 W/ErrorProcessor( 2402): com.google.android.apps.gsa.shared.speech.b.g: Error reading from input stream
06-02 16:38:43.319 W/ErrorProcessor( 2402): 	at com.google.android.apps.gsa.staticplugins.microdetection.d.k.a(SourceFile:91)
06-02 16:38:43.319 W/ErrorProcessor( 2402): 	at com.google.android.apps.gsa.staticplugins.microdetection.d.l.run(Unknown Source:14)
06-02 16:38:43.319 W/ErrorProcessor( 2402): 	at com.google.android.libraries.gsa.runner.a.a.b(SourceFile:32)
06-02 16:38:43.319 W/ErrorProcessor( 2402): 	at com.google.android.libraries.gsa.runner.a.c.call(Unknown Source:4)
06-02 16:38:43.319 W/ErrorProcessor( 2402): 	at java.util.concurrent.FutureTask.run(FutureTask.java:266)
06-02 16:38:43.319 W/ErrorProcessor( 2402): 	at java.util.concurrent.Executors$RunnableAdapter.call(Executors.java:458)
06-02 16:38:43.319 W/ErrorProcessor( 2402): 	at java.util.concurrent.FutureTask.run(FutureTask.java:266)
06-02 16:38:43.319 W/ErrorProcessor( 2402): 	at com.google.android.apps.gsa.shared.util.concurrent.b.g.run(Unknown Source:4)
06-02 16:38:43.319 W/ErrorProcessor( 2402): 	at com.google.android.apps.gsa.shared.util.concurrent.b.aw.run(SourceFile:4)
06-02 16:38:43.319 W/ErrorProcessor( 2402): 	at com.google.android.apps.gsa.shared.util.concurrent.b.aw.run(SourceFile:4)
06-02 16:38:43.319 W/ErrorProcessor( 2402): 	at java.util.concurrent.ThreadPoolExecutor.runWorker(ThreadPoolExecutor.java:1167)
06-02 16:38:43.319 W/ErrorProcessor( 2402): 	at java.util.concurrent.ThreadPoolExecutor$Worker.run(ThreadPoolExecutor.java:641)
06-02 16:38:43.319 W/ErrorProcessor( 2402): 	at java.lang.Thread.run(Thread.java:764)
06-02 16:38:43.319 W/ErrorProcessor( 2402): 	at com.google.android.apps.gsa.shared.util.concurrent.b.i.run(SourceFile:6)
06-02 16:38:43.319 W/ErrorProcessor( 2402): Caused by: com.google.android.apps.gsa.shared.exception.GsaIOException: Error code: 393238 | Buffer overflow, no available space.
06-02 16:38:43.319 W/ErrorProcessor( 2402): 	at com.google.android.apps.gsa.speech.audio.Tee.j(SourceFile:103)
06-02 16:38:43.319 W/ErrorProcessor( 2402): 	at com.google.android.apps.gsa.speech.audio.au.read(SourceFile:2)
06-02 16:38:43.319 W/ErrorProcessor( 2402): 	at java.io.InputStream.read(InputStream.java:101)
06-02 16:38:43.319 W/ErrorProcessor( 2402): 	at com.google.android.apps.gsa.speech.audio.ao.run(SourceFile:17)
06-02 16:38:43.319 W/ErrorProcessor( 2402): 	at com.google.android.apps.gsa.speech.audio.an.run(SourceFile:2)
06-02 16:38:43.319 W/ErrorProcessor( 2402): 	at java.util.concurrent.Executors$RunnableAdapter.call(Executors.java:458)
06-02 16:38:43.319 W/ErrorProcessor( 2402): 	... 10 more
06-02 16:38:43.319 I/MicroRecognitionRunner( 2402): Stopping hotword detection.
06-02 16:38:43.320 I/AudioController( 2402): internalShutdown
06-02 16:38:43.328 I/MicroDetector( 2402): Keeping mic open: false
06-02 16:38:43.328 I/MicroDetectionWorker( 2402): #onError(false)
06-02 16:38:43.328 I/DeviceStateChecker( 2402): DeviceStateChecker cancelled
06-02 16:38:43.350 I/ActivityManager( 1869): START u0 {flg=0x10000000 cmp=org.mozilla.fenix.debug/.App (has extras)} from uid 0
06-02 16:38:43.358 I/Places  ( 2473): ?: PlacesBleScanner start() with priority 2
06-02 16:38:43.364 I/Places  ( 2473): ?: PlacesBleScanner start() with priority 2
06-02 16:38:43.370 I/PlaceInferenceEngine( 2473): [anon] Changed inference mode: 1
06-02 16:38:43.384 I/lla.fenix.debu( 9365): Not late-enabling -Xcheck:jni (already on)
06-02 16:38:43.385 I/ActivityManager( 1869): Start proc 9365:org.mozilla.fenix.debug/u0a99 for activity org.mozilla.fenix.debug/.App
06-02 16:38:43.388 D/gralloc_ranchu( 1619): gralloc_alloc: Creating ashmem region of size 9334784
06-02 16:38:43.395 I/Places  ( 2473): ?: PlacesBleScanner start() with priority 2
06-02 16:38:43.400 D/        ( 1728): HostConnection::get() New Host Connection established 0xe90dda40, tid 2107
06-02 16:38:43.401 D/        ( 1869): HostConnection::get() New Host Connection established 0xc1b060c0, tid 1930
06-02 16:38:43.418 W/lla.fenix.debu( 9365): Unexpected CPU variant for X86 using defaults: x86
06-02 16:38:43.429 I/Places  ( 2473): ?: PlacesBleScanner start() with priority 2
06-02 16:38:43.430 I/PlaceInferenceEngine( 2473): [anon] Changed inference mode: 1
06-02 16:38:43.457 I/Places  ( 2473): Converted 0 out of 1 WiFi scans
06-02 16:38:43.467 I/PlaceInferenceEngine( 2473): No beacon scan available - ignoring candidates.
06-02 16:38:43.472 W/ActivityThread( 9365): Application org.mozilla.fenix.debug can be debugged on port 8100...
06-02 16:38:43.478 I/lla.fenix.debu( 9365): The ClassLoaderContext is a special shared library.
06-02 16:38:43.488 W/ctxmgr  ( 2473): [AclManager]No 2 for (accnt=account#-517948760#, com.google.android.gms(10008):PlacesProducer, vrsn=13280000, 0, 3pPkg = null ,  3pMdlId = null ,  pid = 2473). Was: 3 for 18, account#-517948760#
06-02 16:38:43.492 D/EGL_emulation( 2488): eglMakeCurrent: 0xe3385ae0: ver 3 0 (tinfo 0xe33838f0)
06-02 16:38:43.492 D/EGL_emulation( 2402): eglMakeCurrent: 0xe1911c80: ver 3 0 (tinfo 0xc8cbe260)
06-02 16:38:43.494 D/gralloc_ranchu( 1728): gralloc_unregister_buffer: exiting HostConnection (is buffer-handling thread)
06-02 16:38:43.495 D/        ( 1728): HostConnection::get() New Host Connection established 0xe90dda40, tid 2107
06-02 16:38:43.495 D/gralloc_ranchu( 1728): gralloc_unregister_buffer: exiting HostConnection (is buffer-handling thread)
06-02 16:38:43.495 D/        ( 1728): HostConnection::get() New Host Connection established 0xe90dda40, tid 2107
06-02 16:38:43.496 D/gralloc_ranchu( 1728): gralloc_unregister_buffer: exiting HostConnection (is buffer-handling thread)
06-02 16:38:43.496 D/        ( 1728): HostConnection::get() New Host Connection established 0xe90dda40, tid 2107
06-02 16:38:43.496 D/gralloc_ranchu( 1728): gralloc_unregister_buffer: exiting HostConnection (is buffer-handling thread)
06-02 16:38:43.497 D/gralloc_ranchu( 1728): gralloc_unregister_buffer: exiting HostConnection (is buffer-handling thread)
06-02 16:38:43.499 D/        ( 1728): HostConnection::get() New Host Connection established 0xe50f1400, tid 1952
06-02 16:38:43.499 D/gralloc_ranchu( 1728): gralloc_unregister_buffer: exiting HostConnection (is buffer-handling thread)
06-02 16:38:43.499 D/        ( 1728): HostConnection::get() New Host Connection established 0xe50f1400, tid 1952
06-02 16:38:43.499 D/gralloc_ranchu( 1728): gralloc_unregister_buffer: exiting HostConnection (is buffer-handling thread)
06-02 16:38:43.499 D/        ( 1728): HostConnection::get() New Host Connection established 0xe50f1400, tid 1952
06-02 16:38:43.499 D/gralloc_ranchu( 1728): gralloc_unregister_buffer: exiting HostConnection (is buffer-handling thread)
06-02 16:38:43.504 D/gralloc_ranchu( 1619): gralloc_alloc: Creating ashmem region of size 9334784
06-02 16:38:43.508 D/gralloc_ranchu( 1897): gralloc_unregister_buffer: exiting HostConnection (is buffer-handling thread)
06-02 16:38:43.509 D/        ( 1897): HostConnection::get() New Host Connection established 0xed7c3080, tid 1897
06-02 16:38:43.509 D/gralloc_ranchu( 1897): gralloc_unregister_buffer: exiting HostConnection (is buffer-handling thread)
06-02 16:38:43.510 D/        ( 1897): HostConnection::get() New Host Connection established 0xed7c3080, tid 1897
06-02 16:38:43.510 D/gralloc_ranchu( 1897): gralloc_unregister_buffer: exiting HostConnection (is buffer-handling thread)
06-02 16:38:43.510 D/        ( 1897): HostConnection::get() New Host Connection established 0xed7c3080, tid 1897
06-02 16:38:43.511 D/gralloc_ranchu( 1897): gralloc_unregister_buffer: exiting HostConnection (is buffer-handling thread)
06-02 16:38:43.513 D/EGL_emulation( 2002): eglMakeCurrent: 0xe3385900: ver 3 0 (tinfo 0xe33839b0)
06-02 16:38:43.515 D/        ( 1728): HostConnection::get() New Host Connection established 0xe50f1280, tid 1952
06-02 16:38:43.517 D/        ( 1897): HostConnection::get() New Host Connection established 0xed7c3080, tid 1897
06-02 16:38:43.523 D/EGL_emulation( 2002): eglMakeCurrent: 0xe3385900: ver 3 0 (tinfo 0xe33839b0)
06-02 16:38:43.634 I/chatty  ( 2002): uid=10024(com.android.systemui) RenderThread identical 13 lines
06-02 16:38:43.636 D/EGL_emulation( 2002): eglMakeCurrent: 0xe3385900: ver 3 0 (tinfo 0xe33839b0)
06-02 16:38:44.078 D/FirebaseApp( 9365): Default FirebaseApp failed to initialize because no default options were found. This usually means that com.google.gms:google-services was not applied to your gradle project.
06-02 16:38:44.078 I/FirebaseInitProvider( 9365): FirebaseApp initialization unsuccessful
06-02 16:38:44.149 D/FenixApplication( 9365): Initializing Glean (uploadEnabled=true, isFennec=false)
06-02 16:38:44.163 D/RustNativeSupport( 9365): findMegazordLibraryName(viaduct, 0.59.0
06-02 16:38:44.163 D/RustNativeSupport( 9365): lib in use: none
06-02 16:38:44.164 D/RustNativeSupport( 9365): lib configured: megazord
06-02 16:38:44.164 D/RustNativeSupport( 9365): lib version configured: 0.59.0
06-02 16:38:44.164 D/RustNativeSupport( 9365): settled on megazord
06-02 16:38:44.222 D/libglean_ffi( 9365): glean_ffi: Android logging should be hooked up!
06-02 16:38:44.224 I/glean/Glean( 9365): Registering pings for mozilla.telemetry.glean.GleanMetrics.Pings
06-02 16:38:44.225 I/libglean_ffi( 9365): glean_core: Creating new Glean
06-02 16:38:44.225 D/libglean_ffi( 9365): glean_core::database: Database path: "/data/user/0/org.mozilla.fenix.debug/glean_data/db"
06-02 16:38:44.226 I/libglean_ffi( 9365): glean_core::database: Database initialized
06-02 16:38:44.226 D/RustNativeSupport( 9365): findMegazordLibraryName(rustlog, 0.59.0
06-02 16:38:44.226 D/RustNativeSupport( 9365): lib in use: none
06-02 16:38:44.226 D/RustNativeSupport( 9365): lib configured: megazord
06-02 16:38:44.226 D/RustNativeSupport( 9365): lib version configured: 0.59.0
06-02 16:38:44.226 D/RustNativeSupport( 9365): settled on megazord
06-02 16:38:44.228 I/rc_log_ffi::ios( 9365): rc_log adapter initialized!
06-02 16:38:44.245 I/GeckoRuntime( 9365): Adding debug configuration from: /data/local/tmp/org.mozilla.fenix.debug-geckoview-config.yaml
06-02 16:38:44.245 D/GeckoDebugConfig( 9365): Adding environment variables from debug config: {MOZ_CRASHREPORTER=1, MOZ_CRASHREPORTER_NO_REPORT=1, MOZ_CRASHREPORTER_SHUTDOWN=1}
06-02 16:38:44.246 D/GeckoDebugConfig( 9365): Adding arguments from debug config: [-marionette, -profile, /mnt/sdcard/org.mozilla.fenix.debug-geckodriver-profile]
06-02 16:38:44.246 I/libglean_ffi( 9365): glean_ffi: Glean initialized
06-02 16:38:44.247 D/GeckoThread( 9365): State changed to LAUNCHED
06-02 16:38:44.247 I/GeckoThread( 9365): preparing to run Gecko
06-02 16:38:44.249 D/GeckoThread( 9365): env var: MOZ_CRASHREPORTER=1
06-02 16:38:44.249 D/GeckoThread( 9365): env var: MOZ_CRASHREPORTER_NO_REPORT=1
06-02 16:38:44.249 D/GeckoThread( 9365): env var: MOZ_CRASHREPORTER_SHUTDOWN=1
06-02 16:38:44.259 D/GeckoRuntime( 9365): Lifecycle: onCreate
06-02 16:38:44.267 D/GeckoThread( 9365): State changed to MOZGLUE_READY
06-02 16:38:44.288 W/Settings( 9365): Setting animator_duration_scale has moved from android.provider.Settings.System to android.provider.Settings.Global, returning read-only global URI.
06-02 16:38:44.292 E/GeckoLibLoad( 9365): Load sqlite start
06-02 16:38:44.299 I/glean/MetricsPingSched( 9365): The application just updated. Send metrics ping now.
06-02 16:38:44.303 E/GeckoLibLoad( 9365): Load sqlite done
06-02 16:38:44.303 E/GeckoLibLoad( 9365): Load nss start
06-02 16:38:44.303 E/GeckoLibLoad( 9365): Load nss done
06-02 16:38:44.320 I/glean/MetricsPingSched( 9365): Collecting the 'metrics' ping, now = Tue Jun 02 16:38:44 EDT 2020, startup = true, reason = upgrade
06-02 16:38:44.345 D/LeakCanary( 9365): Updated AppWatcher.config: Config(no changes)
06-02 16:38:44.357 E/GeckoLibLoad( 9365): Loaded libs in 53.254794ms total, 20ms(80ms) user, 20ms(30ms) system, 0(0) faults
06-02 16:38:44.357 D/GeckoThread( 9365): State changed to LIBS_READY
06-02 16:38:44.357 I/libglean_ffi( 9365): glean_core::ping: Collecting metrics
06-02 16:38:44.357 I/libglean_ffi( 9365): glean_core::ping: Storage for metrics empty. Bailing out.
06-02 16:38:44.357 I/libglean_ffi( 9365): glean_core: No content for ping 'metrics', therefore no ping queued.
06-02 16:38:44.360 D/glean/MetricsPingSched( 9365): Scheduling the 'metrics' ping in 40875709ms
06-02 16:38:44.361 W/GeckoThread( 9365): zerdatime 4688492 - runGecko
06-02 16:38:44.363 D/GeckoProfile( 9365): Loading profile at: null name: default
06-02 16:38:44.364 D/GeckoProfile( 9365): Created new profile dir.
06-02 16:38:44.365 I/GeckoProfile( 9365): Enqueuing profile init.
06-02 16:38:44.368 D/GeckoProfile( 9365): Found profile dir: /data/user/0/org.mozilla.fenix.debug/files/mozilla/68sf7sou.default
06-02 16:38:44.368 D/GeckoProfile( 9365): Attempting to write new client ID properties
06-02 16:38:44.369 D/GeckoProfile( 9365): Creating profile dir: /data/user/0/org.mozilla.fenix.debug/files/mozilla/68sf7sou.default
06-02 16:38:44.370 D/LeakCanary( 9365): Updated LeakCanary.config: Config(no changes)
06-02 16:38:44.373 D/App     ( 9365): DebugMetricController: start
06-02 16:38:44.373 D/App     ( 9365): DebugMetricController: start
06-02 16:38:44.374 W/PushConfig( 9365): No firebase configuration found; cannot support push service.
06-02 16:38:44.383 I/Gecko:DumpUtils( 9365): Fifo watcher disabled via pref.
06-02 16:38:44.388 D/StrictMode( 9365): StrictMode policy violation; ~duration=164 ms: android.os.strictmode.DiskReadViolation
06-02 16:38:44.388 D/StrictMode( 9365): 	at android.os.StrictMode$AndroidBlockGuardPolicy.onReadFromDisk(StrictMode.java:1504)
06-02 16:38:44.388 D/StrictMode( 9365): 	at java.io.FileInputStream.<init>(FileInputStream.java:163)
06-02 16:38:44.388 D/StrictMode( 9365): 	at org.mozilla.gecko.util.DebugConfig.fromFile(DebugConfig.java:49)
06-02 16:38:44.388 D/StrictMode( 9365): 	at org.mozilla.geckoview.GeckoRuntime.init(GeckoRuntime.java:363)
06-02 16:38:44.388 D/StrictMode( 9365): 	at org.mozilla.geckoview.GeckoRuntime.create(GeckoRuntime.java:574)
06-02 16:38:44.388 D/StrictMode( 9365): 	at GeckoProvider.createRuntime(GeckoProvider.kt:58)
06-02 16:38:44.388 D/StrictMode( 9365): 	at GeckoProvider.getOrCreateRuntime(GeckoProvider.kt:28)
06-02 16:38:44.388 D/StrictMode( 9365): 	at org.mozilla.fenix.components.Core$engine$2.invoke(Core.kt:79)
06-02 16:38:44.388 D/StrictMode( 9365): 	at org.mozilla.fenix.components.Core$engine$2.invoke(Core.kt:57)
06-02 16:38:44.388 D/StrictMode( 9365): 	at kotlin.SynchronizedLazyImpl.getValue(LazyJVM.kt:74)
06-02 16:38:44.388 D/StrictMode( 9365): 	at org.mozilla.fenix.components.Core.getEngine(Unknown Source:7)
06-02 16:38:44.388 D/StrictMode( 9365): 	at org.mozilla.fenix.FenixApplication.setupInMainProcessOnly(FenixApplication.kt:128)
06-02 16:38:44.388 D/StrictMode( 9365): 	at org.mozilla.fenix.FenixApplication.onCreate(FenixApplication.kt:90)
06-02 16:38:44.388 D/StrictMode( 9365): 	at android.app.Instrumentation.callApplicationOnCreate(Instrumentation.java:1154)
06-02 16:38:44.388 D/StrictMode( 9365): 	at android.app.ActivityThread.handleBindApplication(ActivityThread.java:5871)
06-02 16:38:44.388 D/StrictMode( 9365): 	at android.app.ActivityThread.access$1100(ActivityThread.java:199)
06-02 16:38:44.388 D/StrictMode( 9365): 	at android.app.ActivityThread$H.handleMessage(ActivityThread.java:1650)
