06-02 16:38:06.737 D/GeckoViewConsole( 8940): onEvent GeckoView:RegisterWebExtension {"allowContentMessaging":true,"id":"BrowserCookiesExtension","locationUri":"resource://android/assets/extensions/cookies/"}
06-02 16:38:06.782 D/glean/PingUploadWorker( 8940): Processing persisted pings at /data/user/0/org.mozilla.fenix.debug/glean_data/pending_pings
06-02 16:38:06.782 D/glean/PingUploadWorker( 8940): Processing ping: 0f17279d-898f-4274-874d-358ab99b6d4e
06-02 16:38:06.784 I/ActivityManager( 1869): Displayed org.mozilla.fenix.debug/.App: +3s625ms
06-02 16:38:06.787 I/GoogleInputMethod( 1996): onFinishInput() : Dummy InputConnection bound
06-02 16:38:06.789 I/GoogleInputMethod( 1996): onStartInput() : Dummy InputConnection bound
06-02 16:38:06.800 E/adbd    ( 4408): failed to connect to socket 'tcp:2829': Connection refused
06-02 16:38:06.803 I/DefaultSupportedAddonsChecker( 8940): Register check for new supported add-ons
06-02 16:38:06.808 D/glean/ConceptFetchHttpUploader( 8940): Submitting ping to: https://incoming.telemetry.mozilla.org/submit/org-mozilla-fenix-debug/baseline/1/0f17279d-898f-4274-874d-358ab99b6d4e
06-02 16:38:06.838 D/StrictMode( 8940): StrictMode policy violation; ~duration=26 ms: android.os.strictmode.DiskReadViolation
06-02 16:38:06.838 D/StrictMode( 8940): 	at android.os.StrictMode$AndroidBlockGuardPolicy.onReadFromDisk(StrictMode.java:1504)
06-02 16:38:06.838 D/StrictMode( 8940): 	at java.io.UnixFileSystem.checkAccess(UnixFileSystem.java:251)
06-02 16:38:06.838 D/StrictMode( 8940): 	at java.io.File.exists(File.java:815)
06-02 16:38:06.838 D/StrictMode( 8940): 	at android.app.ContextImpl.ensurePrivateDirExists(ContextImpl.java:605)
06-02 16:38:06.838 D/StrictMode( 8940): 	at android.app.ContextImpl.ensurePrivateDirExists(ContextImpl.java:596)
06-02 16:38:06.838 D/StrictMode( 8940): 	at android.app.ContextImpl.getFilesDir(ContextImpl.java:641)
06-02 16:38:06.838 D/StrictMode( 8940): 	at android.content.ContextWrapper.getFilesDir(ContextWrapper.java:239)
06-02 16:38:06.838 D/StrictMode( 8940): 	at mozilla.components.feature.tab.collections.TabCollectionStorage.<init>(TabCollectionStorage.kt:29)
06-02 16:38:06.838 D/StrictMode( 8940): 	at org.mozilla.fenix.components.TabCollectionStorage$collectionStorage$2.invoke(TabCollectionStorage.kt:52)
06-02 16:38:06.838 D/StrictMode( 8940): 	at org.mozilla.fenix.components.TabCollectionStorage$collectionStorage$2.invoke(TabCollectionStorage.kt:23)
06-02 16:38:06.838 D/StrictMode( 8940): 	at kotlin.SynchronizedLazyImpl.getValue(LazyJVM.kt:74)
06-02 16:38:06.838 D/StrictMode( 8940): 	at org.mozilla.fenix.components.TabCollectionStorage.getCollectionStorage(Unknown Source:7)
06-02 16:38:06.838 D/StrictMode( 8940): 	at org.mozilla.fenix.components.TabCollectionStorage.getCollections(TabCollectionStorage.kt:70)
06-02 16:38:06.838 D/StrictMode( 8940): 	at org.mozilla.fenix.components.TabCollectionStorage.getCollections$default(TabCollectionStorage.kt:69)
06-02 16:38:06.838 D/StrictMode( 8940): 	at org.mozilla.fenix.home.HomeFragment.subscribeToTabCollections(HomeFragment.kt:750)
06-02 16:38:06.838 D/StrictMode( 8940): 	at org.mozilla.fenix.home.HomeFragment.onStart(HomeFragment.kt:404)
06-02 16:38:06.838 D/StrictMode( 8940): 	at androidx.fragment.app.Fragment.performStart(Fragment.java:2730)
06-02 16:38:06.838 D/StrictMode( 8940): 	at androidx.fragment.app.FragmentStateManager.start(FragmentStateManager.java:365)
06-02 16:38:06.838 D/StrictMode( 8940): 	at androidx.fragment.app.FragmentManager.moveToState(FragmentManager.java:1194)
06-02 16:38:06.838 D/StrictMode( 8940): 	at androidx.fragment.app.FragmentManager.moveToState(FragmentManager.java:1356)
06-02 16:38:06.838 D/StrictMode( 8940): 	at androidx.fragment.app.FragmentManager.moveFragmentToExpectedState(FragmentManager.java:1434)
06-02 16:38:06.838 D/StrictMode( 8940): 	at androidx.fragment.app.FragmentManager.moveToState(FragmentManager.java:1497)
06-02 16:38:06.838 D/StrictMode( 8940): 	at androidx.fragment.app.FragmentManager.completeExecute(FragmentManager.java:2125)
06-02 16:38:06.838 D/StrictMode( 8940): 	at androidx.fragment.app.FragmentManager$StartEnterTransitionListener.completeTransaction(FragmentManager.java:3022)
06-02 16:38:06.838 D/StrictMode( 8940): 	at androidx.fragment.app.FragmentManager.executePostponedTransaction(FragmentManager.java:1895)
06-02 16:38:06.838 D/StrictMode( 8940): 	at androidx.fragment.app.FragmentManager.ensureExecReady(FragmentManager.java:1803)
06-02 16:38:06.838 D/StrictMode( 8940): 	at androidx.fragment.app.FragmentManager.execPendingActions(FragmentManager.java:1843)
06-02 16:38:06.838 D/StrictMode( 8940): 	at androidx.fragment.app.FragmentManager$4.run(FragmentManager.java:413)
06-02 16:38:06.838 D/StrictMode( 8940): 	at android.os.Handler.handleCallback(Handler.java:873)
06-02 16:38:06.838 D/StrictMode( 8940): 	at android.os.Handler.dispatchMessage(Handler.java:99)
06-02 16:38:06.838 D/StrictMode( 8940): 	at android.os.Looper.loop(Looper.java:193)
06-02 16:38:06.838 D/StrictMode( 8940): 	at android.app.ActivityThread.main(ActivityThread.java:6669)
06-02 16:38:06.838 D/StrictMode( 8940): 	at java.lang.reflect.Method.invoke(Native Method)
06-02 16:38:06.838 D/StrictMode( 8940): 	at com.android.internal.os.RuntimeInit$MethodAndArgsCaller.run(RuntimeInit.java:493)
06-02 16:38:06.838 D/StrictMode( 8940): 	at com.android.internal.os.ZygoteInit.main(ZygoteInit.java:858)
06-02 16:38:06.902 E/adbd    ( 4408): failed to connect to socket 'tcp:2829': Connection refused
06-02 16:38:06.956 D/gralloc_ranchu( 1869): gralloc_unregister_buffer: exiting HostConnection (is buffer-handling thread)
06-02 16:38:06.958 D/        ( 1869): HostConnection::get() New Host Connection established 0xc1e7f900, tid 1930
06-02 16:38:06.961 D/gralloc_ranchu( 1869): gralloc_unregister_buffer: exiting HostConnection (is buffer-handling thread)
06-02 16:38:06.961 D/        ( 1869): HostConnection::get() New Host Connection established 0xc1e7f900, tid 1930
06-02 16:38:06.961 D/gralloc_ranchu( 1869): gralloc_unregister_buffer: exiting HostConnection (is buffer-handling thread)
06-02 16:38:06.963 D/        ( 1869): HostConnection::get() New Host Connection established 0xc1e7f900, tid 1930
06-02 16:38:06.967 D/gralloc_ranchu( 1869): gralloc_unregister_buffer: exiting HostConnection (is buffer-handling thread)
06-02 16:38:06.967 W/SurfaceFlinger( 1728): Attempting to set client state on removed layer: Splash Screen org.mozilla.fenix.debug#0
06-02 16:38:06.967 W/SurfaceFlinger( 1728): Attempting to destroy on removed layer: Splash Screen org.mozilla.fenix.debug#0
06-02 16:38:06.971 D/gralloc_ranchu( 1897): gralloc_unregister_buffer: exiting HostConnection (is buffer-handling thread)
06-02 16:38:06.972 D/        ( 1897): HostConnection::get() New Host Connection established 0xed7c3080, tid 1897
06-02 16:38:06.973 D/gralloc_ranchu( 1897): gralloc_unregister_buffer: exiting HostConnection (is buffer-handling thread)
06-02 16:38:06.973 D/        ( 1897): HostConnection::get() New Host Connection established 0xed7c3080, tid 1897
06-02 16:38:06.974 D/gralloc_ranchu( 1897): gralloc_unregister_buffer: exiting HostConnection (is buffer-handling thread)
06-02 16:38:06.974 D/        ( 1897): HostConnection::get() New Host Connection established 0xed7c3080, tid 1897
06-02 16:38:06.974 D/gralloc_ranchu( 1897): gralloc_unregister_buffer: exiting HostConnection (is buffer-handling thread)
06-02 16:38:06.981 D/        ( 1897): HostConnection::get() New Host Connection established 0xed7c3080, tid 1897
06-02 16:38:07.005 E/adbd    ( 4408): failed to connect to socket 'tcp:2829': Connection refused
06-02 16:38:07.012 I/SupportedAddonsWorker( 8940): Trying to check for new supported add-ons
06-02 16:38:07.013 E/BatteryExternalStatsWorker( 1869): no controller energy info supplied for wifi
06-02 16:38:07.059 W/SurfaceFlinger( 1728): couldn't log to binary event log: overflow.
06-02 16:38:07.106 E/adbd    ( 4408): failed to connect to socket 'tcp:2829': Connection refused
06-02 16:38:07.117 I/ActivityManager( 1869): Fully drawn org.mozilla.fenix.debug/.App: +3s965ms
06-02 16:38:07.174 I/PBSessionCacheImpl( 2402): Deleted sessionId[359508686488] from persistence.
06-02 16:38:07.183 W/SearchService( 2402): Abort, client detached.
06-02 16:38:07.208 E/adbd    ( 4408): failed to connect to socket 'tcp:2829': Connection refused
06-02 16:38:07.302 D/App     ( 8940): Installed browser-icons extension
06-02 16:38:07.314 E/adbd    ( 4408): failed to connect to socket 'tcp:2829': Connection refused
06-02 16:38:07.343 D/        ( 8940): HostConnection::get() New Host Connection established 0xcb89acc0, tid 8968
06-02 16:38:07.345 E/EGL_emulation( 8940): tid 8968: eglBindAPI(1259): error 0x300c (EGL_BAD_PARAMETER)
06-02 16:38:07.348 D/EGL_emulation( 8940): eglCreateContext: 0xad7f82a0: maj 3 min 0 rcv 3
06-02 16:38:07.349 D/EGL_emulation( 8940): eglMakeCurrent: 0xad7f82a0: ver 3 0 (tinfo 0xe3383c90)
06-02 16:38:07.378 E/GeckoConsole( 8940): [JavaScript Error: "NetworkError when attempting to fetch resource."]
06-02 16:38:07.378 E/GeckoConsole( 8940): get@resource://services-settings/RemoteSettingsClient.jsm:350:12
06-02 16:38:07.422 E/adbd    ( 4408): failed to connect to socket 'tcp:2829': Connection refused
06-02 16:38:07.458 D/glean/ConceptFetchHttpUploader( 8940): Ping successfully sent (200)
06-02 16:38:07.459 D/glean/PingUploadWorker( 8940): 0f17279d-898f-4274-874d-358ab99b6d4e was deleted: true
06-02 16:38:07.462 I/WM-WorkerWrapper( 8940): Worker result SUCCESS for Work [ id=1bfad7a1-b690-499c-855a-ee2262e5654a, tags={ mozilla.telemetry.glean.scheduler.PingUploadWorker, mozac_service_glean_ping_upload_worker } ]
06-02 16:38:07.531 E/adbd    ( 4408): failed to connect to socket 'tcp:2829': Connection refused
06-02 16:38:07.549 W/GeckoConsole( 8940): [JavaScript Warning: "Security wrapper denied access to property "ONE_QUARTER" on privileged Javascript object. Support for exposing privileged objects to untrusted content via __exposedProps__ has been removed - use WebIDL bindings or Components.utils.cloneInto instead. Note that only the first denied property access from a given global object will be reported." {file: "moz-extension://427eb36c-07f3-4ee8-9b9b-c2d41f22dafb/data/picture_in_picture_overrides.js" line: 26}]
06-02 16:38:07.582 D/mozac-webcompat( 8940): Installed WebCompat webextension: webcompat@mozilla.com
06-02 16:38:07.584 D/BrowserIcons( 8940): Loaded icon (source = DOWNLOAD): https://www.youtube.com/
06-02 16:38:07.633 E/adbd    ( 4408): failed to connect to socket 'tcp:2829': Connection refused
06-02 16:38:07.640 D/BrowserIcons( 8940): Loaded icon (source = DOWNLOAD): https://www.wikipedia.org/
06-02 16:38:07.651 E/GeckoConsole( 8940): [JavaScript Error: "can't access property "startupData", state is undefined" {file: "resource://gre/modules/addons/XPIProvider.jsm" line: 3079}]
06-02 16:38:07.651 E/GeckoConsole( 8940): setStartupData@resource://gre/modules/addons/XPIProvider.jsm:3079:5
06-02 16:38:07.651 E/GeckoConsole( 8940): saveStartupData@resource://gre/modules/Extension.jsm:2035:17
06-02 16:38:07.651 E/GeckoConsole( 8940): _writePersistentListeners@resource://gre/modules/ExtensionCommon.jsm:2271:15
06-02 16:38:07.651 E/GeckoConsole( 8940): savePersistentListener@resource://gre/modules/ExtensionCommon.jsm:2362:18
06-02 16:38:07.651 E/GeckoConsole( 8940): addListener@resource://gre/modules/ExtensionCommon.jsm:2495:20
06-02 16:38:07.651 E/GeckoConsole( 8940): addListener@resource://gre/modules/ExtensionCommon.jsm:2550:38
06-02 16:38:07.651 E/GeckoConsole( 8940): recvAddListener@resource://gre/modules/ExtensionParent.jsm:1079:13
06-02 16:38:07.693 I/chatty  ( 8940): uid=10099(org.mozilla.fenix.debug) identical 24 lines
06-02 16:38:07.721 E/GeckoConsole( 8940): [JavaScript Error: "can't access property "startupData", state is undefined" {file: "resource://gre/modules/addons/XPIProvider.jsm" line: 3079}]
06-02 16:38:07.721 E/GeckoConsole( 8940): setStartupData@resource://gre/modules/addons/XPIProvider.jsm:3079:5
06-02 16:38:07.721 E/GeckoConsole( 8940): saveStartupData@resource://gre/modules/Extension.jsm:2035:17
06-02 16:38:07.721 E/GeckoConsole( 8940): _writePersistentListeners@resource://gre/modules/ExtensionCommon.jsm:2271:15
06-02 16:38:07.721 E/GeckoConsole( 8940): savePersistentListener@resource://gre/modules/ExtensionCommon.jsm:2362:18
06-02 16:38:07.721 E/GeckoConsole( 8940): addListener@resource://gre/modules/ExtensionCommon.jsm:2495:20
06-02 16:38:07.721 E/GeckoConsole( 8940): addListener@resource://gre/modules/ExtensionCommon.jsm:2550:38
06-02 16:38:07.721 E/GeckoConsole( 8940): recvAddListener@resource://gre/modules/ExtensionParent.jsm:1079:13
06-02 16:38:07.738 E/adbd    ( 4408): failed to connect to socket 'tcp:2829': Connection refused
06-02 16:38:07.792 I/Gecko   ( 8940): 1591130287792	Marionette	INFO	Listening on port 2829
06-02 16:38:08.089 I/WM-WorkerWrapper( 8940): Worker result SUCCESS for Work [ id=d35286d8-b66e-412d-86a5-6db8a316b5b9, tags={ mozilla.components.feature.addons.migration.DefaultSupportedAddonsChecker.periodicWork, mozilla.components.feature.addons.migration.SupportedAddonsWorker } ]
06-02 16:38:10.179 W/ctxmgr  ( 2473): [AclManager]No 2 for (accnt=account#-517948760#, com.google.android.gms(10008):IndoorOutdoorProducer, vrsn=13280000, 0, 3pPkg = null ,  3pMdlId = null ,  pid = 2473). Was: 3 for 57, account#-517948760#
06-02 16:38:11.089 I/EventLogSendingHelper( 2402): Sending log events.
06-02 16:38:11.106 I/WorkController( 2402): WorkProxy is not enqueued because WorkController is disposed: WorkProxy{Name=context::j, WorkerId=context, id=9ec66b4}
06-02 16:38:11.106 I/WorkController( 2402): WorkProxy is not enqueued because WorkController is disposed: WorkProxy{Name=context::m, WorkerId=context, id=42ac2dd}
06-02 16:38:11.106 I/WorkController( 2402): WorkProxy is not enqueued because WorkController is disposed: WorkProxy{Name=context::n, WorkerId=context, id=1827e52}
06-02 16:38:11.106 I/WorkController( 2402): WorkProxy is not enqueued because WorkController is disposed: WorkProxy{Name=context::p, WorkerId=context, id=c78f523}
06-02 16:38:11.123 D/EGL_emulation( 2002): eglMakeCurrent: 0xe3385900: ver 3 0 (tinfo 0xe33839b0)
06-02 16:38:11.677 I/FenixApplication( 8940): Kicking-off account manager...
06-02 16:38:11.677 I/FenixApplication( 8940): Running post-visual completeness tasks...
06-02 16:38:11.678 I/FenixApplication( 8940): Storage initialization...
06-02 16:38:11.679 I/PlacesHistoryStorage( 8940): Warming up places storage...
06-02 16:38:11.681 D/RustNativeSupport( 8940): findMegazordLibraryName(places, 0.59.0
06-02 16:38:11.681 D/RustNativeSupport( 8940): lib in use: none
06-02 16:38:11.681 D/RustNativeSupport( 8940): lib configured: megazord
06-02 16:38:11.681 D/RustNativeSupport( 8940): lib version configured: 0.59.0
06-02 16:38:11.681 D/RustNativeSupport( 8940): settled on megazord
06-02 16:38:11.682 I/FirefoxAccountStateMachine( 8940): Enabling/updating sync with a new SyncConfig: SyncConfig(supportedEngines=[mozilla.components.service.fxa.SyncEngine$History@b024ebc, mozilla.components.service.fxa.SyncEngine$Bookmarks@560fe45, mozilla.components.service.fxa.SyncEngine$Passwords@623799a], syncPeriodInMinutes=240)
06-02 16:38:11.683 D/places_ffi( 8940): places_api_new
06-02 16:38:11.684 I/BgSyncManager( 8940): Periodic syncing enabled at a 240 interval
06-02 16:38:11.684 I/FirefoxAccountStateMachine( 8940): Sync is enabled
06-02 16:38:11.688 I/FenixApplication( 8940): 'Kicking-off account manager' took 10 ms
06-02 16:38:11.688 I/FirefoxAccountStateMachine( 8940): Processing event Init for state Start. Next state is Start
06-02 16:38:11.701 D/places::db::schema( 8940): Creating schema
06-02 16:38:11.701 I/keystore( 1734): del USRPKEY_org.mozilla.fenix.debug 10099
06-02 16:38:11.702 I/keystore( 1734): del USRCERT_org.mozilla.fenix.debug 10099
06-02 16:38:11.702 I/keystore( 1734): del CACERT_org.mozilla.fenix.debug 10099
06-02 16:38:11.726 I/FirefoxAccountStateMachine( 8940): Ran 'Init' side-effects for state Start, got successive event AccountNotFound
06-02 16:38:11.727 I/FirefoxAccountStateMachine( 8940): Processing event AccountNotFound for state Start. Next state is NotAuthenticated
06-02 16:38:11.728 D/sql_support::conn_ext( 8940): Transaction commited after 27.615273ms
06-02 16:38:11.729 D/places_ffi( 8940): places_connection_new
06-02 16:38:11.731 D/RustNativeSupport( 8940): findMegazordLibraryName(fxaclient, 0.59.0
06-02 16:38:11.731 D/RustNativeSupport( 8940): lib in use: none
06-02 16:38:11.731 D/RustNativeSupport( 8940): lib configured: megazord
06-02 16:38:11.731 D/RustNativeSupport( 8940): lib version configured: 0.59.0
06-02 16:38:11.731 D/RustNativeSupport( 8940): settled on megazord
06-02 16:38:11.732 D/places_ffi( 8940): places_connection_new
06-02 16:38:11.732 D/fxaclient_ffi( 8940): fxa_new
06-02 16:38:11.734 W/FirefoxAccountStateMachine( 8940): Got invalid event Init for state NotAuthenticated.
06-02 16:38:11.735 I/PlacesHistoryStorage( 8940): 'Warming up places storage' took 56 ms
06-02 16:38:11.736 I/PlacesBookmarksStorage( 8940): Warming up places storage...
06-02 16:38:11.736 D/places_ffi( 8940): places_connection_new
06-02 16:38:11.739 I/PlacesBookmarksStorage( 8940): 'Warming up places storage' took 2 ms
06-02 16:38:11.798 I/keystore( 1734): 1 0
06-02 16:38:11.802 I/SyncableLoginsStorage( 8940): Warming up storage...
06-02 16:38:11.812 D/RustNativeSupport( 8940): findMegazordLibraryName(logins, 0.59.0
06-02 16:38:11.813 D/RustNativeSupport( 8940): lib in use: none
06-02 16:38:11.813 D/RustNativeSupport( 8940): lib configured: megazord
06-02 16:38:11.813 D/RustNativeSupport( 8940): lib version configured: 0.59.0
06-02 16:38:11.813 D/RustNativeSupport( 8940): settled on megazord
06-02 16:38:11.815 D/logins_ffi( 8940): sync15_passwords_state_new
06-02 16:38:11.823 D/logins::schema( 8940): Creating schema
06-02 16:38:11.945 I/SyncableLoginsStorage( 8940): 'Warming up storage' took 142 ms
06-02 16:38:11.945 I/FenixApplication( 8940): 'Storage initialization' took 267 ms
06-02 16:38:15.194 W/ctxmgr  ( 2473): [AclManager]No 2 for (accnt=account#-517948760#, com.google.android.gms(10008):IndoorOutdoorProducer, vrsn=13280000, 0, 3pPkg = null ,  3pMdlId = null ,  pid = 2473). Was: 3 for 57, account#-517948760#
06-02 16:38:16.329 E/memtrack( 1869): Couldn't load memtrack module
06-02 16:38:16.329 W/android.os.Debug( 1869): failed to get memory consumption info: -1
06-02 16:38:16.789 E/memtrack( 1869): Couldn't load memtrack module
06-02 16:38:16.789 W/android.os.Debug( 1869): failed to get memory consumption info: -1
06-02 16:38:20.216 W/ctxmgr  ( 2473): [AclManager]No 2 for (accnt=account#-517948760#, com.google.android.gms(10008):IndoorOutdoorProducer, vrsn=13280000, 0, 3pPkg = null ,  3pMdlId = null ,  pid = 2473). Was: 3 for 57, account#-517948760#
06-02 16:38:22.963 I/ActivityManager( 1869): Force stopping org.mozilla.fenix.debug appid=10099 user=0: clear data
06-02 16:38:22.964 I/ActivityManager( 1869): Killing 8940:org.mozilla.fenix.debug/u0a99 (adj 0): stop org.mozilla.fenix.debug
06-02 16:38:22.964 W/libprocessgroup( 1869): kill(-8940, 9) failed: No such process
06-02 16:38:22.965 W/ActivityManager( 1869): Force removing ActivityRecord{caea9f6 u0 org.mozilla.fenix.debug/.App t388}: app died, no saved state
06-02 16:38:22.965 I/ServiceChildProcess( 8988): Service has been unbound. Stopping.
06-02 16:38:22.983 D/gralloc_ranchu( 1897): gralloc_unregister_buffer: exiting HostConnection (is buffer-handling thread)
06-02 16:38:22.984 D/        ( 1897): HostConnection::get() New Host Connection established 0xed7c33c0, tid 5209
06-02 16:38:22.984 D/gralloc_ranchu( 1897): gralloc_unregister_buffer: exiting HostConnection (is buffer-handling thread)
06-02 16:38:22.984 D/        ( 1897): HostConnection::get() New Host Connection established 0xed7c33c0, tid 5209
06-02 16:38:22.984 D/gralloc_ranchu( 1897): gralloc_unregister_buffer: exiting HostConnection (is buffer-handling thread)
06-02 16:38:22.985 D/        ( 1897): HostConnection::get() New Host Connection established 0xed7c33c0, tid 5209
06-02 16:38:22.985 D/gralloc_ranchu( 1897): gralloc_unregister_buffer: exiting HostConnection (is buffer-handling thread)
06-02 16:38:22.985 D/        ( 1897): HostConnection::get() New Host Connection established 0xed7c33c0, tid 5209
06-02 16:38:22.985 D/gralloc_ranchu( 1897): gralloc_unregister_buffer: exiting HostConnection (is buffer-handling thread)
06-02 16:38:22.985 D/        ( 1897): HostConnection::get() New Host Connection established 0xed7c33c0, tid 5209
06-02 16:38:22.985 D/gralloc_ranchu( 1897): gralloc_unregister_buffer: exiting HostConnection (is buffer-handling thread)
06-02 16:38:22.989 D/        ( 1897): HostConnection::get() New Host Connection established 0xed7c33c0, tid 5209
06-02 16:38:22.991 D/gralloc_ranchu( 1619): gralloc_alloc: Creating ashmem region of size 9334784
06-02 16:38:22.992 I/ActivityManager( 1869): Killing 8988:org.mozilla.fenix.debug:tab0/u0a99 (adj 0): stop org.mozilla.fenix.debug
06-02 16:38:22.994 I/ActivityManager( 1869): Force stopping org.mozilla.fenix.debug appid=10099 user=-1: clearApplicationUserData
06-02 16:38:22.995 D/ZenLog  ( 1869): config: removeAutomaticZenRules,ZenModeConfig[user=0,allowAlarms=true,allowMedia=true,allowSystem=false,allowReminders=false,allowEvents=false,allowCalls=true,allowRepeatCallers=true,allowMessages=false,allowCallsFrom=stars,allowMessagesFrom=contacts,suppressedVisualEffects=511,areChannelsBypassingDnd=false,automaticRules={EVENTS_DEFAULT_RULE=ZenRule[enabled=false,snoozing=false,name=Event,zenMode=ZEN_MODE_IMPORTANT_INTERRUPTIONS,conditionId=condition://android/event?userId=-10000&calendar=&reply=1,condition=Condition[id=condition://android/event?userId=-10000&calendar=&reply=1,summary=...,line1=...,line2=...,icon=0,state=STATE_FALSE,flags=2],component=ComponentInfo{android/com.android.server.notification.EventConditionProvider},id=EVENTS_DEFAULT_RULE,creationTime=1587308662810,enabler=null], EVERY_NIGHT_DEFAULT_RULE=ZenRule[enabled=false,snoozing=false,name=Sleeping,zenMode=ZEN_MODE_IMPORTANT_INTERRUPTIONS,conditionId=condition://android/schedule?days=1.2.3.4.5.6.7&start=22.0&end=7.0&exitAtAlarm=true,condition=Condition[id=condition://android/schedule?days=1.2.3.4.5.6.7&start=22.0&end=7.0&exitAtAlarm=true,summary=...,line1=...,line2=...,icon=0,state=STATE_FALSE,flags=2],component=ComponentInfo{android/com.android.server.notification.ScheduleConditionProvider},id=EVERY_NIGHT_DEFAULT_RULE,creationTime=1587308662810,enabler=null]},manualRule=null],Diff[]
06-02 16:38:22.995 I/ConditionProviders( 1869): Disallowing condition provider org.mozilla.fenix.debug
06-02 16:38:22.996 E/memtrack( 1869): Couldn't load memtrack module
06-02 16:38:22.996 W/android.os.Debug( 1869): failed to get memory consumption info: -1
06-02 16:38:22.996 D/ZenLog  ( 1869): set_zen_mode: off,removeAutomaticZenRules
06-02 16:38:23.002 D/gralloc_ranchu( 1619): gralloc_alloc: Creating ashmem region of size 9334784
06-02 16:38:23.009 W/libprocessgroup( 1869): kill(-8940, 9) failed: No such process
06-02 16:38:23.009 I/keystore( 1734): clear_uid 10099
06-02 16:38:23.010 D/gralloc_ranchu( 1619): gralloc_alloc: Creating ashmem region of size 9334784
06-02 16:38:23.026 D/SurfaceFlinger( 1728): duplicate layer name: changing com.google.android.apps.nexuslauncher/com.google.android.apps.nexuslauncher.NexusLauncherActivity to com.google.android.apps.nexuslauncher/com.google.android.apps.nexuslauncher.NexusLauncherActivity#1
06-02 16:38:23.028 D/gralloc_ranchu( 1619): gralloc_alloc: Creating ashmem region of size 9334784
06-02 16:38:23.030 W/InputDispatcher( 1869): channel 'd4edb65 org.mozilla.fenix.debug/org.mozilla.fenix.debug.App (server)' ~ Consumer closed input channel or an error occurred.  events=0x9
06-02 16:38:23.030 E/InputDispatcher( 1869): channel 'd4edb65 org.mozilla.fenix.debug/org.mozilla.fenix.debug.App (server)' ~ Channel is unrecoverably broken and will be disposed!
06-02 16:38:23.031 D/gralloc_ranchu( 1728): gralloc_unregister_buffer: exiting HostConnection (is buffer-handling thread)
06-02 16:38:23.031 D/        ( 1728): HostConnection::get() New Host Connection established 0xe90dda40, tid 1952
06-02 16:38:23.032 D/gralloc_ranchu( 1728): gralloc_unregister_buffer: exiting HostConnection (is buffer-handling thread)
06-02 16:38:23.032 D/        ( 1728): HostConnection::get() New Host Connection established 0xe7e99140, tid 1952
06-02 16:38:23.032 D/gralloc_ranchu( 1728): gralloc_unregister_buffer: exiting HostConnection (is buffer-handling thread)
06-02 16:38:23.033 D/        ( 1728): HostConnection::get() New Host Connection established 0xe7e99140, tid 1952
06-02 16:38:23.033 D/gralloc_ranchu( 1728): gralloc_unregister_buffer: exiting HostConnection (is buffer-handling thread)
06-02 16:38:23.040 I/WindowManager( 1869): WIN DEATH: Window{d4edb65 u0 org.mozilla.fenix.debug/org.mozilla.fenix.debug.App}
06-02 16:38:23.040 W/InputDispatcher( 1869): Attempted to unregister already unregistered input channel 'd4edb65 org.mozilla.fenix.debug/org.mozilla.fenix.debug.App (server)'
06-02 16:38:23.042 D/EGL_emulation( 2402): eglMakeCurrent: 0xe1911c80: ver 3 0 (tinfo 0xc8cbe260)
06-02 16:38:23.044 D/gralloc_ranchu( 1619): gralloc_alloc: Creating ashmem region of size 9334784
06-02 16:38:23.044 W/ActivityManager( 1869): setHasOverlayUi called on unknown pid: 8940
06-02 16:38:23.049 I/Zygote  ( 1729): Process 8940 exited due to signal (9)
06-02 16:38:23.050 W/libprocessgroup( 1869): kill(-8940, 9) failed: No such process
06-02 16:38:23.050 I/libprocessgroup( 1869): Successfully killed process cgroup uid 10099 pid 8940 in 85ms
06-02 16:38:23.050 W/SurfaceFlinger( 1728): Attempting to destroy on removed layer: AppWindowToken{369c864 token=Token{86b81f7 ActivityRecord{caea9f6 u0 org.mozilla.fenix.debug/.App t388}}}#0
06-02 16:38:23.050 W/SurfaceFlinger( 1728): Attempting to destroy on removed layer: Task=388#0
06-02 16:38:23.054 W/libprocessgroup( 1869): kill(-8988, 9) failed: No such process
06-02 16:38:23.054 I/ActivityManager( 1869): Force stopping org.mozilla.fenix.debug appid=10099 user=0: from pid 9106
06-02 16:38:23.057 D/gralloc_ranchu( 1619): gralloc_alloc: Creating ashmem region of size 9334784
06-02 16:38:23.059 I/Zygote  ( 1729): Process 8988 exited due to signal (9)
06-02 16:38:23.072 I/GoogleInputMethod( 1996): onFinishInput() : Dummy InputConnection bound
06-02 16:38:23.072 I/GoogleInputMethod( 1996): onStartInput() : Dummy InputConnection bound
06-02 16:38:23.081 D/EGL_emulation( 2488): eglMakeCurrent: 0xe3385ae0: ver 3 0 (tinfo 0xe33838f0)
06-02 16:38:23.082 D/CarrierSvcBindHelper( 2121): No carrier app for: 0
06-02 16:38:23.089 W/SessionLifecycleManager( 2402): Handover failed. Creating new session controller.
06-02 16:38:23.099 W/libprocessgroup( 1869): kill(-8988, 9) failed: No such process
06-02 16:38:23.099 I/libprocessgroup( 1869): Successfully killed process cgroup uid 10099 pid 8988 in 45ms
06-02 16:38:23.105 D/EGL_emulation( 2002): eglMakeCurrent: 0xe3385900: ver 3 0 (tinfo 0xe33839b0)
06-02 16:38:23.112 V/SettingsProvider( 1869): Notifying for 0: content://settings/global/debug_app
06-02 16:38:23.123 I/GeofencerStateMachine( 2473): removeGeofences: removeRequest=RemoveGeofencingRequest[REMOVE_ALL packageName=org.mozilla.fenix.debug]
06-02 16:38:23.124 D/CarrierSvcBindHelper( 2121): No carrier app for: 0
06-02 16:38:23.125 D/EGL_emulation( 2002): eglMakeCurrent: 0xe3385900: ver 3 0 (tinfo 0xe33839b0)
06-02 16:38:23.128 E/system_server( 1869): No package ID 7f found for ID 0x7f0801a6.
06-02 16:38:23.128 E/system_server( 1869): No package ID 7f found for ID 0x7f13011d.
06-02 16:38:23.128 E/system_server( 1869): No package ID 7f found for ID 0x7f13011d.
06-02 16:38:23.128 E/system_server( 1869): No package ID 7f found for ID 0x7f0801a4.
06-02 16:38:23.128 E/system_server( 1869): No package ID 7f found for ID 0x7f13011c.
06-02 16:38:23.128 E/system_server( 1869): No package ID 7f found for ID 0x7f13011c.
06-02 16:38:23.129 D/EGL_emulation( 2002): eglMakeCurrent: 0xe3385900: ver 3 0 (tinfo 0xe33839b0)
06-02 16:38:23.147 E/BatteryExternalStatsWorker( 1869): no controller energy info supplied for wifi
06-02 16:38:23.145 I/chatty  ( 2002): uid=10024(com.android.systemui) RenderThread identical 1 line
06-02 16:38:23.149 D/EGL_emulation( 2002): eglMakeCurrent: 0xe3385900: ver 3 0 (tinfo 0xe33839b0)
06-02 16:38:23.151 I/.gms.persisten( 2473): Background concurrent copying GC freed 150132(6MB) AllocSpace objects, 3(60KB) LOS objects, 45% free, 7MB/13MB, paused 85us total 138.429ms
06-02 16:38:23.159 D/vold    ( 1558): Remounting 10099 as mode read
06-02 16:38:23.161 D/EGL_emulation( 2002): eglMakeCurrent: 0xe3385900: ver 3 0 (tinfo 0xe33839b0)
06-02 16:38:23.166 D/EGL_emulation( 2002): eglMakeCurrent: 0xe3385900: ver 3 0 (tinfo 0xe33839b0)
06-02 16:38:23.168 I/LocationSettingsChecker( 2660): Removing dialog suppression flag for package org.mozilla.fenix.debug
06-02 16:38:23.180 D/EGL_emulation( 2002): eglMakeCurrent: 0xe3385900: ver 3 0 (tinfo 0xe33839b0)
06-02 16:38:23.183 D/EGL_emulation( 2002): eglMakeCurrent: 0xe3385900: ver 3 0 (tinfo 0xe33839b0)
06-02 16:38:23.184 W/LocationOracle( 2402): No location history returned by ContextManager
06-02 16:38:23.193 D/EGL_emulation( 2002): eglMakeCurrent: 0xe3385900: ver 3 0 (tinfo 0xe33839b0)
06-02 16:38:23.210 D/vold    ( 1558): Remounting 10099 as mode write
06-02 16:38:23.198 D/EGL_emulation( 2002): eglMakeCurrent: 0xe3385900: ver 3 0 (tinfo 0xe33839b0)
06-02 16:38:23.219 I/Icing   ( 2660): doRemovePackageData org.mozilla.fenix.debug
06-02 16:38:23.219 D/EGL_emulation( 2002): eglMakeCurrent: 0xe3385900: ver 3 0 (tinfo 0xe33839b0)
06-02 16:38:23.223 W/ctxmgr  ( 2473): [AclManager]No 3 for (accnt=account#-517948760#, com.google.android.gms(10008):UserVelocityProducer, vrsn=13280022, 0, 3pPkg = null ,  3pMdlId = null ,  pid = 2473). Was: 3 for 1, account#-517948760#
06-02 16:38:23.223 D/EGL_emulation( 2002): eglMakeCurrent: 0xe3385900: ver 3 0 (tinfo 0xe33839b0)
06-02 16:38:23.227 D/EGL_emulation( 2002): eglMakeCurrent: 0xe3385900: ver 3 0 (tinfo 0xe33839b0)
06-02 16:38:23.235 D/EGL_emulation( 2002): eglMakeCurrent: 0xe3385900: ver 3 0 (tinfo 0xe33839b0)
06-02 16:38:23.238 I/system_server( 1869): Background concurrent copying GC freed 69934(4MB) AllocSpace objects, 41(1540KB) LOS objects, 36% free, 10MB/16MB, paused 82us total 208.824ms
06-02 16:38:23.240 I/ProvidersCache( 4535): Provider returned no roots. Possibly naughty: com.google.android.apps.docs.storage
06-02 16:38:23.248 D/EGL_emulation( 2002): eglMakeCurrent: 0xe3385900: ver 3 0 (tinfo 0xe33839b0)
06-02 16:38:23.251 I/MicroDetectionWorker( 2402): #startMicroDetector [speakerMode: 0]
06-02 16:38:23.251 I/AudioController( 2402): Using mInputStreamFactoryBuilder
06-02 16:38:23.252 I/AudioController( 2402): Created new AudioSource
06-02 16:38:23.253 I/MicroDetectionWorker( 2402): onReady
06-02 16:38:23.256 D/EGL_emulation( 2002): eglMakeCurrent: 0xe3385900: ver 3 0 (tinfo 0xe33839b0)
06-02 16:38:23.305 I/MicroRecognitionRunner( 2402): Starting detection.
06-02 16:38:23.306 I/MicrophoneInputStream( 2402): mic_starting  SR : 16000 CC : 16 SO : 6
06-02 16:38:23.307 E/        ( 1627): Request requires android.permission.RECORD_AUDIO
06-02 16:38:23.307 E/AudioPolicyIntefaceImpl( 1627): getInputForAttr permission denied: recording not allowed for uid 10039 pid 2402
06-02 16:38:23.307 E/AudioFlinger( 1627): createRecord() checkRecordThread_l failed
06-02 16:38:23.308 E/IAudioFlinger( 2402): createRecord returned error -22
06-02 16:38:23.308 E/AudioRecord( 2402): AudioFlinger could not create record track, status: -22
06-02 16:38:23.308 E/AudioRecord-JNI( 2402): Error creating AudioRecord instance: initialization check failed with status -22.
06-02 16:38:23.309 E/android.media.AudioRecord( 2402): Error code -20 when initializing native AudioRecord object.
06-02 16:38:23.309 I/MicrophoneInputStream( 2402): mic_started  SR : 16000 CC : 16 SO : 6
06-02 16:38:23.309 E/ActivityThread( 2402): Failed to find provider info for com.google.android.apps.gsa.testing.ui.audio.recorded
06-02 16:38:23.309 I/MicroDetectionWorker( 2402): onReady
06-02 16:38:23.311 I/MicrophoneInputStream( 2402): mic_close  SR : 16000 CC : 16 SO : 6
06-02 16:38:23.311 I/MicroRecognitionRunner( 2402): Detection finished
06-02 16:38:23.311 W/ErrorReporter( 2402): reportError [type: 211, code: 524300]: Error reading from input stream
06-02 16:38:23.311 I/MicroRecognitionRunner( 2402): Stopping hotword detection.
06-02 16:38:23.312 W/ErrorProcessor( 2402): onFatalError, processing error from engine(4)
06-02 16:38:23.312 W/ErrorProcessor( 2402): com.google.android.apps.gsa.shared.speech.b.g: Error reading from input stream
06-02 16:38:23.312 W/ErrorProcessor( 2402): 	at com.google.android.apps.gsa.staticplugins.microdetection.d.k.a(SourceFile:91)
06-02 16:38:23.312 W/ErrorProcessor( 2402): 	at com.google.android.apps.gsa.staticplugins.microdetection.d.l.run(Unknown Source:14)
06-02 16:38:23.312 W/ErrorProcessor( 2402): 	at com.google.android.libraries.gsa.runner.a.a.b(SourceFile:32)
06-02 16:38:23.312 W/ErrorProcessor( 2402): 	at com.google.android.libraries.gsa.runner.a.c.call(Unknown Source:4)
06-02 16:38:23.312 W/ErrorProcessor( 2402): 	at java.util.concurrent.FutureTask.run(FutureTask.java:266)
06-02 16:38:23.312 W/ErrorProcessor( 2402): 	at java.util.concurrent.Executors$RunnableAdapter.call(Executors.java:458)
06-02 16:38:23.312 W/ErrorProcessor( 2402): 	at java.util.concurrent.FutureTask.run(FutureTask.java:266)
06-02 16:38:23.312 W/ErrorProcessor( 2402): 	at com.google.android.apps.gsa.shared.util.concurrent.b.g.run(Unknown Source:4)
06-02 16:38:23.312 W/ErrorProcessor( 2402): 	at com.google.android.apps.gsa.shared.util.concurrent.b.aw.run(SourceFile:4)
06-02 16:38:23.312 W/ErrorProcessor( 2402): 	at com.google.android.apps.gsa.shared.util.concurrent.b.aw.run(SourceFile:4)
06-02 16:38:23.312 W/ErrorProcessor( 2402): 	at java.util.concurrent.ThreadPoolExecutor.runWorker(ThreadPoolExecutor.java:1167)
06-02 16:38:23.312 W/ErrorProcessor( 2402): 	at java.util.concurrent.ThreadPoolExecutor$Worker.run(ThreadPoolExecutor.java:641)
06-02 16:38:23.312 W/ErrorProcessor( 2402): 	at java.lang.Thread.run(Thread.java:764)
06-02 16:38:23.312 W/ErrorProcessor( 2402): 	at com.google.android.apps.gsa.shared.util.concurrent.b.i.run(SourceFile:6)
06-02 16:38:23.312 W/ErrorProcessor( 2402): Caused by: com.google.android.apps.gsa.shared.exception.GsaIOException: Error code: 393238 | Buffer overflow, no available space.
06-02 16:38:23.312 W/ErrorProcessor( 2402): 	at com.google.android.apps.gsa.speech.audio.Tee.j(SourceFile:103)
06-02 16:38:23.312 W/ErrorProcessor( 2402): 	at com.google.android.apps.gsa.speech.audio.au.read(SourceFile:2)
06-02 16:38:23.312 W/ErrorProcessor( 2402): 	at java.io.InputStream.read(InputStream.java:101)
06-02 16:38:23.312 W/ErrorProcessor( 2402): 	at com.google.android.apps.gsa.speech.audio.ao.run(SourceFile:17)
06-02 16:38:23.312 W/ErrorProcessor( 2402): 	at com.google.android.apps.gsa.speech.audio.an.run(SourceFile:2)
06-02 16:38:23.312 W/ErrorProcessor( 2402): 	at java.util.concurrent.Executors$RunnableAdapter.call(Executors.java:458)
06-02 16:38:23.312 W/ErrorProcessor( 2402): 	... 10 more
06-02 16:38:23.312 I/AudioController( 2402): internalShutdown
06-02 16:38:23.313 I/MicroDetector( 2402): Keeping mic open: false
06-02 16:38:23.313 I/DeviceStateChecker( 2402): DeviceStateChecker cancelled
06-02 16:38:23.313 I/MicroDetectionWorker( 2402): #onError(false)
06-02 16:38:23.324 I/ActivityManager( 1869): Force stopping org.mozilla.fenix.debug appid=10099 user=-1: set debug app
06-02 16:38:23.324 V/SettingsProvider( 1869): Notifying for 0: content://settings/global/debug_app
06-02 16:38:23.328 I/Places  ( 2473): ?: PlacesBleScanner start() with priority 2
06-02 16:38:23.337 I/Places  ( 2473): ?: PlacesBleScanner start() with priority 2
06-02 16:38:23.337 I/PlaceInferenceEngine( 2473): [anon] Changed inference mode: 1
06-02 16:38:23.345 I/Places  ( 2473): Converted 0 out of 1 WiFi scans
06-02 16:38:23.357 I/ActivityManager( 1869): START u0 {flg=0x10000000 cmp=org.mozilla.fenix.debug/.App (has extras)} from uid 0
06-02 16:38:23.364 I/Places  ( 2473): ?: PlacesBleScanner start() with priority 2
06-02 16:38:23.372 I/Places  ( 2473): ?: PlacesBleScanner start() with priority 2
06-02 16:38:23.374 I/PlaceInferenceEngine( 2473): [anon] Changed inference mode: 1
06-02 16:38:23.380 I/PlaceInferenceEngine( 2473): No beacon scan available - ignoring candidates.
06-02 16:38:23.381 I/lla.fenix.debu( 9156): Not late-enabling -Xcheck:jni (already on)
06-02 16:38:23.386 I/ActivityManager( 1869): Start proc 9156:org.mozilla.fenix.debug/u0a99 for activity org.mozilla.fenix.debug/.App
06-02 16:38:23.390 I/Places  ( 2473): Converted 0 out of 1 WiFi scans
06-02 16:38:23.399 W/lla.fenix.debu( 9156): Unexpected CPU variant for X86 using defaults: x86
06-02 16:38:23.402 D/gralloc_ranchu( 1619): gralloc_alloc: Creating ashmem region of size 9334784
06-02 16:38:23.403 I/PlaceInferenceEngine( 2473): No beacon scan available - ignoring candidates.
06-02 16:38:23.410 D/        ( 1869): HostConnection::get() New Host Connection established 0xcb8a3340, tid 1930
06-02 16:38:23.419 W/ctxmgr  ( 2473): [AclManager]No 2 for (accnt=account#-517948760#, com.google.android.gms(10008):PlacesProducer, vrsn=13280000, 0, 3pPkg = null ,  3pMdlId = null ,  pid = 2473). Was: 3 for 18, account#-517948760#
06-02 16:38:23.454 W/ActivityThread( 9156): Application org.mozilla.fenix.debug can be debugged on port 8100...
06-02 16:38:23.457 I/lla.fenix.debu( 9156): The ClassLoaderContext is a special shared library.
06-02 16:38:23.470 D/gralloc_ranchu( 1897): gralloc_unregister_buffer: exiting HostConnection (is buffer-handling thread)
06-02 16:38:23.470 D/        ( 1897): HostConnection::get() New Host Connection established 0xed7c33c0, tid 5209
06-02 16:38:23.471 D/gralloc_ranchu( 1897): gralloc_unregister_buffer: exiting HostConnection (is buffer-handling thread)
06-02 16:38:23.471 D/EGL_emulation( 2402): eglMakeCurrent: 0xe1911c80: ver 3 0 (tinfo 0xc8cbe260)
06-02 16:38:23.472 D/        ( 1897): HostConnection::get() New Host Connection established 0xed7c33c0, tid 5209
06-02 16:38:23.472 D/gralloc_ranchu( 1897): gralloc_unregister_buffer: exiting HostConnection (is buffer-handling thread)
06-02 16:38:23.472 D/        ( 1897): HostConnection::get() New Host Connection established 0xed7c33c0, tid 5209
06-02 16:38:23.472 D/gralloc_ranchu( 1897): gralloc_unregister_buffer: exiting HostConnection (is buffer-handling thread)
06-02 16:38:23.474 D/EGL_emulation( 2488): eglMakeCurrent: 0xe3385ae0: ver 3 0 (tinfo 0xe33838f0)
06-02 16:38:23.476 D/gralloc_ranchu( 1728): gralloc_unregister_buffer: exiting HostConnection (is buffer-handling thread)
06-02 16:38:23.477 D/        ( 1728): HostConnection::get() New Host Connection established 0xe90ddac0, tid 1952
06-02 16:38:23.477 D/gralloc_ranchu( 1728): gralloc_unregister_buffer: exiting HostConnection (is buffer-handling thread)
06-02 16:38:23.479 D/        ( 1897): HostConnection::get() New Host Connection established 0xed7c33c0, tid 5209
06-02 16:38:23.479 D/EGL_emulation( 2002): eglMakeCurrent: 0xe3385900: ver 3 0 (tinfo 0xe33839b0)
06-02 16:38:23.480 D/        ( 1728): HostConnection::get() New Host Connection established 0xe90ddd80, tid 1756
06-02 16:38:23.480 D/        ( 1728): HostConnection::get() New Host Connection established 0xe90ddac0, tid 1952
06-02 16:38:23.480 D/gralloc_ranchu( 1728): gralloc_unregister_buffer: exiting HostConnection (is buffer-handling thread)
06-02 16:38:23.480 D/gralloc_ranchu( 1728): gralloc_unregister_buffer: exiting HostConnection (is buffer-handling thread)
06-02 16:38:23.481 D/        ( 1728): HostConnection::get() New Host Connection established 0xe90ddd80, tid 1756
06-02 16:38:23.481 D/        ( 1728): HostConnection::get() New Host Connection established 0xe90ddac0, tid 1952
06-02 16:38:23.481 D/gralloc_ranchu( 1728): gralloc_unregister_buffer: exiting HostConnection (is buffer-handling thread)
06-02 16:38:23.482 D/        ( 1728): HostConnection::get() New Host Connection established 0xe90ddd80, tid 1756
06-02 16:38:23.482 D/gralloc_ranchu( 1728): gralloc_unregister_buffer: exiting HostConnection (is buffer-handling thread)
06-02 16:38:23.482 D/gralloc_ranchu( 1728): gralloc_unregister_buffer: exiting HostConnection (is buffer-handling thread)
06-02 16:38:23.482 D/        ( 1728): HostConnection::get() New Host Connection established 0xe90ddac0, tid 1952
06-02 16:38:23.483 D/gralloc_ranchu( 1728): gralloc_unregister_buffer: exiting HostConnection (is buffer-handling thread)
06-02 16:38:23.484 D/EGL_emulation( 2002): eglMakeCurrent: 0xe3385900: ver 3 0 (tinfo 0xe33839b0)
06-02 16:38:23.594 I/chatty  ( 2002): uid=10024(com.android.systemui) RenderThread identical 13 lines
06-02 16:38:23.600 D/EGL_emulation( 2002): eglMakeCurrent: 0xe3385900: ver 3 0 (tinfo 0xe33839b0)
06-02 16:38:24.020 D/FirebaseApp( 9156): Default FirebaseApp failed to initialize because no default options were found. This usually means that com.google.gms:google-services was not applied to your gradle project.
06-02 16:38:24.020 I/FirebaseInitProvider( 9156): FirebaseApp initialization unsuccessful
06-02 16:38:24.088 D/FenixApplication( 9156): Initializing Glean (uploadEnabled=true, isFennec=false)
06-02 16:38:24.100 D/RustNativeSupport( 9156): findMegazordLibraryName(viaduct, 0.59.0
06-02 16:38:24.100 D/RustNativeSupport( 9156): lib in use: none
06-02 16:38:24.100 D/RustNativeSupport( 9156): lib configured: megazord
06-02 16:38:24.100 D/RustNativeSupport( 9156): lib version configured: 0.59.0
06-02 16:38:24.100 D/RustNativeSupport( 9156): settled on megazord
06-02 16:38:24.147 D/libglean_ffi( 9156): glean_ffi: Android logging should be hooked up!
06-02 16:38:24.150 I/glean/Glean( 9156): Registering pings for mozilla.telemetry.glean.GleanMetrics.Pings
06-02 16:38:24.152 I/libglean_ffi( 9156): glean_core: Creating new Glean
06-02 16:38:24.152 D/libglean_ffi( 9156): glean_core::database: Database path: "/data/user/0/org.mozilla.fenix.debug/glean_data/db"
06-02 16:38:24.152 I/libglean_ffi( 9156): glean_core::database: Database initialized
06-02 16:38:24.153 D/RustNativeSupport( 9156): findMegazordLibraryName(rustlog, 0.59.0
06-02 16:38:24.153 D/RustNativeSupport( 9156): lib in use: none
06-02 16:38:24.153 D/RustNativeSupport( 9156): lib configured: megazord
06-02 16:38:24.153 D/RustNativeSupport( 9156): lib version configured: 0.59.0
06-02 16:38:24.153 D/RustNativeSupport( 9156): settled on megazord
06-02 16:38:24.155 I/rc_log_ffi::ios( 9156): rc_log adapter initialized!
06-02 16:38:24.170 I/libglean_ffi( 9156): glean_ffi: Glean initialized
06-02 16:38:24.170 I/GeckoRuntime( 9156): Adding debug configuration from: /data/local/tmp/org.mozilla.fenix.debug-geckoview-config.yaml
06-02 16:38:24.170 D/GeckoDebugConfig( 9156): Adding environment variables from debug config: {MOZ_CRASHREPORTER=1, MOZ_CRASHREPORTER_NO_REPORT=1, MOZ_CRASHREPORTER_SHUTDOWN=1}
06-02 16:38:24.170 D/GeckoDebugConfig( 9156): Adding arguments from debug config: [-marionette, -profile, /mnt/sdcard/org.mozilla.fenix.debug-geckodriver-profile]
06-02 16:38:24.171 D/GeckoThread( 9156): State changed to LAUNCHED
06-02 16:38:24.172 I/GeckoThread( 9156): preparing to run Gecko
06-02 16:38:24.173 D/GeckoThread( 9156): env var: MOZ_CRASHREPORTER=1
06-02 16:38:24.173 D/GeckoThread( 9156): env var: MOZ_CRASHREPORTER_NO_REPORT=1
06-02 16:38:24.173 D/GeckoThread( 9156): env var: MOZ_CRASHREPORTER_SHUTDOWN=1
06-02 16:38:24.178 D/GeckoRuntime( 9156): Lifecycle: onCreate
06-02 16:38:24.181 D/GeckoThread( 9156): State changed to MOZGLUE_READY
06-02 16:38:24.200 W/Settings( 9156): Setting animator_duration_scale has moved from android.provider.Settings.System to android.provider.Settings.Global, returning read-only global URI.
06-02 16:38:24.204 E/GeckoLibLoad( 9156): Load sqlite start
06-02 16:38:24.216 E/GeckoLibLoad( 9156): Load sqlite done
06-02 16:38:24.216 E/GeckoLibLoad( 9156): Load nss start
06-02 16:38:24.216 E/GeckoLibLoad( 9156): Load nss done
06-02 16:38:24.227 I/glean/MetricsPingSched( 9156): The application just updated. Send metrics ping now.
06-02 16:38:24.246 I/glean/MetricsPingSched( 9156): Collecting the 'metrics' ping, now = Tue Jun 02 16:38:24 EDT 2020, startup = true, reason = upgrade
06-02 16:38:24.262 D/LeakCanary( 9156): Updated AppWatcher.config: Config(no changes)
06-02 16:38:24.274 E/GeckoLibLoad( 9156): Loaded libs in 58.434504ms total, 0ms(60ms) user, 40ms(70ms) system, 0(0) faults
06-02 16:38:24.275 D/GeckoThread( 9156): State changed to LIBS_READY
06-02 16:38:24.275 I/libglean_ffi( 9156): glean_core::ping: Collecting metrics
06-02 16:38:24.275 I/libglean_ffi( 9156): glean_core::ping: Storage for metrics empty. Bailing out.
06-02 16:38:24.275 I/libglean_ffi( 9156): glean_core: No content for ping 'metrics', therefore no ping queued.
06-02 16:38:24.276 D/glean/MetricsPingSched( 9156): Scheduling the 'metrics' ping in 40895781ms
06-02 16:38:24.278 W/GeckoThread( 9156): zerdatime 4668409 - runGecko
06-02 16:38:24.280 D/GeckoProfile( 9156): Loading profile at: null name: default
06-02 16:38:24.281 D/GeckoProfile( 9156): Created new profile dir.
06-02 16:38:24.282 I/GeckoProfile( 9156): Enqueuing profile init.
06-02 16:38:24.284 D/GeckoProfile( 9156): Found profile dir: /data/user/0/org.mozilla.fenix.debug/files/mozilla/9w50stya.default
06-02 16:38:24.284 D/GeckoProfile( 9156): Attempting to write new client ID properties
06-02 16:38:24.285 D/GeckoProfile( 9156): Creating profile dir: /data/user/0/org.mozilla.fenix.debug/files/mozilla/9w50stya.default
06-02 16:38:24.286 D/LeakCanary( 9156): Updated LeakCanary.config: Config(no changes)
06-02 16:38:24.289 D/App     ( 9156): DebugMetricController: start
06-02 16:38:24.289 D/App     ( 9156): DebugMetricController: start
06-02 16:38:24.291 W/PushConfig( 9156): No firebase configuration found; cannot support push service.
06-02 16:38:24.299 I/Gecko:DumpUtils( 9156): Fifo watcher disabled via pref.
06-02 16:38:24.302 D/StrictMode( 9156): StrictMode policy violation; ~duration=144 ms: android.os.strictmode.DiskReadViolation
06-02 16:38:24.302 D/StrictMode( 9156): 	at android.os.StrictMode$AndroidBlockGuardPolicy.onReadFromDisk(StrictMode.java:1504)
06-02 16:38:24.302 D/StrictMode( 9156): 	at java.io.FileInputStream.<init>(FileInputStream.java:163)
06-02 16:38:24.302 D/StrictMode( 9156): 	at org.mozilla.gecko.util.DebugConfig.fromFile(DebugConfig.java:49)
06-02 16:38:24.302 D/StrictMode( 9156): 	at org.mozilla.geckoview.GeckoRuntime.init(GeckoRuntime.java:363)
06-02 16:38:24.302 D/StrictMode( 9156): 	at org.mozilla.geckoview.GeckoRuntime.create(GeckoRuntime.java:574)
06-02 16:38:24.302 D/StrictMode( 9156): 	at GeckoProvider.createRuntime(GeckoProvider.kt:58)
06-02 16:38:24.302 D/StrictMode( 9156): 	at GeckoProvider.getOrCreateRuntime(GeckoProvider.kt:28)
06-02 16:38:24.302 D/StrictMode( 9156): 	at org.mozilla.fenix.components.Core$engine$2.invoke(Core.kt:79)
06-02 16:38:24.302 D/StrictMode( 9156): 	at org.mozilla.fenix.components.Core$engine$2.invoke(Core.kt:57)
06-02 16:38:24.302 D/StrictMode( 9156): 	at kotlin.SynchronizedLazyImpl.getValue(LazyJVM.kt:74)
06-02 16:38:24.302 D/StrictMode( 9156): 	at org.mozilla.fenix.components.Core.getEngine(Unknown Source:7)
06-02 16:38:24.302 D/StrictMode( 9156): 	at org.mozilla.fenix.FenixApplication.setupInMainProcessOnly(FenixApplication.kt:128)
06-02 16:38:24.302 D/StrictMode( 9156): 	at org.mozilla.fenix.FenixApplication.onCreate(FenixApplication.kt:90)
06-02 16:38:24.302 D/StrictMode( 9156): 	at android.app.Instrumentation.callApplicationOnCreate(Instrumentation.java:1154)
06-02 16:38:24.302 D/StrictMode( 9156): 	at android.app.ActivityThread.handleBindApplication(ActivityThread.java:5871)
06-02 16:38:24.302 D/StrictMode( 9156): 	at android.app.ActivityThread.access$1100(ActivityThread.java:199)
06-02 16:38:24.302 D/StrictMode( 9156): 	at android.app.ActivityThread$H.handleMessage(ActivityThread.java:1650)
06-02 16:38:24.302 D/StrictMode( 9156): 	at android.os.Handler.dispatchMessage(Handler.java:106)
06-02 16:38:24.302 D/StrictMode( 9156): 	at android.os.Looper.loop(Looper.java:193)
06-02 16:38:24.302 D/StrictMode( 9156): 	at android.app.ActivityThread.main(ActivityThread.java:6669)
06-02 16:38:24.302 D/StrictMode( 9156): 	at java.lang.reflect.Method.invoke(Native Method)
06-02 16:38:24.302 D/StrictMode( 9156): 	at com.android.internal.os.RuntimeInit$MethodAndArgsCaller.run(RuntimeInit.java:493)
06-02 16:38:24.302 D/StrictMode( 9156): 	at com.android.internal.os.ZygoteInit.main(ZygoteInit.java:858)
06-02 16:38:24.303 D/StrictMode( 9156): StrictMode policy violation; ~duration=140 ms: android.os.strictmode.DiskReadViolation
06-02 16:38:24.303 D/StrictMode( 9156): 	at android.os.StrictMode$AndroidBlockGuardPolicy.onReadFromDisk(StrictMode.java:1504)
06-02 16:38:24.303 D/StrictMode( 9156): 	at libcore.io.BlockGuardOs.read(BlockGuardOs.java:253)
06-02 16:38:24.303 D/StrictMode( 9156): 	at libcore.io.IoBridge.read(IoBridge.java:501)
06-02 16:38:24.303 D/StrictMode( 9156): 	at java.io.FileInputStream.read(FileInputStream.java:307)
06-02 16:38:24.303 D/StrictMode( 9156): 	at java.io.FilterInputStream.read(FilterInputStream.java:133)
06-02 16:38:24.303 D/StrictMode( 9156): 	at java.io.PushbackInputStream.read(PushbackInputStream.java:186)
06-02 16:38:24.303 D/StrictMode( 9156): 	at org.yaml.snakeyaml.reader.UnicodeReader.init(UnicodeReader.java:92)
06-02 16:38:24.303 D/StrictMode( 9156): 	at org.yaml.snakeyaml.reader.UnicodeReader.read(UnicodeReader.java:124)
06-02 16:38:24.303 D/StrictMode( 9156): 	at org.yaml.snakeyaml.reader.StreamReader.update(StreamReader.java:183)
06-02 16:38:24.303 D/StrictMode( 9156): 	at org.yaml.snakeyaml.reader.StreamReader.ensureEnoughData(StreamReader.java:176)
