// Jest Snapshot v1, https://goo.gl/fbAQLP

exports[`Footer component renders 1`] = `
<footer
  className="compatibility-footer"
>
  <Localized
    attrs={
      Object {
        "title": true,
      }
    }
    id="compatibility-settings-button-title"
  >
    <button
      className="compatibility-footer__button"
      onClick={[Function]}
      title="compatibility-settings-button-title"
    >
      <img
        className="compatibility-footer__icon"
        src="chrome://devtools/skin/images/settings.svg"
      />
      <Localized
        id="compatibility-settings-button-label"
      >
        <label
          className="compatibility-footer__label"
        >
          compatibility-settings-button-label
        </label>
      </Localized>
    </button>
  </Localized>
</footer>
`;
