// Jest Snapshot v1, https://goo.gl/fbAQLP

exports[`Check component: basic render 1`] = `"<div role=\\"presentation\\" class=\\"accessibility-check\\"><h3 class=\\"accessibility-check-header\\"></h3><div role=\\"presentation\\"><img src=\\"chrome://devtools/skin/images/error.svg\\" data-score=\\"FAIL\\" class=\\"icon\\"><p class=\\"accessibility-check-annotation\\"></p></div></div>"`;

exports[`Check component: basic render 2`] = `"<div role=\\"presentation\\" class=\\"accessibility-check\\"><h3 class=\\"accessibility-check-header\\"></h3><div role=\\"presentation\\"><img src=\\"chrome://devtools/skin/images/error.svg\\" data-score=\\"FAIL\\" class=\\"icon\\"><p class=\\"accessibility-check-annotation\\"></p></div></div>"`;
